NRM Benchmarks:      phases-stream-full
Version:             0.1.0
Description: one progress per iteration, Stream benchmark
Array size:          33554432 (elements).
Memory per array:    256.0 MiB.
Kernel was executed: 1000 times.
Number of threads:   96
Progress Time (ns):   17701732992
Copy Time (s): avg:    0.003636 min:    0.003440 max:    0.014174
Copy Perf (MiB/s): avg: 147668.250280 best: 156066.717267
Scale Time (s): avg:    0.003661 min:    0.003431 max:    0.020374
Scale Perf (MiB/s): avg: 146664.942696 best: 156481.665528
Add Time (s): avg:    0.005045 min:    0.004831 max:    0.013339
Add Perf (MiB/s): avg: 159626.615316 best: 166686.164909
Triad Time (s): avg:    0.005093 min:    0.004824 max:    0.014768
Triad Perf (MiB/s): avg: 158127.394525 best: 166939.791245
VALIDATION disabled

real	0m17.813s
user	0m0.014s
sys	0m0.082s
