NRM Benchmarks:      phases-stream-full
Version:             0.1.0
Description: one progress per iteration, Stream benchmark
Array size:          33554432 (elements).
Memory per array:    256.0 MiB.
Kernel was executed: 2500 times.
Number of threads:   96
Progress Time (ns):   44124032692
Copy Time (s): avg:    0.003617 min:    0.003376 max:    0.013287
Copy Perf (MiB/s): avg: 148432.943768 best: 159013.591971
Scale Time (s): avg:    0.003654 min:    0.003431 max:    0.012935
Scale Perf (MiB/s): avg: 146915.038225 best: 156456.675414
Add Time (s): avg:    0.005034 min:    0.004846 max:    0.014004
Add Perf (MiB/s): avg: 159965.125045 best: 166172.472993
Triad Time (s): avg:    0.005080 min:    0.004889 max:    0.013467
Triad Perf (MiB/s): avg: 158533.366238 best: 164733.479376
VALIDATION disabled

real	0m44.427s
user	0m0.022s
sys	0m0.156s
