NRM Benchmarks:      ones-stream-full
Version:             0.1.0
Description: one progress per iteration, Stream benchmark
Array size:          33554432 (elements).
Memory per array:    256.0 MiB.
Kernel was executed: 10000 times.
Number of threads:   96
Progress Time (ns):   172409108470
Copy Time (s): avg:    0.003583 min:    0.003424 max:    0.013211
Copy Perf (MiB/s): avg: 149835.077647 best: 156776.859895
Scale Time (s): avg:    0.003675 min:    0.003595 max:    0.013520
Scale Perf (MiB/s): avg: 146075.025777 best: 149321.110348
Add Time (s): avg:    0.004876 min:    0.004788 max:    0.014851
Add Perf (MiB/s): avg: 165174.083798 best: 168189.023503
Triad Time (s): avg:    0.004911 min:    0.004825 max:    0.016537
Triad Perf (MiB/s): avg: 163992.786332 best: 166907.959268
VALIDATION disabled

real	2m52.610s
user	0m0.071s
sys	0m0.474s
