NRM Benchmarks:      ones-stream-full
Version:             0.1.0
Description: one progress per iteration, Stream benchmark
Array size:          33554432 (elements).
Memory per array:    256.0 MiB.
Kernel was executed: 10000 times.
Number of threads:   96
Progress Time (ns):   183598674226
Copy Time (s): avg:    0.003838 min:    0.003443 max:    0.013810
Copy Perf (MiB/s): avg: 139870.317247 best: 155917.462947
Scale Time (s): avg:    0.003959 min:    0.003589 max:    0.013934
Scale Perf (MiB/s): avg: 135594.785173 best: 149574.421695
Add Time (s): avg:    0.005169 min:    0.004772 max:    0.015008
Add Perf (MiB/s): avg: 155782.723217 best: 168757.139169
Triad Time (s): avg:    0.005196 min:    0.004797 max:    0.015136
Triad Perf (MiB/s): avg: 154980.579004 best: 167878.588030
VALIDATION disabled

real	3m3.696s
user	0m0.053s
sys	0m0.656s
