NRM Benchmarks:      ones-stream-full
Version:             0.1.0
Description: one progress per iteration, Stream benchmark
Array size:          33554432 (elements).
Memory per array:    256.0 MiB.
Kernel was executed: 10000 times.
Number of threads:   96
Progress Time (ns):   184871113515
Copy Time (s): avg:    0.003873 min:    0.003477 max:    0.013493
Copy Perf (MiB/s): avg: 138634.687785 best: 154387.355252
Scale Time (s): avg:    0.004006 min:    0.003631 max:    0.013581
Scale Perf (MiB/s): avg: 134021.088279 best: 147852.134347
Add Time (s): avg:    0.005207 min:    0.004801 max:    0.014704
Add Perf (MiB/s): avg: 154664.046773 best: 167740.184527
Triad Time (s): avg:    0.005205 min:    0.004838 max:    0.022946
Triad Perf (MiB/s): avg: 154730.484201 best: 166445.691864
VALIDATION disabled

real	3m4.978s
user	0m0.055s
sys	0m0.720s
