NRM Benchmarks:      ones-stream-full
Version:             0.1.0
Description: one progress per iteration, Stream benchmark
Array size:          33554432 (elements).
Memory per array:    256.0 MiB.
Kernel was executed: 10000 times.
Number of threads:   96
Progress Time (ns):   183860789611
Copy Time (s): avg:    0.003832 min:    0.003461 max:    0.017599
Copy Perf (MiB/s): avg: 140104.263148 best: 155111.118045
Scale Time (s): avg:    0.003949 min:    0.003597 max:    0.013998
Scale Perf (MiB/s): avg: 135934.323827 best: 149235.232097
Add Time (s): avg:    0.005204 min:    0.004793 max:    0.015340
Add Perf (MiB/s): avg: 154754.868582 best: 168014.696215
Triad Time (s): avg:    0.005213 min:    0.004814 max:    0.017802
Triad Perf (MiB/s): avg: 154489.888321 best: 167271.113319
VALIDATION disabled

real	3m4.241s
user	0m0.049s
sys	0m0.666s
