NRM Benchmarks:      phases-stream-full
Version:             0.1.0
Description: one progress per iteration, Stream benchmark
Array size:          33554432 (elements).
Memory per array:    256.0 MiB.
Kernel was executed: 5000 times.
Number of threads:   96
Progress Time (ns):   88001589057
Copy Time (s): avg:    0.003633 min:    0.003391 max:    0.013899
Copy Perf (MiB/s): avg: 147757.163023 best: 158303.577784
Scale Time (s): avg:    0.003650 min:    0.003470 max:    0.016044
Scale Perf (MiB/s): avg: 147089.681796 best: 154731.799151
Add Time (s): avg:    0.005047 min:    0.004881 max:    0.014698
Add Perf (MiB/s): avg: 159569.185701 best: 165000.461621
Triad Time (s): avg:    0.005050 min:    0.004902 max:    0.010748
Triad Perf (MiB/s): avg: 159473.184887 best: 164272.505390
VALIDATION disabled

real	1m28.171s
user	0m0.028s
sys	0m0.280s
