NRM Benchmarks:      ones-stream-full
Version:             0.1.0
Description: one progress per iteration, Stream benchmark
Array size:          33554432 (elements).
Memory per array:    256.0 MiB.
Kernel was executed: 10000 times.
Number of threads:   96
Progress Time (ns):   176276911452
Copy Time (s): avg:    0.003678 min:    0.003499 max:    0.013385
Copy Perf (MiB/s): avg: 145983.730360 best: 153416.630304
Scale Time (s): avg:    0.003753 min:    0.003606 max:    0.013615
Scale Perf (MiB/s): avg: 143041.008908 best: 148863.722560
Add Time (s): avg:    0.004979 min:    0.004807 max:    0.015143
Add Perf (MiB/s): avg: 161738.105263 best: 167511.330899
Triad Time (s): avg:    0.005007 min:    0.004831 max:    0.015140
Triad Perf (MiB/s): avg: 160849.721235 best: 166682.921831
VALIDATION disabled

real	2m56.484s
user	0m0.023s
sys	0m0.535s
