NRM Benchmarks:      ones-stream-full
Version:             0.1.0
Description: one progress per iteration, Stream benchmark
Array size:          33554432 (elements).
Memory per array:    256.0 MiB.
Kernel was executed: 10000 times.
Number of threads:   96
Progress Time (ns):   204121899415
Copy Time (s): avg:    0.004266 min:    0.003418 max:    0.017105
Copy Perf (MiB/s): avg: 125838.887010 best: 157049.920242
Scale Time (s): avg:    0.004353 min:    0.003613 max:    0.016878
Scale Perf (MiB/s): avg: 123345.025030 best: 148596.521839
Add Time (s): avg:    0.005731 min:    0.004759 max:    0.019104
Add Perf (MiB/s): avg: 140506.567341 best: 169208.137811
Triad Time (s): avg:    0.005746 min:    0.004793 max:    0.018669
Triad Perf (MiB/s): avg: 140148.110231 best: 168000.150204
VALIDATION disabled

real	3m24.318s
user	0m0.042s
sys	0m0.725s
