NRM Benchmarks:      ones-stream-full
Version:             0.1.0
Description: one progress per iteration, Stream benchmark
Array size:          33554432 (elements).
Memory per array:    256.0 MiB.
Kernel was executed: 10000 times.
Number of threads:   96
Progress Time (ns):   177104803237
Copy Time (s): avg:    0.003712 min:    0.003488 max:    0.013288
Copy Perf (MiB/s): avg: 144645.123479 best: 153935.653762
Scale Time (s): avg:    0.003769 min:    0.003605 max:    0.013589
Scale Perf (MiB/s): avg: 142438.166479 best: 148936.612095
Add Time (s): avg:    0.004991 min:    0.004801 max:    0.014976
Add Perf (MiB/s): avg: 161352.483637 best: 167725.441476
Triad Time (s): avg:    0.005027 min:    0.004837 max:    0.015014
Triad Perf (MiB/s): avg: 160197.319237 best: 166495.245526
VALIDATION disabled

real	2m57.308s
user	0m0.028s
sys	0m0.564s
