NRM Benchmarks:      ones-stream-full
Version:             0.1.0
Description: one progress per iteration, Stream benchmark
Array size:          33554432 (elements).
Memory per array:    256.0 MiB.
Kernel was executed: 10000 times.
Number of threads:   96
Progress Time (ns):   189967465948
Copy Time (s): avg:    0.003939 min:    0.003432 max:    0.016314
Copy Perf (MiB/s): avg: 136310.721753 best: 156437.573393
Scale Time (s): avg:    0.004065 min:    0.003592 max:    0.015823
Scale Perf (MiB/s): avg: 132078.023072 best: 149454.211196
Add Time (s): avg:    0.005386 min:    0.004788 max:    0.017432
Add Perf (MiB/s): avg: 149508.869994 best: 168203.953566
Triad Time (s): avg:    0.005400 min:    0.004814 max:    0.017083
Triad Perf (MiB/s): avg: 149123.547434 best: 167288.799924
VALIDATION disabled

real	3m10.071s
user	0m0.065s
sys	0m0.689s
