NRM Benchmarks:      ones-stream-full
Version:             0.1.0
Description: one progress per iteration, Stream benchmark
Array size:          33554432 (elements).
Memory per array:    256.0 MiB.
Kernel was executed: 10000 times.
Number of threads:   96
Progress Time (ns):   187257451224
Copy Time (s): avg:    0.003919 min:    0.003460 max:    0.013817
Copy Perf (MiB/s): avg: 136999.496271 best: 155159.980949
Scale Time (s): avg:    0.004011 min:    0.003585 max:    0.014224
Scale Perf (MiB/s): avg: 133832.982926 best: 149740.001127
Add Time (s): avg:    0.005285 min:    0.004768 max:    0.015128
Add Perf (MiB/s): avg: 152364.008261 best: 168907.358203
Triad Time (s): avg:    0.005311 min:    0.004790 max:    0.015289
Triad Perf (MiB/s): avg: 151618.085811 best: 168114.518212
VALIDATION disabled

real	3m7.619s
user	0m0.047s
sys	0m0.688s
