NRM Benchmarks:      ones-stream-full
Version:             0.1.0
Description: one progress per iteration, Stream benchmark
Array size:          33554432 (elements).
Memory per array:    256.0 MiB.
Kernel was executed: 10000 times.
Number of threads:   96
Progress Time (ns):   173099830454
Copy Time (s): avg:    0.003616 min:    0.003440 max:    0.013376
Copy Perf (MiB/s): avg: 148465.597410 best: 156063.314733
Scale Time (s): avg:    0.003670 min:    0.003595 max:    0.018405
Scale Perf (MiB/s): avg: 146286.407134 best: 149329.084729
Add Time (s): avg:    0.004886 min:    0.004793 max:    0.014995
Add Perf (MiB/s): avg: 164832.939168 best: 168003.269498
Triad Time (s): avg:    0.004926 min:    0.004827 max:    0.019483
Triad Perf (MiB/s): avg: 163486.952670 best: 166828.536093
VALIDATION disabled

real	2m53.307s
user	0m0.052s
sys	0m0.495s
