NRM Benchmarks:      ones-stream-full
Version:             0.1.0
Description: one progress per iteration, Stream benchmark
Array size:          33554432 (elements).
Memory per array:    256.0 MiB.
Kernel was executed: 10000 times.
Number of threads:   96
Progress Time (ns):   180168867417
Copy Time (s): avg:    0.003753 min:    0.003433 max:    0.013281
Copy Perf (MiB/s): avg: 143054.701068 best: 156382.527318
Scale Time (s): avg:    0.003914 min:    0.003589 max:    0.021802
Scale Perf (MiB/s): avg: 137167.917883 best: 149595.802508
Add Time (s): avg:    0.005087 min:    0.004779 max:    0.014512
Add Perf (MiB/s): avg: 158314.199117 best: 168511.327919
Triad Time (s): avg:    0.005083 min:    0.004816 max:    0.015177
Triad Perf (MiB/s): avg: 158422.720027 best: 167215.471825
VALIDATION disabled

real	3m0.338s
user	0m0.037s
sys	0m0.615s
