NRM Benchmarks:      ones-stream-full
Version:             0.1.0
Description: one progress per iteration, Stream benchmark
Array size:          33554432 (elements).
Memory per array:    256.0 MiB.
Kernel was executed: 10000 times.
Number of threads:   96
Progress Time (ns):   186807599288
Copy Time (s): avg:    0.003882 min:    0.003412 max:    0.014976
Copy Perf (MiB/s): avg: 138305.055436 best: 157329.834711
Scale Time (s): avg:    0.004011 min:    0.003588 max:    0.015000
Scale Perf (MiB/s): avg: 133839.090761 best: 149618.732199
Add Time (s): avg:    0.005286 min:    0.004770 max:    0.016999
Add Perf (MiB/s): avg: 152335.356133 best: 168825.030267
Triad Time (s): avg:    0.005314 min:    0.004802 max:    0.016130
Triad Perf (MiB/s): avg: 151549.017730 best: 167701.760199
VALIDATION disabled

real	3m6.975s
user	0m0.054s
sys	0m0.712s
