NRM Benchmarks:      phases-stream-full
Version:             0.1.0
Description: one progress per iteration, Stream benchmark
Array size:          33554432 (elements).
Memory per array:    256.0 MiB.
Kernel was executed: 5000 times.
Number of threads:   96
Progress Time (ns):   85356528066
Copy Time (s): avg:    0.003542 min:    0.003382 max:    0.013393
Copy Perf (MiB/s): avg: 151578.845757 best: 158744.367803
Scale Time (s): avg:    0.003546 min:    0.003463 max:    0.012880
Scale Perf (MiB/s): avg: 151382.570532 best: 155042.940760
Add Time (s): avg:    0.004916 min:    0.004761 max:    0.014563
Add Perf (MiB/s): avg: 163824.035462 best: 169145.906672
Triad Time (s): avg:    0.004916 min:    0.004772 max:    0.014584
Triad Perf (MiB/s): avg: 163815.740026 best: 168762.373225
VALIDATION disabled

real	1m25.721s
user	0m0.024s
sys	0m0.314s
