NRM Benchmarks:      ones-stream-full
Version:             0.1.0
Description: one progress per iteration, Stream benchmark
Array size:          33554432 (elements).
Memory per array:    256.0 MiB.
Kernel was executed: 10000 times.
Number of threads:   96
Progress Time (ns):   173905944503
Copy Time (s): avg:    0.003613 min:    0.003427 max:    0.013321
Copy Perf (MiB/s): avg: 148590.645249 best: 156641.005404
Scale Time (s): avg:    0.003726 min:    0.003603 max:    0.013896
Scale Perf (MiB/s): avg: 144071.180845 best: 149011.516891
Add Time (s): avg:    0.004905 min:    0.004798 max:    0.014883
Add Perf (MiB/s): avg: 164190.976873 best: 167833.419198
Triad Time (s): avg:    0.004931 min:    0.004830 max:    0.016481
Triad Perf (MiB/s): avg: 163316.561559 best: 166726.886625
VALIDATION disabled

real	2m54.111s
user	0m0.025s
sys	0m0.536s
