NRM Benchmarks:      phases-stream-full
Version:             0.1.0
Description: one progress per iteration, Stream benchmark
Array size:          33554432 (elements).
Memory per array:    256.0 MiB.
Kernel was executed: 1000 times.
Number of threads:   96
Progress Time (ns):   18695081907
Copy Time (s): avg:    0.003807 min:    0.003439 max:    0.012483
Copy Perf (MiB/s): avg: 141019.741995 best: 156105.607429
Scale Time (s): avg:    0.003880 min:    0.003673 max:    0.012928
Scale Perf (MiB/s): avg: 138366.168252 best: 146148.526417
Add Time (s): avg:    0.005353 min:    0.005155 max:    0.013843
Add Perf (MiB/s): avg: 150452.104822 best: 156211.924348
Triad Time (s): avg:    0.005360 min:    0.005137 max:    0.014020
Triad Perf (MiB/s): avg: 150230.714524 best: 156770.862692
VALIDATION disabled

real	0m18.799s
user	0m0.016s
sys	0m0.091s
