NRM Benchmarks:      ones-stream-full
Version:             0.1.0
Description: one progress per iteration, Stream benchmark
Array size:          33554432 (elements).
Memory per array:    256.0 MiB.
Kernel was executed: 10000 times.
Number of threads:   96
Progress Time (ns):   182603715771
Copy Time (s): avg:    0.003794 min:    0.003425 max:    0.013667
Copy Perf (MiB/s): avg: 141498.274991 best: 156749.670148
Scale Time (s): avg:    0.003930 min:    0.003592 max:    0.013824
Scale Perf (MiB/s): avg: 136624.591254 best: 149473.102293
Add Time (s): avg:    0.005158 min:    0.004791 max:    0.015454
Add Perf (MiB/s): avg: 156127.468618 best: 168081.394749
Triad Time (s): avg:    0.005175 min:    0.004815 max:    0.022241
Triad Perf (MiB/s): avg: 155614.339538 best: 167239.224338
VALIDATION disabled

real	3m2.705s
user	0m0.062s
sys	0m0.638s
