NRM Benchmarks:      ones-stream-full
Version:             0.1.0
Description: one progress per iteration, Stream benchmark
Array size:          33554432 (elements).
Memory per array:    256.0 MiB.
Kernel was executed: 10000 times.
Number of threads:   96
Progress Time (ns):   180087002195
Copy Time (s): avg:    0.003753 min:    0.003467 max:    0.014580
Copy Perf (MiB/s): avg: 143048.853948 best: 154829.971100
Scale Time (s): avg:    0.003912 min:    0.003626 max:    0.017209
Scale Perf (MiB/s): avg: 137220.111725 best: 148065.641118
Add Time (s): avg:    0.005091 min:    0.004836 max:    0.016892
Add Perf (MiB/s): avg: 158189.199464 best: 166532.671206
Triad Time (s): avg:    0.005094 min:    0.004865 max:    0.021963
Triad Perf (MiB/s): avg: 158076.575640 best: 165529.306863
VALIDATION disabled

real	3m0.263s
user	0m0.040s
sys	0m0.654s
