/usr/local/lib/python3.12/dist-packages/numpy/_core/fromnumeric.py:3860: RuntimeWarning: Mean of empty slice.
  return _methods._mean(a, axis=axis, dtype=dtype,
/usr/local/lib/python3.12/dist-packages/numpy/_core/_methods.py:144: RuntimeWarning: invalid value encountered in scalar divide
  ret = ret.dtype.type(ret / rcount)
/usr/local/lib/python3.12/dist-packages/numpy/_core/fromnumeric.py:3860: RuntimeWarning: Mean of empty slice.
  return _methods._mean(a, axis=axis, dtype=dtype,
/usr/local/lib/python3.12/dist-packages/numpy/_core/_methods.py:144: RuntimeWarning: invalid value encountered in scalar divide
  ret = ret.dtype.type(ret / rcount)
/usr/local/lib/python3.12/dist-packages/numpy/_core/fromnumeric.py:3860: RuntimeWarning: Mean of empty slice.
  return _methods._mean(a, axis=axis, dtype=dtype,
/usr/local/lib/python3.12/dist-packages/numpy/_core/_methods.py:144: RuntimeWarning: invalid value encountered in scalar divide
  ret = ret.dtype.type(ret / rcount)
/usr/local/lib/python3.12/dist-packages/numpy/_core/fromnumeric.py:3860: RuntimeWarning: Mean of empty slice.
  return _methods._mean(a, axis=axis, dtype=dtype,
/usr/local/lib/python3.12/dist-packages/numpy/_core/_methods.py:144: RuntimeWarning: invalid value encountered in scalar divide
  ret = ret.dtype.type(ret / rcount)
/usr/local/lib/python3.12/dist-packages/numpy/_core/fromnumeric.py:3860: RuntimeWarning: Mean of empty slice.
  return _methods._mean(a, axis=axis, dtype=dtype,
/usr/local/lib/python3.12/dist-packages/numpy/_core/_methods.py:144: RuntimeWarning: invalid value encountered in scalar divide
  ret = ret.dtype.type(ret / rcount)
>>>>>>>>>>>>>>>>>>>>>>>>>>>0
Directory /home/cc/summer2024/main_codes/experiment_data/Control_evaluation/ones-npb-bt exists
Process has completed.
Compressed files into /home/cc/summer2024/main_codes/experiment_data/Control_evaluation/ones-npb-bt/compressed_iteration_20260216_073203_(0.949999988079071, 0.05000000074505806).tar
----------------------------------
>>>>>>>>>>>>>>>>>>>>>>>>>>>1
Directory /home/cc/summer2024/main_codes/experiment_data/Control_evaluation/ones-npb-bt exists
Process has completed.
Compressed files into /home/cc/summer2024/main_codes/experiment_data/Control_evaluation/ones-npb-bt/compressed_iteration_20260216_073521_(0.949999988079071, 0.05000000074505806).tar
----------------------------------
>>>>>>>>>>>>>>>>>>>>>>>>>>>2
Directory /home/cc/summer2024/main_codes/experiment_data/Control_evaluation/ones-npb-bt exists
Process has completed.
Compressed files into /home/cc/summer2024/main_codes/experiment_data/Control_evaluation/ones-npb-bt/compressed_iteration_20260216_073837_(0.949999988079071, 0.05000000074505806).tar
----------------------------------
>>>>>>>>>>>>>>>>>>>>>>>>>>>3
Directory /home/cc/summer2024/main_codes/experiment_data/Control_evaluation/ones-npb-bt exists
Process has completed.
Compressed files into /home/cc/summer2024/main_codes/experiment_data/Control_evaluation/ones-npb-bt/compressed_iteration_20260216_074154_(0.949999988079071, 0.05000000074505806).tar
----------------------------------
>>>>>>>>>>>>>>>>>>>>>>>>>>>4
Directory /home/cc/summer2024/main_codes/experiment_data/Control_evaluation/ones-npb-bt exists
Process has completed.
Compressed files into /home/cc/summer2024/main_codes/experiment_data/Control_evaluation/ones-npb-bt/compressed_iteration_20260216_074515_(0.949999988079071, 0.05000000074505806).tar
----------------------------------
