/usr/local/lib/python3.12/dist-packages/numpy/_core/fromnumeric.py:3860: RuntimeWarning: Mean of empty slice.
  return _methods._mean(a, axis=axis, dtype=dtype,
/usr/local/lib/python3.12/dist-packages/numpy/_core/_methods.py:144: RuntimeWarning: invalid value encountered in scalar divide
  ret = ret.dtype.type(ret / rcount)
/usr/local/lib/python3.12/dist-packages/numpy/_core/fromnumeric.py:3860: RuntimeWarning: Mean of empty slice.
  return _methods._mean(a, axis=axis, dtype=dtype,
/usr/local/lib/python3.12/dist-packages/numpy/_core/_methods.py:144: RuntimeWarning: invalid value encountered in scalar divide
  ret = ret.dtype.type(ret / rcount)
/usr/local/lib/python3.12/dist-packages/numpy/_core/fromnumeric.py:3860: RuntimeWarning: Mean of empty slice.
  return _methods._mean(a, axis=axis, dtype=dtype,
/usr/local/lib/python3.12/dist-packages/numpy/_core/_methods.py:144: RuntimeWarning: invalid value encountered in scalar divide
  ret = ret.dtype.type(ret / rcount)
/usr/local/lib/python3.12/dist-packages/numpy/_core/fromnumeric.py:3860: RuntimeWarning: Mean of empty slice.
  return _methods._mean(a, axis=axis, dtype=dtype,
/usr/local/lib/python3.12/dist-packages/numpy/_core/_methods.py:144: RuntimeWarning: invalid value encountered in scalar divide
  ret = ret.dtype.type(ret / rcount)
/usr/local/lib/python3.12/dist-packages/numpy/_core/fromnumeric.py:3860: RuntimeWarning: Mean of empty slice.
  return _methods._mean(a, axis=axis, dtype=dtype,
/usr/local/lib/python3.12/dist-packages/numpy/_core/_methods.py:144: RuntimeWarning: invalid value encountered in scalar divide
  ret = ret.dtype.type(ret / rcount)
>>>>>>>>>>>>>>>>>>>>>>>>>>>0
Directory /home/cc/summer2024/main_codes/experiment_data/Control_evaluation/ones-stream-copy exists
Process has completed.
Compressed files into /home/cc/summer2024/main_codes/experiment_data/Control_evaluation/ones-stream-copy/compressed_iteration_20260215_140340_(0.05000000074505806, 0.949999988079071).tar
----------------------------------
>>>>>>>>>>>>>>>>>>>>>>>>>>>1
Directory /home/cc/summer2024/main_codes/experiment_data/Control_evaluation/ones-stream-copy exists
Process has completed.
Compressed files into /home/cc/summer2024/main_codes/experiment_data/Control_evaluation/ones-stream-copy/compressed_iteration_20260215_140417_(0.05000000074505806, 0.949999988079071).tar
----------------------------------
>>>>>>>>>>>>>>>>>>>>>>>>>>>2
Directory /home/cc/summer2024/main_codes/experiment_data/Control_evaluation/ones-stream-copy exists
Process has completed.
Compressed files into /home/cc/summer2024/main_codes/experiment_data/Control_evaluation/ones-stream-copy/compressed_iteration_20260215_140454_(0.05000000074505806, 0.949999988079071).tar
----------------------------------
>>>>>>>>>>>>>>>>>>>>>>>>>>>3
Directory /home/cc/summer2024/main_codes/experiment_data/Control_evaluation/ones-stream-copy exists
Process has completed.
Compressed files into /home/cc/summer2024/main_codes/experiment_data/Control_evaluation/ones-stream-copy/compressed_iteration_20260215_140531_(0.05000000074505806, 0.949999988079071).tar
----------------------------------
>>>>>>>>>>>>>>>>>>>>>>>>>>>4
Directory /home/cc/summer2024/main_codes/experiment_data/Control_evaluation/ones-stream-copy exists
Process has completed.
Compressed files into /home/cc/summer2024/main_codes/experiment_data/Control_evaluation/ones-stream-copy/compressed_iteration_20260215_140608_(0.05000000074505806, 0.949999988079071).tar
----------------------------------
