/usr/local/lib/python3.12/dist-packages/numpy/_core/fromnumeric.py:3860: RuntimeWarning: Mean of empty slice.
  return _methods._mean(a, axis=axis, dtype=dtype,
/usr/local/lib/python3.12/dist-packages/numpy/_core/_methods.py:144: RuntimeWarning: invalid value encountered in scalar divide
  ret = ret.dtype.type(ret / rcount)
/usr/local/lib/python3.12/dist-packages/numpy/_core/fromnumeric.py:3860: RuntimeWarning: Mean of empty slice.
  return _methods._mean(a, axis=axis, dtype=dtype,
/usr/local/lib/python3.12/dist-packages/numpy/_core/_methods.py:144: RuntimeWarning: invalid value encountered in scalar divide
  ret = ret.dtype.type(ret / rcount)
/usr/local/lib/python3.12/dist-packages/numpy/_core/fromnumeric.py:3860: RuntimeWarning: Mean of empty slice.
  return _methods._mean(a, axis=axis, dtype=dtype,
/usr/local/lib/python3.12/dist-packages/numpy/_core/_methods.py:144: RuntimeWarning: invalid value encountered in scalar divide
  ret = ret.dtype.type(ret / rcount)
/usr/local/lib/python3.12/dist-packages/numpy/_core/fromnumeric.py:3860: RuntimeWarning: Mean of empty slice.
  return _methods._mean(a, axis=axis, dtype=dtype,
/usr/local/lib/python3.12/dist-packages/numpy/_core/_methods.py:144: RuntimeWarning: invalid value encountered in scalar divide
  ret = ret.dtype.type(ret / rcount)
/usr/local/lib/python3.12/dist-packages/numpy/_core/fromnumeric.py:3860: RuntimeWarning: Mean of empty slice.
  return _methods._mean(a, axis=axis, dtype=dtype,
/usr/local/lib/python3.12/dist-packages/numpy/_core/_methods.py:144: RuntimeWarning: invalid value encountered in scalar divide
  ret = ret.dtype.type(ret / rcount)
>>>>>>>>>>>>>>>>>>>>>>>>>>>0
Directory /home/cc/summer2024/main_codes/experiment_data/Control_evaluation/ones-npb-ft exists
Process has completed.
Compressed files into /home/cc/summer2024/main_codes/experiment_data/Control_evaluation/ones-npb-ft/compressed_iteration_20260216_042356_(0.30000001192092896, 0.699999988079071).tar
----------------------------------
>>>>>>>>>>>>>>>>>>>>>>>>>>>1
Directory /home/cc/summer2024/main_codes/experiment_data/Control_evaluation/ones-npb-ft exists
Process has completed.
Compressed files into /home/cc/summer2024/main_codes/experiment_data/Control_evaluation/ones-npb-ft/compressed_iteration_20260216_042428_(0.30000001192092896, 0.699999988079071).tar
----------------------------------
>>>>>>>>>>>>>>>>>>>>>>>>>>>2
Directory /home/cc/summer2024/main_codes/experiment_data/Control_evaluation/ones-npb-ft exists
Process has completed.
Compressed files into /home/cc/summer2024/main_codes/experiment_data/Control_evaluation/ones-npb-ft/compressed_iteration_20260216_042500_(0.30000001192092896, 0.699999988079071).tar
----------------------------------
>>>>>>>>>>>>>>>>>>>>>>>>>>>3
Directory /home/cc/summer2024/main_codes/experiment_data/Control_evaluation/ones-npb-ft exists
Process has completed.
Compressed files into /home/cc/summer2024/main_codes/experiment_data/Control_evaluation/ones-npb-ft/compressed_iteration_20260216_042531_(0.30000001192092896, 0.699999988079071).tar
----------------------------------
>>>>>>>>>>>>>>>>>>>>>>>>>>>4
Directory /home/cc/summer2024/main_codes/experiment_data/Control_evaluation/ones-npb-ft exists
Process has completed.
Compressed files into /home/cc/summer2024/main_codes/experiment_data/Control_evaluation/ones-npb-ft/compressed_iteration_20260216_042602_(0.30000001192092896, 0.699999988079071).tar
----------------------------------
