NRM Benchmarks:      phases-stream-full
Version:             0.1.0
Description: one progress per iteration, Stream benchmark
Array size:          33554432 (elements).
Memory per array:    256.0 MiB.
Kernel was executed: 1000 times.
Number of threads:   96
Progress Time (ns):   19504793496
Copy Time (s): avg:    0.003963 min:    0.003444 max:    0.013508
Copy Perf (MiB/s): avg: 135485.464714 best: 155899.080874
Scale Time (s): avg:    0.004097 min:    0.003786 max:    0.014598
Scale Perf (MiB/s): avg: 131038.888111 best: 141797.364312
Add Time (s): avg:    0.005527 min:    0.005282 max:    0.014349
Add Perf (MiB/s): avg: 145702.969133 best: 152471.112131
Triad Time (s): avg:    0.005567 min:    0.005268 max:    0.015588
Triad Perf (MiB/s): avg: 144662.367107 best: 152859.098926
VALIDATION disabled

real	0m19.869s
user	0m0.021s
sys	0m0.090s
