NRM Benchmarks:      ones-stream-full
Version:             0.1.0
Description: one progress per iteration, Stream benchmark
Array size:          33554432 (elements).
Memory per array:    256.0 MiB.
Kernel was executed: 10000 times.
Number of threads:   96
Progress Time (ns):   170085601163
Copy Time (s): avg:    0.003525 min:    0.003412 max:    0.012778
Copy Perf (MiB/s): avg: 152300.997127 best: 157330.387979
Scale Time (s): avg:    0.003646 min:    0.003581 max:    0.012400
Scale Perf (MiB/s): avg: 147260.671779 best: 149935.085678
Add Time (s): avg:    0.004824 min:    0.004772 max:    0.013861
Add Perf (MiB/s): avg: 166949.732149 best: 168754.875894
Triad Time (s): avg:    0.004839 min:    0.004799 max:    0.021102
Triad Perf (MiB/s): avg: 166428.554899 best: 167799.357479
VALIDATION disabled

real	2m50.248s
user	0m0.045s
sys	0m0.513s
