NRM Benchmarks:      ones-stream-full
Version:             0.1.0
Description: one progress per iteration, Stream benchmark
Array size:          33554432 (elements).
Memory per array:    256.0 MiB.
Kernel was executed: 10000 times.
Number of threads:   96
Progress Time (ns):   176084504840
Copy Time (s): avg:    0.003665 min:    0.003418 max:    0.013816
Copy Perf (MiB/s): avg: 146489.274731 best: 157064.439111
Scale Time (s): avg:    0.003795 min:    0.003584 max:    0.013564
Scale Perf (MiB/s): avg: 141451.066071 best: 149793.018860
Add Time (s): avg:    0.004980 min:    0.004784 max:    0.014528
Add Perf (MiB/s): avg: 161709.356261 best: 168339.815887
Triad Time (s): avg:    0.004993 min:    0.004811 max:    0.014536
Triad Perf (MiB/s): avg: 161279.687572 best: 167382.681423
VALIDATION disabled

real	2m56.194s
user	0m0.058s
sys	0m0.582s
