NRM Benchmarks:      ones-stream-full
Version:             0.1.0
Description: one progress per iteration, Stream benchmark
Array size:          33554432 (elements).
Memory per array:    256.0 MiB.
Kernel was executed: 10000 times.
Number of threads:   96
Progress Time (ns):   177924720538
Copy Time (s): avg:    0.003713 min:    0.003479 max:    0.016254
Copy Perf (MiB/s): avg: 144576.430360 best: 154324.115448
Scale Time (s): avg:    0.003786 min:    0.003604 max:    0.014051
Scale Perf (MiB/s): avg: 141793.271981 best: 148980.752165
Add Time (s): avg:    0.005022 min:    0.004797 max:    0.020127
Add Perf (MiB/s): avg: 160362.014146 best: 167860.041726
Triad Time (s): avg:    0.005056 min:    0.004834 max:    0.016420
Triad Perf (MiB/s): avg: 159280.996689 best: 166591.649921
VALIDATION disabled

real	2m58.135s
user	0m0.056s
sys	0m0.532s
