NRM Benchmarks:      ones-stream-full
Version:             0.1.0
Description: one progress per iteration, Stream benchmark
Array size:          33554432 (elements).
Memory per array:    256.0 MiB.
Kernel was executed: 10000 times.
Number of threads:   96
Progress Time (ns):   183199735965
Copy Time (s): avg:    0.003819 min:    0.003428 max:    0.014699
Copy Perf (MiB/s): avg: 140590.549611 best: 156608.746003
Scale Time (s): avg:    0.004045 min:    0.003603 max:    0.014240
Scale Perf (MiB/s): avg: 132717.780990 best: 149013.543509
Add Time (s): avg:    0.005140 min:    0.004723 max:    0.014803
Add Perf (MiB/s): avg: 156682.010272 best: 170515.686345
Triad Time (s): avg:    0.005142 min:    0.004777 max:    0.017828
Triad Perf (MiB/s): avg: 156615.547869 best: 168571.787297
VALIDATION disabled

real	3m3.307s
user	0m0.052s
sys	0m0.582s
