NRM Benchmarks:      ones-stream-full
Version:             0.1.0
Description: one progress per iteration, Stream benchmark
Array size:          33554432 (elements).
Memory per array:    256.0 MiB.
Kernel was executed: 10000 times.
Number of threads:   96
Progress Time (ns):   189778710617
Copy Time (s): avg:    0.003959 min:    0.003503 max:    0.014318
Copy Perf (MiB/s): avg: 135591.059658 best: 153241.687423
Scale Time (s): avg:    0.004021 min:    0.003605 max:    0.015482
Scale Perf (MiB/s): avg: 133518.837992 best: 148943.884314
Add Time (s): avg:    0.005362 min:    0.004807 max:    0.022786
Add Perf (MiB/s): avg: 150188.994968 best: 167531.995903
Triad Time (s): avg:    0.005387 min:    0.004835 max:    0.016489
Triad Perf (MiB/s): avg: 149490.524408 best: 166570.148168
VALIDATION disabled

real	3m9.987s
user	0m0.036s
sys	0m0.633s
