NRM Benchmarks:      ones-stream-full
Version:             0.1.0
Description: one progress per iteration, Stream benchmark
Array size:          33554432 (elements).
Memory per array:    256.0 MiB.
Kernel was executed: 10000 times.
Number of threads:   96
Progress Time (ns):   170841387427
Copy Time (s): avg:    0.003546 min:    0.003414 max:    0.013045
Copy Perf (MiB/s): avg: 151397.166593 best: 157276.048041
Scale Time (s): avg:    0.003697 min:    0.003581 max:    0.013523
Scale Perf (MiB/s): avg: 145234.580709 best: 149924.534361
Add Time (s): avg:    0.004840 min:    0.004758 max:    0.022084
Add Perf (MiB/s): avg: 166375.219516 best: 169252.733548
Triad Time (s): avg:    0.004846 min:    0.004791 max:    0.014451
Triad Perf (MiB/s): avg: 166170.635968 best: 168086.481721
VALIDATION disabled

real	2m50.943s
user	0m0.035s
sys	0m0.579s
