NRM Benchmarks:      ones-stream-full
Version:             0.1.0
Description: one progress per iteration, Stream benchmark
Array size:          33554432 (elements).
Memory per array:    256.0 MiB.
Kernel was executed: 10000 times.
Number of threads:   96
Progress Time (ns):   171057464028
Copy Time (s): avg:    0.003569 min:    0.003408 max:    0.013739
Copy Perf (MiB/s): avg: 150418.487948 best: 157527.321424
Scale Time (s): avg:    0.003663 min:    0.003581 max:    0.013478
Scale Perf (MiB/s): avg: 146571.987395 best: 149909.924078
Add Time (s): avg:    0.004835 min:    0.004775 max:    0.014147
Add Perf (MiB/s): avg: 166567.581419 best: 168634.973817
Triad Time (s): avg:    0.004861 min:    0.004807 max:    0.014103
Triad Perf (MiB/s): avg: 165681.368576 best: 167537.642205
VALIDATION disabled

real	2m51.161s
user	0m0.039s
sys	0m0.547s
