NRM Benchmarks:      phases-stream-full
Version:             0.1.0
Description: one progress per iteration, Stream benchmark
Array size:          33554432 (elements).
Memory per array:    256.0 MiB.
Kernel was executed: 2500 times.
Number of threads:   96
Progress Time (ns):   51634932316
Copy Time (s): avg:    0.004215 min:    0.003387 max:    0.016084
Copy Perf (MiB/s): avg: 127382.152777 best: 158514.328771
Scale Time (s): avg:    0.004266 min:    0.003815 max:    0.016455
Scale Perf (MiB/s): avg: 125837.283690 best: 140708.542721
Add Time (s): avg:    0.005881 min:    0.005447 max:    0.018570
Add Perf (MiB/s): avg: 136932.494620 best: 147835.333338
Triad Time (s): avg:    0.005929 min:    0.005443 max:    0.017246
Triad Perf (MiB/s): avg: 135816.436008 best: 147946.741799
VALIDATION disabled

real	0m51.809s
user	0m0.031s
sys	0m0.230s
