NRM Benchmarks:      ones-stream-full
Version:             0.1.0
Description: one progress per iteration, Stream benchmark
Array size:          33554432 (elements).
Memory per array:    256.0 MiB.
Kernel was executed: 10000 times.
Number of threads:   96
Progress Time (ns):   174646953136
Copy Time (s): avg:    0.003638 min:    0.003439 max:    0.012073
Copy Perf (MiB/s): avg: 147563.375503 best: 156133.754753
Scale Time (s): avg:    0.003756 min:    0.003595 max:    0.013064
Scale Perf (MiB/s): avg: 142941.548015 best: 149342.834229
Add Time (s): avg:    0.004948 min:    0.004793 max:    0.014287
Add Perf (MiB/s): avg: 162737.678844 best: 168020.795773
Triad Time (s): avg:    0.004972 min:    0.004815 max:    0.015538
Triad Perf (MiB/s): avg: 161970.783055 best: 167253.916770
VALIDATION disabled

real	2m54.748s
user	0m0.039s
sys	0m0.600s
