NRM Benchmarks:      ones-stream-full
Version:             0.1.0
Description: one progress per iteration, Stream benchmark
Array size:          33554432 (elements).
Memory per array:    256.0 MiB.
Kernel was executed: 10000 times.
Number of threads:   96
Progress Time (ns):   175721441694
Copy Time (s): avg:    0.003660 min:    0.003415 max:    0.016775
Copy Perf (MiB/s): avg: 146678.505898 best: 157223.541291
Scale Time (s): avg:    0.003772 min:    0.003593 max:    0.022011
Scale Perf (MiB/s): avg: 142312.418872 best: 149400.975653
Add Time (s): avg:    0.004964 min:    0.004788 max:    0.015030
Add Perf (MiB/s): avg: 162225.817507 best: 168187.653583
Triad Time (s): avg:    0.004992 min:    0.004814 max:    0.014698
Triad Perf (MiB/s): avg: 161308.056605 best: 167279.243828
VALIDATION disabled

real	2m55.901s
user	0m0.043s
sys	0m0.607s
