
>>> Step 1/3

[ones-stream-triad]
  target perf      : 191.6720 Hz
  coefficients_perf: [-0.004198996979306703, 1.4113888522213032, 83.31648448855799]
  feedforward PCAP : 118.67 W  →  118 W (snapped)
  Perf(u_ff) check : 191.6720 Hz  (should ≈ target)
  PID gains        : Kp=1.2787 W/Hz  Ki=0.12787 W/(Hz·s)  Kd=0.0000
[PID] perf=202.649Hz  target=191.672Hz  err=-10.977Hz  corr=-16.84W  u_ff=118.7W  PCAP→101W  power=nanW
[PID] perf=187.543Hz  target=191.672Hz  err=+4.129Hz  corr=+3.53W  u_ff=118.7W  PCAP→124W  power=100.5W
[PID] perf=199.316Hz  target=191.672Hz  err=-7.644Hz  corr=-13.48W  u_ff=118.7W  PCAP→107W  power=125.1W
[PID] perf=188.873Hz  target=191.672Hz  err=+2.799Hz  corr=+0.59W  u_ff=118.7W  PCAP→118W  power=106.4W
[PID] perf=192.913Hz  target=191.672Hz  err=-1.241Hz  corr=-4.89W  u_ff=118.7W  PCAP→112W  power=116.7W
[PID] perf=194.122Hz  target=191.672Hz  err=-2.450Hz  corr=-7.07W  u_ff=118.7W  PCAP→112W  power=112.1W
[PID] perf=193.353Hz  target=191.672Hz  err=-1.681Hz  corr=-6.51W  u_ff=118.7W  PCAP→112W  power=111.8W
[PID] perf=195.034Hz  target=191.672Hz  err=-3.362Hz  corr=-9.52W  u_ff=118.7W  PCAP→107W  power=111.8W
[PID] perf=188.828Hz  target=191.672Hz  err=+2.844Hz  corr=-0.86W  u_ff=118.7W  PCAP→118W  power=106.6W
[PID] perf=193.159Hz  target=191.672Hz  err=-1.487Hz  corr=-6.78W  u_ff=118.7W  PCAP→112W  power=118.4W
[PID] perf=191.661Hz  target=191.672Hz  err=+0.011Hz  corr=-4.86W  u_ff=118.7W  PCAP→112W  power=111.7W
[PID] perf=190.715Hz  target=191.672Hz  err=+0.957Hz  corr=-3.41W  u_ff=118.7W  PCAP→118W  power=111.3W
[PID] perf=189.732Hz  target=191.672Hz  err=+1.940Hz  corr=-1.65W  u_ff=118.7W  PCAP→118W  power=117.1W
[PID] perf=190.477Hz  target=191.672Hz  err=+1.195Hz  corr=-2.30W  u_ff=118.7W  PCAP→118W  power=117.6W
[PID] perf=189.856Hz  target=191.672Hz  err=+1.816Hz  corr=-1.04W  u_ff=118.7W  PCAP→118W  power=117.3W
[PID] perf=189.815Hz  target=191.672Hz  err=+1.857Hz  corr=-0.51W  u_ff=118.7W  PCAP→118W  power=117.3W
[PID] perf=189.689Hz  target=191.672Hz  err=+1.983Hz  corr=+0.15W  u_ff=118.7W  PCAP→118W  power=116.7W
[PID] perf=192.952Hz  target=191.672Hz  err=-1.280Hz  corr=-4.35W  u_ff=118.7W  PCAP→112W  power=117.4W
[PID] perf=192.815Hz  target=191.672Hz  err=-1.143Hz  corr=-4.46W  u_ff=118.7W  PCAP→112W  power=112.1W
[PID] perf=192.543Hz  target=191.672Hz  err=-0.871Hz  corr=-4.34W  u_ff=118.7W  PCAP→112W  power=112.5W
[PID] perf=191.838Hz  target=191.672Hz  err=-0.166Hz  corr=-3.48W  u_ff=118.7W  PCAP→118W  power=112.0W
[PID] perf=192.108Hz  target=191.672Hz  err=-0.436Hz  corr=-3.94W  u_ff=118.7W  PCAP→112W  power=116.5W
[PID] perf=190.360Hz  target=191.672Hz  err=+1.312Hz  corr=-1.37W  u_ff=118.7W  PCAP→118W  power=112.4W
[PID] perf=190.451Hz  target=191.672Hz  err=+1.221Hz  corr=-1.17W  u_ff=118.7W  PCAP→118W  power=117.5W
[PID] perf=190.512Hz  target=191.672Hz  err=+1.160Hz  corr=-0.95W  u_ff=118.7W  PCAP→118W  power=117.5W
[PID] perf=190.373Hz  target=191.672Hz  err=+1.299Hz  corr=-0.44W  u_ff=118.7W  PCAP→118W  power=116.6W
[PID] perf=189.667Hz  target=191.672Hz  err=+2.005Hz  corr=+0.97W  u_ff=118.7W  PCAP→118W  power=119.4W
Process completed.
Compressed into /home/cc/summer2024/main_codes/pid_controller/../experiment_data/PID_Control_sweep/ones-stream-triad/compressed_iteration_20260512_010005.tar
----------------------------------

>>> Step 2/3

[ones-stream-triad]
  target perf      : 191.6720 Hz
  coefficients_perf: [-0.004198996979306703, 1.4113888522213032, 83.31648448855799]
  feedforward PCAP : 118.67 W  →  118 W (snapped)
  Perf(u_ff) check : 191.6720 Hz  (should ≈ target)
  PID gains        : Kp=1.2787 W/Hz  Ki=0.12787 W/(Hz·s)  Kd=0.0000
[PID] perf=200.379Hz  target=191.672Hz  err=-8.707Hz  corr=-13.36W  u_ff=118.7W  PCAP→107W  power=nanW
[PID] perf=186.858Hz  target=191.672Hz  err=+4.814Hz  corr=+5.16W  u_ff=118.7W  PCAP→124W  power=107.0W
[PID] perf=195.125Hz  target=191.672Hz  err=-3.453Hz  corr=-6.29W  u_ff=118.7W  PCAP→112W  power=122.5W
[PID] perf=191.165Hz  target=191.672Hz  err=+0.507Hz  corr=-1.10W  u_ff=118.7W  PCAP→118W  power=111.6W
[PID] perf=193.907Hz  target=191.672Hz  err=-2.235Hz  corr=-5.18W  u_ff=118.7W  PCAP→112W  power=118.5W
[PID] perf=192.404Hz  target=191.672Hz  err=-0.732Hz  corr=-3.44W  u_ff=118.7W  PCAP→118W  power=112.2W
[PID] perf=193.322Hz  target=191.672Hz  err=-1.650Hz  corr=-5.04W  u_ff=118.7W  PCAP→112W  power=117.9W
[PID] perf=191.794Hz  target=191.672Hz  err=-0.122Hz  corr=-3.12W  u_ff=118.7W  PCAP→118W  power=112.4W
[PID] perf=193.802Hz  target=191.672Hz  err=-2.130Hz  corr=-6.23W  u_ff=118.7W  PCAP→112W  power=118.7W
[PID] perf=192.797Hz  target=191.672Hz  err=-1.125Hz  corr=-5.23W  u_ff=118.7W  PCAP→112W  power=112.7W
[PID] perf=193.652Hz  target=191.672Hz  err=-1.980Hz  corr=-6.83W  u_ff=118.7W  PCAP→112W  power=112.1W
[PID] perf=192.713Hz  target=191.672Hz  err=-1.041Hz  corr=-5.90W  u_ff=118.7W  PCAP→112W  power=112.1W
[PID] perf=192.879Hz  target=191.672Hz  err=-1.207Hz  corr=-6.42W  u_ff=118.7W  PCAP→112W  power=112.8W
[PID] perf=193.001Hz  target=191.672Hz  err=-1.329Hz  corr=-6.91W  u_ff=118.7W  PCAP→112W  power=112.0W
[PID] perf=193.634Hz  target=191.672Hz  err=-1.962Hz  corr=-8.22W  u_ff=118.7W  PCAP→112W  power=112.1W
[PID] perf=192.775Hz  target=191.672Hz  err=-1.103Hz  corr=-7.41W  u_ff=118.7W  PCAP→112W  power=112.0W
[PID] perf=192.625Hz  target=191.672Hz  err=-0.953Hz  corr=-7.46W  u_ff=118.7W  PCAP→112W  power=111.8W
[PID] perf=192.757Hz  target=191.672Hz  err=-1.085Hz  corr=-7.91W  u_ff=118.7W  PCAP→112W  power=112.0W
[PID] perf=192.877Hz  target=191.672Hz  err=-1.205Hz  corr=-8.37W  u_ff=118.7W  PCAP→112W  power=112.8W
[PID] perf=192.346Hz  target=191.672Hz  err=-0.674Hz  corr=-7.86W  u_ff=118.7W  PCAP→112W  power=111.9W
[PID] perf=192.492Hz  target=191.672Hz  err=-0.820Hz  corr=-8.26W  u_ff=118.7W  PCAP→112W  power=112.4W
[PID] perf=192.346Hz  target=191.672Hz  err=-0.674Hz  corr=-8.24W  u_ff=118.7W  PCAP→112W  power=111.5W
[PID] perf=192.552Hz  target=191.672Hz  err=-0.880Hz  corr=-8.73W  u_ff=118.7W  PCAP→112W  power=112.7W
[PID] perf=192.196Hz  target=191.672Hz  err=-0.524Hz  corr=-8.41W  u_ff=118.7W  PCAP→112W  power=111.8W
[PID] perf=192.203Hz  target=191.672Hz  err=-0.531Hz  corr=-8.56W  u_ff=118.7W  PCAP→112W  power=111.3W
[PID] perf=192.196Hz  target=191.672Hz  err=-0.524Hz  corr=-8.68W  u_ff=118.7W  PCAP→112W  power=110.7W
Process completed.
Compressed into /home/cc/summer2024/main_codes/pid_controller/../experiment_data/PID_Control_sweep/ones-stream-triad/compressed_iteration_20260512_010057.tar
----------------------------------

>>> Step 3/3

[ones-stream-triad]
  target perf      : 191.6720 Hz
  coefficients_perf: [-0.004198996979306703, 1.4113888522213032, 83.31648448855799]
  feedforward PCAP : 118.67 W  →  118 W (snapped)
  Perf(u_ff) check : 191.6720 Hz  (should ≈ target)
  PID gains        : Kp=1.2787 W/Hz  Ki=0.12787 W/(Hz·s)  Kd=0.0000
[PID] perf=194.663Hz  target=191.672Hz  err=-2.991Hz  corr=-4.59W  u_ff=118.7W  PCAP→112W  power=nanW
[PID] perf=189.242Hz  target=191.672Hz  err=+2.430Hz  corr=+2.96W  u_ff=118.7W  PCAP→124W  power=111.1W
[PID] perf=194.246Hz  target=191.672Hz  err=-2.574Hz  corr=-4.09W  u_ff=118.7W  PCAP→112W  power=123.8W
[PID] perf=190.287Hz  target=191.672Hz  err=+1.385Hz  corr=+1.32W  u_ff=118.7W  PCAP→118W  power=111.6W
[PID] perf=191.281Hz  target=191.672Hz  err=+0.391Hz  corr=+0.15W  u_ff=118.7W  PCAP→118W  power=117.0W
[PID] perf=194.440Hz  target=191.672Hz  err=-2.768Hz  corr=-4.59W  u_ff=118.7W  PCAP→112W  power=118.1W
[PID] perf=192.122Hz  target=191.672Hz  err=-0.450Hz  corr=-1.74W  u_ff=118.7W  PCAP→118W  power=111.8W
[PID] perf=192.762Hz  target=191.672Hz  err=-1.090Hz  corr=-2.84W  u_ff=118.7W  PCAP→118W  power=117.3W
[PID] perf=192.587Hz  target=191.672Hz  err=-0.915Hz  corr=-2.85W  u_ff=118.7W  PCAP→118W  power=117.3W
[PID] perf=193.656Hz  target=191.672Hz  err=-1.984Hz  corr=-4.73W  u_ff=118.7W  PCAP→112W  power=118.3W
[PID] perf=190.594Hz  target=191.672Hz  err=+1.078Hz  corr=-0.54W  u_ff=118.7W  PCAP→118W  power=111.4W
[PID] perf=191.015Hz  target=191.672Hz  err=+0.657Hz  corr=-0.91W  u_ff=118.7W  PCAP→118W  power=119.2W
[PID] perf=191.481Hz  target=191.672Hz  err=+0.191Hz  corr=-1.45W  u_ff=118.7W  PCAP→118W  power=117.4W
[PID] perf=191.510Hz  target=191.672Hz  err=+0.162Hz  corr=-1.45W  u_ff=118.7W  PCAP→118W  power=117.6W
[PID] perf=195.733Hz  target=191.672Hz  err=-4.061Hz  corr=-7.89W  u_ff=118.7W  PCAP→112W  power=116.5W
[PID] perf=194.183Hz  target=191.672Hz  err=-2.511Hz  corr=-6.55W  u_ff=118.7W  PCAP→112W  power=112.2W
[PID] perf=194.823Hz  target=191.672Hz  err=-3.151Hz  corr=-8.17W  u_ff=118.7W  PCAP→112W  power=112.8W
[PID] perf=190.737Hz  target=191.672Hz  err=+0.935Hz  corr=-2.71W  u_ff=118.7W  PCAP→118W  power=112.8W
[PID] perf=193.620Hz  target=191.672Hz  err=-1.948Hz  corr=-6.89W  u_ff=118.7W  PCAP→112W  power=116.5W
[PID] perf=191.840Hz  target=191.672Hz  err=-0.168Hz  corr=-4.66W  u_ff=118.7W  PCAP→112W  power=112.2W
[PID] perf=190.296Hz  target=191.672Hz  err=+1.376Hz  corr=-2.33W  u_ff=118.7W  PCAP→118W  power=111.9W
[PID] perf=192.307Hz  target=191.672Hz  err=-0.635Hz  corr=-5.07W  u_ff=118.7W  PCAP→112W  power=118.5W
[PID] perf=191.045Hz  target=191.672Hz  err=+0.627Hz  corr=-3.29W  u_ff=118.7W  PCAP→118W  power=111.8W
[PID] perf=191.230Hz  target=191.672Hz  err=+0.442Hz  corr=-3.42W  u_ff=118.7W  PCAP→118W  power=118.1W
[PID] perf=191.464Hz  target=191.672Hz  err=+0.208Hz  corr=-3.66W  u_ff=118.7W  PCAP→118W  power=117.0W
[PID] perf=191.481Hz  target=191.672Hz  err=+0.191Hz  corr=-3.64W  u_ff=118.7W  PCAP→118W  power=118.6W
[PID] perf=192.280Hz  target=191.672Hz  err=-0.608Hz  corr=-4.81W  u_ff=118.7W  PCAP→112W  power=118.5W
Process completed.
Compressed into /home/cc/summer2024/main_codes/pid_controller/../experiment_data/PID_Control_sweep/ones-stream-triad/compressed_iteration_20260512_010150.tar
----------------------------------
