
>>> Step 1/3

[ones-npb-ep]
  target perf      : 10.9224 Hz
  coefficients_perf: [-0.0006394025930687709, 0.20079489995546235, -1.448354481994224]
  feedforward PCAP : 84.17 W  →  83 W (snapped)
  Perf(u_ff) check : 10.9224 Hz  (should ≈ target)
  PID gains        : Kp=11.0083 W/Hz  Ki=1.10083 W/(Hz·s)  Kd=0.0000
[PID] perf=15.035Hz  target=10.922Hz  err=-4.113Hz  corr=-54.33W  u_ff=84.2W  PCAP→78W  power=nanW
[PID] perf=11.378Hz  target=10.922Hz  err=-0.456Hz  corr=-15.07W  u_ff=84.2W  PCAP→78W  power=79.0W
[PID] perf=11.312Hz  target=10.922Hz  err=-0.389Hz  corr=-15.20W  u_ff=84.2W  PCAP→78W  power=77.6W
[PID] perf=11.317Hz  target=10.922Hz  err=-0.395Hz  corr=-16.13W  u_ff=84.2W  PCAP→78W  power=77.2W
[PID] perf=11.337Hz  target=10.922Hz  err=-0.414Hz  corr=-17.26W  u_ff=84.2W  PCAP→78W  power=74.6W
[PID] perf=11.353Hz  target=10.922Hz  err=-0.431Hz  corr=-18.38W  u_ff=84.2W  PCAP→78W  power=77.9W
[PID] perf=11.330Hz  target=10.922Hz  err=-0.408Hz  corr=-19.03W  u_ff=84.2W  PCAP→78W  power=77.4W
[PID] perf=11.354Hz  target=10.922Hz  err=-0.432Hz  corr=-20.25W  u_ff=84.2W  PCAP→78W  power=77.6W
[PID] perf=11.329Hz  target=10.922Hz  err=-0.406Hz  corr=-20.86W  u_ff=84.2W  PCAP→78W  power=78.6W
[PID] perf=11.313Hz  target=10.922Hz  err=-0.391Hz  corr=-21.55W  u_ff=84.2W  PCAP→78W  power=77.9W
[PID] perf=11.304Hz  target=10.922Hz  err=-0.382Hz  corr=-22.30W  u_ff=84.2W  PCAP→78W  power=78.0W
[PID] perf=11.325Hz  target=10.922Hz  err=-0.403Hz  corr=-23.41W  u_ff=84.2W  PCAP→78W  power=76.3W
[PID] perf=11.345Hz  target=10.922Hz  err=-0.423Hz  corr=-24.56W  u_ff=84.2W  PCAP→78W  power=77.1W
[PID] perf=11.323Hz  target=10.922Hz  err=-0.400Hz  corr=-25.20W  u_ff=84.2W  PCAP→78W  power=77.7W
[PID] perf=11.328Hz  target=10.922Hz  err=-0.405Hz  corr=-26.14W  u_ff=84.2W  PCAP→78W  power=77.8W
[PID] perf=11.327Hz  target=10.922Hz  err=-0.405Hz  corr=-27.03W  u_ff=84.2W  PCAP→78W  power=78.7W
[PID] perf=11.319Hz  target=10.922Hz  err=-0.397Hz  corr=-27.81W  u_ff=84.2W  PCAP→78W  power=78.1W
[PID] perf=11.334Hz  target=10.922Hz  err=-0.411Hz  corr=-28.88W  u_ff=84.2W  PCAP→78W  power=78.1W
[PID] perf=11.355Hz  target=10.922Hz  err=-0.433Hz  corr=-30.07W  u_ff=84.2W  PCAP→78W  power=77.4W
[PID] perf=11.337Hz  target=10.922Hz  err=-0.415Hz  corr=-30.79W  u_ff=84.2W  PCAP→78W  power=77.2W
[PID] perf=11.318Hz  target=10.922Hz  err=-0.395Hz  corr=-31.44W  u_ff=84.2W  PCAP→78W  power=78.1W
[PID] perf=11.335Hz  target=10.922Hz  err=-0.413Hz  corr=-32.54W  u_ff=84.2W  PCAP→78W  power=77.9W
[PID] perf=11.316Hz  target=10.922Hz  err=-0.394Hz  corr=-33.20W  u_ff=84.2W  PCAP→78W  power=77.8W
[PID] perf=11.195Hz  target=10.922Hz  err=-0.273Hz  corr=-32.47W  u_ff=84.2W  PCAP→78W  power=76.6W
[PID] perf=11.200Hz  target=10.922Hz  err=-0.278Hz  corr=-33.13W  u_ff=84.2W  PCAP→78W  power=77.2W
[PID] perf=11.105Hz  target=10.922Hz  err=-0.182Hz  corr=-32.48W  u_ff=84.2W  PCAP→78W  power=78.2W
[PID] perf=11.311Hz  target=10.922Hz  err=-0.389Hz  corr=-35.61W  u_ff=84.2W  PCAP→78W  power=78.1W
[PID] perf=11.286Hz  target=10.922Hz  err=-0.363Hz  corr=-36.13W  u_ff=84.2W  PCAP→78W  power=77.9W
[PID] perf=11.362Hz  target=10.922Hz  err=-0.440Hz  corr=-37.94W  u_ff=84.2W  PCAP→78W  power=77.4W
[PID] perf=11.285Hz  target=10.922Hz  err=-0.363Hz  corr=-37.89W  u_ff=84.2W  PCAP→78W  power=77.6W
[PID] perf=11.259Hz  target=10.922Hz  err=-0.337Hz  corr=-38.35W  u_ff=84.2W  PCAP→78W  power=76.4W
[PID] perf=10.855Hz  target=10.922Hz  err=+0.067Hz  corr=-33.75W  u_ff=84.2W  PCAP→78W  power=69.2W
[PID] perf=11.343Hz  target=10.922Hz  err=-0.420Hz  corr=-40.04W  u_ff=84.2W  PCAP→78W  power=76.9W
[PID] perf=11.368Hz  target=10.922Hz  err=-0.446Hz  corr=-41.31W  u_ff=84.2W  PCAP→78W  power=77.5W
[PID] perf=11.337Hz  target=10.922Hz  err=-0.414Hz  corr=-41.87W  u_ff=84.2W  PCAP→78W  power=77.7W
[PID] perf=7.937Hz  target=10.922Hz  err=+2.986Hz  corr=+2.13W  u_ff=84.2W  PCAP→89W  power=76.8W
[PID] perf=12.293Hz  target=10.922Hz  err=-1.370Hz  corr=-48.84W  u_ff=84.2W  PCAP→78W  power=88.9W
[PID] perf=11.369Hz  target=10.922Hz  err=-0.446Hz  corr=-39.65W  u_ff=84.2W  PCAP→78W  power=77.9W
[PID] perf=11.367Hz  target=10.922Hz  err=-0.444Hz  corr=-40.61W  u_ff=84.2W  PCAP→78W  power=78.0W
[PID] perf=11.381Hz  target=10.922Hz  err=-0.458Hz  corr=-41.77W  u_ff=84.2W  PCAP→78W  power=79.0W
[PID] perf=11.375Hz  target=10.922Hz  err=-0.453Hz  corr=-42.71W  u_ff=84.2W  PCAP→78W  power=77.2W
[PID] perf=11.343Hz  target=10.922Hz  err=-0.420Hz  corr=-43.28W  u_ff=84.2W  PCAP→78W  power=77.7W
[PID] perf=11.352Hz  target=10.922Hz  err=-0.430Hz  corr=-44.33W  u_ff=84.2W  PCAP→78W  power=77.1W
[PID] perf=11.329Hz  target=10.922Hz  err=-0.407Hz  corr=-44.48W  u_ff=84.2W  PCAP→78W  power=77.5W
[PID] perf=11.290Hz  target=10.922Hz  err=-0.368Hz  corr=-44.05W  u_ff=84.2W  PCAP→78W  power=77.4W
Process completed.
Compressed into /home/cc/summer2024/main_codes/pid_controller/../experiment_data/PID_Control_sweep/ones-npb-ep/compressed_iteration_20260512_115317.tar
----------------------------------

>>> Step 2/3

[ones-npb-ep]
  target perf      : 10.9224 Hz
  coefficients_perf: [-0.0006394025930687709, 0.20079489995546235, -1.448354481994224]
  feedforward PCAP : 84.17 W  →  83 W (snapped)
  Perf(u_ff) check : 10.9224 Hz  (should ≈ target)
  PID gains        : Kp=11.0083 W/Hz  Ki=1.10083 W/(Hz·s)  Kd=0.0000
[PID] perf=11.295Hz  target=10.922Hz  err=-0.373Hz  corr=-4.92W  u_ff=84.2W  PCAP→78W  power=nanW
[PID] perf=11.218Hz  target=10.922Hz  err=-0.295Hz  corr=-4.72W  u_ff=84.2W  PCAP→78W  power=78.6W
[PID] perf=11.221Hz  target=10.922Hz  err=-0.299Hz  corr=-5.42W  u_ff=84.2W  PCAP→78W  power=77.5W
[PID] perf=11.351Hz  target=10.922Hz  err=-0.428Hz  corr=-7.79W  u_ff=84.2W  PCAP→78W  power=77.4W
[PID] perf=11.329Hz  target=10.922Hz  err=-0.407Hz  corr=-8.44W  u_ff=84.2W  PCAP→78W  power=78.1W
[PID] perf=11.314Hz  target=10.922Hz  err=-0.391Hz  corr=-9.13W  u_ff=84.2W  PCAP→78W  power=77.1W
[PID] perf=11.312Hz  target=10.922Hz  err=-0.390Hz  corr=-9.98W  u_ff=84.2W  PCAP→78W  power=78.1W
[PID] perf=11.315Hz  target=10.922Hz  err=-0.393Hz  corr=-10.88W  u_ff=84.2W  PCAP→78W  power=79.8W
[PID] perf=11.296Hz  target=10.922Hz  err=-0.374Hz  corr=-11.49W  u_ff=84.2W  PCAP→78W  power=78.5W
[PID] perf=11.344Hz  target=10.922Hz  err=-0.422Hz  corr=-12.95W  u_ff=84.2W  PCAP→78W  power=78.4W
[PID] perf=11.287Hz  target=10.922Hz  err=-0.364Hz  corr=-13.12W  u_ff=84.2W  PCAP→78W  power=77.8W
[PID] perf=11.290Hz  target=10.922Hz  err=-0.367Hz  corr=-13.96W  u_ff=84.2W  PCAP→78W  power=77.1W
[PID] perf=11.285Hz  target=10.922Hz  err=-0.363Hz  corr=-14.71W  u_ff=84.2W  PCAP→78W  power=77.9W
[PID] perf=11.290Hz  target=10.922Hz  err=-0.368Hz  corr=-15.57W  u_ff=84.2W  PCAP→78W  power=77.5W
[PID] perf=11.313Hz  target=10.922Hz  err=-0.391Hz  corr=-16.69W  u_ff=84.2W  PCAP→78W  power=78.2W
[PID] perf=11.322Hz  target=10.922Hz  err=-0.400Hz  corr=-17.66W  u_ff=84.2W  PCAP→78W  power=77.4W
[PID] perf=11.291Hz  target=10.922Hz  err=-0.368Hz  corr=-18.13W  u_ff=84.2W  PCAP→78W  power=77.8W
[PID] perf=11.311Hz  target=10.922Hz  err=-0.388Hz  corr=-19.21W  u_ff=84.2W  PCAP→78W  power=78.0W
[PID] perf=11.291Hz  target=10.922Hz  err=-0.369Hz  corr=-19.80W  u_ff=84.2W  PCAP→78W  power=77.9W
[PID] perf=11.290Hz  target=10.922Hz  err=-0.367Hz  corr=-20.59W  u_ff=84.2W  PCAP→78W  power=77.5W
[PID] perf=11.291Hz  target=10.922Hz  err=-0.368Hz  corr=-21.41W  u_ff=84.2W  PCAP→78W  power=78.4W
[PID] perf=11.306Hz  target=10.922Hz  err=-0.384Hz  corr=-22.43W  u_ff=84.2W  PCAP→78W  power=76.8W
[PID] perf=11.290Hz  target=10.922Hz  err=-0.367Hz  corr=-23.06W  u_ff=84.2W  PCAP→78W  power=78.6W
[PID] perf=11.288Hz  target=10.922Hz  err=-0.365Hz  corr=-23.84W  u_ff=84.2W  PCAP→78W  power=77.4W
[PID] perf=11.278Hz  target=10.922Hz  err=-0.355Hz  corr=-24.51W  u_ff=84.2W  PCAP→78W  power=79.2W
[PID] perf=11.276Hz  target=10.922Hz  err=-0.354Hz  corr=-25.28W  u_ff=84.2W  PCAP→78W  power=77.0W
[PID] perf=11.323Hz  target=10.922Hz  err=-0.400Hz  corr=-26.67W  u_ff=84.2W  PCAP→78W  power=78.4W
[PID] perf=11.292Hz  target=10.922Hz  err=-0.369Hz  corr=-27.14W  u_ff=84.2W  PCAP→78W  power=77.5W
[PID] perf=11.320Hz  target=10.922Hz  err=-0.398Hz  corr=-28.33W  u_ff=84.2W  PCAP→78W  power=77.7W
[PID] perf=11.343Hz  target=10.922Hz  err=-0.421Hz  corr=-29.51W  u_ff=84.2W  PCAP→78W  power=78.0W
[PID] perf=11.320Hz  target=10.922Hz  err=-0.398Hz  corr=-30.13W  u_ff=84.2W  PCAP→78W  power=77.3W
[PID] perf=11.315Hz  target=10.922Hz  err=-0.392Hz  corr=-30.94W  u_ff=84.2W  PCAP→78W  power=77.2W
[PID] perf=11.334Hz  target=10.922Hz  err=-0.412Hz  corr=-32.06W  u_ff=84.2W  PCAP→78W  power=78.1W
[PID] perf=11.322Hz  target=10.922Hz  err=-0.399Hz  corr=-32.80W  u_ff=84.2W  PCAP→78W  power=78.5W
[PID] perf=11.309Hz  target=10.922Hz  err=-0.387Hz  corr=-33.52W  u_ff=84.2W  PCAP→78W  power=78.5W
[PID] perf=11.308Hz  target=10.922Hz  err=-0.386Hz  corr=-34.35W  u_ff=84.2W  PCAP→78W  power=77.6W
[PID] perf=11.308Hz  target=10.922Hz  err=-0.385Hz  corr=-35.19W  u_ff=84.2W  PCAP→78W  power=77.5W
[PID] perf=11.309Hz  target=10.922Hz  err=-0.386Hz  corr=-36.06W  u_ff=84.2W  PCAP→78W  power=77.2W
[PID] perf=11.286Hz  target=10.922Hz  err=-0.364Hz  corr=-36.61W  u_ff=84.2W  PCAP→78W  power=78.1W
[PID] perf=11.313Hz  target=10.922Hz  err=-0.390Hz  corr=-37.76W  u_ff=84.2W  PCAP→78W  power=77.2W
[PID] perf=11.331Hz  target=10.922Hz  err=-0.408Hz  corr=-38.86W  u_ff=84.2W  PCAP→78W  power=77.8W
[PID] perf=11.287Hz  target=10.922Hz  err=-0.365Hz  corr=-39.19W  u_ff=84.2W  PCAP→78W  power=78.0W
[PID] perf=11.306Hz  target=10.922Hz  err=-0.383Hz  corr=-40.23W  u_ff=84.2W  PCAP→78W  power=78.1W
[PID] perf=11.337Hz  target=10.922Hz  err=-0.414Hz  corr=-41.49W  u_ff=84.2W  PCAP→78W  power=77.6W
[PID] perf=11.311Hz  target=10.922Hz  err=-0.389Hz  corr=-42.06W  u_ff=84.2W  PCAP→78W  power=78.3W
Process completed.
Compressed into /home/cc/summer2024/main_codes/pid_controller/../experiment_data/PID_Control_sweep/ones-npb-ep/compressed_iteration_20260512_115446.tar
----------------------------------

>>> Step 3/3

[ones-npb-ep]
  target perf      : 10.9224 Hz
  coefficients_perf: [-0.0006394025930687709, 0.20079489995546235, -1.448354481994224]
  feedforward PCAP : 84.17 W  →  83 W (snapped)
  Perf(u_ff) check : 10.9224 Hz  (should ≈ target)
  PID gains        : Kp=11.0083 W/Hz  Ki=1.10083 W/(Hz·s)  Kd=0.0000
[PID] perf=11.369Hz  target=10.922Hz  err=-0.447Hz  corr=-5.90W  u_ff=84.2W  PCAP→78W  power=nanW
[PID] perf=11.421Hz  target=10.922Hz  err=-0.499Hz  corr=-7.58W  u_ff=84.2W  PCAP→78W  power=78.0W
[PID] perf=11.250Hz  target=10.922Hz  err=-0.328Hz  corr=-6.41W  u_ff=84.2W  PCAP→78W  power=78.0W
[PID] perf=11.348Hz  target=10.922Hz  err=-0.425Hz  corr=-8.42W  u_ff=84.2W  PCAP→78W  power=77.3W
[PID] perf=11.382Hz  target=10.922Hz  err=-0.460Hz  corr=-9.82W  u_ff=84.2W  PCAP→78W  power=77.0W
[PID] perf=11.383Hz  target=10.922Hz  err=-0.460Hz  corr=-10.84W  u_ff=84.2W  PCAP→78W  power=78.5W
[PID] perf=11.388Hz  target=10.922Hz  err=-0.466Hz  corr=-11.92W  u_ff=84.2W  PCAP→78W  power=78.1W
[PID] perf=11.375Hz  target=10.922Hz  err=-0.453Hz  corr=-12.78W  u_ff=84.2W  PCAP→78W  power=77.5W
[PID] perf=11.407Hz  target=10.922Hz  err=-0.485Hz  corr=-14.20W  u_ff=84.2W  PCAP→78W  power=77.5W
[PID] perf=11.370Hz  target=10.922Hz  err=-0.448Hz  corr=-14.78W  u_ff=84.2W  PCAP→78W  power=77.6W
[PID] perf=11.384Hz  target=10.922Hz  err=-0.461Hz  corr=-15.94W  u_ff=84.2W  PCAP→78W  power=77.8W
[PID] perf=11.384Hz  target=10.922Hz  err=-0.461Hz  corr=-16.95W  u_ff=84.2W  PCAP→78W  power=77.7W
[PID] perf=11.372Hz  target=10.922Hz  err=-0.450Hz  corr=-17.82W  u_ff=84.2W  PCAP→78W  power=77.0W
[PID] perf=11.388Hz  target=10.922Hz  err=-0.466Hz  corr=-19.02W  u_ff=84.2W  PCAP→78W  power=78.8W
[PID] perf=11.398Hz  target=10.922Hz  err=-0.475Hz  corr=-20.17W  u_ff=84.2W  PCAP→78W  power=78.3W
[PID] perf=11.357Hz  target=10.922Hz  err=-0.434Hz  corr=-20.68W  u_ff=84.2W  PCAP→78W  power=78.2W
[PID] perf=11.397Hz  target=10.922Hz  err=-0.475Hz  corr=-22.17W  u_ff=84.2W  PCAP→78W  power=78.4W
[PID] perf=11.375Hz  target=10.922Hz  err=-0.453Hz  corr=-22.92W  u_ff=84.2W  PCAP→78W  power=78.3W
[PID] perf=11.384Hz  target=10.922Hz  err=-0.462Hz  corr=-24.04W  u_ff=84.2W  PCAP→78W  power=78.1W
[PID] perf=11.392Hz  target=10.922Hz  err=-0.469Hz  corr=-25.15W  u_ff=84.2W  PCAP→78W  power=78.0W
[PID] perf=11.402Hz  target=10.922Hz  err=-0.480Hz  corr=-26.32W  u_ff=84.2W  PCAP→78W  power=77.4W
[PID] perf=11.371Hz  target=10.922Hz  err=-0.449Hz  corr=-26.97W  u_ff=84.2W  PCAP→78W  power=77.8W
[PID] perf=11.377Hz  target=10.922Hz  err=-0.455Hz  corr=-28.03W  u_ff=84.2W  PCAP→78W  power=78.1W
[PID] perf=11.360Hz  target=10.922Hz  err=-0.438Hz  corr=-28.82W  u_ff=84.2W  PCAP→78W  power=77.8W
[PID] perf=11.383Hz  target=10.922Hz  err=-0.460Hz  corr=-30.08W  u_ff=84.2W  PCAP→78W  power=78.4W
[PID] perf=11.400Hz  target=10.922Hz  err=-0.478Hz  corr=-31.32W  u_ff=84.2W  PCAP→78W  power=77.5W
[PID] perf=11.374Hz  target=10.922Hz  err=-0.452Hz  corr=-32.03W  u_ff=84.2W  PCAP→78W  power=77.6W
[PID] perf=11.348Hz  target=10.922Hz  err=-0.425Hz  corr=-32.68W  u_ff=84.2W  PCAP→78W  power=78.4W
[PID] perf=11.344Hz  target=10.922Hz  err=-0.422Hz  corr=-33.57W  u_ff=84.2W  PCAP→78W  power=77.7W
[PID] perf=11.385Hz  target=10.922Hz  err=-0.463Hz  corr=-35.03W  u_ff=84.2W  PCAP→78W  power=77.3W
[PID] perf=11.363Hz  target=10.922Hz  err=-0.440Hz  corr=-35.76W  u_ff=84.2W  PCAP→78W  power=77.4W
[PID] perf=11.352Hz  target=10.922Hz  err=-0.429Hz  corr=-36.58W  u_ff=84.2W  PCAP→78W  power=78.3W
[PID] perf=11.348Hz  target=10.922Hz  err=-0.426Hz  corr=-37.48W  u_ff=84.2W  PCAP→78W  power=78.0W
[PID] perf=11.387Hz  target=10.922Hz  err=-0.464Hz  corr=-38.92W  u_ff=84.2W  PCAP→78W  power=77.6W
[PID] perf=11.402Hz  target=10.922Hz  err=-0.480Hz  corr=-40.15W  u_ff=84.2W  PCAP→78W  power=78.3W
[PID] perf=11.355Hz  target=10.922Hz  err=-0.433Hz  corr=-40.59W  u_ff=84.2W  PCAP→78W  power=78.4W
[PID] perf=11.355Hz  target=10.922Hz  err=-0.432Hz  corr=-41.54W  u_ff=84.2W  PCAP→78W  power=77.9W
[PID] perf=11.358Hz  target=10.922Hz  err=-0.436Hz  corr=-42.53W  u_ff=84.2W  PCAP→78W  power=79.0W
[PID] perf=11.349Hz  target=10.922Hz  err=-0.427Hz  corr=-43.37W  u_ff=84.2W  PCAP→78W  power=79.2W
[PID] perf=11.364Hz  target=10.922Hz  err=-0.442Hz  corr=-44.51W  u_ff=84.2W  PCAP→78W  power=78.2W
[PID] perf=11.351Hz  target=10.922Hz  err=-0.428Hz  corr=-44.71W  u_ff=84.2W  PCAP→78W  power=77.8W
[PID] perf=11.333Hz  target=10.922Hz  err=-0.411Hz  corr=-44.52W  u_ff=84.2W  PCAP→78W  power=77.5W
[PID] perf=11.338Hz  target=10.922Hz  err=-0.416Hz  corr=-44.58W  u_ff=84.2W  PCAP→78W  power=78.6W
[PID] perf=11.349Hz  target=10.922Hz  err=-0.427Hz  corr=-44.70W  u_ff=84.2W  PCAP→78W  power=78.0W
[PID] perf=11.367Hz  target=10.922Hz  err=-0.444Hz  corr=-44.89W  u_ff=84.2W  PCAP→78W  power=77.3W
Process completed.
Compressed into /home/cc/summer2024/main_codes/pid_controller/../experiment_data/PID_Control_sweep/ones-npb-ep/compressed_iteration_20260512_115614.tar
----------------------------------
