
>>> Step 1/3

[ones-stream-triad]
  target perf      : 195.0740 Hz
  coefficients_perf: [-0.004198996979306703, 1.4113888522213032, 83.31648448855799]
  feedforward PCAP : 127.69 W  →  130 W (snapped)
  Perf(u_ff) check : 195.0740 Hz  (should ≈ target)
  PID gains        : Kp=1.2787 W/Hz  Ki=0.12787 W/(Hz·s)  Kd=0.0000
[PID] perf=203.081Hz  target=195.074Hz  err=-8.007Hz  corr=-12.29W  u_ff=127.7W  PCAP→118W  power=nanW
[PID] perf=192.338Hz  target=195.074Hz  err=+2.736Hz  corr=+2.15W  u_ff=127.7W  PCAP→130W  power=118.0W
[PID] perf=198.509Hz  target=195.074Hz  err=-3.435Hz  corr=-6.62W  u_ff=127.7W  PCAP→124W  power=129.1W
[PID] perf=197.677Hz  target=195.074Hz  err=-2.603Hz  corr=-6.22W  u_ff=127.7W  PCAP→124W  power=124.0W
[PID] perf=196.064Hz  target=195.074Hz  err=-0.990Hz  corr=-4.41W  u_ff=127.7W  PCAP→124W  power=123.1W
[PID] perf=196.092Hz  target=195.074Hz  err=-1.018Hz  corr=-4.71W  u_ff=127.7W  PCAP→124W  power=121.3W
[PID] perf=195.753Hz  target=195.074Hz  err=-0.679Hz  corr=-4.45W  u_ff=127.7W  PCAP→124W  power=123.8W
[PID] perf=195.075Hz  target=195.074Hz  err=-0.001Hz  corr=-3.58W  u_ff=127.7W  PCAP→124W  power=125.0W
[PID] perf=197.509Hz  target=195.074Hz  err=-2.435Hz  corr=-7.32W  u_ff=127.7W  PCAP→118W  power=123.8W
[PID] perf=192.625Hz  target=195.074Hz  err=+2.449Hz  corr=-0.44W  u_ff=127.7W  PCAP→130W  power=117.8W
[PID] perf=195.712Hz  target=195.074Hz  err=-0.638Hz  corr=-4.55W  u_ff=127.7W  PCAP→124W  power=130.1W
[PID] perf=195.470Hz  target=195.074Hz  err=-0.396Hz  corr=-4.35W  u_ff=127.7W  PCAP→124W  power=124.9W
[PID] perf=195.107Hz  target=195.074Hz  err=-0.033Hz  corr=-3.89W  u_ff=127.7W  PCAP→124W  power=123.7W
[PID] perf=196.708Hz  target=195.074Hz  err=-1.634Hz  corr=-6.36W  u_ff=127.7W  PCAP→124W  power=123.0W
[PID] perf=196.452Hz  target=195.074Hz  err=-1.378Hz  corr=-6.38W  u_ff=127.7W  PCAP→124W  power=123.4W
[PID] perf=195.448Hz  target=195.074Hz  err=-0.374Hz  corr=-5.19W  u_ff=127.7W  PCAP→124W  power=123.6W
[PID] perf=195.402Hz  target=195.074Hz  err=-0.328Hz  corr=-5.22W  u_ff=127.7W  PCAP→124W  power=123.0W
[PID] perf=197.421Hz  target=195.074Hz  err=-2.347Hz  corr=-8.40W  u_ff=127.7W  PCAP→118W  power=122.3W
[PID] perf=192.576Hz  target=195.074Hz  err=+2.498Hz  corr=-1.57W  u_ff=127.7W  PCAP→124W  power=118.7W
[PID] perf=195.016Hz  target=195.074Hz  err=+0.058Hz  corr=-4.67W  u_ff=127.7W  PCAP→124W  power=124.4W
[PID] perf=197.653Hz  target=195.074Hz  err=-2.579Hz  corr=-8.70W  u_ff=127.7W  PCAP→118W  power=124.7W
[PID] perf=194.746Hz  target=195.074Hz  err=+0.327Hz  corr=-4.90W  u_ff=127.7W  PCAP→124W  power=115.8W
[PID] perf=195.291Hz  target=195.074Hz  err=-0.217Hz  corr=-5.65W  u_ff=127.7W  PCAP→124W  power=122.6W
[PID] perf=194.851Hz  target=195.074Hz  err=+0.223Hz  corr=-5.03W  u_ff=127.7W  PCAP→124W  power=123.3W
[PID] perf=196.925Hz  target=195.074Hz  err=-1.851Hz  corr=-8.16W  u_ff=127.7W  PCAP→118W  power=125.5W
[PID] perf=194.167Hz  target=195.074Hz  err=+0.907Hz  corr=-4.40W  u_ff=127.7W  PCAP→124W  power=117.8W
Process completed.
Compressed into /home/cc/summer2024/main_codes/pid_controller/../experiment_data/PID_Control_sweep/ones-stream-triad/compressed_iteration_20260512_010522.tar
----------------------------------

>>> Step 2/3

[ones-stream-triad]
  target perf      : 195.0740 Hz
  coefficients_perf: [-0.004198996979306703, 1.4113888522213032, 83.31648448855799]
  feedforward PCAP : 127.69 W  →  130 W (snapped)
  Perf(u_ff) check : 195.0740 Hz  (should ≈ target)
  PID gains        : Kp=1.2787 W/Hz  Ki=0.12787 W/(Hz·s)  Kd=0.0000
[PID] perf=204.035Hz  target=195.074Hz  err=-8.961Hz  corr=-13.75W  u_ff=127.7W  PCAP→112W  power=nanW
[PID] perf=188.971Hz  target=195.074Hz  err=+6.103Hz  corr=+7.07W  u_ff=127.7W  PCAP→136W  power=112.0W
[PID] perf=195.954Hz  target=195.074Hz  err=-0.880Hz  corr=-2.08W  u_ff=127.7W  PCAP→124W  power=136.1W
[PID] perf=193.837Hz  target=195.074Hz  err=+1.236Hz  corr=+0.94W  u_ff=127.7W  PCAP→130W  power=123.6W
[PID] perf=197.291Hz  target=195.074Hz  err=-2.217Hz  corr=-4.04W  u_ff=127.7W  PCAP→124W  power=129.3W
[PID] perf=195.084Hz  target=195.074Hz  err=-0.010Hz  corr=-1.22W  u_ff=127.7W  PCAP→124W  power=122.5W
[PID] perf=194.961Hz  target=195.074Hz  err=+0.112Hz  corr=-1.04W  u_ff=127.7W  PCAP→124W  power=124.9W
[PID] perf=194.794Hz  target=195.074Hz  err=+0.280Hz  corr=-0.75W  u_ff=127.7W  PCAP→124W  power=124.4W
[PID] perf=195.701Hz  target=195.074Hz  err=-0.627Hz  corr=-2.07W  u_ff=127.7W  PCAP→124W  power=123.9W
[PID] perf=195.234Hz  target=195.074Hz  err=-0.160Hz  corr=-1.51W  u_ff=127.7W  PCAP→124W  power=124.3W
[PID] perf=195.653Hz  target=195.074Hz  err=-0.579Hz  corr=-2.20W  u_ff=127.7W  PCAP→124W  power=124.4W
[PID] perf=195.842Hz  target=195.074Hz  err=-0.768Hz  corr=-2.64W  u_ff=127.7W  PCAP→124W  power=123.6W
[PID] perf=195.402Hz  target=195.074Hz  err=-0.328Hz  corr=-2.16W  u_ff=127.7W  PCAP→124W  power=124.2W
[PID] perf=195.300Hz  target=195.074Hz  err=-0.226Hz  corr=-2.08W  u_ff=127.7W  PCAP→124W  power=126.0W
[PID] perf=197.398Hz  target=195.074Hz  err=-2.324Hz  corr=-5.36W  u_ff=127.7W  PCAP→124W  power=124.4W
[PID] perf=195.694Hz  target=195.074Hz  err=-0.620Hz  corr=-3.34W  u_ff=127.7W  PCAP→124W  power=122.7W
[PID] perf=196.754Hz  target=195.074Hz  err=-1.680Hz  corr=-5.13W  u_ff=127.7W  PCAP→124W  power=124.2W
[PID] perf=195.073Hz  target=195.074Hz  err=+0.001Hz  corr=-2.98W  u_ff=127.7W  PCAP→124W  power=122.7W
[PID] perf=194.672Hz  target=195.074Hz  err=+0.402Hz  corr=-2.36W  u_ff=127.7W  PCAP→124W  power=122.8W
[PID] perf=196.844Hz  target=195.074Hz  err=-1.770Hz  corr=-5.59W  u_ff=127.7W  PCAP→124W  power=125.5W
[PID] perf=195.742Hz  target=195.074Hz  err=-0.668Hz  corr=-4.35W  u_ff=127.7W  PCAP→124W  power=123.9W
[PID] perf=194.713Hz  target=195.074Hz  err=+0.361Hz  corr=-2.94W  u_ff=127.7W  PCAP→124W  power=123.5W
[PID] perf=195.653Hz  target=195.074Hz  err=-0.579Hz  corr=-4.29W  u_ff=127.7W  PCAP→124W  power=125.2W
[PID] perf=195.790Hz  target=195.074Hz  err=-0.716Hz  corr=-4.65W  u_ff=127.7W  PCAP→124W  power=123.1W
[PID] perf=195.607Hz  target=195.074Hz  err=-0.533Hz  corr=-4.56W  u_ff=127.7W  PCAP→124W  power=123.3W
[PID] perf=195.473Hz  target=195.074Hz  err=-0.399Hz  corr=-4.49W  u_ff=127.7W  PCAP→124W  power=124.8W
Process completed.
Compressed into /home/cc/summer2024/main_codes/pid_controller/../experiment_data/PID_Control_sweep/ones-stream-triad/compressed_iteration_20260512_010613.tar
----------------------------------

>>> Step 3/3

[ones-stream-triad]
  target perf      : 195.0740 Hz
  coefficients_perf: [-0.004198996979306703, 1.4113888522213032, 83.31648448855799]
  feedforward PCAP : 127.69 W  →  130 W (snapped)
  Perf(u_ff) check : 195.0740 Hz  (should ≈ target)
  PID gains        : Kp=1.2787 W/Hz  Ki=0.12787 W/(Hz·s)  Kd=0.0000
[PID] perf=197.980Hz  target=195.074Hz  err=-2.906Hz  corr=-4.46W  u_ff=127.7W  PCAP→124W  power=nanW
[PID] perf=193.822Hz  target=195.074Hz  err=+1.252Hz  corr=+1.18W  u_ff=127.7W  PCAP→130W  power=124.8W
[PID] perf=192.718Hz  target=195.074Hz  err=+2.356Hz  corr=+3.19W  u_ff=127.7W  PCAP→130W  power=130.2W
[PID] perf=192.755Hz  target=195.074Hz  err=+2.319Hz  corr=+3.74W  u_ff=127.7W  PCAP→130W  power=130.2W
[PID] perf=193.157Hz  target=195.074Hz  err=+1.917Hz  corr=+3.71W  u_ff=127.7W  PCAP→130W  power=129.9W
[PID] perf=195.634Hz  target=195.074Hz  err=-0.560Hz  corr=+0.40W  u_ff=127.7W  PCAP→130W  power=128.3W
[PID] perf=195.781Hz  target=195.074Hz  err=-0.707Hz  corr=+0.04W  u_ff=127.7W  PCAP→130W  power=131.0W
[PID] perf=195.920Hz  target=195.074Hz  err=-0.846Hz  corr=-0.36W  u_ff=127.7W  PCAP→130W  power=129.1W
[PID] perf=198.411Hz  target=195.074Hz  err=-3.337Hz  corr=-4.40W  u_ff=127.7W  PCAP→124W  power=129.6W
[PID] perf=196.606Hz  target=195.074Hz  err=-1.532Hz  corr=-2.48W  u_ff=127.7W  PCAP→124W  power=124.4W
[PID] perf=195.416Hz  target=195.074Hz  err=-0.342Hz  corr=-1.05W  u_ff=127.7W  PCAP→124W  power=124.5W
[PID] perf=194.316Hz  target=195.074Hz  err=+0.758Hz  corr=+0.55W  u_ff=127.7W  PCAP→130W  power=122.7W
[PID] perf=195.813Hz  target=195.074Hz  err=-0.739Hz  corr=-1.55W  u_ff=127.7W  PCAP→124W  power=136.6W
[PID] perf=195.363Hz  target=195.074Hz  err=-0.289Hz  corr=-1.05W  u_ff=127.7W  PCAP→124W  power=125.2W
[PID] perf=195.161Hz  target=195.074Hz  err=-0.087Hz  corr=-0.81W  u_ff=127.7W  PCAP→124W  power=123.7W
[PID] perf=195.007Hz  target=195.074Hz  err=+0.067Hz  corr=-0.60W  u_ff=127.7W  PCAP→130W  power=123.7W
[PID] perf=195.507Hz  target=195.074Hz  err=-0.433Hz  corr=-1.35W  u_ff=127.7W  PCAP→124W  power=129.3W
[PID] perf=194.889Hz  target=195.074Hz  err=+0.185Hz  corr=-0.51W  u_ff=127.7W  PCAP→130W  power=123.0W
[PID] perf=195.707Hz  target=195.074Hz  err=-0.633Hz  corr=-1.72W  u_ff=127.7W  PCAP→124W  power=129.3W
[PID] perf=194.514Hz  target=195.074Hz  err=+0.560Hz  corr=-0.05W  u_ff=127.7W  PCAP→130W  power=123.9W
[PID] perf=195.648Hz  target=195.074Hz  err=-0.574Hz  corr=-1.65W  u_ff=127.7W  PCAP→124W  power=131.5W
[PID] perf=194.794Hz  target=195.074Hz  err=+0.280Hz  corr=-0.48W  u_ff=127.7W  PCAP→130W  power=124.1W
[PID] perf=198.167Hz  target=195.074Hz  err=-3.093Hz  corr=-5.59W  u_ff=127.7W  PCAP→124W  power=129.9W
[PID] perf=197.579Hz  target=195.074Hz  err=-2.505Hz  corr=-5.48W  u_ff=127.7W  PCAP→124W  power=123.7W
[PID] perf=197.833Hz  target=195.074Hz  err=-2.759Hz  corr=-6.51W  u_ff=127.7W  PCAP→124W  power=125.1W
[PID] perf=195.518Hz  target=195.074Hz  err=-0.444Hz  corr=-3.66W  u_ff=127.7W  PCAP→124W  power=121.3W
Process completed.
Compressed into /home/cc/summer2024/main_codes/pid_controller/../experiment_data/PID_Control_sweep/ones-stream-triad/compressed_iteration_20260512_010705.tar
----------------------------------
