
>>> Step 1/3

[ones-npb-ep]
  target perf      : 11.7208 Hz
  coefficients_perf: [-0.0006394025930687709, 0.20079489995546235, -1.448354481994224]
  feedforward PCAP : 93.31 W  →  95 W (snapped)
  Perf(u_ff) check : 11.7208 Hz  (should ≈ target)
  PID gains        : Kp=11.0083 W/Hz  Ki=1.10083 W/(Hz·s)  Kd=0.0000
[PID] perf=13.115Hz  target=11.721Hz  err=-1.394Hz  corr=-18.41W  u_ff=93.3W  PCAP→78W  power=nanW
[PID] perf=11.344Hz  target=11.721Hz  err=+0.377Hz  corr=+1.91W  u_ff=93.3W  PCAP→95W  power=78.7W
[PID] perf=12.768Hz  target=11.721Hz  err=-1.047Hz  corr=-16.07W  u_ff=93.3W  PCAP→78W  power=95.6W
[PID] perf=11.339Hz  target=11.721Hz  err=+0.382Hz  corr=+0.50W  u_ff=93.3W  PCAP→95W  power=76.5W
[PID] perf=12.758Hz  target=11.721Hz  err=-1.037Hz  corr=-17.40W  u_ff=93.3W  PCAP→78W  power=95.1W
[PID] perf=11.312Hz  target=11.721Hz  err=+0.409Hz  corr=-0.58W  u_ff=93.3W  PCAP→95W  power=76.6W
[PID] perf=12.758Hz  target=11.721Hz  err=-1.038Hz  corr=-18.79W  u_ff=93.3W  PCAP→78W  power=95.1W
[PID] perf=11.334Hz  target=11.721Hz  err=+0.386Hz  corr=-2.27W  u_ff=93.3W  PCAP→89W  power=78.2W
[PID] perf=12.269Hz  target=11.721Hz  err=-0.548Hz  corr=-13.76W  u_ff=93.3W  PCAP→78W  power=89.3W
[PID] perf=11.319Hz  target=11.721Hz  err=+0.402Hz  corr=-2.42W  u_ff=93.3W  PCAP→89W  power=77.6W
[PID] perf=12.296Hz  target=11.721Hz  err=-0.576Hz  corr=-14.44W  u_ff=93.3W  PCAP→78W  power=89.8W
[PID] perf=11.309Hz  target=11.721Hz  err=+0.412Hz  corr=-2.67W  u_ff=93.3W  PCAP→89W  power=78.2W
[PID] perf=12.248Hz  target=11.721Hz  err=-0.527Hz  corr=-14.16W  u_ff=93.3W  PCAP→78W  power=89.1W
[PID] perf=11.326Hz  target=11.721Hz  err=+0.395Hz  corr=-3.14W  u_ff=93.3W  PCAP→89W  power=78.2W
[PID] perf=12.300Hz  target=11.721Hz  err=-0.579Hz  corr=-15.15W  u_ff=93.3W  PCAP→78W  power=88.8W
[PID] perf=11.306Hz  target=11.721Hz  err=+0.414Hz  corr=-3.29W  u_ff=93.3W  PCAP→89W  power=77.8W
[PID] perf=12.263Hz  target=11.721Hz  err=-0.543Hz  corr=-15.02W  u_ff=93.3W  PCAP→78W  power=87.4W
[PID] perf=11.323Hz  target=11.721Hz  err=+0.398Hz  corr=-3.80W  u_ff=93.3W  PCAP→89W  power=78.2W
[PID] perf=12.261Hz  target=11.721Hz  err=-0.540Hz  corr=-15.31W  u_ff=93.3W  PCAP→78W  power=88.0W
[PID] perf=11.338Hz  target=11.721Hz  err=+0.383Hz  corr=-4.30W  u_ff=93.3W  PCAP→89W  power=77.9W
[PID] perf=12.214Hz  target=11.721Hz  err=-0.493Hz  corr=-15.04W  u_ff=93.3W  PCAP→78W  power=89.2W
[PID] perf=11.313Hz  target=11.721Hz  err=+0.408Hz  corr=-4.22W  u_ff=93.3W  PCAP→89W  power=78.2W
[PID] perf=12.287Hz  target=11.721Hz  err=-0.566Hz  corr=-16.19W  u_ff=93.3W  PCAP→78W  power=89.4W
[PID] perf=11.332Hz  target=11.721Hz  err=+0.389Hz  corr=-4.82W  u_ff=93.3W  PCAP→89W  power=77.4W
[PID] perf=12.291Hz  target=11.721Hz  err=-0.570Hz  corr=-16.63W  u_ff=93.3W  PCAP→78W  power=88.6W
[PID] perf=11.309Hz  target=11.721Hz  err=+0.412Hz  corr=-4.91W  u_ff=93.3W  PCAP→89W  power=77.5W
[PID] perf=12.311Hz  target=11.721Hz  err=-0.590Hz  corr=-17.24W  u_ff=93.3W  PCAP→78W  power=88.9W
[PID] perf=11.367Hz  target=11.721Hz  err=+0.354Hz  corr=-6.07W  u_ff=93.3W  PCAP→89W  power=77.7W
[PID] perf=12.265Hz  target=11.721Hz  err=-0.544Hz  corr=-17.16W  u_ff=93.3W  PCAP→78W  power=88.6W
[PID] perf=11.280Hz  target=11.721Hz  err=+0.441Hz  corr=-5.35W  u_ff=93.3W  PCAP→89W  power=77.7W
[PID] perf=12.275Hz  target=11.721Hz  err=-0.554Hz  corr=-17.52W  u_ff=93.3W  PCAP→78W  power=88.7W
[PID] perf=11.335Hz  target=11.721Hz  err=+0.386Hz  corr=-6.32W  u_ff=93.3W  PCAP→89W  power=77.1W
[PID] perf=12.276Hz  target=11.721Hz  err=-0.555Hz  corr=-17.90W  u_ff=93.3W  PCAP→78W  power=89.1W
[PID] perf=11.354Hz  target=11.721Hz  err=+0.367Hz  corr=-6.94W  u_ff=93.3W  PCAP→89W  power=77.5W
[PID] perf=12.261Hz  target=11.721Hz  err=-0.540Hz  corr=-18.11W  u_ff=93.3W  PCAP→78W  power=88.8W
[PID] perf=11.304Hz  target=11.721Hz  err=+0.417Hz  corr=-6.66W  u_ff=93.3W  PCAP→89W  power=77.8W
[PID] perf=12.304Hz  target=11.721Hz  err=-0.583Hz  corr=-18.95W  u_ff=93.3W  PCAP→78W  power=89.1W
[PID] perf=11.313Hz  target=11.721Hz  err=+0.408Hz  corr=-7.15W  u_ff=93.3W  PCAP→89W  power=77.4W
[PID] perf=12.258Hz  target=11.721Hz  err=-0.537Hz  corr=-18.73W  u_ff=93.3W  PCAP→78W  power=90.0W
[PID] perf=11.356Hz  target=11.721Hz  err=+0.365Hz  corr=-8.00W  u_ff=93.3W  PCAP→83W  power=77.6W
[PID] perf=11.773Hz  target=11.721Hz  err=-0.052Hz  corr=-12.71W  u_ff=93.3W  PCAP→83W  power=82.8W
[PID] perf=11.764Hz  target=11.721Hz  err=-0.043Hz  corr=-12.70W  u_ff=93.3W  PCAP→83W  power=83.3W
[PID] perf=11.760Hz  target=11.721Hz  err=-0.039Hz  corr=-12.74W  u_ff=93.3W  PCAP→83W  power=83.1W
Process completed.
Compressed into /home/cc/summer2024/main_codes/pid_controller/../experiment_data/PID_Control_sweep/ones-npb-ep/compressed_iteration_20260512_121057.tar
----------------------------------

>>> Step 2/3

[ones-npb-ep]
  target perf      : 11.7208 Hz
  coefficients_perf: [-0.0006394025930687709, 0.20079489995546235, -1.448354481994224]
  feedforward PCAP : 93.31 W  →  95 W (snapped)
  Perf(u_ff) check : 11.7208 Hz  (should ≈ target)
  PID gains        : Kp=11.0083 W/Hz  Ki=1.10083 W/(Hz·s)  Kd=0.0000
[PID] perf=11.771Hz  target=11.721Hz  err=-0.050Hz  corr=-0.67W  u_ff=93.3W  PCAP→95W  power=nanW
[PID] perf=12.670Hz  target=11.721Hz  err=-0.949Hz  corr=-12.64W  u_ff=93.3W  PCAP→83W  power=94.9W
[PID] perf=11.763Hz  target=11.721Hz  err=-0.043Hz  corr=-2.76W  u_ff=93.3W  PCAP→89W  power=83.2W
[PID] perf=12.246Hz  target=11.721Hz  err=-0.525Hz  corr=-9.24W  u_ff=93.3W  PCAP→83W  power=89.0W
[PID] perf=11.741Hz  target=11.721Hz  err=-0.020Hz  corr=-3.72W  u_ff=93.3W  PCAP→89W  power=82.1W
[PID] perf=12.275Hz  target=11.721Hz  err=-0.554Hz  corr=-10.82W  u_ff=93.3W  PCAP→83W  power=87.9W
[PID] perf=11.772Hz  target=11.721Hz  err=-0.052Hz  corr=-5.40W  u_ff=93.3W  PCAP→89W  power=82.0W
[PID] perf=12.247Hz  target=11.721Hz  err=-0.526Hz  corr=-11.78W  u_ff=93.3W  PCAP→83W  power=89.1W
[PID] perf=11.791Hz  target=11.721Hz  err=-0.070Hz  corr=-6.91W  u_ff=93.3W  PCAP→89W  power=81.9W
[PID] perf=12.232Hz  target=11.721Hz  err=-0.512Hz  corr=-12.90W  u_ff=93.3W  PCAP→78W  power=88.5W
[PID] perf=11.297Hz  target=11.721Hz  err=+0.424Hz  corr=-1.66W  u_ff=93.3W  PCAP→89W  power=78.4W
[PID] perf=12.248Hz  target=11.721Hz  err=-0.527Hz  corr=-13.30W  u_ff=93.3W  PCAP→78W  power=89.0W
[PID] perf=11.314Hz  target=11.721Hz  err=+0.407Hz  corr=-2.12W  u_ff=93.3W  PCAP→89W  power=78.4W
[PID] perf=12.233Hz  target=11.721Hz  err=-0.512Hz  corr=-13.37W  u_ff=93.3W  PCAP→78W  power=87.6W
[PID] perf=11.282Hz  target=11.721Hz  err=+0.439Hz  corr=-1.93W  u_ff=93.3W  PCAP→89W  power=76.0W
[PID] perf=12.275Hz  target=11.721Hz  err=-0.554Hz  corr=-14.08W  u_ff=93.3W  PCAP→78W  power=89.5W
[PID] perf=11.317Hz  target=11.721Hz  err=+0.403Hz  corr=-2.65W  u_ff=93.3W  PCAP→89W  power=77.2W
[PID] perf=12.263Hz  target=11.721Hz  err=-0.542Hz  corr=-14.26W  u_ff=93.3W  PCAP→78W  power=89.4W
[PID] perf=11.301Hz  target=11.721Hz  err=+0.419Hz  corr=-2.75W  u_ff=93.3W  PCAP→89W  power=78.6W
[PID] perf=12.256Hz  target=11.721Hz  err=-0.536Hz  corr=-14.44W  u_ff=93.3W  PCAP→78W  power=89.4W
[PID] perf=11.329Hz  target=11.721Hz  err=+0.392Hz  corr=-3.37W  u_ff=93.3W  PCAP→89W  power=77.3W
[PID] perf=12.280Hz  target=11.721Hz  err=-0.559Hz  corr=-15.07W  u_ff=93.3W  PCAP→78W  power=90.0W
[PID] perf=11.336Hz  target=11.721Hz  err=+0.385Hz  corr=-3.82W  u_ff=93.3W  PCAP→89W  power=77.2W
[PID] perf=12.264Hz  target=11.721Hz  err=-0.543Hz  corr=-15.24W  u_ff=93.3W  PCAP→78W  power=89.8W
[PID] perf=11.313Hz  target=11.721Hz  err=+0.408Hz  corr=-3.87W  u_ff=93.3W  PCAP→89W  power=78.4W
[PID] perf=12.252Hz  target=11.721Hz  err=-0.531Hz  corr=-15.38W  u_ff=93.3W  PCAP→78W  power=88.3W
[PID] perf=11.325Hz  target=11.721Hz  err=+0.396Hz  corr=-4.30W  u_ff=93.3W  PCAP→89W  power=77.7W
[PID] perf=12.266Hz  target=11.721Hz  err=-0.546Hz  corr=-15.87W  u_ff=93.3W  PCAP→78W  power=88.7W
[PID] perf=11.285Hz  target=11.721Hz  err=+0.436Hz  corr=-4.11W  u_ff=93.3W  PCAP→89W  power=89.5W
[PID] perf=12.255Hz  target=11.721Hz  err=-0.534Hz  corr=-15.95W  u_ff=93.3W  PCAP→78W  power=88.9W
[PID] perf=11.293Hz  target=11.721Hz  err=+0.428Hz  corr=-4.42W  u_ff=93.3W  PCAP→89W  power=77.4W
[PID] perf=12.267Hz  target=11.721Hz  err=-0.546Hz  corr=-16.35W  u_ff=93.3W  PCAP→78W  power=89.7W
[PID] perf=11.290Hz  target=11.721Hz  err=+0.431Hz  corr=-4.64W  u_ff=93.3W  PCAP→89W  power=77.9W
[PID] perf=12.250Hz  target=11.721Hz  err=-0.529Hz  corr=-16.37W  u_ff=93.3W  PCAP→78W  power=89.3W
[PID] perf=11.297Hz  target=11.721Hz  err=+0.424Hz  corr=-4.95W  u_ff=93.3W  PCAP→89W  power=77.0W
[PID] perf=12.255Hz  target=11.721Hz  err=-0.535Hz  corr=-16.68W  u_ff=93.3W  PCAP→78W  power=88.4W
[PID] perf=11.315Hz  target=11.721Hz  err=+0.406Hz  corr=-5.43W  u_ff=93.3W  PCAP→89W  power=77.6W
[PID] perf=12.265Hz  target=11.721Hz  err=-0.544Hz  corr=-17.09W  u_ff=93.3W  PCAP→78W  power=88.2W
[PID] perf=11.340Hz  target=11.721Hz  err=+0.381Hz  corr=-6.07W  u_ff=93.3W  PCAP→89W  power=77.2W
[PID] perf=12.222Hz  target=11.721Hz  err=-0.501Hz  corr=-16.88W  u_ff=93.3W  PCAP→78W  power=89.9W
[PID] perf=11.271Hz  target=11.721Hz  err=+0.450Hz  corr=-5.42W  u_ff=93.3W  PCAP→89W  power=77.7W
[PID] perf=12.263Hz  target=11.721Hz  err=-0.543Hz  corr=-17.54W  u_ff=93.3W  PCAP→78W  power=89.2W
[PID] perf=11.289Hz  target=11.721Hz  err=+0.432Hz  corr=-5.86W  u_ff=93.3W  PCAP→89W  power=79.1W
Process completed.
Compressed into /home/cc/summer2024/main_codes/pid_controller/../experiment_data/PID_Control_sweep/ones-npb-ep/compressed_iteration_20260512_121223.tar
----------------------------------

>>> Step 3/3

[ones-npb-ep]
  target perf      : 11.7208 Hz
  coefficients_perf: [-0.0006394025930687709, 0.20079489995546235, -1.448354481994224]
  feedforward PCAP : 93.31 W  →  95 W (snapped)
  Perf(u_ff) check : 11.7208 Hz  (should ≈ target)
  PID gains        : Kp=11.0083 W/Hz  Ki=1.10083 W/(Hz·s)  Kd=0.0000
[PID] perf=12.220Hz  target=11.721Hz  err=-0.499Hz  corr=-6.60W  u_ff=93.3W  PCAP→89W  power=nanW
[PID] perf=12.328Hz  target=11.721Hz  err=-0.607Hz  corr=-9.12W  u_ff=93.3W  PCAP→83W  power=88.9W
[PID] perf=11.754Hz  target=11.721Hz  err=-0.033Hz  corr=-2.87W  u_ff=93.3W  PCAP→89W  power=81.8W
[PID] perf=12.288Hz  target=11.721Hz  err=-0.567Hz  corr=-9.99W  u_ff=93.3W  PCAP→83W  power=90.4W
[PID] perf=11.782Hz  target=11.721Hz  err=-0.061Hz  corr=-4.56W  u_ff=93.3W  PCAP→89W  power=83.1W
[PID] perf=12.277Hz  target=11.721Hz  err=-0.556Hz  corr=-11.23W  u_ff=93.3W  PCAP→83W  power=88.8W
[PID] perf=11.759Hz  target=11.721Hz  err=-0.038Hz  corr=-5.62W  u_ff=93.3W  PCAP→89W  power=82.4W
[PID] perf=12.264Hz  target=11.721Hz  err=-0.544Hz  corr=-12.38W  u_ff=93.3W  PCAP→83W  power=89.5W
[PID] perf=11.748Hz  target=11.721Hz  err=-0.027Hz  corr=-6.75W  u_ff=93.3W  PCAP→89W  power=82.6W
[PID] perf=12.273Hz  target=11.721Hz  err=-0.552Hz  corr=-13.75W  u_ff=93.3W  PCAP→78W  power=89.1W
[PID] perf=11.320Hz  target=11.721Hz  err=+0.400Hz  corr=-2.38W  u_ff=93.3W  PCAP→89W  power=77.8W
[PID] perf=12.281Hz  target=11.721Hz  err=-0.560Hz  corr=-14.18W  u_ff=93.3W  PCAP→78W  power=89.6W
[PID] perf=11.328Hz  target=11.721Hz  err=+0.392Hz  corr=-2.84W  u_ff=93.3W  PCAP→89W  power=77.8W
[PID] perf=12.284Hz  target=11.721Hz  err=-0.563Hz  corr=-14.60W  u_ff=93.3W  PCAP→78W  power=90.3W
[PID] perf=11.350Hz  target=11.721Hz  err=+0.371Hz  corr=-3.49W  u_ff=93.3W  PCAP→89W  power=78.2W
[PID] perf=8.403Hz  target=11.721Hz  err=+3.317Hz  corr=+36.24W  u_ff=93.3W  PCAP→130W  power=100.5W
[PID] perf=9.524Hz  target=11.721Hz  err=+2.197Hz  corr=+28.74W  u_ff=93.3W  PCAP→124W  power=111.9W
[PID] perf=14.747Hz  target=11.721Hz  err=-3.027Hz  corr=-35.42W  u_ff=93.3W  PCAP→78W  power=124.3W
[PID] perf=11.311Hz  target=11.721Hz  err=+0.410Hz  corr=+3.31W  u_ff=93.3W  PCAP→95W  power=76.9W
[PID] perf=12.785Hz  target=11.721Hz  err=-1.064Hz  corr=-15.26W  u_ff=93.3W  PCAP→78W  power=95.3W
[PID] perf=11.318Hz  target=11.721Hz  err=+0.403Hz  corr=+1.77W  u_ff=93.3W  PCAP→95W  power=77.5W
[PID] perf=12.793Hz  target=11.721Hz  err=-1.072Hz  corr=-16.83W  u_ff=93.3W  PCAP→78W  power=95.1W
[PID] perf=11.309Hz  target=11.721Hz  err=+0.412Hz  corr=+0.42W  u_ff=93.3W  PCAP→95W  power=78.5W
[PID] perf=12.808Hz  target=11.721Hz  err=-1.087Hz  corr=-18.47W  u_ff=93.3W  PCAP→78W  power=95.5W
[PID] perf=11.336Hz  target=11.721Hz  err=+0.385Hz  corr=-1.42W  u_ff=93.3W  PCAP→89W  power=76.7W
[PID] perf=12.284Hz  target=11.721Hz  err=-0.563Hz  corr=-13.09W  u_ff=93.3W  PCAP→78W  power=89.4W
[PID] perf=11.352Hz  target=11.721Hz  err=+0.369Hz  corr=-2.03W  u_ff=93.3W  PCAP→89W  power=78.3W
[PID] perf=12.305Hz  target=11.721Hz  err=-0.585Hz  corr=-13.81W  u_ff=93.3W  PCAP→78W  power=88.8W
[PID] perf=11.316Hz  target=11.721Hz  err=+0.405Hz  corr=-2.03W  u_ff=93.3W  PCAP→89W  power=77.4W
[PID] perf=12.269Hz  target=11.721Hz  err=-0.548Hz  corr=-13.72W  u_ff=93.3W  PCAP→78W  power=89.2W
[PID] perf=11.335Hz  target=11.721Hz  err=+0.386Hz  corr=-2.59W  u_ff=93.3W  PCAP→89W  power=79.1W
[PID] perf=12.296Hz  target=11.721Hz  err=-0.575Hz  corr=-14.44W  u_ff=93.3W  PCAP→78W  power=89.5W
[PID] perf=11.331Hz  target=11.721Hz  err=+0.389Hz  corr=-2.96W  u_ff=93.3W  PCAP→89W  power=77.4W
[PID] perf=12.258Hz  target=11.721Hz  err=-0.537Hz  corr=-14.35W  u_ff=93.3W  PCAP→78W  power=89.6W
[PID] perf=11.296Hz  target=11.721Hz  err=+0.425Hz  corr=-2.81W  u_ff=93.3W  PCAP→89W  power=77.2W
[PID] perf=12.281Hz  target=11.721Hz  err=-0.561Hz  corr=-14.90W  u_ff=93.3W  PCAP→78W  power=88.6W
[PID] perf=11.348Hz  target=11.721Hz  err=+0.373Hz  corr=-3.80W  u_ff=93.3W  PCAP→89W  power=77.4W
[PID] perf=12.274Hz  target=11.721Hz  err=-0.553Hz  corr=-15.21W  u_ff=93.3W  PCAP→78W  power=88.4W
[PID] perf=11.328Hz  target=11.721Hz  err=+0.393Hz  corr=-3.93W  u_ff=93.3W  PCAP→89W  power=78.3W
[PID] perf=12.291Hz  target=11.721Hz  err=-0.570Hz  corr=-15.79W  u_ff=93.3W  PCAP→78W  power=88.8W
[PID] perf=11.333Hz  target=11.721Hz  err=+0.388Hz  corr=-4.40W  u_ff=93.3W  PCAP→89W  power=78.3W
[PID] perf=12.296Hz  target=11.721Hz  err=-0.575Hz  corr=-16.26W  u_ff=93.3W  PCAP→78W  power=88.9W
[PID] perf=11.337Hz  target=11.721Hz  err=+0.384Hz  corr=-4.85W  u_ff=93.3W  PCAP→89W  power=78.3W
Process completed.
Compressed into /home/cc/summer2024/main_codes/pid_controller/../experiment_data/PID_Control_sweep/ones-npb-ep/compressed_iteration_20260512_121348.tar
----------------------------------
