
>>> Step 1/3

[ones-stream-triad]
  target perf      : 189.9710 Hz
  coefficients_perf: [-0.004198996979306703, 1.4113888522213032, 83.31648448855799]
  feedforward PCAP : 114.72 W  →  112 W (snapped)
  Perf(u_ff) check : 189.9710 Hz  (should ≈ target)
  PID gains        : Kp=1.2787 W/Hz  Ki=0.12787 W/(Hz·s)  Kd=0.0000
[PID] perf=202.519Hz  target=189.971Hz  err=-12.548Hz  corr=-19.25W  u_ff=114.7W  PCAP→95W  power=nanW
[PID] perf=184.741Hz  target=189.971Hz  err=+5.230Hz  corr=+4.82W  u_ff=114.7W  PCAP→118W  power=95.2W
[PID] perf=193.580Hz  target=189.971Hz  err=-3.609Hz  corr=-7.41W  u_ff=114.7W  PCAP→107W  power=118.1W
[PID] perf=190.214Hz  target=189.971Hz  err=-0.243Hz  corr=-3.17W  u_ff=114.7W  PCAP→112W  power=107.9W
[PID] perf=193.773Hz  target=189.971Hz  err=-3.802Hz  corr=-8.69W  u_ff=114.7W  PCAP→107W  power=111.9W
[PID] perf=189.167Hz  target=189.971Hz  err=+0.804Hz  corr=-2.59W  u_ff=114.7W  PCAP→112W  power=106.8W
[PID] perf=194.077Hz  target=189.971Hz  err=-4.106Hz  corr=-9.92W  u_ff=114.7W  PCAP→107W  power=111.4W
[PID] perf=190.149Hz  target=189.971Hz  err=-0.178Hz  corr=-4.95W  u_ff=114.7W  PCAP→112W  power=105.7W
[PID] perf=194.717Hz  target=189.971Hz  err=-4.746Hz  corr=-12.00W  u_ff=114.7W  PCAP→101W  power=110.6W
[PID] perf=189.599Hz  target=189.971Hz  err=+0.372Hz  corr=-5.36W  u_ff=114.7W  PCAP→107W  power=100.7W
[PID] perf=191.617Hz  target=189.971Hz  err=-1.646Hz  corr=-8.36W  u_ff=114.7W  PCAP→107W  power=107.8W
[PID] perf=189.779Hz  target=189.971Hz  err=+0.192Hz  corr=-5.96W  u_ff=114.7W  PCAP→107W  power=106.1W
[PID] perf=188.472Hz  target=189.971Hz  err=+1.499Hz  corr=-3.91W  u_ff=114.7W  PCAP→112W  power=106.6W
[PID] perf=192.093Hz  target=189.971Hz  err=-2.122Hz  corr=-9.08W  u_ff=114.7W  PCAP→107W  power=112.1W
[PID] perf=190.611Hz  target=189.971Hz  err=-0.640Hz  corr=-7.35W  u_ff=114.7W  PCAP→107W  power=106.6W
[PID] perf=190.542Hz  target=189.971Hz  err=-0.571Hz  corr=-7.41W  u_ff=114.7W  PCAP→107W  power=106.3W
[PID] perf=190.546Hz  target=189.971Hz  err=-0.575Hz  corr=-7.56W  u_ff=114.7W  PCAP→107W  power=106.8W
[PID] perf=189.263Hz  target=189.971Hz  err=+0.708Hz  corr=-5.74W  u_ff=114.7W  PCAP→107W  power=106.1W
[PID] perf=189.254Hz  target=189.971Hz  err=+0.717Hz  corr=-5.54W  u_ff=114.7W  PCAP→107W  power=106.6W
[PID] perf=189.199Hz  target=189.971Hz  err=+0.772Hz  corr=-5.28W  u_ff=114.7W  PCAP→107W  power=105.9W
[PID] perf=188.892Hz  target=189.971Hz  err=+1.079Hz  corr=-4.61W  u_ff=114.7W  PCAP→112W  power=107.6W
[PID] perf=191.019Hz  target=189.971Hz  err=-1.048Hz  corr=-7.60W  u_ff=114.7W  PCAP→107W  power=112.1W
[PID] perf=187.963Hz  target=189.971Hz  err=+2.008Hz  corr=-3.17W  u_ff=114.7W  PCAP→112W  power=106.4W
[PID] perf=191.355Hz  target=189.971Hz  err=-1.384Hz  corr=-7.87W  u_ff=114.7W  PCAP→107W  power=111.8W
[PID] perf=187.862Hz  target=189.971Hz  err=+2.109Hz  corr=-2.86W  u_ff=114.7W  PCAP→112W  power=107.3W
[PID] perf=191.494Hz  target=189.971Hz  err=-1.523Hz  corr=-7.89W  u_ff=114.7W  PCAP→107W  power=110.7W
[PID] perf=188.758Hz  target=189.971Hz  err=+1.213Hz  corr=-4.09W  u_ff=114.7W  PCAP→112W  power=107.1W
Process completed.
Compressed into /home/cc/summer2024/main_codes/pid_controller/../experiment_data/PID_Control_sweep/ones-stream-triad/compressed_iteration_20260512_005724.tar
----------------------------------

>>> Step 2/3

[ones-stream-triad]
  target perf      : 189.9710 Hz
  coefficients_perf: [-0.004198996979306703, 1.4113888522213032, 83.31648448855799]
  feedforward PCAP : 114.72 W  →  112 W (snapped)
  Perf(u_ff) check : 189.9710 Hz  (should ≈ target)
  PID gains        : Kp=1.2787 W/Hz  Ki=0.12787 W/(Hz·s)  Kd=0.0000
[PID] perf=202.134Hz  target=189.971Hz  err=-12.163Hz  corr=-18.66W  u_ff=114.7W  PCAP→95W  power=nanW
[PID] perf=180.980Hz  target=189.971Hz  err=+8.991Hz  corr=+10.69W  u_ff=114.7W  PCAP→124W  power=95.0W
[PID] perf=194.156Hz  target=189.971Hz  err=-4.185Hz  corr=-7.23W  u_ff=114.7W  PCAP→107W  power=123.3W
[PID] perf=187.740Hz  target=189.971Hz  err=+2.231Hz  corr=+1.54W  u_ff=114.7W  PCAP→118W  power=107.2W
[PID] perf=190.971Hz  target=189.971Hz  err=-1.000Hz  corr=-2.85W  u_ff=114.7W  PCAP→112W  power=118.5W
[PID] perf=194.593Hz  target=189.971Hz  err=-4.622Hz  corr=-8.66W  u_ff=114.7W  PCAP→107W  power=112.6W
[PID] perf=189.856Hz  target=189.971Hz  err=+0.115Hz  corr=-2.57W  u_ff=114.7W  PCAP→112W  power=107.6W
[PID] perf=193.206Hz  target=189.971Hz  err=-3.235Hz  corr=-7.68W  u_ff=114.7W  PCAP→107W  power=110.1W
[PID] perf=188.682Hz  target=189.971Hz  err=+1.289Hz  corr=-1.57W  u_ff=114.7W  PCAP→112W  power=107.8W
[PID] perf=193.172Hz  target=189.971Hz  err=-3.201Hz  corr=-8.13W  u_ff=114.7W  PCAP→107W  power=111.0W
[PID] perf=189.612Hz  target=189.971Hz  err=+0.359Hz  corr=-3.48W  u_ff=114.7W  PCAP→112W  power=106.6W
[PID] perf=192.726Hz  target=189.971Hz  err=-2.755Hz  corr=-8.17W  u_ff=114.7W  PCAP→107W  power=112.7W
[PID] perf=189.050Hz  target=189.971Hz  err=+0.921Hz  corr=-3.23W  u_ff=114.7W  PCAP→112W  power=106.4W
[PID] perf=192.830Hz  target=189.971Hz  err=-2.859Hz  corr=-8.80W  u_ff=114.7W  PCAP→107W  power=111.8W
[PID] perf=188.954Hz  target=189.971Hz  err=+1.017Hz  corr=-3.58W  u_ff=114.7W  PCAP→112W  power=107.8W
[PID] perf=193.406Hz  target=189.971Hz  err=-3.435Hz  corr=-10.15W  u_ff=114.7W  PCAP→107W  power=112.5W
[PID] perf=189.839Hz  target=189.971Hz  err=+0.132Hz  corr=-5.56W  u_ff=114.7W  PCAP→107W  power=107.1W
[PID] perf=189.873Hz  target=189.971Hz  err=+0.098Hz  corr=-5.58W  u_ff=114.7W  PCAP→107W  power=108.5W
[PID] perf=191.788Hz  target=189.971Hz  err=-1.817Hz  corr=-8.49W  u_ff=114.7W  PCAP→107W  power=106.8W
[PID] perf=188.979Hz  target=189.971Hz  err=+0.992Hz  corr=-4.65W  u_ff=114.7W  PCAP→112W  power=107.1W
[PID] perf=193.137Hz  target=189.971Hz  err=-3.166Hz  corr=-10.77W  u_ff=114.7W  PCAP→101W  power=111.8W
[PID] perf=186.958Hz  target=189.971Hz  err=+3.013Hz  corr=-2.10W  u_ff=114.7W  PCAP→112W  power=101.3W
[PID] perf=192.988Hz  target=189.971Hz  err=-3.017Hz  corr=-10.58W  u_ff=114.7W  PCAP→107W  power=111.1W
[PID] perf=189.248Hz  target=189.971Hz  err=+0.723Hz  corr=-5.62W  u_ff=114.7W  PCAP→107W  power=107.5W
[PID] perf=188.941Hz  target=189.971Hz  err=+1.030Hz  corr=-4.96W  u_ff=114.7W  PCAP→112W  power=106.3W
[PID] perf=192.780Hz  target=189.971Hz  err=-2.809Hz  corr=-10.59W  u_ff=114.7W  PCAP→107W  power=114.3W
[PID] perf=189.011Hz  target=189.971Hz  err=+0.960Hz  corr=-5.52W  u_ff=114.7W  PCAP→107W  power=106.8W
Process completed.
Compressed into /home/cc/summer2024/main_codes/pid_controller/../experiment_data/PID_Control_sweep/ones-stream-triad/compressed_iteration_20260512_005817.tar
----------------------------------

>>> Step 3/3

[ones-stream-triad]
  target perf      : 189.9710 Hz
  coefficients_perf: [-0.004198996979306703, 1.4113888522213032, 83.31648448855799]
  feedforward PCAP : 114.72 W  →  112 W (snapped)
  Perf(u_ff) check : 189.9710 Hz  (should ≈ target)
  PID gains        : Kp=1.2787 W/Hz  Ki=0.12787 W/(Hz·s)  Kd=0.0000
[PID] perf=193.840Hz  target=189.971Hz  err=-3.869Hz  corr=-5.94W  u_ff=114.7W  PCAP→107W  power=nanW
[PID] perf=188.563Hz  target=189.971Hz  err=+1.408Hz  corr=+1.17W  u_ff=114.7W  PCAP→118W  power=105.8W
[PID] perf=193.130Hz  target=189.971Hz  err=-3.159Hz  corr=-5.48W  u_ff=114.7W  PCAP→107W  power=118.6W
[PID] perf=188.839Hz  target=189.971Hz  err=+1.132Hz  corr=+0.30W  u_ff=114.7W  PCAP→118W  power=107.5W
[PID] perf=193.264Hz  target=189.971Hz  err=-3.293Hz  corr=-6.20W  u_ff=114.7W  PCAP→107W  power=118.1W
[PID] perf=188.975Hz  target=189.971Hz  err=+0.996Hz  corr=-0.46W  u_ff=114.7W  PCAP→112W  power=107.2W
[PID] perf=195.998Hz  target=189.971Hz  err=-6.027Hz  corr=-10.98W  u_ff=114.7W  PCAP→101W  power=110.4W
[PID] perf=188.271Hz  target=189.971Hz  err=+1.700Hz  corr=-0.67W  u_ff=114.7W  PCAP→112W  power=101.6W
[PID] perf=193.068Hz  target=189.971Hz  err=-3.097Hz  corr=-7.59W  u_ff=114.7W  PCAP→107W  power=111.1W
[PID] perf=189.663Hz  target=189.971Hz  err=+0.308Hz  corr=-3.16W  u_ff=114.7W  PCAP→112W  power=107.8W
[PID] perf=193.284Hz  target=189.971Hz  err=-3.313Hz  corr=-8.64W  u_ff=114.7W  PCAP→107W  power=112.6W
[PID] perf=187.231Hz  target=189.971Hz  err=+2.740Hz  corr=-0.20W  u_ff=114.7W  PCAP→112W  power=106.9W
[PID] perf=189.938Hz  target=189.971Hz  err=+0.033Hz  corr=-3.65W  u_ff=114.7W  PCAP→112W  power=111.1W
[PID] perf=190.045Hz  target=189.971Hz  err=-0.074Hz  corr=-3.81W  u_ff=114.7W  PCAP→112W  power=111.5W
[PID] perf=189.031Hz  target=189.971Hz  err=+0.940Hz  corr=-2.27W  u_ff=114.7W  PCAP→112W  power=111.5W
[PID] perf=189.708Hz  target=189.971Hz  err=+0.263Hz  corr=-3.07W  u_ff=114.7W  PCAP→112W  power=111.1W
[PID] perf=188.992Hz  target=189.971Hz  err=+0.979Hz  corr=-1.90W  u_ff=114.7W  PCAP→112W  power=112.5W
[PID] perf=189.150Hz  target=189.971Hz  err=+0.821Hz  corr=-1.89W  u_ff=114.7W  PCAP→112W  power=112.5W
[PID] perf=189.740Hz  target=189.971Hz  err=+0.231Hz  corr=-2.59W  u_ff=114.7W  PCAP→112W  power=111.2W
[PID] perf=189.269Hz  target=189.971Hz  err=+0.702Hz  corr=-1.81W  u_ff=114.7W  PCAP→112W  power=112.2W
[PID] perf=187.650Hz  target=189.971Hz  err=+2.321Hz  corr=+0.86W  u_ff=114.7W  PCAP→118W  power=111.8W
[PID] perf=189.423Hz  target=189.971Hz  err=+0.548Hz  corr=-1.27W  u_ff=114.7W  PCAP→112W  power=117.5W
[PID] perf=189.363Hz  target=189.971Hz  err=+0.608Hz  corr=-1.04W  u_ff=114.7W  PCAP→112W  power=111.8W
[PID] perf=189.526Hz  target=189.971Hz  err=+0.445Hz  corr=-1.13W  u_ff=114.7W  PCAP→112W  power=112.8W
[PID] perf=189.342Hz  target=189.971Hz  err=+0.629Hz  corr=-0.74W  u_ff=114.7W  PCAP→112W  power=112.0W
[PID] perf=189.169Hz  target=189.971Hz  err=+0.802Hz  corr=-0.31W  u_ff=114.7W  PCAP→112W  power=111.4W
[PID] perf=189.120Hz  target=189.971Hz  err=+0.851Hz  corr=-0.03W  u_ff=114.7W  PCAP→112W  power=111.4W
Process completed.
Compressed into /home/cc/summer2024/main_codes/pid_controller/../experiment_data/PID_Control_sweep/ones-stream-triad/compressed_iteration_20260512_005911.tar
----------------------------------
