
>>> Step 1/3

[ones-stream-add]
  target perf      : 192.9717 Hz
  coefficients_perf: [-0.006118257956496563, 1.8929149887400043, 51.95850863615756]
  feedforward PCAP : 124.99 W  →  124 W (snapped)
  Perf(u_ff) check : 192.9717 Hz  (should ≈ target)
  PID gains        : Kp=1.2310 W/Hz  Ki=0.12310 W/(Hz·s)  Kd=0.0000
[PID] perf=204.544Hz  target=192.972Hz  err=-11.572Hz  corr=-17.09W  u_ff=125.0W  PCAP→107W  power=nanW
[PID] perf=189.363Hz  target=192.972Hz  err=+3.608Hz  corr=+2.48W  u_ff=125.0W  PCAP→130W  power=106.3W
[PID] perf=196.694Hz  target=192.972Hz  err=-3.722Hz  corr=-7.46W  u_ff=125.0W  PCAP→118W  power=129.7W
[PID] perf=188.835Hz  target=192.972Hz  err=+4.137Hz  corr=+3.23W  u_ff=125.0W  PCAP→130W  power=118.0W
[PID] perf=193.491Hz  target=192.972Hz  err=-0.519Hz  corr=-2.63W  u_ff=125.0W  PCAP→124W  power=129.3W
[PID] perf=193.965Hz  target=192.972Hz  err=-0.994Hz  corr=-3.45W  u_ff=125.0W  PCAP→124W  power=124.2W
[PID] perf=194.062Hz  target=192.972Hz  err=-1.090Hz  corr=-3.84W  u_ff=125.0W  PCAP→124W  power=124.1W
[PID] perf=193.717Hz  target=192.972Hz  err=-0.745Hz  corr=-3.60W  u_ff=125.0W  PCAP→124W  power=124.8W
[PID] perf=193.947Hz  target=192.972Hz  err=-0.976Hz  corr=-4.12W  u_ff=125.0W  PCAP→118W  power=121.6W
[PID] perf=192.824Hz  target=192.972Hz  err=+0.148Hz  corr=-2.70W  u_ff=125.0W  PCAP→124W  power=118.0W
[PID] perf=196.634Hz  target=192.972Hz  err=-3.662Hz  corr=-8.30W  u_ff=125.0W  PCAP→118W  power=124.5W
[PID] perf=193.028Hz  target=192.972Hz  err=-0.056Hz  corr=-3.87W  u_ff=125.0W  PCAP→124W  power=117.2W
[PID] perf=196.252Hz  target=192.972Hz  err=-3.281Hz  corr=-8.65W  u_ff=125.0W  PCAP→118W  power=123.7W
[PID] perf=193.335Hz  target=192.972Hz  err=-0.363Hz  corr=-5.15W  u_ff=125.0W  PCAP→118W  power=117.3W
[PID] perf=193.204Hz  target=192.972Hz  err=-0.232Hz  corr=-5.04W  u_ff=125.0W  PCAP→118W  power=118.0W
[PID] perf=193.086Hz  target=192.972Hz  err=-0.114Hz  corr=-4.92W  u_ff=125.0W  PCAP→118W  power=118.2W
[PID] perf=192.780Hz  target=192.972Hz  err=+0.192Hz  corr=-4.50W  u_ff=125.0W  PCAP→118W  power=117.2W
[PID] perf=192.930Hz  target=192.972Hz  err=+0.041Hz  corr=-4.68W  u_ff=125.0W  PCAP→118W  power=117.7W
[PID] perf=194.758Hz  target=192.972Hz  err=-1.786Hz  corr=-7.37W  u_ff=125.0W  PCAP→118W  power=117.8W
[PID] perf=194.050Hz  target=192.972Hz  err=-1.079Hz  corr=-6.76W  u_ff=125.0W  PCAP→118W  power=117.4W
[PID] perf=193.500Hz  target=192.972Hz  err=-0.528Hz  corr=-6.21W  u_ff=125.0W  PCAP→118W  power=117.8W
[PID] perf=193.215Hz  target=192.972Hz  err=-0.243Hz  corr=-5.92W  u_ff=125.0W  PCAP→118W  power=117.3W
[PID] perf=194.068Hz  target=192.972Hz  err=-1.097Hz  corr=-7.24W  u_ff=125.0W  PCAP→118W  power=117.2W
[PID] perf=194.055Hz  target=192.972Hz  err=-1.083Hz  corr=-7.49W  u_ff=125.0W  PCAP→118W  power=117.4W
[PID] perf=194.667Hz  target=192.972Hz  err=-1.696Hz  corr=-8.66W  u_ff=125.0W  PCAP→118W  power=118.3W
[PID] perf=195.143Hz  target=192.972Hz  err=-2.171Hz  corr=-9.78W  u_ff=125.0W  PCAP→118W  power=118.1W
[PID] perf=192.148Hz  target=192.972Hz  err=+0.824Hz  corr=-5.89W  u_ff=125.0W  PCAP→118W  power=118.2W
Process completed.
Compressed into /home/cc/summer2024/main_codes/pid_controller/../experiment_data/PID_Control_sweep/ones-stream-add/compressed_iteration_20260512_020348.tar
----------------------------------

>>> Step 2/3

[ones-stream-add]
  target perf      : 192.9717 Hz
  coefficients_perf: [-0.006118257956496563, 1.8929149887400043, 51.95850863615756]
  feedforward PCAP : 124.99 W  →  124 W (snapped)
  Perf(u_ff) check : 192.9717 Hz  (should ≈ target)
  PID gains        : Kp=1.2310 W/Hz  Ki=0.12310 W/(Hz·s)  Kd=0.0000
[PID] perf=202.423Hz  target=192.972Hz  err=-9.451Hz  corr=-13.96W  u_ff=125.0W  PCAP→112W  power=nanW
[PID] perf=189.637Hz  target=192.972Hz  err=+3.334Hz  corr=+2.60W  u_ff=125.0W  PCAP→130W  power=108.8W
[PID] perf=194.374Hz  target=192.972Hz  err=-1.403Hz  corr=-3.58W  u_ff=125.0W  PCAP→124W  power=130.2W
[PID] perf=194.015Hz  target=192.972Hz  err=-1.043Hz  corr=-3.39W  u_ff=125.0W  PCAP→124W  power=122.9W
[PID] perf=194.033Hz  target=192.972Hz  err=-1.061Hz  corr=-3.68W  u_ff=125.0W  PCAP→124W  power=128.7W
[PID] perf=197.444Hz  target=192.972Hz  err=-4.472Hz  corr=-8.98W  u_ff=125.0W  PCAP→118W  power=123.7W
[PID] perf=190.984Hz  target=192.972Hz  err=+1.987Hz  corr=-0.53W  u_ff=125.0W  PCAP→124W  power=117.5W
[PID] perf=196.376Hz  target=192.972Hz  err=-3.405Hz  corr=-8.01W  u_ff=125.0W  PCAP→118W  power=124.4W
[PID] perf=194.307Hz  target=192.972Hz  err=-1.335Hz  corr=-5.79W  u_ff=125.0W  PCAP→118W  power=118.2W
[PID] perf=194.100Hz  target=192.972Hz  err=-1.128Hz  corr=-5.81W  u_ff=125.0W  PCAP→118W  power=117.1W
[PID] perf=194.358Hz  target=192.972Hz  err=-1.387Hz  corr=-6.47W  u_ff=125.0W  PCAP→118W  power=116.0W
[PID] perf=192.545Hz  target=192.972Hz  err=+0.427Hz  corr=-4.14W  u_ff=125.0W  PCAP→118W  power=116.8W
[PID] perf=194.266Hz  target=192.972Hz  err=-1.295Hz  corr=-6.57W  u_ff=125.0W  PCAP→118W  power=118.1W
[PID] perf=193.553Hz  target=192.972Hz  err=-0.582Hz  corr=-5.84W  u_ff=125.0W  PCAP→118W  power=117.9W
[PID] perf=193.188Hz  target=192.972Hz  err=-0.216Hz  corr=-5.44W  u_ff=125.0W  PCAP→118W  power=117.7W
[PID] perf=194.239Hz  target=192.972Hz  err=-1.268Hz  corr=-7.05W  u_ff=125.0W  PCAP→118W  power=118.5W
[PID] perf=194.131Hz  target=192.972Hz  err=-1.160Hz  corr=-7.20W  u_ff=125.0W  PCAP→118W  power=117.7W
[PID] perf=194.311Hz  target=192.972Hz  err=-1.340Hz  corr=-7.75W  u_ff=125.0W  PCAP→118W  power=116.0W
[PID] perf=194.082Hz  target=192.972Hz  err=-1.110Hz  corr=-7.74W  u_ff=125.0W  PCAP→118W  power=116.5W
[PID] perf=193.415Hz  target=192.972Hz  err=-0.443Hz  corr=-7.03W  u_ff=125.0W  PCAP→118W  power=117.7W
[PID] perf=193.090Hz  target=192.972Hz  err=-0.118Hz  corr=-6.66W  u_ff=125.0W  PCAP→118W  power=118.1W
[PID] perf=193.281Hz  target=192.972Hz  err=-0.310Hz  corr=-6.97W  u_ff=125.0W  PCAP→118W  power=117.9W
[PID] perf=192.616Hz  target=192.972Hz  err=+0.356Hz  corr=-6.07W  u_ff=125.0W  PCAP→118W  power=117.2W
[PID] perf=193.799Hz  target=192.972Hz  err=-0.828Hz  corr=-7.73W  u_ff=125.0W  PCAP→118W  power=117.8W
[PID] perf=192.862Hz  target=192.972Hz  err=+0.110Hz  corr=-6.55W  u_ff=125.0W  PCAP→118W  power=118.0W
[PID] perf=193.864Hz  target=192.972Hz  err=-0.893Hz  corr=-8.00W  u_ff=125.0W  PCAP→118W  power=116.5W
Process completed.
Compressed into /home/cc/summer2024/main_codes/pid_controller/../experiment_data/PID_Control_sweep/ones-stream-add/compressed_iteration_20260512_020441.tar
----------------------------------

>>> Step 3/3

[ones-stream-add]
  target perf      : 192.9717 Hz
  coefficients_perf: [-0.006118257956496563, 1.8929149887400043, 51.95850863615756]
  feedforward PCAP : 124.99 W  →  124 W (snapped)
  Perf(u_ff) check : 192.9717 Hz  (should ≈ target)
  PID gains        : Kp=1.2310 W/Hz  Ki=0.12310 W/(Hz·s)  Kd=0.0000
[PID] perf=196.413Hz  target=192.972Hz  err=-3.441Hz  corr=-5.08W  u_ff=125.0W  PCAP→118W  power=nanW
[PID] perf=188.398Hz  target=192.972Hz  err=+4.574Hz  corr=+5.91W  u_ff=125.0W  PCAP→130W  power=118.2W
[PID] perf=195.098Hz  target=192.972Hz  err=-2.126Hz  corr=-2.86W  u_ff=125.0W  PCAP→124W  power=129.6W
[PID] perf=193.804Hz  target=192.972Hz  err=-0.832Hz  corr=-1.47W  u_ff=125.0W  PCAP→124W  power=121.5W
[PID] perf=190.698Hz  target=192.972Hz  err=+2.274Hz  corr=+2.91W  u_ff=125.0W  PCAP→130W  power=124.5W
[PID] perf=194.214Hz  target=192.972Hz  err=-1.243Hz  corr=-1.73W  u_ff=125.0W  PCAP→124W  power=128.8W
[PID] perf=196.510Hz  target=192.972Hz  err=-3.538Hz  corr=-5.42W  u_ff=125.0W  PCAP→118W  power=125.0W
[PID] perf=195.138Hz  target=192.972Hz  err=-2.167Hz  corr=-4.27W  u_ff=125.0W  PCAP→118W  power=117.1W
[PID] perf=194.821Hz  target=192.972Hz  err=-1.849Hz  corr=-4.33W  u_ff=125.0W  PCAP→118W  power=116.9W
[PID] perf=192.578Hz  target=192.972Hz  err=+0.394Hz  corr=-1.47W  u_ff=125.0W  PCAP→124W  power=119.2W
[PID] perf=196.383Hz  target=192.972Hz  err=-3.412Hz  corr=-7.00W  u_ff=125.0W  PCAP→118W  power=122.8W
[PID] perf=192.395Hz  target=192.972Hz  err=+0.577Hz  corr=-1.95W  u_ff=125.0W  PCAP→124W  power=117.9W
[PID] perf=198.401Hz  target=192.972Hz  err=-5.430Hz  corr=-10.68W  u_ff=125.0W  PCAP→112W  power=123.8W
[PID] perf=192.278Hz  target=192.972Hz  err=+0.694Hz  corr=-2.97W  u_ff=125.0W  PCAP→124W  power=112.1W
[PID] perf=196.990Hz  target=192.972Hz  err=-4.018Hz  corr=-9.76W  u_ff=125.0W  PCAP→118W  power=125.0W
[PID] perf=192.669Hz  target=192.972Hz  err=+0.303Hz  corr=-4.36W  u_ff=125.0W  PCAP→118W  power=117.7W
[PID] perf=192.793Hz  target=192.972Hz  err=+0.179Hz  corr=-4.47W  u_ff=125.0W  PCAP→118W  power=117.2W
[PID] perf=192.280Hz  target=192.972Hz  err=+0.691Hz  corr=-3.67W  u_ff=125.0W  PCAP→124W  power=118.6W
[PID] perf=197.574Hz  target=192.972Hz  err=-4.603Hz  corr=-11.32W  u_ff=125.0W  PCAP→112W  power=123.5W
[PID] perf=192.966Hz  target=192.972Hz  err=+0.006Hz  corr=-5.65W  u_ff=125.0W  PCAP→118W  power=112.1W
[PID] perf=193.406Hz  target=192.972Hz  err=-0.435Hz  corr=-6.30W  u_ff=125.0W  PCAP→118W  power=116.9W
[PID] perf=192.762Hz  target=192.972Hz  err=+0.210Hz  corr=-5.45W  u_ff=125.0W  PCAP→118W  power=116.8W
[PID] perf=193.152Hz  target=192.972Hz  err=-0.181Hz  corr=-5.98W  u_ff=125.0W  PCAP→118W  power=118.0W
[PID] perf=192.148Hz  target=192.972Hz  err=+0.824Hz  corr=-4.54W  u_ff=125.0W  PCAP→118W  power=117.2W
[PID] perf=194.383Hz  target=192.972Hz  err=-1.412Hz  corr=-7.64W  u_ff=125.0W  PCAP→118W  power=117.5W
[PID] perf=194.491Hz  target=192.972Hz  err=-1.520Hz  corr=-8.14W  u_ff=125.0W  PCAP→118W  power=117.5W
Process completed.
Compressed into /home/cc/summer2024/main_codes/pid_controller/../experiment_data/PID_Control_sweep/ones-stream-add/compressed_iteration_20260512_020533.tar
----------------------------------
