
>>> Step 1/3

[ones-npb-ft]
  target perf      : 13.3905 Hz
  coefficients_perf: [-0.0005522560062416729, 0.2000532994178523, -2.29133973770495]
  feedforward PCAP : 114.72 W  →  112 W (snapped)
  Perf(u_ff) check : 13.3905 Hz  (should ≈ target)
  PID gains        : Kp=7.5924 W/Hz  Ki=0.75924 W/(Hz·s)  Kd=0.0000
[PID] perf=14.568Hz  target=13.391Hz  err=-1.177Hz  corr=-10.72W  u_ff=114.7W  PCAP→101W  power=nanW
[PID] perf=16.255Hz  target=13.391Hz  err=-2.864Hz  corr=-27.88W  u_ff=114.7W  PCAP→89W  power=98.7W
[PID] perf=14.831Hz  target=13.391Hz  err=-1.440Hz  corr=-19.26W  u_ff=114.7W  PCAP→95W  power=90.9W
[PID] perf=15.578Hz  target=13.391Hz  err=-2.188Hz  corr=-28.26W  u_ff=114.7W  PCAP→89W  power=96.7W
[PID] perf=14.853Hz  target=13.391Hz  err=-1.462Hz  corr=-24.97W  u_ff=114.7W  PCAP→89W  power=87.2W
[PID] perf=14.768Hz  target=13.391Hz  err=-1.378Hz  corr=-26.42W  u_ff=114.7W  PCAP→89W  power=87.4W
[PID] perf=14.575Hz  target=13.391Hz  err=-1.185Hz  corr=-26.75W  u_ff=114.7W  PCAP→89W  power=88.4W
[PID] perf=14.495Hz  target=13.391Hz  err=-1.105Hz  corr=-27.82W  u_ff=114.7W  PCAP→89W  power=87.9W
[PID] perf=14.223Hz  target=13.391Hz  err=-0.833Hz  corr=-27.02W  u_ff=114.7W  PCAP→89W  power=91.1W
[PID] perf=14.247Hz  target=13.391Hz  err=-0.856Hz  corr=-28.50W  u_ff=114.7W  PCAP→89W  power=89.3W
[PID] perf=13.285Hz  target=13.391Hz  err=+0.105Hz  corr=-21.04W  u_ff=114.7W  PCAP→95W  power=88.6W
[PID] perf=13.380Hz  target=13.391Hz  err=+0.010Hz  corr=-21.75W  u_ff=114.7W  PCAP→95W  power=96.2W
[PID] perf=13.561Hz  target=13.391Hz  err=-0.171Hz  corr=-23.38W  u_ff=114.7W  PCAP→89W  power=94.8W
[PID] perf=13.051Hz  target=13.391Hz  err=+0.340Hz  corr=-18.99W  u_ff=114.7W  PCAP→95W  power=90.2W
[PID] perf=13.645Hz  target=13.391Hz  err=-0.255Hz  corr=-23.89W  u_ff=114.7W  PCAP→89W  power=95.6W
[PID] perf=13.065Hz  target=13.391Hz  err=+0.325Hz  corr=-18.99W  u_ff=114.7W  PCAP→95W  power=88.3W
[PID] perf=13.655Hz  target=13.391Hz  err=-0.264Hz  corr=-23.87W  u_ff=114.7W  PCAP→89W  power=94.2W
[PID] perf=13.099Hz  target=13.391Hz  err=+0.291Hz  corr=-19.21W  u_ff=114.7W  PCAP→95W  power=91.1W
Process completed.
Compressed into /home/cc/summer2024/main_codes/pid_controller/../experiment_data/PID_Control_sweep/ones-npb-ft/compressed_iteration_20260512_142318.tar
----------------------------------

>>> Step 2/3

[ones-npb-ft]
  target perf      : 13.3905 Hz
  coefficients_perf: [-0.0005522560062416729, 0.2000532994178523, -2.29133973770495]
  feedforward PCAP : 114.72 W  →  112 W (snapped)
  Perf(u_ff) check : 13.3905 Hz  (should ≈ target)
  PID gains        : Kp=7.5924 W/Hz  Ki=0.75924 W/(Hz·s)  Kd=0.0000
[PID] perf=7.811Hz  target=13.391Hz  err=+5.579Hz  corr=+50.83W  u_ff=114.7W  PCAP→165W  power=nanW
[PID] perf=20.702Hz  target=13.391Hz  err=-7.311Hz  corr=-58.14W  u_ff=114.7W  PCAP→78W  power=165.0W
[PID] perf=13.084Hz  target=13.391Hz  err=+0.307Hz  corr=+0.17W  u_ff=114.7W  PCAP→112W  power=74.8W
[PID] perf=17.157Hz  target=13.391Hz  err=-3.766Hz  corr=-36.48W  u_ff=114.7W  PCAP→78W  power=113.0W
[PID] perf=13.139Hz  target=13.391Hz  err=+0.251Hz  corr=-5.59W  u_ff=114.7W  PCAP→107W  power=77.4W
[PID] perf=16.795Hz  target=13.391Hz  err=-3.405Hz  corr=-38.52W  u_ff=114.7W  PCAP→78W  power=106.6W
[PID] perf=13.185Hz  target=13.391Hz  err=+0.206Hz  corr=-10.80W  u_ff=114.7W  PCAP→101W  power=78.6W
[PID] perf=16.183Hz  target=13.391Hz  err=-2.792Hz  corr=-37.80W  u_ff=114.7W  PCAP→78W  power=106.9W
[PID] perf=12.662Hz  target=13.391Hz  err=+0.729Hz  corr=-9.96W  u_ff=114.7W  PCAP→107W  power=77.5W
[PID] perf=15.659Hz  target=13.391Hz  err=-2.268Hz  corr=-36.16W  u_ff=114.7W  PCAP→78W  power=103.2W
[PID] perf=11.484Hz  target=13.391Hz  err=+1.906Hz  corr=-1.57W  u_ff=114.7W  PCAP→112W  power=76.2W
[PID] perf=14.570Hz  target=13.391Hz  err=-1.179Hz  corr=-26.79W  u_ff=114.7W  PCAP→89W  power=112.9W
[PID] perf=12.789Hz  target=13.391Hz  err=+0.601Hz  corr=-12.36W  u_ff=114.7W  PCAP→101W  power=88.5W
[PID] perf=13.929Hz  target=13.391Hz  err=-0.538Hz  corr=-21.83W  u_ff=114.7W  PCAP→95W  power=99.9W
[PID] perf=13.492Hz  target=13.391Hz  err=-0.101Hz  corr=-18.66W  u_ff=114.7W  PCAP→95W  power=94.4W
[PID] perf=13.551Hz  target=13.391Hz  err=-0.160Hz  corr=-19.35W  u_ff=114.7W  PCAP→95W  power=93.5W
[PID] perf=13.578Hz  target=13.391Hz  err=-0.188Hz  corr=-19.84W  u_ff=114.7W  PCAP→95W  power=93.3W
[PID] perf=13.661Hz  target=13.391Hz  err=-0.270Hz  corr=-20.88W  u_ff=114.7W  PCAP→95W  power=92.8W
Process completed.
Compressed into /home/cc/summer2024/main_codes/pid_controller/../experiment_data/PID_Control_sweep/ones-npb-ft/compressed_iteration_20260512_142353.tar
----------------------------------

>>> Step 3/3

[ones-npb-ft]
  target perf      : 13.3905 Hz
  coefficients_perf: [-0.0005522560062416729, 0.2000532994178523, -2.29133973770495]
  feedforward PCAP : 114.72 W  →  112 W (snapped)
  Perf(u_ff) check : 13.3905 Hz  (should ≈ target)
  PID gains        : Kp=7.5924 W/Hz  Ki=0.75924 W/(Hz·s)  Kd=0.0000
[PID] perf=7.597Hz  target=13.391Hz  err=+5.794Hz  corr=+52.79W  u_ff=114.7W  PCAP→165W  power=nanW
[PID] perf=19.696Hz  target=13.391Hz  err=-6.305Hz  corr=-48.65W  u_ff=114.7W  PCAP→78W  power=166.8W
[PID] perf=13.080Hz  target=13.391Hz  err=+0.311Hz  corr=+2.05W  u_ff=114.7W  PCAP→118W  power=80.2W
[PID] perf=17.201Hz  target=13.391Hz  err=-3.811Hz  corr=-35.02W  u_ff=114.7W  PCAP→78W  power=117.8W
[PID] perf=12.961Hz  target=13.391Hz  err=+0.429Hz  corr=-2.18W  u_ff=114.7W  PCAP→112W  power=75.4W
[PID] perf=16.456Hz  target=13.391Hz  err=-3.065Hz  corr=-33.36W  u_ff=114.7W  PCAP→83W  power=112.8W
[PID] perf=13.687Hz  target=13.391Hz  err=-0.296Hz  corr=-12.79W  u_ff=114.7W  PCAP→101W  power=82.7W
[PID] perf=16.148Hz  target=13.391Hz  err=-2.757Hz  corr=-35.67W  u_ff=114.7W  PCAP→78W  power=97.4W
[PID] perf=12.957Hz  target=13.391Hz  err=+0.434Hz  corr=-10.78W  u_ff=114.7W  PCAP→101W  power=75.8W
[PID] perf=14.851Hz  target=13.391Hz  err=-1.461Hz  corr=-27.38W  u_ff=114.7W  PCAP→89W  power=102.7W
[PID] perf=12.993Hz  target=13.391Hz  err=+0.397Hz  corr=-12.67W  u_ff=114.7W  PCAP→101W  power=86.6W
[PID] perf=13.938Hz  target=13.391Hz  err=-0.547Hz  corr=-20.67W  u_ff=114.7W  PCAP→95W  power=98.2W
[PID] perf=13.502Hz  target=13.391Hz  err=-0.111Hz  corr=-17.53W  u_ff=114.7W  PCAP→95W  power=96.1W
[PID] perf=13.555Hz  target=13.391Hz  err=-0.164Hz  corr=-18.18W  u_ff=114.7W  PCAP→95W  power=94.9W
[PID] perf=13.646Hz  target=13.391Hz  err=-0.256Hz  corr=-19.27W  u_ff=114.7W  PCAP→95W  power=95.2W
[PID] perf=13.743Hz  target=13.391Hz  err=-0.352Hz  corr=-20.53W  u_ff=114.7W  PCAP→95W  power=95.5W
[PID] perf=13.800Hz  target=13.391Hz  err=-0.410Hz  corr=-21.59W  u_ff=114.7W  PCAP→95W  power=96.0W
[PID] perf=13.769Hz  target=13.391Hz  err=-0.378Hz  corr=-21.93W  u_ff=114.7W  PCAP→95W  power=95.3W
Process completed.
Compressed into /home/cc/summer2024/main_codes/pid_controller/../experiment_data/PID_Control_sweep/ones-npb-ft/compressed_iteration_20260512_142429.tar
----------------------------------
