
>>> Step 1/3

[ones-stream-scale]
  target perf      : 258.8182 Hz
  coefficients_perf: [-0.007896790674324024, 2.478117841878759, 84.0686381205835]
  feedforward PCAP : 107.00 W  →  107 W (snapped)
  Perf(u_ff) check : 258.8182 Hz  (should ≈ target)
  PID gains        : Kp=0.8941 W/Hz  Ki=0.08941 W/(Hz·s)  Kd=0.0000
[PID] perf=283.055Hz  target=258.818Hz  err=-24.236Hz  corr=-26.00W  u_ff=107.0W  PCAP→83W  power=nanW
[PID] perf=243.581Hz  target=258.818Hz  err=+15.237Hz  corr=+12.01W  u_ff=107.0W  PCAP→118W  power=82.6W
[PID] perf=268.607Hz  target=258.818Hz  err=-9.789Hz  corr=-12.11W  u_ff=107.0W  PCAP→95W  power=117.5W
[PID] perf=251.779Hz  target=258.818Hz  err=+7.039Hz  corr=+4.19W  u_ff=107.0W  PCAP→112W  power=94.9W
[PID] perf=265.816Hz  target=258.818Hz  err=-6.997Hz  corr=-9.61W  u_ff=107.0W  PCAP→95W  power=111.0W
[PID] perf=258.222Hz  target=258.818Hz  err=+0.596Hz  corr=-2.71W  u_ff=107.0W  PCAP→107W  power=95.4W
[PID] perf=266.125Hz  target=258.818Hz  err=-7.307Hz  corr=-11.09W  u_ff=107.0W  PCAP→95W  power=107.7W
[PID] perf=257.377Hz  target=258.818Hz  err=+1.441Hz  corr=-3.01W  u_ff=107.0W  PCAP→101W  power=94.9W
[PID] perf=259.164Hz  target=258.818Hz  err=-0.345Hz  corr=-4.67W  u_ff=107.0W  PCAP→101W  power=102.0W
[PID] perf=259.068Hz  target=258.818Hz  err=-0.249Hz  corr=-4.62W  u_ff=107.0W  PCAP→101W  power=101.4W
[PID] perf=258.360Hz  target=258.818Hz  err=+0.458Hz  corr=-3.91W  u_ff=107.0W  PCAP→101W  power=101.0W
[PID] perf=258.148Hz  target=258.818Hz  err=+0.670Hz  corr=-3.60W  u_ff=107.0W  PCAP→101W  power=101.3W
[PID] perf=258.844Hz  target=258.818Hz  err=-0.026Hz  corr=-4.23W  u_ff=107.0W  PCAP→101W  power=100.8W
[PID] perf=258.934Hz  target=258.818Hz  err=-0.116Hz  corr=-4.33W  u_ff=107.0W  PCAP→101W  power=101.1W
[PID] perf=257.506Hz  target=258.818Hz  err=+1.312Hz  corr=-2.82W  u_ff=107.0W  PCAP→107W  power=99.7W
[PID] perf=261.051Hz  target=258.818Hz  err=-2.233Hz  corr=-6.39W  u_ff=107.0W  PCAP→101W  power=106.7W
[PID] perf=257.209Hz  target=258.818Hz  err=+1.609Hz  corr=-2.66W  u_ff=107.0W  PCAP→107W  power=100.6W
[PID] perf=260.570Hz  target=258.818Hz  err=-1.751Hz  corr=-5.98W  u_ff=107.0W  PCAP→101W  power=107.1W
[PID] perf=257.172Hz  target=258.818Hz  err=+1.646Hz  corr=-2.65W  u_ff=107.0W  PCAP→107W  power=101.3W
[PID] perf=260.667Hz  target=258.818Hz  err=-1.849Hz  corr=-6.10W  u_ff=107.0W  PCAP→101W  power=106.2W
Process completed.
Compressed into /home/cc/summer2024/main_codes/pid_controller/../experiment_data/PID_Control_sweep/ones-stream-scale/compressed_iteration_20260512_033424.tar
----------------------------------

>>> Step 2/3

[ones-stream-scale]
  target perf      : 258.8182 Hz
  coefficients_perf: [-0.007896790674324024, 2.478117841878759, 84.0686381205835]
  feedforward PCAP : 107.00 W  →  107 W (snapped)
  Perf(u_ff) check : 258.8182 Hz  (should ≈ target)
  PID gains        : Kp=0.8941 W/Hz  Ki=0.08941 W/(Hz·s)  Kd=0.0000
[PID] perf=259.808Hz  target=258.818Hz  err=-0.990Hz  corr=-1.06W  u_ff=107.0W  PCAP→107W  power=nanW
[PID] perf=262.530Hz  target=258.818Hz  err=-3.711Hz  corr=-4.16W  u_ff=107.0W  PCAP→101W  power=106.9W
[PID] perf=258.100Hz  target=258.818Hz  err=+0.718Hz  corr=-0.07W  u_ff=107.0W  PCAP→107W  power=102.0W
[PID] perf=261.251Hz  target=258.818Hz  err=-2.433Hz  corr=-3.32W  u_ff=107.0W  PCAP→101W  power=107.5W
[PID] perf=259.073Hz  target=258.818Hz  err=-0.255Hz  corr=-1.42W  u_ff=107.0W  PCAP→107W  power=101.8W
[PID] perf=261.948Hz  target=258.818Hz  err=-3.129Hz  corr=-4.55W  u_ff=107.0W  PCAP→101W  power=107.0W
[PID] perf=260.047Hz  target=258.818Hz  err=-1.229Hz  corr=-3.07W  u_ff=107.0W  PCAP→101W  power=100.5W
[PID] perf=261.488Hz  target=258.818Hz  err=-2.669Hz  corr=-4.84W  u_ff=107.0W  PCAP→101W  power=101.5W
[PID] perf=260.408Hz  target=258.818Hz  err=-1.590Hz  corr=-4.16W  u_ff=107.0W  PCAP→101W  power=101.4W
[PID] perf=261.100Hz  target=258.818Hz  err=-2.281Hz  corr=-5.18W  u_ff=107.0W  PCAP→101W  power=100.8W
[PID] perf=260.761Hz  target=258.818Hz  err=-1.943Hz  corr=-5.23W  u_ff=107.0W  PCAP→101W  power=100.6W
[PID] perf=260.872Hz  target=258.818Hz  err=-2.054Hz  corr=-5.69W  u_ff=107.0W  PCAP→101W  power=100.5W
[PID] perf=260.608Hz  target=258.818Hz  err=-1.789Hz  corr=-5.78W  u_ff=107.0W  PCAP→101W  power=101.1W
[PID] perf=260.532Hz  target=258.818Hz  err=-1.714Hz  corr=-6.02W  u_ff=107.0W  PCAP→101W  power=101.1W
[PID] perf=257.583Hz  target=258.818Hz  err=+1.236Hz  corr=-3.16W  u_ff=107.0W  PCAP→101W  power=102.0W
[PID] perf=259.575Hz  target=258.818Hz  err=-0.757Hz  corr=-5.07W  u_ff=107.0W  PCAP→101W  power=99.9W
[PID] perf=259.532Hz  target=258.818Hz  err=-0.714Hz  corr=-5.16W  u_ff=107.0W  PCAP→101W  power=100.5W
[PID] perf=259.629Hz  target=258.818Hz  err=-0.811Hz  corr=-5.40W  u_ff=107.0W  PCAP→101W  power=101.0W
[PID] perf=259.699Hz  target=258.818Hz  err=-0.880Hz  corr=-5.61W  u_ff=107.0W  PCAP→101W  power=101.0W
[PID] perf=255.849Hz  target=258.818Hz  err=+2.969Hz  corr=-1.64W  u_ff=107.0W  PCAP→107W  power=101.0W
Process completed.
Compressed into /home/cc/summer2024/main_codes/pid_controller/../experiment_data/PID_Control_sweep/ones-stream-scale/compressed_iteration_20260512_033503.tar
----------------------------------

>>> Step 3/3

[ones-stream-scale]
  target perf      : 258.8182 Hz
  coefficients_perf: [-0.007896790674324024, 2.478117841878759, 84.0686381205835]
  feedforward PCAP : 107.00 W  →  107 W (snapped)
  Perf(u_ff) check : 258.8182 Hz  (should ≈ target)
  PID gains        : Kp=0.8941 W/Hz  Ki=0.08941 W/(Hz·s)  Kd=0.0000
[PID] perf=277.926Hz  target=258.818Hz  err=-19.108Hz  corr=-20.50W  u_ff=107.0W  PCAP→89W  power=nanW
[PID] perf=251.633Hz  target=258.818Hz  err=+7.185Hz  corr=+4.29W  u_ff=107.0W  PCAP→112W  power=89.5W
[PID] perf=264.837Hz  target=258.818Hz  err=-6.018Hz  corr=-8.59W  u_ff=107.0W  PCAP→101W  power=111.9W
[PID] perf=256.240Hz  target=258.818Hz  err=+2.578Hz  corr=-0.44W  u_ff=107.0W  PCAP→107W  power=101.7W
[PID] perf=263.301Hz  target=258.818Hz  err=-4.483Hz  corr=-7.56W  u_ff=107.0W  PCAP→101W  power=106.9W
[PID] perf=258.000Hz  target=258.818Hz  err=+0.818Hz  corr=-2.67W  u_ff=107.0W  PCAP→107W  power=101.4W
[PID] perf=262.324Hz  target=258.818Hz  err=-3.506Hz  corr=-7.16W  u_ff=107.0W  PCAP→101W  power=106.7W
[PID] perf=259.618Hz  target=258.818Hz  err=-0.800Hz  corr=-4.89W  u_ff=107.0W  PCAP→101W  power=100.8W
[PID] perf=258.849Hz  target=258.818Hz  err=-0.031Hz  corr=-4.21W  u_ff=107.0W  PCAP→101W  power=101.3W
[PID] perf=259.586Hz  target=258.818Hz  err=-0.768Hz  corr=-5.00W  u_ff=107.0W  PCAP→101W  power=100.3W
[PID] perf=259.951Hz  target=258.818Hz  err=-1.132Hz  corr=-5.53W  u_ff=107.0W  PCAP→101W  power=100.4W
[PID] perf=260.821Hz  target=258.818Hz  err=-2.003Hz  corr=-6.67W  u_ff=107.0W  PCAP→101W  power=99.9W
[PID] perf=259.182Hz  target=258.818Hz  err=-0.364Hz  corr=-5.27W  u_ff=107.0W  PCAP→101W  power=100.5W
[PID] perf=258.578Hz  target=258.818Hz  err=+0.240Hz  corr=-4.68W  u_ff=107.0W  PCAP→101W  power=99.5W
[PID] perf=259.110Hz  target=258.818Hz  err=-0.292Hz  corr=-5.21W  u_ff=107.0W  PCAP→101W  power=101.8W
[PID] perf=259.068Hz  target=258.818Hz  err=-0.249Hz  corr=-5.22W  u_ff=107.0W  PCAP→101W  power=100.1W
[PID] perf=260.813Hz  target=258.818Hz  err=-1.995Hz  corr=-7.14W  u_ff=107.0W  PCAP→101W  power=100.9W
[PID] perf=260.096Hz  target=258.818Hz  err=-1.278Hz  corr=-6.72W  u_ff=107.0W  PCAP→101W  power=100.0W
[PID] perf=260.362Hz  target=258.818Hz  err=-1.544Hz  corr=-7.24W  u_ff=107.0W  PCAP→101W  power=101.8W
[PID] perf=259.484Hz  target=258.818Hz  err=-0.666Hz  corr=-6.57W  u_ff=107.0W  PCAP→101W  power=101.3W
Process completed.
Compressed into /home/cc/summer2024/main_codes/pid_controller/../experiment_data/PID_Control_sweep/ones-stream-scale/compressed_iteration_20260512_033542.tar
----------------------------------
