
>>> Step 1/3

[ones-npb-bt]
  target perf      : 7.0096 Hz
  coefficients_perf: [-0.0002748882630905589, 0.09680001853476215, -1.348104096123189]
  feedforward PCAP : 151.63 W  →  153 W (snapped)
  Perf(u_ff) check : 7.0096 Hz  (should ≈ target)
  PID gains        : Kp=16.6655 W/Hz  Ki=1.66655 W/(Hz·s)  Kd=0.0000
[PID] Awaiting data — feedforward PCAP=153W
[PID] perf=6.435Hz  target=7.010Hz  err=+0.575Hz  corr=+11.49W  u_ff=151.6W  PCAP→165W  power=172.5W
[PID] perf=6.500Hz  target=7.010Hz  err=+0.509Hz  corr=+12.10W  u_ff=151.6W  PCAP→165W  power=168.9W
[PID] perf=6.804Hz  target=7.010Hz  err=+0.206Hz  corr=+7.72W  u_ff=151.6W  PCAP→159W  power=152.9W
[PID] perf=6.645Hz  target=7.010Hz  err=+0.364Hz  corr=+11.59W  u_ff=151.6W  PCAP→165W  power=150.5W
[PID] perf=6.448Hz  target=7.010Hz  err=+0.561Hz  corr=+16.74W  u_ff=151.6W  PCAP→165W  power=172.7W
[PID] perf=6.439Hz  target=7.010Hz  err=+0.570Hz  corr=+18.79W  u_ff=151.6W  PCAP→165W  power=152.7W
[PID] perf=6.341Hz  target=7.010Hz  err=+0.668Hz  corr=+22.65W  u_ff=151.6W  PCAP→165W  power=162.5W
[PID] perf=6.308Hz  target=7.010Hz  err=+0.702Hz  corr=+25.54W  u_ff=151.6W  PCAP→165W  power=170.4W
[PID] perf=6.606Hz  target=7.010Hz  err=+0.404Hz  corr=+21.92W  u_ff=151.6W  PCAP→165W  power=166.7W
[PID] perf=6.602Hz  target=7.010Hz  err=+0.408Hz  corr=+23.35W  u_ff=151.6W  PCAP→165W  power=158.9W
[PID] perf=6.524Hz  target=7.010Hz  err=+0.485Hz  corr=+26.26W  u_ff=151.6W  PCAP→165W  power=158.6W
[PID] perf=6.789Hz  target=7.010Hz  err=+0.220Hz  corr=+22.57W  u_ff=151.6W  PCAP→165W  power=164.5W
[PID] perf=6.662Hz  target=7.010Hz  err=+0.347Hz  corr=+25.85W  u_ff=151.6W  PCAP→165W  power=164.2W
[PID] perf=6.438Hz  target=7.010Hz  err=+0.571Hz  corr=+31.49W  u_ff=151.6W  PCAP→165W  power=164.3W
[PID] perf=6.708Hz  target=7.010Hz  err=+0.302Hz  corr=+28.00W  u_ff=151.6W  PCAP→165W  power=183.2W
[PID] perf=6.765Hz  target=7.010Hz  err=+0.245Hz  corr=+27.87W  u_ff=151.6W  PCAP→165W  power=161.5W
[PID] perf=6.787Hz  target=7.010Hz  err=+0.222Hz  corr=+28.24W  u_ff=151.6W  PCAP→165W  power=159.5W
[PID] perf=6.374Hz  target=7.010Hz  err=+0.636Hz  corr=+37.24W  u_ff=151.6W  PCAP→165W  power=170.9W
[PID] perf=6.507Hz  target=7.010Hz  err=+0.502Hz  corr=+36.69W  u_ff=151.6W  PCAP→165W  power=173.0W
[PID] perf=6.710Hz  target=7.010Hz  err=+0.299Hz  corr=+34.31W  u_ff=151.6W  PCAP→165W  power=164.9W
[PID] perf=6.930Hz  target=7.010Hz  err=+0.079Hz  corr=+30.90W  u_ff=151.6W  PCAP→165W  power=169.1W
[PID] perf=6.864Hz  target=7.010Hz  err=+0.146Hz  corr=+32.50W  u_ff=151.6W  PCAP→165W  power=159.1W
[PID] perf=7.066Hz  target=7.010Hz  err=-0.056Hz  corr=+28.95W  u_ff=151.6W  PCAP→165W  power=160.9W
[PID] perf=6.964Hz  target=7.010Hz  err=+0.045Hz  corr=+30.79W  u_ff=151.6W  PCAP→165W  power=153.9W
[PID] perf=7.099Hz  target=7.010Hz  err=-0.089Hz  corr=+28.25W  u_ff=151.6W  PCAP→165W  power=169.2W
[PID] perf=6.999Hz  target=7.010Hz  err=+0.010Hz  corr=+29.95W  u_ff=151.6W  PCAP→165W  power=161.7W
[PID] perf=7.207Hz  target=7.010Hz  err=-0.197Hz  corr=+25.83W  u_ff=151.6W  PCAP→165W  power=167.0W
[PID] perf=7.066Hz  target=7.010Hz  err=-0.057Hz  corr=+27.98W  u_ff=151.6W  PCAP→165W  power=171.4W
[PID] perf=7.172Hz  target=7.010Hz  err=-0.162Hz  corr=+25.68W  u_ff=151.6W  PCAP→165W  power=157.2W
[PID] perf=6.959Hz  target=7.010Hz  err=+0.050Hz  corr=+29.39W  u_ff=151.6W  PCAP→165W  power=166.2W
[PID] perf=7.235Hz  target=7.010Hz  err=-0.225Hz  corr=+24.04W  u_ff=151.6W  PCAP→165W  power=167.7W
[PID] perf=6.333Hz  target=7.010Hz  err=+0.677Hz  corr=+41.33W  u_ff=151.6W  PCAP→165W  power=164.6W
[PID] perf=6.651Hz  target=7.010Hz  err=+0.359Hz  corr=+37.23W  u_ff=151.6W  PCAP→165W  power=175.7W
[PID] perf=6.175Hz  target=7.010Hz  err=+0.835Hz  corr=+47.94W  u_ff=151.6W  PCAP→165W  power=164.5W
[PID] perf=6.075Hz  target=7.010Hz  err=+0.935Hz  corr=+52.73W  u_ff=151.6W  PCAP→165W  power=166.3W
[PID] perf=6.219Hz  target=7.010Hz  err=+0.791Hz  corr=+52.96W  u_ff=151.6W  PCAP→165W  power=166.8W
[PID] perf=6.626Hz  target=7.010Hz  err=+0.383Hz  corr=+46.39W  u_ff=151.6W  PCAP→165W  power=162.4W
[PID] perf=6.358Hz  target=7.010Hz  err=+0.652Hz  corr=+50.86W  u_ff=151.6W  PCAP→165W  power=163.7W
[PID] perf=6.021Hz  target=7.010Hz  err=+0.988Hz  corr=+56.47W  u_ff=151.6W  PCAP→165W  power=161.4W
[PID] perf=6.103Hz  target=7.010Hz  err=+0.907Hz  corr=+55.11W  u_ff=151.6W  PCAP→165W  power=161.9W
[PID] perf=6.667Hz  target=7.010Hz  err=+0.343Hz  corr=+45.71W  u_ff=151.6W  PCAP→165W  power=159.5W
[PID] perf=6.214Hz  target=7.010Hz  err=+0.796Hz  corr=+53.27W  u_ff=151.6W  PCAP→165W  power=160.7W
[PID] perf=6.463Hz  target=7.010Hz  err=+0.547Hz  corr=+49.11W  u_ff=151.6W  PCAP→165W  power=167.0W
[PID] perf=6.833Hz  target=7.010Hz  err=+0.177Hz  corr=+42.95W  u_ff=151.6W  PCAP→165W  power=166.4W
[PID] perf=6.176Hz  target=7.010Hz  err=+0.833Hz  corr=+53.88W  u_ff=151.6W  PCAP→165W  power=165.0W
[PID] perf=6.839Hz  target=7.010Hz  err=+0.170Hz  corr=+42.84W  u_ff=151.6W  PCAP→165W  power=165.8W
[PID] perf=6.761Hz  target=7.010Hz  err=+0.249Hz  corr=+44.15W  u_ff=151.6W  PCAP→165W  power=169.8W
[PID] perf=6.922Hz  target=7.010Hz  err=+0.088Hz  corr=+41.46W  u_ff=151.6W  PCAP→165W  power=152.1W
[PID] perf=5.929Hz  target=7.010Hz  err=+1.080Hz  corr=+58.00W  u_ff=151.6W  PCAP→165W  power=162.7W
[PID] perf=6.986Hz  target=7.010Hz  err=+0.024Hz  corr=+40.26W  u_ff=151.6W  PCAP→165W  power=176.5W
[PID] perf=6.372Hz  target=7.010Hz  err=+0.638Hz  corr=+50.63W  u_ff=151.6W  PCAP→165W  power=170.6W
[PID] perf=6.847Hz  target=7.010Hz  err=+0.162Hz  corr=+42.71W  u_ff=151.6W  PCAP→165W  power=154.2W
[PID] perf=6.874Hz  target=7.010Hz  err=+0.136Hz  corr=+42.27W  u_ff=151.6W  PCAP→165W  power=164.2W
[PID] perf=6.942Hz  target=7.010Hz  err=+0.068Hz  corr=+41.13W  u_ff=151.6W  PCAP→165W  power=167.3W
[PID] perf=6.917Hz  target=7.010Hz  err=+0.092Hz  corr=+41.54W  u_ff=151.6W  PCAP→165W  power=165.7W
[PID] perf=6.951Hz  target=7.010Hz  err=+0.058Hz  corr=+40.97W  u_ff=151.6W  PCAP→165W  power=167.9W
[PID] perf=6.986Hz  target=7.010Hz  err=+0.024Hz  corr=+40.34W  u_ff=151.6W  PCAP→165W  power=162.2W
[PID] perf=6.761Hz  target=7.010Hz  err=+0.248Hz  corr=+44.13W  u_ff=151.6W  PCAP→165W  power=164.9W
[PID] perf=6.896Hz  target=7.010Hz  err=+0.113Hz  corr=+41.89W  u_ff=151.6W  PCAP→165W  power=169.4W
[PID] perf=6.745Hz  target=7.010Hz  err=+0.264Hz  corr=+44.40W  u_ff=151.6W  PCAP→165W  power=158.3W
[PID] perf=7.083Hz  target=7.010Hz  err=-0.074Hz  corr=+38.47W  u_ff=151.6W  PCAP→165W  power=171.3W
[PID] perf=6.992Hz  target=7.010Hz  err=+0.017Hz  corr=+40.05W  u_ff=151.6W  PCAP→165W  power=168.8W
[PID] perf=5.908Hz  target=7.010Hz  err=+1.102Hz  corr=+58.36W  u_ff=151.6W  PCAP→165W  power=167.9W
[PID] perf=7.023Hz  target=7.010Hz  err=-0.013Hz  corr=+39.50W  u_ff=151.6W  PCAP→165W  power=178.1W
[PID] perf=7.176Hz  target=7.010Hz  err=-0.167Hz  corr=+36.38W  u_ff=151.6W  PCAP→165W  power=166.1W
[PID] perf=6.806Hz  target=7.010Hz  err=+0.203Hz  corr=+43.22W  u_ff=151.6W  PCAP→165W  power=165.9W
[PID] perf=6.891Hz  target=7.010Hz  err=+0.119Hz  corr=+41.98W  u_ff=151.6W  PCAP→165W  power=174.7W
[PID] perf=7.097Hz  target=7.010Hz  err=-0.087Hz  corr=+38.09W  u_ff=151.6W  PCAP→165W  power=173.1W
[PID] perf=7.147Hz  target=7.010Hz  err=-0.138Hz  corr=+36.79W  u_ff=151.6W  PCAP→165W  power=160.2W
[PID] perf=7.032Hz  target=7.010Hz  err=-0.022Hz  corr=+38.64W  u_ff=151.6W  PCAP→165W  power=176.1W
[PID] perf=6.518Hz  target=7.010Hz  err=+0.492Hz  corr=+48.20W  u_ff=151.6W  PCAP→165W  power=158.6W
[PID] perf=7.020Hz  target=7.010Hz  err=-0.010Hz  corr=+38.81W  u_ff=151.6W  PCAP→165W  power=163.0W
[PID] perf=7.133Hz  target=7.010Hz  err=-0.123Hz  corr=+36.52W  u_ff=151.6W  PCAP→165W  power=166.7W
[PID] perf=7.170Hz  target=7.010Hz  err=-0.160Hz  corr=+35.36W  u_ff=151.6W  PCAP→165W  power=158.8W
[PID] perf=7.122Hz  target=7.010Hz  err=-0.112Hz  corr=+35.78W  u_ff=151.6W  PCAP→165W  power=166.3W
Process completed.
Compressed into /home/cc/summer2024/main_codes/pid_controller/../experiment_data/PID_Control_sweep/ones-npb-bt/compressed_iteration_20260512_112952.tar
----------------------------------

>>> Step 2/3

[ones-npb-bt]
  target perf      : 7.0096 Hz
  coefficients_perf: [-0.0002748882630905589, 0.09680001853476215, -1.348104096123189]
  feedforward PCAP : 151.63 W  →  153 W (snapped)
  Perf(u_ff) check : 7.0096 Hz  (should ≈ target)
  PID gains        : Kp=16.6655 W/Hz  Ki=1.66655 W/(Hz·s)  Kd=0.0000
[PID] Awaiting data — feedforward PCAP=153W
[PID] perf=6.465Hz  target=7.010Hz  err=+0.544Hz  corr=+10.88W  u_ff=151.6W  PCAP→165W  power=nanW
[PID] perf=6.395Hz  target=7.010Hz  err=+0.614Hz  corr=+14.10W  u_ff=151.6W  PCAP→165W  power=156.1W
[PID] perf=6.621Hz  target=7.010Hz  err=+0.388Hz  corr=+11.63W  u_ff=151.6W  PCAP→165W  power=156.1W
[PID] perf=6.608Hz  target=7.010Hz  err=+0.401Hz  corr=+13.18W  u_ff=151.6W  PCAP→165W  power=158.8W
[PID] perf=6.237Hz  target=7.010Hz  err=+0.772Hz  corr=+21.94W  u_ff=151.6W  PCAP→165W  power=154.7W
[PID] perf=6.858Hz  target=7.010Hz  err=+0.151Hz  corr=+12.09W  u_ff=151.6W  PCAP→165W  power=158.6W
[PID] perf=6.410Hz  target=7.010Hz  err=+0.599Hz  corr=+21.55W  u_ff=151.6W  PCAP→165W  power=167.1W
[PID] perf=6.612Hz  target=7.010Hz  err=+0.397Hz  corr=+19.51W  u_ff=151.6W  PCAP→165W  power=175.1W
[PID] perf=6.347Hz  target=7.010Hz  err=+0.663Hz  corr=+26.15W  u_ff=151.6W  PCAP→165W  power=171.8W
[PID] perf=6.130Hz  target=7.010Hz  err=+0.880Hz  corr=+32.69W  u_ff=151.6W  PCAP→165W  power=160.7W
[PID] perf=6.898Hz  target=7.010Hz  err=+0.112Hz  corr=+20.27W  u_ff=151.6W  PCAP→165W  power=164.7W
[PID] perf=6.782Hz  target=7.010Hz  err=+0.228Hz  corr=+22.96W  u_ff=151.6W  PCAP→165W  power=155.2W
[PID] perf=6.472Hz  target=7.010Hz  err=+0.538Hz  corr=+29.92W  u_ff=151.6W  PCAP→165W  power=158.9W
[PID] perf=6.613Hz  target=7.010Hz  err=+0.396Hz  corr=+28.88W  u_ff=151.6W  PCAP→165W  power=172.1W
[PID] perf=6.538Hz  target=7.010Hz  err=+0.471Hz  corr=+31.70W  u_ff=151.6W  PCAP→165W  power=164.4W
[PID] perf=6.964Hz  target=7.010Hz  err=+0.046Hz  corr=+24.76W  u_ff=151.6W  PCAP→165W  power=165.1W
[PID] perf=6.542Hz  target=7.010Hz  err=+0.467Hz  corr=+33.35W  u_ff=151.6W  PCAP→165W  power=164.8W
[PID] perf=6.653Hz  target=7.010Hz  err=+0.356Hz  corr=+32.69W  u_ff=151.6W  PCAP→165W  power=156.8W
[PID] perf=6.764Hz  target=7.010Hz  err=+0.246Hz  corr=+31.66W  u_ff=151.6W  PCAP→165W  power=166.7W
[PID] perf=6.804Hz  target=7.010Hz  err=+0.205Hz  corr=+31.67W  u_ff=151.6W  PCAP→165W  power=161.6W
[PID] perf=6.664Hz  target=7.010Hz  err=+0.346Hz  corr=+35.17W  u_ff=151.6W  PCAP→165W  power=164.6W
[PID] perf=6.840Hz  target=7.010Hz  err=+0.169Hz  corr=+32.79W  u_ff=151.6W  PCAP→165W  power=163.8W
[PID] perf=6.184Hz  target=7.010Hz  err=+0.825Hz  corr=+46.47W  u_ff=151.6W  PCAP→165W  power=165.7W
[PID] perf=6.435Hz  target=7.010Hz  err=+0.575Hz  corr=+44.21W  u_ff=151.6W  PCAP→165W  power=158.1W
[PID] perf=6.535Hz  target=7.010Hz  err=+0.475Hz  corr=+44.12W  u_ff=151.6W  PCAP→165W  power=170.3W
[PID] perf=6.296Hz  target=7.010Hz  err=+0.713Hz  corr=+50.48W  u_ff=151.6W  PCAP→165W  power=171.2W
[PID] perf=6.470Hz  target=7.010Hz  err=+0.539Hz  corr=+48.99W  u_ff=151.6W  PCAP→165W  power=167.6W
[PID] perf=6.791Hz  target=7.010Hz  err=+0.219Hz  corr=+42.97W  u_ff=151.6W  PCAP→165W  power=162.0W
[PID] perf=6.216Hz  target=7.010Hz  err=+0.794Hz  corr=+53.23W  u_ff=151.6W  PCAP→165W  power=160.1W
[PID] perf=6.488Hz  target=7.010Hz  err=+0.522Hz  corr=+48.70W  u_ff=151.6W  PCAP→165W  power=161.4W
[PID] perf=5.991Hz  target=7.010Hz  err=+1.018Hz  corr=+56.97W  u_ff=151.6W  PCAP→165W  power=171.9W
[PID] perf=6.371Hz  target=7.010Hz  err=+0.639Hz  corr=+50.64W  u_ff=151.6W  PCAP→165W  power=164.1W
[PID] perf=6.466Hz  target=7.010Hz  err=+0.544Hz  corr=+49.06W  u_ff=151.6W  PCAP→165W  power=153.4W
[PID] perf=6.716Hz  target=7.010Hz  err=+0.294Hz  corr=+44.90W  u_ff=151.6W  PCAP→165W  power=160.2W
[PID] perf=6.715Hz  target=7.010Hz  err=+0.295Hz  corr=+44.91W  u_ff=151.6W  PCAP→165W  power=168.3W
[PID] perf=6.970Hz  target=7.010Hz  err=+0.039Hz  corr=+40.11W  u_ff=151.6W  PCAP→165W  power=166.1W
[PID] perf=6.864Hz  target=7.010Hz  err=+0.146Hz  corr=+42.37W  u_ff=151.6W  PCAP→165W  power=170.8W
[PID] perf=6.522Hz  target=7.010Hz  err=+0.487Hz  corr=+48.12W  u_ff=151.6W  PCAP→165W  power=171.3W
[PID] perf=6.847Hz  target=7.010Hz  err=+0.163Hz  corr=+42.71W  u_ff=151.6W  PCAP→165W  power=169.4W
[PID] perf=6.826Hz  target=7.010Hz  err=+0.184Hz  corr=+43.06W  u_ff=151.6W  PCAP→165W  power=154.0W
[PID] perf=6.330Hz  target=7.010Hz  err=+0.679Hz  corr=+51.32W  u_ff=151.6W  PCAP→165W  power=178.0W
[PID] perf=5.923Hz  target=7.010Hz  err=+1.087Hz  corr=+58.11W  u_ff=151.6W  PCAP→165W  power=165.2W
[PID] perf=6.755Hz  target=7.010Hz  err=+0.255Hz  corr=+44.25W  u_ff=151.6W  PCAP→165W  power=161.7W
[PID] perf=6.826Hz  target=7.010Hz  err=+0.184Hz  corr=+43.07W  u_ff=151.6W  PCAP→165W  power=165.0W
[PID] perf=6.850Hz  target=7.010Hz  err=+0.159Hz  corr=+42.65W  u_ff=151.6W  PCAP→165W  power=166.5W
[PID] perf=6.734Hz  target=7.010Hz  err=+0.276Hz  corr=+44.60W  u_ff=151.6W  PCAP→165W  power=161.8W
[PID] perf=6.667Hz  target=7.010Hz  err=+0.343Hz  corr=+45.71W  u_ff=151.6W  PCAP→165W  power=159.5W
[PID] perf=6.758Hz  target=7.010Hz  err=+0.252Hz  corr=+44.20W  u_ff=151.6W  PCAP→165W  power=159.6W
[PID] perf=6.369Hz  target=7.010Hz  err=+0.641Hz  corr=+50.68W  u_ff=151.6W  PCAP→165W  power=162.7W
[PID] perf=5.831Hz  target=7.010Hz  err=+1.179Hz  corr=+59.65W  u_ff=151.6W  PCAP→165W  power=175.0W
[PID] perf=6.063Hz  target=7.010Hz  err=+0.946Hz  corr=+55.77W  u_ff=151.6W  PCAP→165W  power=171.3W
[PID] perf=6.667Hz  target=7.010Hz  err=+0.342Hz  corr=+45.71W  u_ff=151.6W  PCAP→165W  power=161.9W
[PID] perf=6.857Hz  target=7.010Hz  err=+0.153Hz  corr=+42.55W  u_ff=151.6W  PCAP→165W  power=164.5W
[PID] perf=6.252Hz  target=7.010Hz  err=+0.758Hz  corr=+52.63W  u_ff=151.6W  PCAP→165W  power=162.7W
[PID] perf=6.103Hz  target=7.010Hz  err=+0.907Hz  corr=+55.11W  u_ff=151.6W  PCAP→165W  power=164.2W
[PID] perf=6.139Hz  target=7.010Hz  err=+0.870Hz  corr=+54.50W  u_ff=151.6W  PCAP→165W  power=160.3W
[PID] perf=6.899Hz  target=7.010Hz  err=+0.111Hz  corr=+41.84W  u_ff=151.6W  PCAP→165W  power=168.9W
[PID] perf=6.956Hz  target=7.010Hz  err=+0.054Hz  corr=+40.90W  u_ff=151.6W  PCAP→165W  power=163.6W
[PID] perf=6.908Hz  target=7.010Hz  err=+0.102Hz  corr=+41.70W  u_ff=151.6W  PCAP→165W  power=163.6W
[PID] perf=6.893Hz  target=7.010Hz  err=+0.117Hz  corr=+41.95W  u_ff=151.6W  PCAP→165W  power=164.7W
[PID] perf=5.640Hz  target=7.010Hz  err=+1.370Hz  corr=+62.83W  u_ff=151.6W  PCAP→165W  power=173.6W
[PID] perf=6.692Hz  target=7.010Hz  err=+0.317Hz  corr=+45.29W  u_ff=151.6W  PCAP→165W  power=163.2W
[PID] perf=6.324Hz  target=7.010Hz  err=+0.686Hz  corr=+51.43W  u_ff=151.6W  PCAP→165W  power=160.7W
[PID] perf=6.499Hz  target=7.010Hz  err=+0.511Hz  corr=+48.51W  u_ff=151.6W  PCAP→165W  power=157.3W
[PID] perf=6.698Hz  target=7.010Hz  err=+0.311Hz  corr=+45.19W  u_ff=151.6W  PCAP→165W  power=164.2W
[PID] perf=6.411Hz  target=7.010Hz  err=+0.598Hz  corr=+49.97W  u_ff=151.6W  PCAP→165W  power=172.1W
[PID] perf=6.666Hz  target=7.010Hz  err=+0.344Hz  corr=+45.73W  u_ff=151.6W  PCAP→165W  power=152.9W
[PID] perf=6.923Hz  target=7.010Hz  err=+0.086Hz  corr=+41.44W  u_ff=151.6W  PCAP→165W  power=168.0W
[PID] perf=6.729Hz  target=7.010Hz  err=+0.281Hz  corr=+44.68W  u_ff=151.6W  PCAP→165W  power=166.3W
[PID] perf=6.831Hz  target=7.010Hz  err=+0.178Hz  corr=+42.97W  u_ff=151.6W  PCAP→165W  power=163.3W
[PID] perf=6.709Hz  target=7.010Hz  err=+0.300Hz  corr=+45.01W  u_ff=151.6W  PCAP→165W  power=170.3W
[PID] perf=6.656Hz  target=7.010Hz  err=+0.353Hz  corr=+45.89W  u_ff=151.6W  PCAP→165W  power=164.4W
[PID] perf=6.954Hz  target=7.010Hz  err=+0.056Hz  corr=+40.93W  u_ff=151.6W  PCAP→165W  power=166.5W
[PID] perf=6.248Hz  target=7.010Hz  err=+0.761Hz  corr=+52.69W  u_ff=151.6W  PCAP→165W  power=162.7W
[PID] perf=6.570Hz  target=7.010Hz  err=+0.440Hz  corr=+47.33W  u_ff=151.6W  PCAP→165W  power=148.6W
[PID] perf=6.655Hz  target=7.010Hz  err=+0.355Hz  corr=+45.92W  u_ff=151.6W  PCAP→165W  power=153.0W
[PID] perf=6.654Hz  target=7.010Hz  err=+0.355Hz  corr=+45.92W  u_ff=151.6W  PCAP→165W  power=152.8W
Process completed.
Compressed into /home/cc/summer2024/main_codes/pid_controller/../experiment_data/PID_Control_sweep/ones-npb-bt/compressed_iteration_20260512_113227.tar
----------------------------------

>>> Step 3/3

[ones-npb-bt]
  target perf      : 7.0096 Hz
  coefficients_perf: [-0.0002748882630905589, 0.09680001853476215, -1.348104096123189]
  feedforward PCAP : 151.63 W  →  153 W (snapped)
  Perf(u_ff) check : 7.0096 Hz  (should ≈ target)
  PID gains        : Kp=16.6655 W/Hz  Ki=1.66655 W/(Hz·s)  Kd=0.0000
[PID] Awaiting data — feedforward PCAP=153W
[PID] perf=6.493Hz  target=7.010Hz  err=+0.516Hz  corr=+10.32W  u_ff=151.6W  PCAP→159W  power=nanW
[PID] perf=6.595Hz  target=7.010Hz  err=+0.414Hz  corr=+10.00W  u_ff=151.6W  PCAP→159W  power=154.9W
[PID] perf=6.515Hz  target=7.010Hz  err=+0.495Hz  corr=+13.00W  u_ff=151.6W  PCAP→165W  power=151.9W
[PID] perf=6.174Hz  target=7.010Hz  err=+0.836Hz  corr=+21.47W  u_ff=151.6W  PCAP→165W  power=164.1W
[PID] perf=6.585Hz  target=7.010Hz  err=+0.425Hz  corr=+16.03W  u_ff=151.6W  PCAP→165W  power=162.4W
[PID] perf=6.185Hz  target=7.010Hz  err=+0.825Hz  corr=+25.44W  u_ff=151.6W  PCAP→165W  power=171.6W
[PID] perf=6.330Hz  target=7.010Hz  err=+0.680Hz  corr=+25.30W  u_ff=151.6W  PCAP→165W  power=180.4W
[PID] perf=6.537Hz  target=7.010Hz  err=+0.472Hz  corr=+23.41W  u_ff=151.6W  PCAP→165W  power=169.0W
[PID] perf=6.428Hz  target=7.010Hz  err=+0.581Hz  corr=+27.16W  u_ff=151.6W  PCAP→165W  power=168.2W
[PID] perf=6.507Hz  target=7.010Hz  err=+0.502Hz  corr=+27.53W  u_ff=151.6W  PCAP→165W  power=165.3W
[PID] perf=6.325Hz  target=7.010Hz  err=+0.685Hz  corr=+32.85W  u_ff=151.6W  PCAP→165W  power=158.1W
[PID] perf=6.224Hz  target=7.010Hz  err=+0.786Hz  corr=+37.15W  u_ff=151.6W  PCAP→165W  power=156.7W
[PID] perf=6.089Hz  target=7.010Hz  err=+0.920Hz  corr=+42.46W  u_ff=151.6W  PCAP→165W  power=180.5W
[PID] perf=6.529Hz  target=7.010Hz  err=+0.481Hz  corr=+36.73W  u_ff=151.6W  PCAP→165W  power=154.9W
[PID] perf=6.480Hz  target=7.010Hz  err=+0.530Hz  corr=+39.33W  u_ff=151.6W  PCAP→165W  power=171.5W
[PID] perf=5.999Hz  target=7.010Hz  err=+1.010Hz  corr=+50.69W  u_ff=151.6W  PCAP→165W  power=155.2W
[PID] perf=6.425Hz  target=7.010Hz  err=+0.584Hz  corr=+45.54W  u_ff=151.6W  PCAP→165W  power=168.2W
[PID] perf=5.807Hz  target=7.010Hz  err=+1.203Hz  corr=+59.86W  u_ff=151.6W  PCAP→165W  power=156.5W
[PID] perf=6.182Hz  target=7.010Hz  err=+0.828Hz  corr=+53.80W  u_ff=151.6W  PCAP→165W  power=161.0W
[PID] perf=6.536Hz  target=7.010Hz  err=+0.474Hz  corr=+47.90W  u_ff=151.6W  PCAP→165W  power=165.6W
[PID] perf=6.964Hz  target=7.010Hz  err=+0.046Hz  corr=+40.73W  u_ff=151.6W  PCAP→165W  power=162.5W
[PID] perf=6.893Hz  target=7.010Hz  err=+0.117Hz  corr=+41.95W  u_ff=151.6W  PCAP→165W  power=169.1W
[PID] perf=7.135Hz  target=7.010Hz  err=-0.126Hz  corr=+37.45W  u_ff=151.6W  PCAP→165W  power=163.5W
[PID] perf=7.037Hz  target=7.010Hz  err=-0.028Hz  corr=+38.99W  u_ff=151.6W  PCAP→165W  power=159.2W
[PID] perf=7.080Hz  target=7.010Hz  err=-0.070Hz  corr=+38.05W  u_ff=151.6W  PCAP→165W  power=159.9W
[PID] perf=7.081Hz  target=7.010Hz  err=-0.072Hz  corr=+37.79W  u_ff=151.6W  PCAP→165W  power=165.5W
[PID] perf=7.163Hz  target=7.010Hz  err=-0.153Hz  corr=+35.92W  u_ff=151.6W  PCAP→165W  power=161.3W
[PID] perf=7.194Hz  target=7.010Hz  err=-0.185Hz  corr=+34.78W  u_ff=151.6W  PCAP→165W  power=163.1W
[PID] perf=7.179Hz  target=7.010Hz  err=-0.169Hz  corr=+34.48W  u_ff=151.6W  PCAP→165W  power=169.4W
[PID] perf=7.176Hz  target=7.010Hz  err=-0.166Hz  corr=+33.97W  u_ff=151.6W  PCAP→165W  power=166.0W
[PID] perf=6.799Hz  target=7.010Hz  err=+0.211Hz  corr=+40.96W  u_ff=151.6W  PCAP→165W  power=161.1W
[PID] perf=6.789Hz  target=7.010Hz  err=+0.220Hz  corr=+41.85W  u_ff=151.6W  PCAP→165W  power=164.5W
[PID] perf=6.822Hz  target=7.010Hz  err=+0.188Hz  corr=+41.93W  u_ff=151.6W  PCAP→165W  power=161.9W
[PID] perf=6.826Hz  target=7.010Hz  err=+0.184Hz  corr=+42.48W  u_ff=151.6W  PCAP→165W  power=167.0W
[PID] perf=6.832Hz  target=7.010Hz  err=+0.178Hz  corr=+42.96W  u_ff=151.6W  PCAP→165W  power=171.1W
[PID] perf=6.802Hz  target=7.010Hz  err=+0.207Hz  corr=+43.45W  u_ff=151.6W  PCAP→165W  power=161.0W
[PID] perf=6.818Hz  target=7.010Hz  err=+0.191Hz  corr=+43.19W  u_ff=151.6W  PCAP→165W  power=167.4W
[PID] perf=6.837Hz  target=7.010Hz  err=+0.172Hz  corr=+42.86W  u_ff=151.6W  PCAP→165W  power=161.2W
[PID] perf=6.842Hz  target=7.010Hz  err=+0.167Hz  corr=+42.79W  u_ff=151.6W  PCAP→165W  power=165.0W
[PID] perf=6.848Hz  target=7.010Hz  err=+0.161Hz  corr=+42.69W  u_ff=151.6W  PCAP→165W  power=168.6W
[PID] perf=6.873Hz  target=7.010Hz  err=+0.136Hz  corr=+42.27W  u_ff=151.6W  PCAP→165W  power=164.4W
[PID] perf=6.832Hz  target=7.010Hz  err=+0.177Hz  corr=+42.96W  u_ff=151.6W  PCAP→165W  power=165.9W
[PID] perf=6.804Hz  target=7.010Hz  err=+0.206Hz  corr=+43.43W  u_ff=151.6W  PCAP→165W  power=166.0W
[PID] perf=6.853Hz  target=7.010Hz  err=+0.156Hz  corr=+42.61W  u_ff=151.6W  PCAP→165W  power=160.1W
[PID] perf=6.851Hz  target=7.010Hz  err=+0.159Hz  corr=+42.65W  u_ff=151.6W  PCAP→165W  power=173.2W
[PID] perf=6.713Hz  target=7.010Hz  err=+0.297Hz  corr=+44.94W  u_ff=151.6W  PCAP→165W  power=164.2W
[PID] perf=6.850Hz  target=7.010Hz  err=+0.160Hz  corr=+42.66W  u_ff=151.6W  PCAP→165W  power=164.9W
[PID] perf=6.843Hz  target=7.010Hz  err=+0.167Hz  corr=+42.78W  u_ff=151.6W  PCAP→165W  power=169.3W
[PID] perf=6.845Hz  target=7.010Hz  err=+0.164Hz  corr=+42.74W  u_ff=151.6W  PCAP→165W  power=164.9W
[PID] perf=6.721Hz  target=7.010Hz  err=+0.288Hz  corr=+44.81W  u_ff=151.6W  PCAP→165W  power=167.4W
[PID] perf=6.848Hz  target=7.010Hz  err=+0.162Hz  corr=+42.70W  u_ff=151.6W  PCAP→165W  power=163.6W
[PID] perf=6.845Hz  target=7.010Hz  err=+0.165Hz  corr=+42.75W  u_ff=151.6W  PCAP→165W  power=166.9W
[PID] perf=6.794Hz  target=7.010Hz  err=+0.216Hz  corr=+43.59W  u_ff=151.6W  PCAP→165W  power=166.9W
[PID] perf=6.817Hz  target=7.010Hz  err=+0.192Hz  corr=+43.20W  u_ff=151.6W  PCAP→165W  power=164.4W
[PID] perf=6.832Hz  target=7.010Hz  err=+0.177Hz  corr=+42.95W  u_ff=151.6W  PCAP→165W  power=164.6W
[PID] perf=6.820Hz  target=7.010Hz  err=+0.189Hz  corr=+43.15W  u_ff=151.6W  PCAP→165W  power=164.1W
[PID] perf=6.906Hz  target=7.010Hz  err=+0.104Hz  corr=+41.73W  u_ff=151.6W  PCAP→165W  power=169.6W
[PID] perf=6.891Hz  target=7.010Hz  err=+0.119Hz  corr=+41.98W  u_ff=151.6W  PCAP→165W  power=162.3W
[PID] perf=5.505Hz  target=7.010Hz  err=+1.504Hz  corr=+65.07W  u_ff=151.6W  PCAP→165W  power=164.5W
[PID] perf=6.924Hz  target=7.010Hz  err=+0.085Hz  corr=+41.42W  u_ff=151.6W  PCAP→165W  power=160.9W
[PID] perf=6.924Hz  target=7.010Hz  err=+0.086Hz  corr=+41.43W  u_ff=151.6W  PCAP→165W  power=168.7W
[PID] perf=6.874Hz  target=7.010Hz  err=+0.136Hz  corr=+42.26W  u_ff=151.6W  PCAP→165W  power=170.8W
[PID] perf=6.846Hz  target=7.010Hz  err=+0.164Hz  corr=+42.73W  u_ff=151.6W  PCAP→165W  power=165.3W
[PID] perf=6.786Hz  target=7.010Hz  err=+0.224Hz  corr=+43.73W  u_ff=151.6W  PCAP→165W  power=164.6W
[PID] perf=6.794Hz  target=7.010Hz  err=+0.216Hz  corr=+43.59W  u_ff=151.6W  PCAP→165W  power=168.5W
[PID] perf=6.856Hz  target=7.010Hz  err=+0.154Hz  corr=+42.56W  u_ff=151.6W  PCAP→165W  power=161.3W
[PID] perf=6.817Hz  target=7.010Hz  err=+0.192Hz  corr=+43.20W  u_ff=151.6W  PCAP→165W  power=166.6W
[PID] perf=6.895Hz  target=7.010Hz  err=+0.114Hz  corr=+41.91W  u_ff=151.6W  PCAP→165W  power=165.5W
[PID] perf=6.901Hz  target=7.010Hz  err=+0.109Hz  corr=+41.82W  u_ff=151.6W  PCAP→165W  power=165.2W
[PID] perf=6.944Hz  target=7.010Hz  err=+0.065Hz  corr=+41.09W  u_ff=151.6W  PCAP→165W  power=165.1W
[PID] perf=6.559Hz  target=7.010Hz  err=+0.450Hz  corr=+47.50W  u_ff=151.6W  PCAP→165W  power=173.1W
[PID] perf=6.819Hz  target=7.010Hz  err=+0.191Hz  corr=+43.18W  u_ff=151.6W  PCAP→165W  power=159.1W
[PID] perf=6.765Hz  target=7.010Hz  err=+0.244Hz  corr=+44.07W  u_ff=151.6W  PCAP→165W  power=159.6W
[PID] perf=6.749Hz  target=7.010Hz  err=+0.261Hz  corr=+44.35W  u_ff=151.6W  PCAP→165W  power=162.8W
[PID] perf=6.761Hz  target=7.010Hz  err=+0.249Hz  corr=+44.14W  u_ff=151.6W  PCAP→165W  power=164.0W
Process completed.
Compressed into /home/cc/summer2024/main_codes/pid_controller/../experiment_data/PID_Control_sweep/ones-npb-bt/compressed_iteration_20260512_113459.tar
----------------------------------
