
>>> Step 1/3

[ones-npb-ft]
  target perf      : 12.2446 Hz
  coefficients_perf: [-0.0005522560062416729, 0.2000532994178523, -2.29133973770495]
  feedforward PCAP : 100.60 W  →  101 W (snapped)
  Perf(u_ff) check : 12.2446 Hz  (should ≈ target)
  PID gains        : Kp=7.5924 W/Hz  Ki=0.75924 W/(Hz·s)  Kd=0.0000
[PID] perf=6.820Hz  target=12.245Hz  err=+5.424Hz  corr=+49.42W  u_ff=100.6W  PCAP→153W  power=nanW
[PID] perf=20.060Hz  target=12.245Hz  err=-7.815Hz  corr=-62.97W  u_ff=100.6W  PCAP→78W  power=150.4W
[PID] perf=13.183Hz  target=12.245Hz  err=-0.939Hz  corr=-12.18W  u_ff=100.6W  PCAP→89W  power=76.8W
[PID] perf=14.387Hz  target=12.245Hz  err=-2.142Hz  corr=-24.57W  u_ff=100.6W  PCAP→78W  power=88.0W
[PID] perf=12.685Hz  target=12.245Hz  err=-0.440Hz  corr=-12.32W  u_ff=100.6W  PCAP→89W  power=79.5W
[PID] perf=14.230Hz  target=12.245Hz  err=-1.985Hz  corr=-27.06W  u_ff=100.6W  PCAP→78W  power=86.5W
[PID] perf=12.547Hz  target=12.245Hz  err=-0.303Hz  corr=-14.75W  u_ff=100.6W  PCAP→83W  power=77.4W
[PID] perf=13.313Hz  target=12.245Hz  err=-1.069Hz  corr=-22.19W  u_ff=100.6W  PCAP→78W  power=80.6W
[PID] perf=12.371Hz  target=12.245Hz  err=-0.126Hz  corr=-15.22W  u_ff=100.6W  PCAP→83W  power=78.6W
[PID] perf=13.283Hz  target=12.245Hz  err=-1.039Hz  corr=-23.73W  u_ff=100.6W  PCAP→78W  power=80.3W
[PID] perf=12.139Hz  target=12.245Hz  err=+0.105Hz  corr=-14.88W  u_ff=100.6W  PCAP→83W  power=76.3W
[PID] perf=12.030Hz  target=12.245Hz  err=+0.215Hz  corr=-13.73W  u_ff=100.6W  PCAP→89W  power=80.2W
[PID] perf=12.626Hz  target=12.245Hz  err=-0.382Hz  corr=-18.83W  u_ff=100.6W  PCAP→83W  power=88.9W
[PID] perf=11.962Hz  target=12.245Hz  err=+0.283Hz  corr=-13.36W  u_ff=100.6W  PCAP→89W  power=81.2W
[PID] perf=12.738Hz  target=12.245Hz  err=-0.493Hz  corr=-20.00W  u_ff=100.6W  PCAP→83W  power=91.2W
[PID] perf=12.129Hz  target=12.245Hz  err=+0.116Hz  corr=-15.20W  u_ff=100.6W  PCAP→83W  power=81.9W
[PID] perf=12.185Hz  target=12.245Hz  err=+0.060Hz  corr=-15.53W  u_ff=100.6W  PCAP→83W  power=83.4W
[PID] perf=12.223Hz  target=12.245Hz  err=+0.022Hz  corr=-15.79W  u_ff=100.6W  PCAP→83W  power=81.9W
[PID] perf=12.181Hz  target=12.245Hz  err=+0.064Hz  corr=-15.37W  u_ff=100.6W  PCAP→83W  power=80.9W
[PID] perf=12.226Hz  target=12.245Hz  err=+0.018Hz  corr=-15.69W  u_ff=100.6W  PCAP→83W  power=81.8W
Process completed.
Compressed into /home/cc/summer2024/main_codes/pid_controller/../experiment_data/PID_Control_sweep/ones-npb-ft/compressed_iteration_20260512_141539.tar
----------------------------------

>>> Step 2/3

[ones-npb-ft]
  target perf      : 12.2446 Hz
  coefficients_perf: [-0.0005522560062416729, 0.2000532994178523, -2.29133973770495]
  feedforward PCAP : 100.60 W  →  101 W (snapped)
  Perf(u_ff) check : 12.2446 Hz  (should ≈ target)
  PID gains        : Kp=7.5924 W/Hz  Ki=0.75924 W/(Hz·s)  Kd=0.0000
[PID] Awaiting data — feedforward PCAP=101W
[PID] perf=15.911Hz  target=12.245Hz  err=-3.666Hz  corr=-33.40W  u_ff=100.6W  PCAP→78W  power=101.8W
[PID] perf=12.865Hz  target=12.245Hz  err=-0.620Hz  corr=-11.22W  u_ff=100.6W  PCAP→89W  power=76.3W
[PID] perf=14.198Hz  target=12.245Hz  err=-1.953Hz  corr=-24.31W  u_ff=100.6W  PCAP→78W  power=85.1W
[PID] perf=12.650Hz  target=12.245Hz  err=-0.405Hz  corr=-13.16W  u_ff=100.6W  PCAP→89W  power=75.9W
[PID] perf=13.952Hz  target=12.245Hz  err=-1.707Hz  corr=-25.64W  u_ff=100.6W  PCAP→78W  power=86.8W
[PID] perf=12.627Hz  target=12.245Hz  err=-0.382Hz  corr=-16.17W  u_ff=100.6W  PCAP→83W  power=76.4W
[PID] perf=13.526Hz  target=12.245Hz  err=-1.282Hz  corr=-24.94W  u_ff=100.6W  PCAP→78W  power=83.7W
[PID] perf=12.847Hz  target=12.245Hz  err=-0.603Hz  corr=-20.70W  u_ff=100.6W  PCAP→78W  power=75.1W
[PID] perf=12.762Hz  target=12.245Hz  err=-0.517Hz  corr=-20.84W  u_ff=100.6W  PCAP→78W  power=79.7W
[PID] perf=12.559Hz  target=12.245Hz  err=-0.315Hz  corr=-19.78W  u_ff=100.6W  PCAP→83W  power=79.8W
[PID] perf=12.712Hz  target=12.245Hz  err=-0.467Hz  corr=-21.64W  u_ff=100.6W  PCAP→78W  power=81.7W
[PID] perf=11.395Hz  target=12.245Hz  err=+0.849Hz  corr=-10.36W  u_ff=100.6W  PCAP→89W  power=77.7W
[PID] perf=12.853Hz  target=12.245Hz  err=-0.609Hz  corr=-22.35W  u_ff=100.6W  PCAP→78W  power=90.1W
[PID] perf=11.456Hz  target=12.245Hz  err=+0.788Hz  corr=-10.55W  u_ff=100.6W  PCAP→89W  power=74.8W
[PID] perf=12.841Hz  target=12.245Hz  err=-0.596Hz  corr=-21.97W  u_ff=100.6W  PCAP→78W  power=87.5W
[PID] perf=11.563Hz  target=12.245Hz  err=+0.682Hz  corr=-11.23W  u_ff=100.6W  PCAP→89W  power=76.3W
[PID] perf=12.990Hz  target=12.245Hz  err=-0.745Hz  corr=-23.19W  u_ff=100.6W  PCAP→78W  power=87.7W
[PID] perf=11.623Hz  target=12.245Hz  err=+0.622Hz  corr=-11.87W  u_ff=100.6W  PCAP→89W  power=76.8W
[PID] perf=13.100Hz  target=12.245Hz  err=-0.855Hz  corr=-24.38W  u_ff=100.6W  PCAP→78W  power=89.8W
Process completed.
Compressed into /home/cc/summer2024/main_codes/pid_controller/../experiment_data/PID_Control_sweep/ones-npb-ft/compressed_iteration_20260512_141620.tar
----------------------------------

>>> Step 3/3

[ones-npb-ft]
  target perf      : 12.2446 Hz
  coefficients_perf: [-0.0005522560062416729, 0.2000532994178523, -2.29133973770495]
  feedforward PCAP : 100.60 W  →  101 W (snapped)
  Perf(u_ff) check : 12.2446 Hz  (should ≈ target)
  PID gains        : Kp=7.5924 W/Hz  Ki=0.75924 W/(Hz·s)  Kd=0.0000
[PID] Awaiting data — feedforward PCAP=101W
[PID] perf=15.854Hz  target=12.245Hz  err=-3.610Hz  corr=-32.89W  u_ff=100.6W  PCAP→78W  power=100.8W
[PID] perf=12.908Hz  target=12.245Hz  err=-0.664Hz  corr=-11.53W  u_ff=100.6W  PCAP→89W  power=77.3W
[PID] perf=14.505Hz  target=12.245Hz  err=-2.261Hz  corr=-27.09W  u_ff=100.6W  PCAP→78W  power=89.7W
[PID] perf=12.884Hz  target=12.245Hz  err=-0.639Hz  corr=-15.75W  u_ff=100.6W  PCAP→83W  power=76.0W
[PID] perf=12.951Hz  target=12.245Hz  err=-0.707Hz  corr=-17.33W  u_ff=100.6W  PCAP→83W  power=84.2W
[PID] perf=13.093Hz  target=12.245Hz  err=-0.849Hz  corr=-19.70W  u_ff=100.6W  PCAP→83W  power=82.1W
[PID] perf=13.684Hz  target=12.245Hz  err=-1.439Hz  corr=-26.37W  u_ff=100.6W  PCAP→78W  power=83.8W
[PID] perf=13.001Hz  target=12.245Hz  err=-0.757Hz  corr=-22.33W  u_ff=100.6W  PCAP→78W  power=76.4W
[PID] perf=12.795Hz  target=12.245Hz  err=-0.550Hz  corr=-21.60W  u_ff=100.6W  PCAP→78W  power=79.6W
[PID] perf=12.074Hz  target=12.245Hz  err=+0.171Hz  corr=-15.87W  u_ff=100.6W  PCAP→83W  power=78.2W
[PID] perf=12.699Hz  target=12.245Hz  err=-0.455Hz  corr=-21.31W  u_ff=100.6W  PCAP→78W  power=85.5W
[PID] perf=11.545Hz  target=12.245Hz  err=+0.700Hz  corr=-11.48W  u_ff=100.6W  PCAP→89W  power=77.5W
[PID] perf=12.966Hz  target=12.245Hz  err=-0.721Hz  corr=-23.36W  u_ff=100.6W  PCAP→78W  power=91.1W
[PID] perf=11.664Hz  target=12.245Hz  err=+0.581Hz  corr=-12.60W  u_ff=100.6W  PCAP→89W  power=76.4W
[PID] perf=13.103Hz  target=12.245Hz  err=-0.859Hz  corr=-24.83W  u_ff=100.6W  PCAP→78W  power=91.5W
[PID] perf=11.829Hz  target=12.245Hz  err=+0.416Hz  corr=-14.52W  u_ff=100.6W  PCAP→89W  power=77.3W
[PID] perf=13.236Hz  target=12.245Hz  err=-0.992Hz  corr=-26.71W  u_ff=100.6W  PCAP→78W  power=90.3W
[PID] perf=11.912Hz  target=12.245Hz  err=+0.332Hz  corr=-16.15W  u_ff=100.6W  PCAP→83W  power=76.2W
[PID] perf=12.625Hz  target=12.245Hz  err=-0.380Hz  corr=-22.14W  u_ff=100.6W  PCAP→78W  power=84.7W
Process completed.
Compressed into /home/cc/summer2024/main_codes/pid_controller/../experiment_data/PID_Control_sweep/ones-npb-ft/compressed_iteration_20260512_141659.tar
----------------------------------
