
>>> Step 1/3

[ones-npb-is]
  target perf      : 8.2982 Hz
  coefficients_perf: [-0.0002928630053090073, 0.09346144861544026, 0.8415796304794382]
  feedforward PCAP : 121.50 W  →  124 W (snapped)
  Perf(u_ff) check : 7.8738 Hz  (should ≈ target)
  PID gains        : Kp=22.4258 W/Hz  Ki=2.24258 W/(Hz·s)  Kd=0.0000
[PID] perf=4.007Hz  target=8.298Hz  err=+4.291Hz  corr=+115.48W  u_ff=121.5W  PCAP→165W  power=nanW
[PID] perf=8.130Hz  target=8.298Hz  err=+0.168Hz  corr=+23.76W  u_ff=121.5W  PCAP→147W  power=159.3W
[PID] perf=7.919Hz  target=8.298Hz  err=+0.379Hz  corr=+30.20W  u_ff=121.5W  PCAP→153W  power=146.0W
[PID] perf=7.977Hz  target=8.298Hz  err=+0.321Hz  corr=+30.33W  u_ff=121.5W  PCAP→153W  power=150.8W
[PID] perf=7.925Hz  target=8.298Hz  err=+0.373Hz  corr=+33.17W  u_ff=121.5W  PCAP→153W  power=151.2W
[PID] perf=7.917Hz  target=8.298Hz  err=+0.381Hz  corr=+35.06W  u_ff=121.5W  PCAP→159W  power=150.5W
[PID] perf=7.999Hz  target=8.298Hz  err=+0.299Hz  corr=+34.57W  u_ff=121.5W  PCAP→159W  power=161.3W
[PID] perf=7.997Hz  target=8.298Hz  err=+0.301Hz  corr=+35.97W  u_ff=121.5W  PCAP→159W  power=159.8W
[PID] perf=7.915Hz  target=8.298Hz  err=+0.383Hz  corr=+39.51W  u_ff=121.5W  PCAP→159W  power=159.0W
[PID] perf=7.931Hz  target=8.298Hz  err=+0.367Hz  corr=+40.81W  u_ff=121.5W  PCAP→165W  power=160.0W
[PID] perf=8.144Hz  target=8.298Hz  err=+0.154Hz  corr=+36.73W  u_ff=121.5W  PCAP→159W  power=160.4W
[PID] perf=7.987Hz  target=8.298Hz  err=+0.311Hz  corr=+41.64W  u_ff=121.5W  PCAP→165W  power=160.4W
[PID] perf=7.991Hz  target=8.298Hz  err=+0.307Hz  corr=+42.92W  u_ff=121.5W  PCAP→165W  power=159.1W
[PID] perf=7.992Hz  target=8.298Hz  err=+0.306Hz  corr=+44.28W  u_ff=121.5W  PCAP→165W  power=162.3W
[PID] perf=7.988Hz  target=8.298Hz  err=+0.310Hz  corr=+45.76W  u_ff=121.5W  PCAP→165W  power=157.6W
[PID] perf=7.987Hz  target=8.298Hz  err=+0.311Hz  corr=+46.98W  u_ff=121.5W  PCAP→165W  power=158.9W
[PID] perf=7.983Hz  target=8.298Hz  err=+0.315Hz  corr=+47.06W  u_ff=121.5W  PCAP→165W  power=159.1W
[PID] perf=7.987Hz  target=8.298Hz  err=+0.312Hz  corr=+46.99W  u_ff=121.5W  PCAP→165W  power=159.4W
[PID] perf=7.985Hz  target=8.298Hz  err=+0.313Hz  corr=+47.02W  u_ff=121.5W  PCAP→165W  power=157.6W
[PID] perf=7.982Hz  target=8.298Hz  err=+0.316Hz  corr=+47.10W  u_ff=121.5W  PCAP→165W  power=162.6W
[PID] perf=7.999Hz  target=8.298Hz  err=+0.300Hz  corr=+46.72W  u_ff=121.5W  PCAP→165W  power=159.8W
[PID] perf=7.989Hz  target=8.298Hz  err=+0.309Hz  corr=+46.94W  u_ff=121.5W  PCAP→165W  power=159.5W
[PID] perf=7.979Hz  target=8.298Hz  err=+0.320Hz  corr=+47.17W  u_ff=121.5W  PCAP→165W  power=158.8W
[PID] perf=7.987Hz  target=8.298Hz  err=+0.311Hz  corr=+46.98W  u_ff=121.5W  PCAP→165W  power=159.6W
[PID] perf=7.983Hz  target=8.298Hz  err=+0.316Hz  corr=+47.08W  u_ff=121.5W  PCAP→165W  power=158.9W
[PID] perf=7.988Hz  target=8.298Hz  err=+0.310Hz  corr=+46.96W  u_ff=121.5W  PCAP→165W  power=158.6W
[PID] perf=7.993Hz  target=8.298Hz  err=+0.305Hz  corr=+46.84W  u_ff=121.5W  PCAP→165W  power=160.4W
[PID] perf=7.981Hz  target=8.298Hz  err=+0.318Hz  corr=+47.12W  u_ff=121.5W  PCAP→165W  power=159.9W
[PID] perf=7.982Hz  target=8.298Hz  err=+0.316Hz  corr=+47.09W  u_ff=121.5W  PCAP→165W  power=158.9W
[PID] perf=7.990Hz  target=8.298Hz  err=+0.308Hz  corr=+46.91W  u_ff=121.5W  PCAP→165W  power=160.6W
[PID] perf=7.983Hz  target=8.298Hz  err=+0.315Hz  corr=+47.07W  u_ff=121.5W  PCAP→165W  power=156.1W
[PID] perf=7.988Hz  target=8.298Hz  err=+0.310Hz  corr=+46.95W  u_ff=121.5W  PCAP→165W  power=161.2W
[PID] perf=7.982Hz  target=8.298Hz  err=+0.316Hz  corr=+47.10W  u_ff=121.5W  PCAP→165W  power=159.1W
[PID] perf=8.145Hz  target=8.298Hz  err=+0.153Hz  corr=+42.92W  u_ff=121.5W  PCAP→165W  power=158.2W
[PID] perf=8.191Hz  target=8.298Hz  err=+0.107Hz  corr=+42.37W  u_ff=121.5W  PCAP→165W  power=159.4W
[PID] perf=8.200Hz  target=8.298Hz  err=+0.098Hz  corr=+42.20W  u_ff=121.5W  PCAP→165W  power=161.9W
[PID] perf=8.203Hz  target=8.298Hz  err=+0.095Hz  corr=+42.13W  u_ff=121.5W  PCAP→165W  power=163.8W
[PID] perf=8.115Hz  target=8.298Hz  err=+0.183Hz  corr=+44.11W  u_ff=121.5W  PCAP→165W  power=159.5W
[PID] perf=8.105Hz  target=8.298Hz  err=+0.193Hz  corr=+44.34W  u_ff=121.5W  PCAP→165W  power=159.3W
[PID] perf=8.103Hz  target=8.298Hz  err=+0.195Hz  corr=+44.38W  u_ff=121.5W  PCAP→165W  power=160.7W
[PID] perf=8.095Hz  target=8.298Hz  err=+0.203Hz  corr=+44.55W  u_ff=121.5W  PCAP→165W  power=158.7W
[PID] perf=8.104Hz  target=8.298Hz  err=+0.195Hz  corr=+44.36W  u_ff=121.5W  PCAP→165W  power=160.4W
[PID] perf=8.102Hz  target=8.298Hz  err=+0.196Hz  corr=+44.40W  u_ff=121.5W  PCAP→165W  power=160.8W
[PID] perf=8.099Hz  target=8.298Hz  err=+0.199Hz  corr=+44.46W  u_ff=121.5W  PCAP→165W  power=156.7W
[PID] perf=8.109Hz  target=8.298Hz  err=+0.189Hz  corr=+44.23W  u_ff=121.5W  PCAP→165W  power=158.8W
[PID] perf=8.096Hz  target=8.298Hz  err=+0.202Hz  corr=+44.52W  u_ff=121.5W  PCAP→165W  power=159.2W
[PID] perf=8.069Hz  target=8.298Hz  err=+0.229Hz  corr=+45.14W  u_ff=121.5W  PCAP→165W  power=159.9W
[PID] perf=8.079Hz  target=8.298Hz  err=+0.219Hz  corr=+44.92W  u_ff=121.5W  PCAP→165W  power=162.4W
[PID] perf=8.088Hz  target=8.298Hz  err=+0.211Hz  corr=+44.72W  u_ff=121.5W  PCAP→165W  power=160.9W
[PID] perf=8.083Hz  target=8.298Hz  err=+0.216Hz  corr=+44.84W  u_ff=121.5W  PCAP→165W  power=158.6W
[PID] perf=8.089Hz  target=8.298Hz  err=+0.209Hz  corr=+44.69W  u_ff=121.5W  PCAP→165W  power=160.8W
[PID] perf=8.092Hz  target=8.298Hz  err=+0.207Hz  corr=+44.63W  u_ff=121.5W  PCAP→165W  power=159.6W
[PID] perf=8.081Hz  target=8.298Hz  err=+0.218Hz  corr=+44.88W  u_ff=121.5W  PCAP→165W  power=162.9W
[PID] perf=8.091Hz  target=8.298Hz  err=+0.207Hz  corr=+44.64W  u_ff=121.5W  PCAP→165W  power=160.3W
[PID] perf=8.066Hz  target=8.298Hz  err=+0.232Hz  corr=+45.20W  u_ff=121.5W  PCAP→165W  power=158.5W
[PID] perf=8.089Hz  target=8.298Hz  err=+0.210Hz  corr=+44.70W  u_ff=121.5W  PCAP→165W  power=159.4W
[PID] perf=8.084Hz  target=8.298Hz  err=+0.214Hz  corr=+44.80W  u_ff=121.5W  PCAP→165W  power=160.4W
[PID] perf=8.098Hz  target=8.298Hz  err=+0.200Hz  corr=+44.49W  u_ff=121.5W  PCAP→165W  power=157.7W
[PID] perf=8.089Hz  target=8.298Hz  err=+0.209Hz  corr=+44.69W  u_ff=121.5W  PCAP→165W  power=159.2W
[PID] perf=8.090Hz  target=8.298Hz  err=+0.209Hz  corr=+44.68W  u_ff=121.5W  PCAP→165W  power=157.3W
[PID] perf=8.085Hz  target=8.298Hz  err=+0.213Hz  corr=+44.78W  u_ff=121.5W  PCAP→165W  power=159.3W
[PID] perf=8.090Hz  target=8.298Hz  err=+0.208Hz  corr=+44.67W  u_ff=121.5W  PCAP→165W  power=161.2W
[PID] perf=8.090Hz  target=8.298Hz  err=+0.208Hz  corr=+44.66W  u_ff=121.5W  PCAP→165W  power=158.3W
Process completed.
Compressed into /home/cc/summer2024/main_codes/pid_controller/../experiment_data/PID_Control_sweep/ones-npb-is/compressed_iteration_20260512_075109.tar
----------------------------------

>>> Step 2/3

[ones-npb-is]
  target perf      : 8.2982 Hz
  coefficients_perf: [-0.0002928630053090073, 0.09346144861544026, 0.8415796304794382]
  feedforward PCAP : 121.50 W  →  124 W (snapped)
  Perf(u_ff) check : 7.8738 Hz  (should ≈ target)
  PID gains        : Kp=22.4258 W/Hz  Ki=2.24258 W/(Hz·s)  Kd=0.0000
[PID] perf=4.047Hz  target=8.298Hz  err=+4.251Hz  corr=+114.41W  u_ff=121.5W  PCAP→165W  power=nanW
[PID] perf=8.032Hz  target=8.298Hz  err=+0.267Hz  corr=+26.24W  u_ff=121.5W  PCAP→147W  power=159.2W
[PID] perf=7.863Hz  target=8.298Hz  err=+0.435Hz  corr=+31.98W  u_ff=121.5W  PCAP→153W  power=146.4W
[PID] perf=7.918Hz  target=8.298Hz  err=+0.380Hz  corr=+32.44W  u_ff=121.5W  PCAP→153W  power=152.9W
[PID] perf=7.860Hz  target=8.298Hz  err=+0.438Hz  corr=+35.70W  u_ff=121.5W  PCAP→159W  power=153.9W
[PID] perf=7.880Hz  target=8.298Hz  err=+0.418Hz  corr=+37.14W  u_ff=121.5W  PCAP→159W  power=158.9W
[PID] perf=7.894Hz  target=8.298Hz  err=+0.404Hz  corr=+38.63W  u_ff=121.5W  PCAP→159W  power=157.8W
[PID] perf=8.104Hz  target=8.298Hz  err=+0.194Hz  corr=+34.79W  u_ff=121.5W  PCAP→159W  power=160.0W
[PID] perf=8.108Hz  target=8.298Hz  err=+0.190Hz  corr=+35.56W  u_ff=121.5W  PCAP→159W  power=157.1W
[PID] perf=8.009Hz  target=8.298Hz  err=+0.289Hz  corr=+39.07W  u_ff=121.5W  PCAP→159W  power=158.7W
[PID] perf=7.954Hz  target=8.298Hz  err=+0.344Hz  corr=+41.85W  u_ff=121.5W  PCAP→165W  power=158.6W
[PID] perf=8.050Hz  target=8.298Hz  err=+0.248Hz  corr=+40.81W  u_ff=121.5W  PCAP→165W  power=159.5W
[PID] perf=8.051Hz  target=8.298Hz  err=+0.247Hz  corr=+41.88W  u_ff=121.5W  PCAP→165W  power=158.5W
[PID] perf=8.050Hz  target=8.298Hz  err=+0.248Hz  corr=+43.04W  u_ff=121.5W  PCAP→165W  power=160.2W
[PID] perf=8.043Hz  target=8.298Hz  err=+0.255Hz  corr=+44.34W  u_ff=121.5W  PCAP→165W  power=157.2W
[PID] perf=8.048Hz  target=8.298Hz  err=+0.251Hz  corr=+45.36W  u_ff=121.5W  PCAP→165W  power=158.6W
[PID] perf=8.051Hz  target=8.298Hz  err=+0.247Hz  corr=+45.54W  u_ff=121.5W  PCAP→165W  power=159.8W
[PID] perf=8.053Hz  target=8.298Hz  err=+0.245Hz  corr=+45.51W  u_ff=121.5W  PCAP→165W  power=155.3W
[PID] perf=8.049Hz  target=8.298Hz  err=+0.250Hz  corr=+45.60W  u_ff=121.5W  PCAP→165W  power=157.7W
[PID] perf=8.050Hz  target=8.298Hz  err=+0.248Hz  corr=+45.57W  u_ff=121.5W  PCAP→165W  power=159.1W
[PID] perf=8.047Hz  target=8.298Hz  err=+0.251Hz  corr=+45.64W  u_ff=121.5W  PCAP→165W  power=158.7W
[PID] perf=8.045Hz  target=8.298Hz  err=+0.253Hz  corr=+45.68W  u_ff=121.5W  PCAP→165W  power=158.2W
[PID] perf=8.038Hz  target=8.298Hz  err=+0.260Hz  corr=+45.83W  u_ff=121.5W  PCAP→165W  power=162.0W
[PID] perf=8.047Hz  target=8.298Hz  err=+0.251Hz  corr=+45.63W  u_ff=121.5W  PCAP→165W  power=157.3W
[PID] perf=8.045Hz  target=8.298Hz  err=+0.254Hz  corr=+45.69W  u_ff=121.5W  PCAP→165W  power=158.3W
[PID] perf=8.046Hz  target=8.298Hz  err=+0.253Hz  corr=+45.66W  u_ff=121.5W  PCAP→165W  power=158.8W
[PID] perf=8.054Hz  target=8.298Hz  err=+0.244Hz  corr=+45.48W  u_ff=121.5W  PCAP→165W  power=160.0W
[PID] perf=8.044Hz  target=8.298Hz  err=+0.254Hz  corr=+45.71W  u_ff=121.5W  PCAP→165W  power=157.8W
[PID] perf=8.047Hz  target=8.298Hz  err=+0.251Hz  corr=+45.62W  u_ff=121.5W  PCAP→165W  power=156.7W
[PID] perf=8.043Hz  target=8.298Hz  err=+0.255Hz  corr=+45.73W  u_ff=121.5W  PCAP→165W  power=157.1W
[PID] perf=8.025Hz  target=8.298Hz  err=+0.273Hz  corr=+46.12W  u_ff=121.5W  PCAP→165W  power=156.7W
[PID] perf=8.036Hz  target=8.298Hz  err=+0.263Hz  corr=+45.89W  u_ff=121.5W  PCAP→165W  power=155.6W
[PID] perf=8.047Hz  target=8.298Hz  err=+0.252Hz  corr=+45.64W  u_ff=121.5W  PCAP→165W  power=158.3W
[PID] perf=8.048Hz  target=8.298Hz  err=+0.250Hz  corr=+45.60W  u_ff=121.5W  PCAP→165W  power=161.5W
[PID] perf=8.047Hz  target=8.298Hz  err=+0.251Hz  corr=+45.64W  u_ff=121.5W  PCAP→165W  power=158.1W
[PID] perf=8.047Hz  target=8.298Hz  err=+0.252Hz  corr=+45.64W  u_ff=121.5W  PCAP→165W  power=161.6W
[PID] perf=8.046Hz  target=8.298Hz  err=+0.253Hz  corr=+45.67W  u_ff=121.5W  PCAP→165W  power=158.3W
[PID] perf=8.048Hz  target=8.298Hz  err=+0.251Hz  corr=+45.62W  u_ff=121.5W  PCAP→165W  power=160.4W
[PID] perf=8.051Hz  target=8.298Hz  err=+0.247Hz  corr=+45.54W  u_ff=121.5W  PCAP→165W  power=157.5W
[PID] perf=8.036Hz  target=8.298Hz  err=+0.262Hz  corr=+45.88W  u_ff=121.5W  PCAP→165W  power=157.2W
[PID] perf=8.091Hz  target=8.298Hz  err=+0.207Hz  corr=+44.65W  u_ff=121.5W  PCAP→165W  power=156.0W
[PID] perf=8.113Hz  target=8.298Hz  err=+0.185Hz  corr=+44.15W  u_ff=121.5W  PCAP→165W  power=158.5W
[PID] perf=8.124Hz  target=8.298Hz  err=+0.175Hz  corr=+43.92W  u_ff=121.5W  PCAP→165W  power=156.7W
[PID] perf=8.118Hz  target=8.298Hz  err=+0.181Hz  corr=+44.05W  u_ff=121.5W  PCAP→165W  power=154.9W
[PID] perf=8.121Hz  target=8.298Hz  err=+0.177Hz  corr=+43.98W  u_ff=121.5W  PCAP→165W  power=156.3W
[PID] perf=8.113Hz  target=8.298Hz  err=+0.185Hz  corr=+44.15W  u_ff=121.5W  PCAP→165W  power=155.9W
[PID] perf=8.111Hz  target=8.298Hz  err=+0.187Hz  corr=+44.19W  u_ff=121.5W  PCAP→165W  power=152.8W
[PID] perf=8.120Hz  target=8.298Hz  err=+0.178Hz  corr=+43.99W  u_ff=121.5W  PCAP→165W  power=161.5W
[PID] perf=8.115Hz  target=8.298Hz  err=+0.183Hz  corr=+44.11W  u_ff=121.5W  PCAP→165W  power=159.9W
[PID] perf=8.119Hz  target=8.298Hz  err=+0.179Hz  corr=+44.01W  u_ff=121.5W  PCAP→165W  power=160.7W
[PID] perf=8.107Hz  target=8.298Hz  err=+0.191Hz  corr=+44.28W  u_ff=121.5W  PCAP→165W  power=160.7W
[PID] perf=8.039Hz  target=8.298Hz  err=+0.259Hz  corr=+45.80W  u_ff=121.5W  PCAP→165W  power=157.2W
[PID] perf=8.111Hz  target=8.298Hz  err=+0.188Hz  corr=+44.21W  u_ff=121.5W  PCAP→165W  power=159.5W
[PID] perf=8.107Hz  target=8.298Hz  err=+0.191Hz  corr=+44.29W  u_ff=121.5W  PCAP→165W  power=156.2W
[PID] perf=8.116Hz  target=8.298Hz  err=+0.182Hz  corr=+44.08W  u_ff=121.5W  PCAP→165W  power=157.2W
[PID] perf=8.109Hz  target=8.298Hz  err=+0.189Hz  corr=+44.24W  u_ff=121.5W  PCAP→165W  power=157.1W
[PID] perf=8.109Hz  target=8.298Hz  err=+0.189Hz  corr=+44.23W  u_ff=121.5W  PCAP→165W  power=155.3W
[PID] perf=8.130Hz  target=8.298Hz  err=+0.168Hz  corr=+43.77W  u_ff=121.5W  PCAP→165W  power=158.8W
[PID] perf=8.097Hz  target=8.298Hz  err=+0.201Hz  corr=+44.52W  u_ff=121.5W  PCAP→165W  power=157.7W
[PID] perf=8.126Hz  target=8.298Hz  err=+0.173Hz  corr=+43.87W  u_ff=121.5W  PCAP→165W  power=156.5W
[PID] perf=8.119Hz  target=8.298Hz  err=+0.179Hz  corr=+44.01W  u_ff=121.5W  PCAP→165W  power=156.6W
[PID] perf=8.119Hz  target=8.298Hz  err=+0.180Hz  corr=+44.03W  u_ff=121.5W  PCAP→165W  power=155.6W
[PID] perf=8.123Hz  target=8.298Hz  err=+0.176Hz  corr=+43.94W  u_ff=121.5W  PCAP→165W  power=155.9W
Process completed.
Compressed into /home/cc/summer2024/main_codes/pid_controller/../experiment_data/PID_Control_sweep/ones-npb-is/compressed_iteration_20260512_075314.tar
----------------------------------

>>> Step 3/3

[ones-npb-is]
  target perf      : 8.2982 Hz
  coefficients_perf: [-0.0002928630053090073, 0.09346144861544026, 0.8415796304794382]
  feedforward PCAP : 121.50 W  →  124 W (snapped)
  Perf(u_ff) check : 7.8738 Hz  (should ≈ target)
  PID gains        : Kp=22.4258 W/Hz  Ki=2.24258 W/(Hz·s)  Kd=0.0000
[PID] perf=3.990Hz  target=8.298Hz  err=+4.308Hz  corr=+115.94W  u_ff=121.5W  PCAP→165W  power=nanW
[PID] perf=8.019Hz  target=8.298Hz  err=+0.279Hz  corr=+26.83W  u_ff=121.5W  PCAP→147W  power=139.1W
[PID] perf=7.793Hz  target=8.298Hz  err=+0.505Hz  corr=+34.16W  u_ff=121.5W  PCAP→153W  power=148.3W
[PID] perf=7.876Hz  target=8.298Hz  err=+0.422Hz  corr=+34.21W  u_ff=121.5W  PCAP→153W  power=152.8W
[PID] perf=8.082Hz  target=8.298Hz  err=+0.216Hz  corr=+30.54W  u_ff=121.5W  PCAP→153W  power=152.3W
[PID] perf=8.083Hz  target=8.298Hz  err=+0.215Hz  corr=+31.50W  u_ff=121.5W  PCAP→153W  power=151.1W
[PID] perf=8.088Hz  target=8.298Hz  err=+0.210Hz  corr=+32.33W  u_ff=121.5W  PCAP→153W  power=150.9W
[PID] perf=8.079Hz  target=8.298Hz  err=+0.219Hz  corr=+33.52W  u_ff=121.5W  PCAP→153W  power=153.1W
[PID] perf=8.077Hz  target=8.298Hz  err=+0.221Hz  corr=+34.55W  u_ff=121.5W  PCAP→159W  power=152.0W
[PID] perf=8.074Hz  target=8.298Hz  err=+0.224Hz  corr=+35.61W  u_ff=121.5W  PCAP→159W  power=160.3W
[PID] perf=8.045Hz  target=8.298Hz  err=+0.253Hz  corr=+37.41W  u_ff=121.5W  PCAP→159W  power=157.3W
[PID] perf=8.064Hz  target=8.298Hz  err=+0.234Hz  corr=+38.04W  u_ff=121.5W  PCAP→159W  power=160.7W
[PID] perf=8.075Hz  target=8.298Hz  err=+0.223Hz  corr=+38.78W  u_ff=121.5W  PCAP→159W  power=162.4W
[PID] perf=8.082Hz  target=8.298Hz  err=+0.216Hz  corr=+39.60W  u_ff=121.5W  PCAP→159W  power=158.6W
[PID] perf=8.071Hz  target=8.298Hz  err=+0.227Hz  corr=+40.85W  u_ff=121.5W  PCAP→165W  power=158.3W
[PID] perf=8.145Hz  target=8.298Hz  err=+0.153Hz  corr=+39.89W  u_ff=121.5W  PCAP→159W  power=161.8W
[PID] perf=8.130Hz  target=8.298Hz  err=+0.168Hz  corr=+40.97W  u_ff=121.5W  PCAP→165W  power=160.5W
[PID] perf=8.150Hz  target=8.298Hz  err=+0.148Hz  corr=+41.18W  u_ff=121.5W  PCAP→165W  power=161.3W
[PID] perf=8.143Hz  target=8.298Hz  err=+0.155Hz  corr=+42.04W  u_ff=121.5W  PCAP→165W  power=160.2W
[PID] perf=8.143Hz  target=8.298Hz  err=+0.155Hz  corr=+42.75W  u_ff=121.5W  PCAP→165W  power=157.3W
[PID] perf=8.147Hz  target=8.298Hz  err=+0.151Hz  corr=+43.34W  u_ff=121.5W  PCAP→165W  power=161.7W
[PID] perf=8.144Hz  target=8.298Hz  err=+0.154Hz  corr=+43.45W  u_ff=121.5W  PCAP→165W  power=157.9W
[PID] perf=8.143Hz  target=8.298Hz  err=+0.155Hz  corr=+43.49W  u_ff=121.5W  PCAP→165W  power=161.3W
[PID] perf=8.146Hz  target=8.298Hz  err=+0.152Hz  corr=+43.40W  u_ff=121.5W  PCAP→165W  power=159.1W
[PID] perf=8.139Hz  target=8.298Hz  err=+0.159Hz  corr=+43.56W  u_ff=121.5W  PCAP→165W  power=155.6W
[PID] perf=8.125Hz  target=8.298Hz  err=+0.173Hz  corr=+43.89W  u_ff=121.5W  PCAP→165W  power=158.0W
[PID] perf=8.139Hz  target=8.298Hz  err=+0.159Hz  corr=+43.57W  u_ff=121.5W  PCAP→165W  power=157.2W
[PID] perf=8.138Hz  target=8.298Hz  err=+0.160Hz  corr=+43.59W  u_ff=121.5W  PCAP→165W  power=161.9W
[PID] perf=8.144Hz  target=8.298Hz  err=+0.154Hz  corr=+43.46W  u_ff=121.5W  PCAP→165W  power=157.5W
[PID] perf=8.136Hz  target=8.298Hz  err=+0.162Hz  corr=+43.64W  u_ff=121.5W  PCAP→165W  power=160.5W
[PID] perf=8.139Hz  target=8.298Hz  err=+0.159Hz  corr=+43.57W  u_ff=121.5W  PCAP→165W  power=161.8W
[PID] perf=8.134Hz  target=8.298Hz  err=+0.164Hz  corr=+43.69W  u_ff=121.5W  PCAP→165W  power=158.2W
[PID] perf=8.142Hz  target=8.298Hz  err=+0.156Hz  corr=+43.51W  u_ff=121.5W  PCAP→165W  power=160.8W
[PID] perf=8.138Hz  target=8.298Hz  err=+0.160Hz  corr=+43.60W  u_ff=121.5W  PCAP→165W  power=155.1W
[PID] perf=8.146Hz  target=8.298Hz  err=+0.152Hz  corr=+43.42W  u_ff=121.5W  PCAP→165W  power=158.3W
[PID] perf=8.147Hz  target=8.298Hz  err=+0.151Hz  corr=+43.39W  u_ff=121.5W  PCAP→165W  power=159.2W
[PID] perf=8.150Hz  target=8.298Hz  err=+0.148Hz  corr=+43.32W  u_ff=121.5W  PCAP→165W  power=158.4W
[PID] perf=8.146Hz  target=8.298Hz  err=+0.152Hz  corr=+43.41W  u_ff=121.5W  PCAP→165W  power=156.9W
[PID] perf=8.143Hz  target=8.298Hz  err=+0.156Hz  corr=+43.49W  u_ff=121.5W  PCAP→165W  power=158.4W
[PID] perf=8.146Hz  target=8.298Hz  err=+0.152Hz  corr=+43.42W  u_ff=121.5W  PCAP→165W  power=159.1W
[PID] perf=8.152Hz  target=8.298Hz  err=+0.147Hz  corr=+43.29W  u_ff=121.5W  PCAP→165W  power=156.4W
[PID] perf=8.150Hz  target=8.298Hz  err=+0.148Hz  corr=+43.32W  u_ff=121.5W  PCAP→165W  power=163.6W
[PID] perf=8.150Hz  target=8.298Hz  err=+0.148Hz  corr=+43.33W  u_ff=121.5W  PCAP→165W  power=160.1W
[PID] perf=8.146Hz  target=8.298Hz  err=+0.152Hz  corr=+43.40W  u_ff=121.5W  PCAP→165W  power=157.6W
[PID] perf=8.152Hz  target=8.298Hz  err=+0.146Hz  corr=+43.27W  u_ff=121.5W  PCAP→165W  power=158.0W
[PID] perf=8.142Hz  target=8.298Hz  err=+0.156Hz  corr=+43.50W  u_ff=121.5W  PCAP→165W  power=161.1W
[PID] perf=8.147Hz  target=8.298Hz  err=+0.151Hz  corr=+43.39W  u_ff=121.5W  PCAP→165W  power=162.2W
[PID] perf=8.145Hz  target=8.298Hz  err=+0.153Hz  corr=+43.44W  u_ff=121.5W  PCAP→165W  power=160.0W
[PID] perf=8.148Hz  target=8.298Hz  err=+0.150Hz  corr=+43.36W  u_ff=121.5W  PCAP→165W  power=161.8W
[PID] perf=8.145Hz  target=8.298Hz  err=+0.154Hz  corr=+43.44W  u_ff=121.5W  PCAP→165W  power=157.5W
[PID] perf=8.152Hz  target=8.298Hz  err=+0.146Hz  corr=+43.28W  u_ff=121.5W  PCAP→165W  power=154.5W
[PID] perf=8.086Hz  target=8.298Hz  err=+0.213Hz  corr=+44.77W  u_ff=121.5W  PCAP→165W  power=159.9W
[PID] perf=8.082Hz  target=8.298Hz  err=+0.216Hz  corr=+44.85W  u_ff=121.5W  PCAP→165W  power=157.9W
[PID] perf=8.083Hz  target=8.298Hz  err=+0.215Hz  corr=+44.82W  u_ff=121.5W  PCAP→165W  power=163.6W
[PID] perf=8.083Hz  target=8.298Hz  err=+0.215Hz  corr=+44.82W  u_ff=121.5W  PCAP→165W  power=161.5W
[PID] perf=8.086Hz  target=8.298Hz  err=+0.212Hz  corr=+44.75W  u_ff=121.5W  PCAP→165W  power=157.5W
[PID] perf=8.077Hz  target=8.298Hz  err=+0.221Hz  corr=+44.95W  u_ff=121.5W  PCAP→165W  power=157.7W
[PID] perf=8.093Hz  target=8.298Hz  err=+0.205Hz  corr=+44.60W  u_ff=121.5W  PCAP→165W  power=157.9W
[PID] perf=8.077Hz  target=8.298Hz  err=+0.221Hz  corr=+44.95W  u_ff=121.5W  PCAP→165W  power=157.9W
[PID] perf=8.061Hz  target=8.298Hz  err=+0.237Hz  corr=+45.31W  u_ff=121.5W  PCAP→165W  power=161.0W
[PID] perf=8.089Hz  target=8.298Hz  err=+0.210Hz  corr=+44.70W  u_ff=121.5W  PCAP→165W  power=161.2W
[PID] perf=8.079Hz  target=8.298Hz  err=+0.220Hz  corr=+44.93W  u_ff=121.5W  PCAP→165W  power=160.4W
Process completed.
Compressed into /home/cc/summer2024/main_codes/pid_controller/../experiment_data/PID_Control_sweep/ones-npb-is/compressed_iteration_20260512_075518.tar
----------------------------------
