
>>> Step 1/3

[ones-stream-copy]
  target perf      : 250.8372 Hz
  coefficients_perf: [-0.009145850389641445, 2.8207784567410488, 59.899822180263264]
  feedforward PCAP : 100.32 W  →  101 W (snapped)
  Perf(u_ff) check : 250.8372 Hz  (should ≈ target)
  PID gains        : Kp=0.8356 W/Hz  Ki=0.08356 W/(Hz·s)  Kd=0.0000
[PID] perf=282.489Hz  target=250.837Hz  err=-31.652Hz  corr=-31.74W  u_ff=100.3W  PCAP→78W  power=nanW
[PID] perf=239.830Hz  target=250.837Hz  err=+11.007Hz  corr=+5.75W  u_ff=100.3W  PCAP→107W  power=77.6W
[PID] perf=262.335Hz  target=250.837Hz  err=-11.498Hz  corr=-14.98W  u_ff=100.3W  PCAP→83W  power=107.0W
[PID] perf=236.228Hz  target=250.837Hz  err=+14.609Hz  corr=+9.28W  u_ff=100.3W  PCAP→112W  power=82.9W
[PID] perf=264.130Hz  target=250.837Hz  err=-13.293Hz  corr=-16.26W  u_ff=100.3W  PCAP→83W  power=112.1W
[PID] perf=246.550Hz  target=250.837Hz  err=+4.287Hz  corr=-0.85W  u_ff=100.3W  PCAP→101W  power=83.0W
[PID] perf=261.912Hz  target=250.837Hz  err=-11.075Hz  corr=-15.54W  u_ff=100.3W  PCAP→83W  power=100.3W
[PID] perf=245.813Hz  target=250.837Hz  err=+5.024Hz  corr=-1.25W  u_ff=100.3W  PCAP→101W  power=83.0W
[PID] perf=262.190Hz  target=250.837Hz  err=-11.353Hz  corr=-16.83W  u_ff=100.3W  PCAP→83W  power=100.5W
[PID] perf=247.954Hz  target=250.837Hz  err=+2.883Hz  corr=-4.45W  u_ff=100.3W  PCAP→95W  power=82.6W
[PID] perf=257.577Hz  target=250.837Hz  err=-6.740Hz  corr=-13.62W  u_ff=100.3W  PCAP→89W  power=95.3W
[PID] perf=256.342Hz  target=250.837Hz  err=-5.504Hz  corr=-13.51W  u_ff=100.3W  PCAP→89W  power=89.3W
[PID] perf=257.730Hz  target=250.837Hz  err=-6.893Hz  corr=-15.82W  u_ff=100.3W  PCAP→83W  power=89.7W
[PID] perf=250.192Hz  target=250.837Hz  err=+0.645Hz  corr=-9.41W  u_ff=100.3W  PCAP→89W  power=83.0W
[PID] perf=257.656Hz  target=250.837Hz  err=-6.819Hz  corr=-16.79W  u_ff=100.3W  PCAP→83W  power=89.0W
[PID] perf=249.369Hz  target=250.837Hz  err=+1.468Hz  corr=-9.62W  u_ff=100.3W  PCAP→89W  power=82.8W
[PID] perf=256.637Hz  target=250.837Hz  err=-5.800Hz  corr=-16.66W  u_ff=100.3W  PCAP→83W  power=89.5W
[PID] perf=249.243Hz  target=250.837Hz  err=+1.594Hz  corr=-10.22W  u_ff=100.3W  PCAP→89W  power=82.5W
[PID] perf=256.470Hz  target=250.837Hz  err=-5.632Hz  corr=-17.20W  u_ff=100.3W  PCAP→83W  power=88.7W
[PID] perf=249.090Hz  target=250.837Hz  err=+1.747Hz  corr=-10.74W  u_ff=100.3W  PCAP→89W  power=83.0W
Process completed.
Compressed into /home/cc/summer2024/main_codes/pid_controller/../experiment_data/PID_Control_sweep/ones-stream-copy/compressed_iteration_20260512_191638.tar
----------------------------------

>>> Step 2/3

[ones-stream-copy]
  target perf      : 250.8372 Hz
  coefficients_perf: [-0.009145850389641445, 2.8207784567410488, 59.899822180263264]
  feedforward PCAP : 100.32 W  →  101 W (snapped)
  Perf(u_ff) check : 250.8372 Hz  (should ≈ target)
  PID gains        : Kp=0.8356 W/Hz  Ki=0.08356 W/(Hz·s)  Kd=0.0000
[PID] perf=252.573Hz  target=250.837Hz  err=-1.735Hz  corr=-1.74W  u_ff=100.3W  PCAP→101W  power=nanW
[PID] perf=261.268Hz  target=250.837Hz  err=-10.431Hz  corr=-10.75W  u_ff=100.3W  PCAP→89W  power=100.9W
[PID] perf=252.692Hz  target=250.837Hz  err=-1.855Hz  corr=-3.89W  u_ff=100.3W  PCAP→95W  power=88.7W
[PID] perf=254.396Hz  target=250.837Hz  err=-3.558Hz  corr=-5.91W  u_ff=100.3W  PCAP→95W  power=95.0W
[PID] perf=255.340Hz  target=250.837Hz  err=-4.503Hz  corr=-7.45W  u_ff=100.3W  PCAP→95W  power=94.9W
[PID] perf=256.611Hz  target=250.837Hz  err=-5.774Hz  corr=-9.48W  u_ff=100.3W  PCAP→89W  power=94.8W
[PID] perf=251.176Hz  target=250.837Hz  err=-0.339Hz  corr=-5.00W  u_ff=100.3W  PCAP→95W  power=89.0W
[PID] perf=254.952Hz  target=250.837Hz  err=-4.115Hz  corr=-8.84W  u_ff=100.3W  PCAP→89W  power=94.6W
[PID] perf=252.077Hz  target=250.837Hz  err=-1.240Hz  corr=-6.64W  u_ff=100.3W  PCAP→95W  power=88.7W
[PID] perf=255.301Hz  target=250.837Hz  err=-4.464Hz  corr=-10.08W  u_ff=100.3W  PCAP→89W  power=95.1W
[PID] perf=252.649Hz  target=250.837Hz  err=-1.811Hz  corr=-8.17W  u_ff=100.3W  PCAP→95W  power=88.5W
[PID] perf=256.613Hz  target=250.837Hz  err=-5.776Hz  corr=-12.45W  u_ff=100.3W  PCAP→89W  power=95.6W
[PID] perf=252.816Hz  target=250.837Hz  err=-1.979Hz  corr=-9.61W  u_ff=100.3W  PCAP→89W  power=88.9W
[PID] perf=254.710Hz  target=250.837Hz  err=-3.873Hz  corr=-11.84W  u_ff=100.3W  PCAP→89W  power=88.9W
[PID] perf=253.711Hz  target=250.837Hz  err=-2.874Hz  corr=-11.48W  u_ff=100.3W  PCAP→89W  power=89.4W
[PID] perf=253.867Hz  target=250.837Hz  err=-3.030Hz  corr=-12.12W  u_ff=100.3W  PCAP→89W  power=89.7W
[PID] perf=251.352Hz  target=250.837Hz  err=-0.514Hz  corr=-10.10W  u_ff=100.3W  PCAP→89W  power=88.7W
[PID] perf=251.337Hz  target=250.837Hz  err=-0.499Hz  corr=-10.17W  u_ff=100.3W  PCAP→89W  power=88.3W
[PID] perf=252.512Hz  target=250.837Hz  err=-1.675Hz  corr=-11.43W  u_ff=100.3W  PCAP→89W  power=89.2W
[PID] perf=255.737Hz  target=250.837Hz  err=-4.900Hz  corr=-14.95W  u_ff=100.3W  PCAP→83W  power=88.4W
Process completed.
Compressed into /home/cc/summer2024/main_codes/pid_controller/../experiment_data/PID_Control_sweep/ones-stream-copy/compressed_iteration_20260512_191718.tar
----------------------------------

>>> Step 3/3

[ones-stream-copy]
  target perf      : 250.8372 Hz
  coefficients_perf: [-0.009145850389641445, 2.8207784567410488, 59.899822180263264]
  feedforward PCAP : 100.32 W  →  101 W (snapped)
  Perf(u_ff) check : 250.8372 Hz  (should ≈ target)
  PID gains        : Kp=0.8356 W/Hz  Ki=0.08356 W/(Hz·s)  Kd=0.0000
[PID] perf=248.507Hz  target=250.837Hz  err=+2.330Hz  corr=+2.34W  u_ff=100.3W  PCAP→101W  power=nanW
[PID] perf=261.479Hz  target=250.837Hz  err=-10.642Hz  corr=-10.28W  u_ff=100.3W  PCAP→89W  power=100.7W
[PID] perf=254.406Hz  target=250.837Hz  err=-3.569Hz  corr=-4.97W  u_ff=100.3W  PCAP→95W  power=89.1W
[PID] perf=258.098Hz  target=250.837Hz  err=-7.261Hz  corr=-9.27W  u_ff=100.3W  PCAP→89W  power=95.2W
[PID] perf=256.177Hz  target=250.837Hz  err=-5.340Hz  corr=-8.55W  u_ff=100.3W  PCAP→89W  power=88.4W
[PID] perf=254.764Hz  target=250.837Hz  err=-3.927Hz  corr=-8.03W  u_ff=100.3W  PCAP→95W  power=88.4W
[PID] perf=260.324Hz  target=250.837Hz  err=-9.487Hz  corr=-14.26W  u_ff=100.3W  PCAP→89W  power=95.4W
[PID] perf=255.128Hz  target=250.837Hz  err=-4.291Hz  corr=-10.64W  u_ff=100.3W  PCAP→89W  power=89.6W
[PID] perf=254.139Hz  target=250.837Hz  err=-3.301Hz  corr=-10.36W  u_ff=100.3W  PCAP→89W  power=89.9W
[PID] perf=254.550Hz  target=250.837Hz  err=-3.713Hz  corr=-11.33W  u_ff=100.3W  PCAP→89W  power=90.1W
[PID] perf=254.668Hz  target=250.837Hz  err=-3.831Hz  corr=-12.06W  u_ff=100.3W  PCAP→89W  power=89.3W
[PID] perf=252.415Hz  target=250.837Hz  err=-1.578Hz  corr=-10.45W  u_ff=100.3W  PCAP→89W  power=88.1W
[PID] perf=254.082Hz  target=250.837Hz  err=-3.245Hz  corr=-12.38W  u_ff=100.3W  PCAP→89W  power=89.5W
[PID] perf=254.226Hz  target=250.837Hz  err=-3.389Hz  corr=-13.07W  u_ff=100.3W  PCAP→89W  power=89.1W
[PID] perf=253.397Hz  target=250.837Hz  err=-2.559Hz  corr=-12.80W  u_ff=100.3W  PCAP→89W  power=88.3W
[PID] perf=253.826Hz  target=250.837Hz  err=-2.989Hz  corr=-13.66W  u_ff=100.3W  PCAP→89W  power=88.3W
[PID] perf=252.852Hz  target=250.837Hz  err=-2.015Hz  corr=-13.18W  u_ff=100.3W  PCAP→89W  power=89.5W
[PID] perf=253.969Hz  target=250.837Hz  err=-3.132Hz  corr=-14.64W  u_ff=100.3W  PCAP→83W  power=89.5W
[PID] perf=246.980Hz  target=250.837Hz  err=+3.857Hz  corr=-8.16W  u_ff=100.3W  PCAP→95W  power=83.2W
[PID] perf=258.047Hz  target=250.837Hz  err=-7.210Hz  corr=-18.61W  u_ff=100.3W  PCAP→83W  power=94.5W
Process completed.
Compressed into /home/cc/summer2024/main_codes/pid_controller/../experiment_data/PID_Control_sweep/ones-stream-copy/compressed_iteration_20260512_191758.tar
----------------------------------
