
>>> Step 1/3

[ones-npb-ep]
  target perf      : 10.5231 Hz
  coefficients_perf: [-0.0006394025930687709, 0.20079489995546235, -1.448354481994224]
  feedforward PCAP : 80.00 W  →  78 W (snapped)
  Perf(u_ff) check : 10.5231 Hz  (should ≈ target)
  PID gains        : Kp=11.0083 W/Hz  Ki=1.10083 W/(Hz·s)  Kd=0.0000
[PID] perf=15.113Hz  target=10.523Hz  err=-4.590Hz  corr=-60.63W  u_ff=80.0W  PCAP→78W  power=nanW
[PID] perf=11.025Hz  target=10.523Hz  err=-0.502Hz  corr=-16.73W  u_ff=80.0W  PCAP→78W  power=77.1W
[PID] perf=11.026Hz  target=10.523Hz  err=-0.503Hz  corr=-17.86W  u_ff=80.0W  PCAP→78W  power=78.4W
[PID] perf=11.096Hz  target=10.523Hz  err=-0.573Hz  corr=-19.89W  u_ff=80.0W  PCAP→78W  power=77.6W
[PID] perf=11.138Hz  target=10.523Hz  err=-0.615Hz  corr=-21.71W  u_ff=80.0W  PCAP→78W  power=78.2W
[PID] perf=11.138Hz  target=10.523Hz  err=-0.615Hz  corr=-23.06W  u_ff=80.0W  PCAP→78W  power=80.0W
[PID] perf=11.134Hz  target=10.523Hz  err=-0.611Hz  corr=-24.36W  u_ff=80.0W  PCAP→78W  power=77.9W
[PID] perf=11.161Hz  target=10.523Hz  err=-0.638Hz  corr=-26.06W  u_ff=80.0W  PCAP→78W  power=79.2W
[PID] perf=11.163Hz  target=10.523Hz  err=-0.640Hz  corr=-27.49W  u_ff=80.0W  PCAP→78W  power=80.2W
[PID] perf=11.181Hz  target=10.523Hz  err=-0.658Hz  corr=-29.13W  u_ff=80.0W  PCAP→78W  power=78.9W
[PID] perf=11.138Hz  target=10.523Hz  err=-0.615Hz  corr=-30.02W  u_ff=80.0W  PCAP→78W  power=79.3W
[PID] perf=11.193Hz  target=10.523Hz  err=-0.670Hz  corr=-32.10W  u_ff=80.0W  PCAP→78W  power=78.9W
[PID] perf=11.176Hz  target=10.523Hz  err=-0.653Hz  corr=-33.35W  u_ff=80.0W  PCAP→78W  power=77.1W
[PID] perf=11.124Hz  target=10.523Hz  err=-0.601Hz  corr=-34.10W  u_ff=80.0W  PCAP→78W  power=78.6W
[PID] perf=11.171Hz  target=10.523Hz  err=-0.647Hz  corr=-36.04W  u_ff=80.0W  PCAP→78W  power=78.8W
[PID] perf=11.216Hz  target=10.523Hz  err=-0.693Hz  corr=-38.07W  u_ff=80.0W  PCAP→78W  power=77.9W
[PID] perf=11.219Hz  target=10.523Hz  err=-0.696Hz  corr=-39.63W  u_ff=80.0W  PCAP→78W  power=77.0W
[PID] perf=10.862Hz  target=10.523Hz  err=-0.339Hz  corr=-36.44W  u_ff=80.0W  PCAP→78W  power=77.3W
[PID] perf=10.982Hz  target=10.523Hz  err=-0.459Hz  corr=-38.78W  u_ff=80.0W  PCAP→78W  power=79.5W
[PID] perf=11.189Hz  target=10.523Hz  err=-0.666Hz  corr=-42.52W  u_ff=80.0W  PCAP→78W  power=78.4W
[PID] perf=11.146Hz  target=10.523Hz  err=-0.623Hz  corr=-43.42W  u_ff=80.0W  PCAP→78W  power=78.0W
[PID] perf=11.200Hz  target=10.523Hz  err=-0.677Hz  corr=-45.50W  u_ff=80.0W  PCAP→78W  power=77.1W
[PID] perf=7.970Hz  target=10.523Hz  err=+2.553Hz  corr=-4.33W  u_ff=80.0W  PCAP→78W  power=76.7W
[PID] perf=11.204Hz  target=10.523Hz  err=-0.681Hz  corr=-41.43W  u_ff=80.0W  PCAP→78W  power=77.3W
[PID] perf=11.230Hz  target=10.523Hz  err=-0.707Hz  corr=-43.28W  u_ff=80.0W  PCAP→78W  power=77.3W
[PID] perf=11.190Hz  target=10.523Hz  err=-0.667Hz  corr=-44.30W  u_ff=80.0W  PCAP→78W  power=78.5W
[PID] perf=11.205Hz  target=10.523Hz  err=-0.682Hz  corr=-45.97W  u_ff=80.0W  PCAP→78W  power=78.1W
[PID] perf=11.226Hz  target=10.523Hz  err=-0.703Hz  corr=-47.74W  u_ff=80.0W  PCAP→78W  power=77.9W
[PID] perf=11.227Hz  target=10.523Hz  err=-0.704Hz  corr=-47.75W  u_ff=80.0W  PCAP→78W  power=78.8W
[PID] perf=11.233Hz  target=10.523Hz  err=-0.710Hz  corr=-47.82W  u_ff=80.0W  PCAP→78W  power=78.0W
[PID] perf=11.219Hz  target=10.523Hz  err=-0.695Hz  corr=-47.65W  u_ff=80.0W  PCAP→78W  power=77.7W
[PID] perf=10.883Hz  target=10.523Hz  err=-0.359Hz  corr=-43.96W  u_ff=80.0W  PCAP→78W  power=74.1W
[PID] perf=7.752Hz  target=10.523Hz  err=+2.771Hz  corr=-3.38W  u_ff=80.0W  PCAP→78W  power=78.9W
[PID] perf=10.883Hz  target=10.523Hz  err=-0.360Hz  corr=-38.64W  u_ff=80.0W  PCAP→78W  power=84.7W
[PID] perf=11.223Hz  target=10.523Hz  err=-0.700Hz  corr=-43.92W  u_ff=80.0W  PCAP→78W  power=78.0W
[PID] perf=11.186Hz  target=10.523Hz  err=-0.662Hz  corr=-44.97W  u_ff=80.0W  PCAP→78W  power=78.1W
[PID] perf=11.190Hz  target=10.523Hz  err=-0.667Hz  corr=-46.49W  u_ff=80.0W  PCAP→78W  power=77.3W
[PID] perf=11.243Hz  target=10.523Hz  err=-0.720Hz  corr=-47.93W  u_ff=80.0W  PCAP→78W  power=78.8W
[PID] perf=11.178Hz  target=10.523Hz  err=-0.655Hz  corr=-47.21W  u_ff=80.0W  PCAP→78W  power=77.2W
[PID] perf=7.752Hz  target=10.523Hz  err=+2.771Hz  corr=-2.54W  u_ff=80.0W  PCAP→78W  power=76.2W
[PID] perf=7.936Hz  target=10.523Hz  err=+2.587Hz  corr=+1.12W  u_ff=80.0W  PCAP→83W  power=78.6W
[PID] perf=11.670Hz  target=10.523Hz  err=-1.147Hz  corr=-42.50W  u_ff=80.0W  PCAP→78W  power=82.7W
[PID] perf=10.994Hz  target=10.523Hz  err=-0.471Hz  corr=-36.10W  u_ff=80.0W  PCAP→78W  power=77.1W
[PID] perf=7.812Hz  target=10.523Hz  err=+2.711Hz  corr=+4.90W  u_ff=80.0W  PCAP→83W  power=73.6W
[PID] perf=11.688Hz  target=10.523Hz  err=-1.165Hz  corr=-40.33W  u_ff=80.0W  PCAP→78W  power=83.4W
[PID] perf=11.219Hz  target=10.523Hz  err=-0.696Hz  corr=-36.70W  u_ff=80.0W  PCAP→78W  power=77.9W
[PID] perf=11.048Hz  target=10.523Hz  err=-0.525Hz  corr=-35.98W  u_ff=80.0W  PCAP→78W  power=77.8W
Process completed.
Compressed into /home/cc/summer2024/main_codes/pid_controller/../experiment_data/PID_Control_sweep/ones-npb-ep/compressed_iteration_20260512_114412.tar
----------------------------------

>>> Step 2/3

[ones-npb-ep]
  target perf      : 10.5231 Hz
  coefficients_perf: [-0.0006394025930687709, 0.20079489995546235, -1.448354481994224]
  feedforward PCAP : 80.00 W  →  78 W (snapped)
  Perf(u_ff) check : 10.5231 Hz  (should ≈ target)
  PID gains        : Kp=11.0083 W/Hz  Ki=1.10083 W/(Hz·s)  Kd=0.0000
[PID] perf=11.158Hz  target=10.523Hz  err=-0.634Hz  corr=-8.38W  u_ff=80.0W  PCAP→78W  power=nanW
[PID] perf=11.206Hz  target=10.523Hz  err=-0.683Hz  corr=-10.42W  u_ff=80.0W  PCAP→78W  power=77.1W
[PID] perf=11.248Hz  target=10.523Hz  err=-0.725Hz  corr=-12.47W  u_ff=80.0W  PCAP→78W  power=78.7W
[PID] perf=11.273Hz  target=10.523Hz  err=-0.749Hz  corr=-14.40W  u_ff=80.0W  PCAP→78W  power=78.0W
[PID] perf=11.251Hz  target=10.523Hz  err=-0.727Hz  corr=-15.75W  u_ff=80.0W  PCAP→78W  power=78.0W
[PID] perf=11.242Hz  target=10.523Hz  err=-0.719Hz  corr=-17.25W  u_ff=80.0W  PCAP→78W  power=78.1W
[PID] perf=11.244Hz  target=10.523Hz  err=-0.721Hz  corr=-18.85W  u_ff=80.0W  PCAP→78W  power=77.6W
[PID] perf=11.257Hz  target=10.523Hz  err=-0.734Hz  corr=-20.62W  u_ff=80.0W  PCAP→78W  power=77.3W
[PID] perf=11.241Hz  target=10.523Hz  err=-0.718Hz  corr=-22.02W  u_ff=80.0W  PCAP→78W  power=76.4W
[PID] perf=11.245Hz  target=10.523Hz  err=-0.722Hz  corr=-23.65W  u_ff=80.0W  PCAP→78W  power=78.0W
[PID] perf=11.267Hz  target=10.523Hz  err=-0.744Hz  corr=-25.53W  u_ff=80.0W  PCAP→78W  power=78.7W
[PID] perf=11.260Hz  target=10.523Hz  err=-0.737Hz  corr=-27.08W  u_ff=80.0W  PCAP→78W  power=77.1W
[PID] perf=11.283Hz  target=10.523Hz  err=-0.760Hz  corr=-29.01W  u_ff=80.0W  PCAP→78W  power=77.9W
[PID] perf=11.255Hz  target=10.523Hz  err=-0.732Hz  corr=-30.31W  u_ff=80.0W  PCAP→78W  power=78.1W
[PID] perf=11.257Hz  target=10.523Hz  err=-0.734Hz  corr=-31.95W  u_ff=80.0W  PCAP→78W  power=77.9W
[PID] perf=11.279Hz  target=10.523Hz  err=-0.756Hz  corr=-33.86W  u_ff=80.0W  PCAP→78W  power=77.1W
[PID] perf=11.258Hz  target=10.523Hz  err=-0.735Hz  corr=-35.24W  u_ff=80.0W  PCAP→78W  power=77.3W
[PID] perf=11.309Hz  target=10.523Hz  err=-0.786Hz  corr=-37.54W  u_ff=80.0W  PCAP→78W  power=76.2W
[PID] perf=11.279Hz  target=10.523Hz  err=-0.756Hz  corr=-38.87W  u_ff=80.0W  PCAP→78W  power=78.3W
[PID] perf=11.274Hz  target=10.523Hz  err=-0.751Hz  corr=-40.47W  u_ff=80.0W  PCAP→78W  power=77.7W
[PID] perf=11.318Hz  target=10.523Hz  err=-0.795Hz  corr=-42.70W  u_ff=80.0W  PCAP→78W  power=76.9W
[PID] perf=11.275Hz  target=10.523Hz  err=-0.752Hz  corr=-43.88W  u_ff=80.0W  PCAP→78W  power=77.9W
[PID] perf=10.948Hz  target=10.523Hz  err=-0.425Hz  corr=-41.22W  u_ff=80.0W  PCAP→78W  power=77.2W
[PID] perf=11.274Hz  target=10.523Hz  err=-0.751Hz  corr=-46.46W  u_ff=80.0W  PCAP→78W  power=78.2W
[PID] perf=11.280Hz  target=10.523Hz  err=-0.757Hz  corr=-48.19W  u_ff=80.0W  PCAP→78W  power=77.4W
[PID] perf=11.293Hz  target=10.523Hz  err=-0.770Hz  corr=-48.47W  u_ff=80.0W  PCAP→78W  power=77.9W
[PID] perf=11.286Hz  target=10.523Hz  err=-0.762Hz  corr=-48.39W  u_ff=80.0W  PCAP→78W  power=79.8W
[PID] perf=11.300Hz  target=10.523Hz  err=-0.777Hz  corr=-48.55W  u_ff=80.0W  PCAP→78W  power=78.0W
[PID] perf=11.292Hz  target=10.523Hz  err=-0.769Hz  corr=-48.46W  u_ff=80.0W  PCAP→78W  power=77.2W
[PID] perf=11.291Hz  target=10.523Hz  err=-0.768Hz  corr=-48.46W  u_ff=80.0W  PCAP→78W  power=77.5W
[PID] perf=11.318Hz  target=10.523Hz  err=-0.795Hz  corr=-48.75W  u_ff=80.0W  PCAP→78W  power=78.9W
[PID] perf=11.288Hz  target=10.523Hz  err=-0.765Hz  corr=-48.42W  u_ff=80.0W  PCAP→78W  power=77.2W
[PID] perf=11.290Hz  target=10.523Hz  err=-0.766Hz  corr=-48.44W  u_ff=80.0W  PCAP→78W  power=78.2W
[PID] perf=11.323Hz  target=10.523Hz  err=-0.800Hz  corr=-48.81W  u_ff=80.0W  PCAP→78W  power=78.4W
[PID] perf=11.311Hz  target=10.523Hz  err=-0.788Hz  corr=-48.67W  u_ff=80.0W  PCAP→78W  power=78.2W
[PID] perf=11.298Hz  target=10.523Hz  err=-0.774Hz  corr=-48.52W  u_ff=80.0W  PCAP→78W  power=77.7W
[PID] perf=11.293Hz  target=10.523Hz  err=-0.769Hz  corr=-48.47W  u_ff=80.0W  PCAP→78W  power=78.4W
[PID] perf=11.317Hz  target=10.523Hz  err=-0.793Hz  corr=-48.73W  u_ff=80.0W  PCAP→78W  power=77.7W
[PID] perf=11.302Hz  target=10.523Hz  err=-0.779Hz  corr=-48.57W  u_ff=80.0W  PCAP→78W  power=77.8W
[PID] perf=11.330Hz  target=10.523Hz  err=-0.807Hz  corr=-48.88W  u_ff=80.0W  PCAP→78W  power=77.8W
[PID] perf=11.308Hz  target=10.523Hz  err=-0.784Hz  corr=-48.63W  u_ff=80.0W  PCAP→78W  power=77.6W
[PID] perf=11.326Hz  target=10.523Hz  err=-0.803Hz  corr=-48.84W  u_ff=80.0W  PCAP→78W  power=78.1W
[PID] perf=11.323Hz  target=10.523Hz  err=-0.800Hz  corr=-48.81W  u_ff=80.0W  PCAP→78W  power=77.0W
[PID] perf=11.318Hz  target=10.523Hz  err=-0.795Hz  corr=-48.75W  u_ff=80.0W  PCAP→78W  power=78.2W
[PID] perf=11.329Hz  target=10.523Hz  err=-0.806Hz  corr=-48.87W  u_ff=80.0W  PCAP→78W  power=78.2W
Process completed.
Compressed into /home/cc/summer2024/main_codes/pid_controller/../experiment_data/PID_Control_sweep/ones-npb-ep/compressed_iteration_20260512_114542.tar
----------------------------------

>>> Step 3/3

[ones-npb-ep]
  target perf      : 10.5231 Hz
  coefficients_perf: [-0.0006394025930687709, 0.20079489995546235, -1.448354481994224]
  feedforward PCAP : 80.00 W  →  78 W (snapped)
  Perf(u_ff) check : 10.5231 Hz  (should ≈ target)
  PID gains        : Kp=11.0083 W/Hz  Ki=1.10083 W/(Hz·s)  Kd=0.0000
[PID] perf=11.252Hz  target=10.523Hz  err=-0.729Hz  corr=-9.63W  u_ff=80.0W  PCAP→78W  power=nanW
[PID] perf=11.283Hz  target=10.523Hz  err=-0.760Hz  corr=-11.64W  u_ff=80.0W  PCAP→78W  power=78.6W
[PID] perf=11.310Hz  target=10.523Hz  err=-0.787Hz  corr=-13.67W  u_ff=80.0W  PCAP→78W  power=78.0W
[PID] perf=11.291Hz  target=10.523Hz  err=-0.768Hz  corr=-15.16W  u_ff=80.0W  PCAP→78W  power=77.1W
[PID] perf=11.267Hz  target=10.523Hz  err=-0.744Hz  corr=-16.53W  u_ff=80.0W  PCAP→78W  power=78.2W
[PID] perf=11.294Hz  target=10.523Hz  err=-0.771Hz  corr=-18.52W  u_ff=80.0W  PCAP→78W  power=77.3W
[PID] perf=11.314Hz  target=10.523Hz  err=-0.791Hz  corr=-20.48W  u_ff=80.0W  PCAP→78W  power=78.4W
[PID] perf=11.315Hz  target=10.523Hz  err=-0.792Hz  corr=-22.25W  u_ff=80.0W  PCAP→78W  power=77.9W
[PID] perf=11.287Hz  target=10.523Hz  err=-0.763Hz  corr=-23.61W  u_ff=80.0W  PCAP→78W  power=77.2W
[PID] perf=11.295Hz  target=10.523Hz  err=-0.772Hz  corr=-25.40W  u_ff=80.0W  PCAP→78W  power=77.7W
[PID] perf=11.286Hz  target=10.523Hz  err=-0.763Hz  corr=-26.98W  u_ff=80.0W  PCAP→78W  power=79.0W
[PID] perf=11.293Hz  target=10.523Hz  err=-0.769Hz  corr=-28.75W  u_ff=80.0W  PCAP→78W  power=77.9W
[PID] perf=11.323Hz  target=10.523Hz  err=-0.800Hz  corr=-30.84W  u_ff=80.0W  PCAP→78W  power=78.4W
[PID] perf=11.270Hz  target=10.523Hz  err=-0.747Hz  corr=-31.90W  u_ff=80.0W  PCAP→78W  power=79.1W
[PID] perf=11.300Hz  target=10.523Hz  err=-0.777Hz  corr=-33.94W  u_ff=80.0W  PCAP→78W  power=77.7W
[PID] perf=11.316Hz  target=10.523Hz  err=-0.792Hz  corr=-35.86W  u_ff=80.0W  PCAP→78W  power=78.2W
[PID] perf=11.302Hz  target=10.523Hz  err=-0.779Hz  corr=-37.43W  u_ff=80.0W  PCAP→78W  power=76.7W
[PID] perf=11.325Hz  target=10.523Hz  err=-0.802Hz  corr=-39.45W  u_ff=80.0W  PCAP→78W  power=76.6W
[PID] perf=11.325Hz  target=10.523Hz  err=-0.802Hz  corr=-41.21W  u_ff=80.0W  PCAP→78W  power=78.6W
[PID] perf=11.343Hz  target=10.523Hz  err=-0.820Hz  corr=-43.21W  u_ff=80.0W  PCAP→78W  power=78.7W
[PID] perf=11.313Hz  target=10.523Hz  err=-0.790Hz  corr=-44.62W  u_ff=80.0W  PCAP→78W  power=77.3W
[PID] perf=11.285Hz  target=10.523Hz  err=-0.762Hz  corr=-46.00W  u_ff=80.0W  PCAP→78W  power=77.6W
[PID] perf=11.307Hz  target=10.523Hz  err=-0.784Hz  corr=-47.96W  u_ff=80.0W  PCAP→78W  power=78.1W
[PID] perf=11.312Hz  target=10.523Hz  err=-0.789Hz  corr=-48.69W  u_ff=80.0W  PCAP→78W  power=78.4W
[PID] perf=7.692Hz  target=10.523Hz  err=+2.831Hz  corr=-1.94W  u_ff=80.0W  PCAP→78W  power=73.6W
[PID] perf=7.874Hz  target=10.523Hz  err=+2.649Hz  corr=+1.90W  u_ff=80.0W  PCAP→83W  power=69.5W
[PID] perf=7.937Hz  target=10.523Hz  err=+2.587Hz  corr=+6.90W  u_ff=80.0W  PCAP→89W  power=81.0W
[PID] perf=12.268Hz  target=10.523Hz  err=-1.745Hz  corr=-44.62W  u_ff=80.0W  PCAP→78W  power=88.9W
[PID] perf=11.301Hz  target=10.523Hz  err=-0.778Hz  corr=-35.69W  u_ff=80.0W  PCAP→78W  power=78.2W
[PID] perf=11.339Hz  target=10.523Hz  err=-0.815Hz  corr=-37.90W  u_ff=80.0W  PCAP→78W  power=77.7W
[PID] perf=11.325Hz  target=10.523Hz  err=-0.801Hz  corr=-39.51W  u_ff=80.0W  PCAP→78W  power=78.0W
[PID] perf=11.316Hz  target=10.523Hz  err=-0.792Hz  corr=-41.15W  u_ff=80.0W  PCAP→78W  power=77.8W
[PID] perf=11.338Hz  target=10.523Hz  err=-0.815Hz  corr=-43.19W  u_ff=80.0W  PCAP→78W  power=77.4W
[PID] perf=11.347Hz  target=10.523Hz  err=-0.824Hz  corr=-45.11W  u_ff=80.0W  PCAP→78W  power=78.3W
[PID] perf=11.332Hz  target=10.523Hz  err=-0.809Hz  corr=-46.72W  u_ff=80.0W  PCAP→78W  power=77.4W
[PID] perf=11.327Hz  target=10.523Hz  err=-0.804Hz  corr=-48.44W  u_ff=80.0W  PCAP→78W  power=78.4W
[PID] perf=11.351Hz  target=10.523Hz  err=-0.828Hz  corr=-49.12W  u_ff=80.0W  PCAP→78W  power=78.9W
[PID] perf=11.328Hz  target=10.523Hz  err=-0.805Hz  corr=-48.86W  u_ff=80.0W  PCAP→78W  power=78.5W
[PID] perf=11.327Hz  target=10.523Hz  err=-0.804Hz  corr=-48.85W  u_ff=80.0W  PCAP→78W  power=77.3W
[PID] perf=11.328Hz  target=10.523Hz  err=-0.804Hz  corr=-48.86W  u_ff=80.0W  PCAP→78W  power=77.1W
[PID] perf=11.291Hz  target=10.523Hz  err=-0.768Hz  corr=-48.45W  u_ff=80.0W  PCAP→78W  power=78.1W
[PID] perf=11.304Hz  target=10.523Hz  err=-0.781Hz  corr=-48.60W  u_ff=80.0W  PCAP→78W  power=77.2W
[PID] perf=11.322Hz  target=10.523Hz  err=-0.798Hz  corr=-48.79W  u_ff=80.0W  PCAP→78W  power=77.1W
[PID] perf=11.300Hz  target=10.523Hz  err=-0.776Hz  corr=-48.55W  u_ff=80.0W  PCAP→78W  power=77.8W
[PID] perf=11.356Hz  target=10.523Hz  err=-0.833Hz  corr=-49.17W  u_ff=80.0W  PCAP→78W  power=77.9W
Process completed.
Compressed into /home/cc/summer2024/main_codes/pid_controller/../experiment_data/PID_Control_sweep/ones-npb-ep/compressed_iteration_20260512_114712.tar
----------------------------------
