
>>> Step 1/3

[ones-stream-scale]
  target perf      : 253.9015 Hz
  coefficients_perf: [-0.007896790674324024, 2.478117841878759, 84.0686381205835]
  feedforward PCAP : 101.11 W  →  101 W (snapped)
  Perf(u_ff) check : 253.9015 Hz  (should ≈ target)
  PID gains        : Kp=0.8941 W/Hz  Ki=0.08941 W/(Hz·s)  Kd=0.0000
[PID] perf=282.400Hz  target=253.901Hz  err=-28.499Hz  corr=-30.58W  u_ff=101.1W  PCAP→78W  power=nanW
[PID] perf=236.022Hz  target=253.901Hz  err=+17.880Hz  corr=+14.09W  u_ff=101.1W  PCAP→118W  power=78.5W
[PID] perf=267.767Hz  target=253.901Hz  err=-13.866Hz  corr=-16.78W  u_ff=101.1W  PCAP→83W  power=118.9W
[PID] perf=239.314Hz  target=253.901Hz  err=+14.587Hz  corr=+11.27W  u_ff=101.1W  PCAP→112W  power=83.7W
[PID] perf=262.579Hz  target=253.901Hz  err=-8.677Hz  corr=-11.08W  u_ff=101.1W  PCAP→89W  power=111.6W
[PID] perf=253.300Hz  target=253.901Hz  err=+0.602Hz  corr=-2.68W  u_ff=101.1W  PCAP→101W  power=88.5W
[PID] perf=259.682Hz  target=253.901Hz  err=-5.781Hz  corr=-9.42W  u_ff=101.1W  PCAP→89W  power=101.4W
[PID] perf=253.422Hz  target=253.901Hz  err=+0.479Hz  corr=-3.73W  u_ff=101.1W  PCAP→95W  power=88.4W
[PID] perf=255.485Hz  target=253.901Hz  err=-1.584Hz  corr=-5.86W  u_ff=101.1W  PCAP→95W  power=94.6W
[PID] perf=255.706Hz  target=253.901Hz  err=-1.805Hz  corr=-6.38W  u_ff=101.1W  PCAP→95W  power=94.6W
[PID] perf=255.480Hz  target=253.901Hz  err=-1.579Hz  corr=-6.46W  u_ff=101.1W  PCAP→95W  power=93.9W
[PID] perf=257.788Hz  target=253.901Hz  err=-3.887Hz  corr=-9.22W  u_ff=101.1W  PCAP→89W  power=94.5W
[PID] perf=250.108Hz  target=253.901Hz  err=+3.794Hz  corr=-1.67W  u_ff=101.1W  PCAP→101W  power=89.2W
[PID] perf=258.010Hz  target=253.901Hz  err=-4.109Hz  corr=-9.48W  u_ff=101.1W  PCAP→89W  power=101.1W
[PID] perf=250.631Hz  target=253.901Hz  err=+3.271Hz  corr=-2.29W  u_ff=101.1W  PCAP→101W  power=88.5W
[PID] perf=259.707Hz  target=253.901Hz  err=-5.805Hz  corr=-11.45W  u_ff=101.1W  PCAP→89W  power=100.4W
[PID] perf=250.966Hz  target=253.901Hz  err=+2.936Hz  corr=-3.10W  u_ff=101.1W  PCAP→101W  power=88.7W
[PID] perf=261.800Hz  target=253.901Hz  err=-7.899Hz  corr=-14.21W  u_ff=101.1W  PCAP→89W  power=101.3W
[PID] perf=255.156Hz  target=253.901Hz  err=-1.255Hz  corr=-8.49W  u_ff=101.1W  PCAP→95W  power=87.9W
[PID] perf=258.737Hz  target=253.901Hz  err=-4.836Hz  corr=-12.56W  u_ff=101.1W  PCAP→89W  power=94.8W
Process completed.
Compressed into /home/cc/summer2024/main_codes/pid_controller/../experiment_data/PID_Control_sweep/ones-stream-scale/compressed_iteration_20260512_033024.tar
----------------------------------

>>> Step 2/3

[ones-stream-scale]
  target perf      : 253.9015 Hz
  coefficients_perf: [-0.007896790674324024, 2.478117841878759, 84.0686381205835]
  feedforward PCAP : 101.11 W  →  101 W (snapped)
  Perf(u_ff) check : 253.9015 Hz  (should ≈ target)
  PID gains        : Kp=0.8941 W/Hz  Ki=0.08941 W/(Hz·s)  Kd=0.0000
[PID] perf=252.943Hz  target=253.901Hz  err=+0.958Hz  corr=+1.03W  u_ff=101.1W  PCAP→101W  power=nanW
[PID] perf=256.983Hz  target=253.901Hz  err=-3.081Hz  corr=-3.13W  u_ff=101.1W  PCAP→95W  power=101.3W
[PID] perf=250.456Hz  target=253.901Hz  err=+3.445Hz  corr=+3.32W  u_ff=101.1W  PCAP→107W  power=95.4W
[PID] perf=257.309Hz  target=253.901Hz  err=-3.407Hz  corr=-3.42W  u_ff=101.1W  PCAP→95W  power=106.9W
[PID] perf=255.787Hz  target=253.901Hz  err=-1.885Hz  corr=-2.40W  u_ff=101.1W  PCAP→101W  power=94.9W
[PID] perf=260.123Hz  target=253.901Hz  err=-6.221Hz  corr=-7.39W  u_ff=101.1W  PCAP→95W  power=101.6W
[PID] perf=255.690Hz  target=253.901Hz  err=-1.789Hz  corr=-3.74W  u_ff=101.1W  PCAP→95W  power=94.2W
[PID] perf=256.229Hz  target=253.901Hz  err=-2.328Hz  corr=-4.64W  u_ff=101.1W  PCAP→95W  power=94.6W
[PID] perf=257.183Hz  target=253.901Hz  err=-3.281Hz  corr=-6.08W  u_ff=101.1W  PCAP→95W  power=95.5W
[PID] perf=256.988Hz  target=253.901Hz  err=-3.087Hz  corr=-6.46W  u_ff=101.1W  PCAP→95W  power=93.7W
[PID] perf=256.326Hz  target=253.901Hz  err=-2.424Hz  corr=-6.30W  u_ff=101.1W  PCAP→95W  power=94.8W
[PID] perf=254.921Hz  target=253.901Hz  err=-1.020Hz  corr=-5.23W  u_ff=101.1W  PCAP→95W  power=94.7W
[PID] perf=256.514Hz  target=253.901Hz  err=-2.613Hz  corr=-7.12W  u_ff=101.1W  PCAP→95W  power=94.2W
[PID] perf=255.480Hz  target=253.901Hz  err=-1.579Hz  corr=-6.47W  u_ff=101.1W  PCAP→95W  power=94.8W
[PID] perf=254.963Hz  target=253.901Hz  err=-1.061Hz  corr=-6.20W  u_ff=101.1W  PCAP→95W  power=94.8W
[PID] perf=255.501Hz  target=253.901Hz  err=-1.599Hz  corr=-6.97W  u_ff=101.1W  PCAP→95W  power=94.8W
[PID] perf=258.578Hz  target=253.901Hz  err=-4.676Hz  corr=-10.56W  u_ff=101.1W  PCAP→89W  power=95.6W
[PID] perf=251.326Hz  target=253.901Hz  err=+2.575Hz  corr=-3.61W  u_ff=101.1W  PCAP→95W  power=90.1W
[PID] perf=255.990Hz  target=253.901Hz  err=-2.088Hz  corr=-8.15W  u_ff=101.1W  PCAP→95W  power=94.5W
[PID] perf=257.762Hz  target=253.901Hz  err=-3.861Hz  corr=-10.43W  u_ff=101.1W  PCAP→89W  power=96.1W
Process completed.
Compressed into /home/cc/summer2024/main_codes/pid_controller/../experiment_data/PID_Control_sweep/ones-stream-scale/compressed_iteration_20260512_033104.tar
----------------------------------

>>> Step 3/3

[ones-stream-scale]
  target perf      : 253.9015 Hz
  coefficients_perf: [-0.007896790674324024, 2.478117841878759, 84.0686381205835]
  feedforward PCAP : 101.11 W  →  101 W (snapped)
  Perf(u_ff) check : 253.9015 Hz  (should ≈ target)
  PID gains        : Kp=0.8941 W/Hz  Ki=0.08941 W/(Hz·s)  Kd=0.0000
[PID] perf=251.487Hz  target=253.901Hz  err=+2.414Hz  corr=+2.59W  u_ff=101.1W  PCAP→101W  power=nanW
[PID] perf=261.896Hz  target=253.901Hz  err=-7.994Hz  corr=-8.15W  u_ff=101.1W  PCAP→95W  power=100.9W
[PID] perf=255.491Hz  target=253.901Hz  err=-1.589Hz  corr=-2.70W  u_ff=101.1W  PCAP→101W  power=95.3W
[PID] perf=258.700Hz  target=253.901Hz  err=-4.799Hz  corr=-6.43W  u_ff=101.1W  PCAP→95W  power=101.7W
[PID] perf=257.240Hz  target=253.901Hz  err=-3.339Hz  corr=-5.72W  u_ff=101.1W  PCAP→95W  power=93.5W
[PID] perf=256.938Hz  target=253.901Hz  err=-3.037Hz  corr=-6.00W  u_ff=101.1W  PCAP→95W  power=94.8W
[PID] perf=256.739Hz  target=253.901Hz  err=-2.838Hz  corr=-6.32W  u_ff=101.1W  PCAP→95W  power=94.6W
[PID] perf=256.679Hz  target=253.901Hz  err=-2.777Hz  corr=-6.77W  u_ff=101.1W  PCAP→95W  power=95.3W
[PID] perf=256.954Hz  target=253.901Hz  err=-3.053Hz  corr=-7.56W  u_ff=101.1W  PCAP→95W  power=95.5W
[PID] perf=257.217Hz  target=253.901Hz  err=-3.315Hz  corr=-8.39W  u_ff=101.1W  PCAP→95W  power=95.1W
[PID] perf=256.978Hz  target=253.901Hz  err=-3.076Hz  corr=-8.72W  u_ff=101.1W  PCAP→95W  power=95.6W
[PID] perf=256.750Hz  target=253.901Hz  err=-2.848Hz  corr=-9.03W  u_ff=101.1W  PCAP→95W  power=95.0W
[PID] perf=256.402Hz  target=253.901Hz  err=-2.500Hz  corr=-9.17W  u_ff=101.1W  PCAP→89W  power=94.8W
[PID] perf=254.293Hz  target=253.901Hz  err=-0.391Hz  corr=-7.35W  u_ff=101.1W  PCAP→95W  power=89.7W
[PID] perf=256.881Hz  target=253.901Hz  err=-2.979Hz  corr=-10.20W  u_ff=101.1W  PCAP→89W  power=94.7W
[PID] perf=254.105Hz  target=253.901Hz  err=-0.204Hz  corr=-7.75W  u_ff=101.1W  PCAP→95W  power=89.1W
[PID] perf=257.146Hz  target=253.901Hz  err=-3.244Hz  corr=-11.05W  u_ff=101.1W  PCAP→89W  power=94.9W
[PID] perf=254.190Hz  target=253.901Hz  err=-0.288Hz  corr=-8.46W  u_ff=101.1W  PCAP→95W  power=89.1W
[PID] perf=256.930Hz  target=253.901Hz  err=-3.029Hz  corr=-11.45W  u_ff=101.1W  PCAP→89W  power=94.8W
[PID] perf=254.288Hz  target=253.901Hz  err=-0.386Hz  corr=-9.16W  u_ff=101.1W  PCAP→89W  power=88.2W
Process completed.
Compressed into /home/cc/summer2024/main_codes/pid_controller/../experiment_data/PID_Control_sweep/ones-stream-scale/compressed_iteration_20260512_033144.tar
----------------------------------
