
>>> Step 1/3

[ones-stream-full]
  target perf      : 57.4123 Hz
  coefficients_perf: [-0.001454368618345514, 0.4666906429990306, 19.97332976225342]
  feedforward PCAP : 160.43 W  →  159 W (snapped)
  Perf(u_ff) check : 57.4123 Hz  (should ≈ target)
  PID gains        : Kp=4.4139 W/Hz  Ki=0.44139 W/(Hz·s)  Kd=0.0000
[PID] perf=58.694Hz  target=57.412Hz  err=-1.282Hz  corr=-6.79W  u_ff=160.4W  PCAP→153W  power=nanW
[PID] perf=58.139Hz  target=57.412Hz  err=-0.727Hz  corr=-4.98W  u_ff=160.4W  PCAP→153W  power=156.6W
[PID] perf=57.682Hz  target=57.412Hz  err=-0.270Hz  corr=-3.20W  u_ff=160.4W  PCAP→159W  power=153.3W
[PID] perf=57.758Hz  target=57.412Hz  err=-0.346Hz  corr=-3.85W  u_ff=160.4W  PCAP→159W  power=156.0W
[PID] perf=57.636Hz  target=57.412Hz  err=-0.224Hz  corr=-3.50W  u_ff=160.4W  PCAP→159W  power=158.0W
[PID] perf=58.138Hz  target=57.412Hz  err=-0.726Hz  corr=-6.36W  u_ff=160.4W  PCAP→153W  power=155.3W
[PID] perf=58.211Hz  target=57.412Hz  err=-0.798Hz  corr=-7.38W  u_ff=160.4W  PCAP→153W  power=153.7W
[PID] perf=57.986Hz  target=57.412Hz  err=-0.574Hz  corr=-6.90W  u_ff=160.4W  PCAP→153W  power=151.5W
[PID] perf=57.896Hz  target=57.412Hz  err=-0.483Hz  corr=-6.93W  u_ff=160.4W  PCAP→153W  power=152.8W
[PID] perf=57.822Hz  target=57.412Hz  err=-0.410Hz  corr=-6.96W  u_ff=160.4W  PCAP→153W  power=152.6W
[PID] perf=57.984Hz  target=57.412Hz  err=-0.572Hz  corr=-8.19W  u_ff=160.4W  PCAP→153W  power=153.5W
[PID] perf=57.992Hz  target=57.412Hz  err=-0.580Hz  corr=-8.73W  u_ff=160.4W  PCAP→153W  power=153.4W
[PID] perf=58.073Hz  target=57.412Hz  err=-0.660Hz  corr=-9.67W  u_ff=160.4W  PCAP→153W  power=154.0W
[PID] perf=58.008Hz  target=57.412Hz  err=-0.596Hz  corr=-9.91W  u_ff=160.4W  PCAP→153W  power=152.1W
[PID] perf=58.037Hz  target=57.412Hz  err=-0.624Hz  corr=-10.59W  u_ff=160.4W  PCAP→147W  power=152.6W
[PID] perf=57.791Hz  target=57.412Hz  err=-0.379Hz  corr=-9.84W  u_ff=160.4W  PCAP→153W  power=145.3W
[PID] perf=58.088Hz  target=57.412Hz  err=-0.676Hz  corr=-11.75W  u_ff=160.4W  PCAP→147W  power=152.8W
[PID] perf=57.820Hz  target=57.412Hz  err=-0.407Hz  corr=-10.92W  u_ff=160.4W  PCAP→147W  power=147.2W
[PID] perf=57.829Hz  target=57.412Hz  err=-0.416Hz  corr=-11.33W  u_ff=160.4W  PCAP→147W  power=145.6W
[PID] perf=57.972Hz  target=57.412Hz  err=-0.559Hz  corr=-12.45W  u_ff=160.4W  PCAP→147W  power=146.3W
[PID] perf=57.952Hz  target=57.412Hz  err=-0.540Hz  corr=-12.85W  u_ff=160.4W  PCAP→147W  power=146.3W
[PID] perf=57.764Hz  target=57.412Hz  err=-0.352Hz  corr=-12.32W  u_ff=160.4W  PCAP→147W  power=146.3W
[PID] perf=57.758Hz  target=57.412Hz  err=-0.346Hz  corr=-12.61W  u_ff=160.4W  PCAP→147W  power=147.8W
[PID] perf=57.735Hz  target=57.412Hz  err=-0.323Hz  corr=-12.79W  u_ff=160.4W  PCAP→147W  power=146.8W
[PID] perf=57.780Hz  target=57.412Hz  err=-0.368Hz  corr=-13.31W  u_ff=160.4W  PCAP→147W  power=148.6W
[PID] perf=57.682Hz  target=57.412Hz  err=-0.270Hz  corr=-13.12W  u_ff=160.4W  PCAP→147W  power=148.5W
[PID] perf=57.854Hz  target=57.412Hz  err=-0.442Hz  corr=-14.27W  u_ff=160.4W  PCAP→147W  power=146.4W
[PID] perf=57.842Hz  target=57.412Hz  err=-0.430Hz  corr=-14.59W  u_ff=160.4W  PCAP→147W  power=146.7W
[PID] perf=57.926Hz  target=57.412Hz  err=-0.514Hz  corr=-15.42W  u_ff=160.4W  PCAP→147W  power=147.4W
[PID] perf=57.726Hz  target=57.412Hz  err=-0.314Hz  corr=-14.81W  u_ff=160.4W  PCAP→147W  power=147.1W
[PID] perf=57.708Hz  target=57.412Hz  err=-0.296Hz  corr=-15.00W  u_ff=160.4W  PCAP→147W  power=146.4W
[PID] perf=57.759Hz  target=57.412Hz  err=-0.347Hz  corr=-15.53W  u_ff=160.4W  PCAP→147W  power=146.5W
[PID] perf=57.689Hz  target=57.412Hz  err=-0.276Hz  corr=-15.46W  u_ff=160.4W  PCAP→147W  power=146.4W
[PID] perf=57.720Hz  target=57.412Hz  err=-0.308Hz  corr=-15.87W  u_ff=160.4W  PCAP→147W  power=146.9W
[PID] perf=57.673Hz  target=57.412Hz  err=-0.260Hz  corr=-15.89W  u_ff=160.4W  PCAP→147W  power=147.9W
[PID] perf=57.650Hz  target=57.412Hz  err=-0.237Hz  corr=-16.00W  u_ff=160.4W  PCAP→147W  power=147.6W
[PID] perf=57.677Hz  target=57.412Hz  err=-0.264Hz  corr=-16.35W  u_ff=160.4W  PCAP→147W  power=146.3W
[PID] perf=57.782Hz  target=57.412Hz  err=-0.370Hz  corr=-17.14W  u_ff=160.4W  PCAP→141W  power=146.7W
[PID] perf=57.100Hz  target=57.412Hz  err=+0.312Hz  corr=-13.85W  u_ff=160.4W  PCAP→147W  power=140.3W
[PID] perf=57.788Hz  target=57.412Hz  err=-0.376Hz  corr=-17.22W  u_ff=160.4W  PCAP→141W  power=146.9W
[PID] perf=57.127Hz  target=57.412Hz  err=+0.285Hz  corr=-14.06W  u_ff=160.4W  PCAP→147W  power=140.3W
[PID] perf=57.774Hz  target=57.412Hz  err=-0.362Hz  corr=-17.23W  u_ff=160.4W  PCAP→141W  power=148.1W
[PID] perf=57.102Hz  target=57.412Hz  err=+0.310Hz  corr=-13.99W  u_ff=160.4W  PCAP→147W  power=141.6W
[PID] perf=57.879Hz  target=57.412Hz  err=-0.467Hz  corr=-17.83W  u_ff=160.4W  PCAP→141W  power=146.2W
[PID] perf=57.320Hz  target=57.412Hz  err=+0.092Hz  corr=-15.28W  u_ff=160.4W  PCAP→147W  power=140.9W
[PID] perf=57.809Hz  target=57.412Hz  err=-0.397Hz  corr=-17.79W  u_ff=160.4W  PCAP→141W  power=147.4W
[PID] perf=57.124Hz  target=57.412Hz  err=+0.289Hz  corr=-14.51W  u_ff=160.4W  PCAP→147W  power=138.9W
[PID] perf=57.793Hz  target=57.412Hz  err=-0.380Hz  corr=-17.80W  u_ff=160.4W  PCAP→141W  power=145.1W
[PID] perf=57.139Hz  target=57.412Hz  err=+0.273Hz  corr=-14.68W  u_ff=160.4W  PCAP→147W  power=141.1W
[PID] perf=57.763Hz  target=57.412Hz  err=-0.351Hz  corr=-17.74W  u_ff=160.4W  PCAP→141W  power=147.4W
[PID] perf=57.381Hz  target=57.412Hz  err=+0.032Hz  corr=-16.02W  u_ff=160.4W  PCAP→147W  power=141.5W
[PID] perf=58.047Hz  target=57.412Hz  err=-0.634Hz  corr=-19.52W  u_ff=160.4W  PCAP→141W  power=147.6W
[PID] perf=57.362Hz  target=57.412Hz  err=+0.050Hz  corr=-16.46W  u_ff=160.4W  PCAP→141W  power=140.2W
[PID] perf=57.378Hz  target=57.412Hz  err=+0.035Hz  corr=-16.49W  u_ff=160.4W  PCAP→141W  power=142.1W
[PID] perf=57.387Hz  target=57.412Hz  err=+0.026Hz  corr=-16.51W  u_ff=160.4W  PCAP→141W  power=141.6W
[PID] perf=57.376Hz  target=57.412Hz  err=+0.036Hz  corr=-16.43W  u_ff=160.4W  PCAP→141W  power=140.0W
[PID] perf=57.107Hz  target=57.412Hz  err=+0.305Hz  corr=-14.98W  u_ff=160.4W  PCAP→147W  power=139.9W
[PID] perf=57.774Hz  target=57.412Hz  err=-0.361Hz  corr=-18.24W  u_ff=160.4W  PCAP→141W  power=146.6W
[PID] perf=57.096Hz  target=57.412Hz  err=+0.316Hz  corr=-14.97W  u_ff=160.4W  PCAP→147W  power=140.1W
[PID] perf=57.790Hz  target=57.412Hz  err=-0.378Hz  corr=-18.37W  u_ff=160.4W  PCAP→141W  power=145.7W
[PID] perf=56.983Hz  target=57.412Hz  err=+0.429Hz  corr=-14.42W  u_ff=160.4W  PCAP→147W  power=139.7W
[PID] perf=57.586Hz  target=57.412Hz  err=-0.174Hz  corr=-17.24W  u_ff=160.4W  PCAP→141W  power=147.4W
[PID] perf=56.967Hz  target=57.412Hz  err=+0.445Hz  corr=-14.11W  u_ff=160.4W  PCAP→147W  power=141.8W
[PID] perf=57.573Hz  target=57.412Hz  err=-0.161Hz  corr=-16.93W  u_ff=160.4W  PCAP→141W  power=144.6W
[PID] perf=56.918Hz  target=57.412Hz  err=+0.494Hz  corr=-13.60W  u_ff=160.4W  PCAP→147W  power=141.0W
[PID] perf=57.593Hz  target=57.412Hz  err=-0.180Hz  corr=-16.74W  u_ff=160.4W  PCAP→141W  power=145.6W
[PID] perf=56.920Hz  target=57.412Hz  err=+0.492Hz  corr=-13.34W  u_ff=160.4W  PCAP→147W  power=140.8W
[PID] perf=57.582Hz  target=57.412Hz  err=-0.169Hz  corr=-16.41W  u_ff=160.4W  PCAP→147W  power=147.8W
[PID] perf=57.568Hz  target=57.412Hz  err=-0.156Hz  corr=-16.48W  u_ff=160.4W  PCAP→141W  power=145.4W
[PID] perf=56.911Hz  target=57.412Hz  err=+0.501Hz  corr=-13.14W  u_ff=160.4W  PCAP→147W  power=140.1W
[PID] perf=57.559Hz  target=57.412Hz  err=-0.147Hz  corr=-16.13W  u_ff=160.4W  PCAP→147W  power=148.4W
[PID] perf=57.568Hz  target=57.412Hz  err=-0.156Hz  corr=-16.31W  u_ff=160.4W  PCAP→147W  power=147.2W
[PID] perf=57.552Hz  target=57.412Hz  err=-0.140Hz  corr=-16.36W  u_ff=160.4W  PCAP→147W  power=147.0W
[PID] perf=57.588Hz  target=57.412Hz  err=-0.175Hz  corr=-16.67W  u_ff=160.4W  PCAP→141W  power=146.7W
[PID] perf=57.021Hz  target=57.412Hz  err=+0.391Hz  corr=-13.83W  u_ff=160.4W  PCAP→147W  power=139.3W
[PID] perf=57.654Hz  target=57.412Hz  err=-0.242Hz  corr=-16.84W  u_ff=160.4W  PCAP→141W  power=147.6W
[PID] perf=57.025Hz  target=57.412Hz  err=+0.387Hz  corr=-13.72W  u_ff=160.4W  PCAP→147W  power=142.2W
[PID] perf=57.530Hz  target=57.412Hz  err=-0.118Hz  corr=-16.05W  u_ff=160.4W  PCAP→147W  power=146.3W
[PID] perf=57.632Hz  target=57.412Hz  err=-0.220Hz  corr=-16.70W  u_ff=160.4W  PCAP→141W  power=146.8W
[PID] perf=57.004Hz  target=57.412Hz  err=+0.409Hz  corr=-13.56W  u_ff=160.4W  PCAP→147W  power=139.4W
[PID] perf=57.595Hz  target=57.412Hz  err=-0.183Hz  corr=-16.33W  u_ff=160.4W  PCAP→147W  power=147.7W
[PID] perf=57.504Hz  target=57.412Hz  err=-0.092Hz  corr=-16.01W  u_ff=160.4W  PCAP→147W  power=147.1W
[PID] perf=57.511Hz  target=57.412Hz  err=-0.098Hz  corr=-16.13W  u_ff=160.4W  PCAP→147W  power=147.1W
[PID] perf=57.454Hz  target=57.412Hz  err=-0.042Hz  corr=-15.91W  u_ff=160.4W  PCAP→147W  power=145.5W
[PID] perf=57.473Hz  target=57.412Hz  err=-0.061Hz  corr=-16.05W  u_ff=160.4W  PCAP→147W  power=147.3W
[PID] perf=57.104Hz  target=57.412Hz  err=+0.308Hz  corr=-14.15W  u_ff=160.4W  PCAP→147W  power=144.7W
[PID] perf=57.494Hz  target=57.412Hz  err=-0.082Hz  corr=-15.94W  u_ff=160.4W  PCAP→147W  power=144.8W
Process completed.
Compressed into /home/cc/summer2024/main_codes/pid_controller/../experiment_data/PID_Control_sweep/ones-stream-full/compressed_iteration_20260512_224150.tar
----------------------------------

>>> Step 2/3

[ones-stream-full]
  target perf      : 57.4123 Hz
  coefficients_perf: [-0.001454368618345514, 0.4666906429990306, 19.97332976225342]
  feedforward PCAP : 160.43 W  →  159 W (snapped)
  Perf(u_ff) check : 57.4123 Hz  (should ≈ target)
  PID gains        : Kp=4.4139 W/Hz  Ki=0.44139 W/(Hz·s)  Kd=0.0000
[PID] perf=58.367Hz  target=57.412Hz  err=-0.955Hz  corr=-5.06W  u_ff=160.4W  PCAP→153W  power=nanW
[PID] perf=58.384Hz  target=57.412Hz  err=-0.972Hz  corr=-5.99W  u_ff=160.4W  PCAP→153W  power=154.0W
[PID] perf=57.730Hz  target=57.412Hz  err=-0.318Hz  corr=-3.38W  u_ff=160.4W  PCAP→159W  power=153.3W
[PID] perf=57.972Hz  target=57.412Hz  err=-0.559Hz  corr=-4.94W  u_ff=160.4W  PCAP→153W  power=155.2W
[PID] perf=58.031Hz  target=57.412Hz  err=-0.618Hz  corr=-5.75W  u_ff=160.4W  PCAP→153W  power=152.8W
[PID] perf=57.939Hz  target=57.412Hz  err=-0.526Hz  corr=-5.81W  u_ff=160.4W  PCAP→153W  power=155.3W
[PID] perf=58.042Hz  target=57.412Hz  err=-0.630Hz  corr=-6.82W  u_ff=160.4W  PCAP→153W  power=152.3W
[PID] perf=58.017Hz  target=57.412Hz  err=-0.604Hz  corr=-7.24W  u_ff=160.4W  PCAP→153W  power=153.6W
[PID] perf=58.003Hz  target=57.412Hz  err=-0.591Hz  corr=-7.70W  u_ff=160.4W  PCAP→153W  power=152.9W
[PID] perf=57.875Hz  target=57.412Hz  err=-0.463Hz  corr=-7.55W  u_ff=160.4W  PCAP→153W  power=154.1W
[PID] perf=57.891Hz  target=57.412Hz  err=-0.479Hz  corr=-8.04W  u_ff=160.4W  PCAP→153W  power=153.2W
[PID] perf=57.936Hz  target=57.412Hz  err=-0.524Hz  corr=-8.70W  u_ff=160.4W  PCAP→153W  power=152.3W
[PID] perf=57.941Hz  target=57.412Hz  err=-0.529Hz  corr=-9.19W  u_ff=160.4W  PCAP→153W  power=154.4W
[PID] perf=58.085Hz  target=57.412Hz  err=-0.673Hz  corr=-10.42W  u_ff=160.4W  PCAP→153W  power=153.6W
[PID] perf=57.968Hz  target=57.412Hz  err=-0.556Hz  corr=-10.40W  u_ff=160.4W  PCAP→153W  power=152.9W
[PID] perf=58.003Hz  target=57.412Hz  err=-0.591Hz  corr=-11.07W  u_ff=160.4W  PCAP→147W  power=153.6W
[PID] perf=57.588Hz  target=57.412Hz  err=-0.176Hz  corr=-9.39W  u_ff=160.4W  PCAP→153W  power=145.8W
[PID] perf=57.924Hz  target=57.412Hz  err=-0.512Hz  corr=-11.33W  u_ff=160.4W  PCAP→147W  power=153.1W
[PID] perf=57.613Hz  target=57.412Hz  err=-0.201Hz  corr=-10.13W  u_ff=160.4W  PCAP→153W  power=147.5W
[PID] perf=57.946Hz  target=57.412Hz  err=-0.534Hz  corr=-12.08W  u_ff=160.4W  PCAP→147W  power=151.9W
[PID] perf=57.634Hz  target=57.412Hz  err=-0.222Hz  corr=-10.89W  u_ff=160.4W  PCAP→147W  power=147.9W
[PID] perf=57.665Hz  target=57.412Hz  err=-0.252Hz  corr=-11.25W  u_ff=160.4W  PCAP→147W  power=146.3W
[PID] perf=57.676Hz  target=57.412Hz  err=-0.264Hz  corr=-11.53W  u_ff=160.4W  PCAP→147W  power=147.1W
[PID] perf=57.667Hz  target=57.412Hz  err=-0.255Hz  corr=-11.72W  u_ff=160.4W  PCAP→147W  power=146.1W
[PID] perf=57.669Hz  target=57.412Hz  err=-0.256Hz  corr=-11.95W  u_ff=160.4W  PCAP→147W  power=145.9W
[PID] perf=57.685Hz  target=57.412Hz  err=-0.273Hz  corr=-12.27W  u_ff=160.4W  PCAP→147W  power=146.8W
[PID] perf=57.705Hz  target=57.412Hz  err=-0.293Hz  corr=-12.61W  u_ff=160.4W  PCAP→147W  power=147.7W
[PID] perf=57.661Hz  target=57.412Hz  err=-0.249Hz  corr=-12.64W  u_ff=160.4W  PCAP→147W  power=147.0W
[PID] perf=57.625Hz  target=57.412Hz  err=-0.213Hz  corr=-12.67W  u_ff=160.4W  PCAP→147W  power=146.8W
[PID] perf=57.854Hz  target=57.412Hz  err=-0.442Hz  corr=-14.07W  u_ff=160.4W  PCAP→147W  power=147.8W
[PID] perf=58.125Hz  target=57.412Hz  err=-0.713Hz  corr=-15.90W  u_ff=160.4W  PCAP→147W  power=147.9W
[PID] perf=58.132Hz  target=57.412Hz  err=-0.720Hz  corr=-16.56W  u_ff=160.4W  PCAP→141W  power=146.7W
[PID] perf=57.471Hz  target=57.412Hz  err=-0.059Hz  corr=-13.69W  u_ff=160.4W  PCAP→147W  power=140.9W
[PID] perf=57.789Hz  target=57.412Hz  err=-0.376Hz  corr=-15.43W  u_ff=160.4W  PCAP→147W  power=146.6W
[PID] perf=57.832Hz  target=57.412Hz  err=-0.419Hz  corr=-15.99W  u_ff=160.4W  PCAP→147W  power=145.6W
[PID] perf=57.912Hz  target=57.412Hz  err=-0.500Hz  corr=-16.79W  u_ff=160.4W  PCAP→141W  power=143.7W
[PID] perf=57.088Hz  target=57.412Hz  err=+0.324Hz  corr=-12.86W  u_ff=160.4W  PCAP→147W  power=141.4W
[PID] perf=57.805Hz  target=57.412Hz  err=-0.393Hz  corr=-16.37W  u_ff=160.4W  PCAP→147W  power=147.3W
[PID] perf=57.699Hz  target=57.412Hz  err=-0.287Hz  corr=-16.16W  u_ff=160.4W  PCAP→147W  power=146.2W
[PID] perf=57.718Hz  target=57.412Hz  err=-0.306Hz  corr=-16.51W  u_ff=160.4W  PCAP→141W  power=146.7W
[PID] perf=57.110Hz  target=57.412Hz  err=+0.302Hz  corr=-13.56W  u_ff=160.4W  PCAP→147W  power=140.5W
[PID] perf=57.830Hz  target=57.412Hz  err=-0.417Hz  corr=-17.11W  u_ff=160.4W  PCAP→141W  power=147.2W
[PID] perf=57.182Hz  target=57.412Hz  err=+0.230Hz  corr=-14.04W  u_ff=160.4W  PCAP→147W  power=140.4W
[PID] perf=57.759Hz  target=57.412Hz  err=-0.347Hz  corr=-16.90W  u_ff=160.4W  PCAP→141W  power=148.6W
[PID] perf=57.441Hz  target=57.412Hz  err=-0.029Hz  corr=-15.52W  u_ff=160.4W  PCAP→147W  power=141.6W
[PID] perf=57.810Hz  target=57.412Hz  err=-0.398Hz  corr=-17.50W  u_ff=160.4W  PCAP→141W  power=148.2W
[PID] perf=57.158Hz  target=57.412Hz  err=+0.255Hz  corr=-14.39W  u_ff=160.4W  PCAP→147W  power=141.6W
[PID] perf=57.805Hz  target=57.412Hz  err=-0.393Hz  corr=-17.60W  u_ff=160.4W  PCAP→141W  power=146.6W
[PID] perf=57.177Hz  target=57.412Hz  err=+0.235Hz  corr=-14.62W  u_ff=160.4W  PCAP→147W  power=142.0W
[PID] perf=57.768Hz  target=57.412Hz  err=-0.356Hz  corr=-17.54W  u_ff=160.4W  PCAP→141W  power=146.2W
[PID] perf=57.149Hz  target=57.412Hz  err=+0.264Hz  corr=-14.58W  u_ff=160.4W  PCAP→147W  power=140.2W
[PID] perf=57.761Hz  target=57.412Hz  err=-0.349Hz  corr=-17.59W  u_ff=160.4W  PCAP→141W  power=145.8W
[PID] perf=57.132Hz  target=57.412Hz  err=+0.280Hz  corr=-14.56W  u_ff=160.4W  PCAP→147W  power=140.3W
[PID] perf=57.754Hz  target=57.412Hz  err=-0.342Hz  corr=-17.61W  u_ff=160.4W  PCAP→141W  power=145.8W
[PID] perf=57.120Hz  target=57.412Hz  err=+0.293Hz  corr=-14.55W  u_ff=160.4W  PCAP→147W  power=139.9W
[PID] perf=57.733Hz  target=57.412Hz  err=-0.321Hz  corr=-17.54W  u_ff=160.4W  PCAP→141W  power=147.5W
[PID] perf=57.053Hz  target=57.412Hz  err=+0.360Hz  corr=-14.22W  u_ff=160.4W  PCAP→147W  power=139.6W
[PID] perf=58.122Hz  target=57.412Hz  err=-0.710Hz  corr=-19.57W  u_ff=160.4W  PCAP→141W  power=147.2W
[PID] perf=57.205Hz  target=57.412Hz  err=+0.207Hz  corr=-15.34W  u_ff=160.4W  PCAP→147W  power=141.8W
[PID] perf=57.764Hz  target=57.412Hz  err=-0.351Hz  corr=-18.11W  u_ff=160.4W  PCAP→141W  power=146.7W
[PID] perf=56.907Hz  target=57.412Hz  err=+0.505Hz  corr=-13.89W  u_ff=160.4W  PCAP→147W  power=142.1W
[PID] perf=57.907Hz  target=57.412Hz  err=-0.495Hz  corr=-18.74W  u_ff=160.4W  PCAP→141W  power=146.8W
[PID] perf=57.222Hz  target=57.412Hz  err=+0.190Hz  corr=-15.55W  u_ff=160.4W  PCAP→147W  power=141.5W
[PID] perf=57.825Hz  target=57.412Hz  err=-0.412Hz  corr=-18.57W  u_ff=160.4W  PCAP→141W  power=144.4W
[PID] perf=56.968Hz  target=57.412Hz  err=+0.445Hz  corr=-14.40W  u_ff=160.4W  PCAP→147W  power=141.8W
[PID] perf=57.721Hz  target=57.412Hz  err=-0.309Hz  corr=-17.99W  u_ff=160.4W  PCAP→141W  power=146.5W
[PID] perf=57.035Hz  target=57.412Hz  err=+0.378Hz  corr=-14.63W  u_ff=160.4W  PCAP→147W  power=140.7W
[PID] perf=57.666Hz  target=57.412Hz  err=-0.254Hz  corr=-17.64W  u_ff=160.4W  PCAP→141W  power=146.1W
[PID] perf=57.046Hz  target=57.412Hz  err=+0.366Hz  corr=-14.58W  u_ff=160.4W  PCAP→147W  power=140.5W
[PID] perf=57.750Hz  target=57.412Hz  err=-0.337Hz  corr=-17.99W  u_ff=160.4W  PCAP→141W  power=144.5W
[PID] perf=57.065Hz  target=57.412Hz  err=+0.348Hz  corr=-14.65W  u_ff=160.4W  PCAP→147W  power=142.0W
[PID] perf=57.660Hz  target=57.412Hz  err=-0.248Hz  corr=-17.50W  u_ff=160.4W  PCAP→141W  power=146.9W
[PID] perf=56.998Hz  target=57.412Hz  err=+0.414Hz  corr=-14.21W  u_ff=160.4W  PCAP→147W  power=141.2W
[PID] perf=57.642Hz  target=57.412Hz  err=-0.229Hz  corr=-17.26W  u_ff=160.4W  PCAP→141W  power=147.1W
[PID] perf=57.024Hz  target=57.412Hz  err=+0.388Hz  corr=-14.19W  u_ff=160.4W  PCAP→147W  power=138.3W
[PID] perf=57.650Hz  target=57.412Hz  err=-0.238Hz  corr=-17.16W  u_ff=160.4W  PCAP→141W  power=147.4W
[PID] perf=57.005Hz  target=57.412Hz  err=+0.407Hz  corr=-13.95W  u_ff=160.4W  PCAP→147W  power=141.4W
[PID] perf=57.673Hz  target=57.412Hz  err=-0.260Hz  corr=-17.13W  u_ff=160.4W  PCAP→141W  power=147.8W
[PID] perf=57.039Hz  target=57.412Hz  err=+0.373Hz  corr=-14.01W  u_ff=160.4W  PCAP→147W  power=141.2W
[PID] perf=57.646Hz  target=57.412Hz  err=-0.233Hz  corr=-16.89W  u_ff=160.4W  PCAP→141W  power=147.4W
[PID] perf=56.963Hz  target=57.412Hz  err=+0.449Hz  corr=-13.48W  u_ff=160.4W  PCAP→147W  power=141.2W
[PID] perf=57.621Hz  target=57.412Hz  err=-0.209Hz  corr=-16.57W  u_ff=160.4W  PCAP→141W  power=148.1W
[PID] perf=56.973Hz  target=57.412Hz  err=+0.439Hz  corr=-13.32W  u_ff=160.4W  PCAP→147W  power=140.3W
[PID] perf=57.625Hz  target=57.412Hz  err=-0.213Hz  corr=-16.39W  u_ff=160.4W  PCAP→147W  power=146.4W
[PID] perf=57.566Hz  target=57.412Hz  err=-0.154Hz  corr=-16.26W  u_ff=160.4W  PCAP→147W  power=147.5W
[PID] perf=57.581Hz  target=57.412Hz  err=-0.169Hz  corr=-16.48W  u_ff=160.4W  PCAP→141W  power=153.0W
[PID] perf=56.869Hz  target=57.412Hz  err=+0.543Hz  corr=-12.85W  u_ff=160.4W  PCAP→147W  power=140.4W
Process completed.
Compressed into /home/cc/summer2024/main_codes/pid_controller/../experiment_data/PID_Control_sweep/ones-stream-full/compressed_iteration_20260512_224444.tar
----------------------------------

>>> Step 3/3

[ones-stream-full]
  target perf      : 57.4123 Hz
  coefficients_perf: [-0.001454368618345514, 0.4666906429990306, 19.97332976225342]
  feedforward PCAP : 160.43 W  →  159 W (snapped)
  Perf(u_ff) check : 57.4123 Hz  (should ≈ target)
  PID gains        : Kp=4.4139 W/Hz  Ki=0.44139 W/(Hz·s)  Kd=0.0000
[PID] perf=58.515Hz  target=57.412Hz  err=-1.103Hz  corr=-5.84W  u_ff=160.4W  PCAP→153W  power=nanW
[PID] perf=57.406Hz  target=57.412Hz  err=+0.006Hz  corr=-0.94W  u_ff=160.4W  PCAP→159W  power=141.6W
[PID] perf=58.282Hz  target=57.412Hz  err=-0.870Hz  corr=-5.58W  u_ff=160.4W  PCAP→153W  power=155.9W
[PID] perf=57.815Hz  target=57.412Hz  err=-0.403Hz  corr=-3.87W  u_ff=160.4W  PCAP→159W  power=151.3W
[PID] perf=57.980Hz  target=57.412Hz  err=-0.567Hz  corr=-5.10W  u_ff=160.4W  PCAP→153W  power=147.2W
[PID] perf=57.949Hz  target=57.412Hz  err=-0.537Hz  corr=-5.44W  u_ff=160.4W  PCAP→153W  power=152.5W
[PID] perf=57.868Hz  target=57.412Hz  err=-0.456Hz  corr=-5.48W  u_ff=160.4W  PCAP→153W  power=152.8W
[PID] perf=57.605Hz  target=57.412Hz  err=-0.192Hz  corr=-4.49W  u_ff=160.4W  PCAP→153W  power=150.6W
[PID] perf=57.810Hz  target=57.412Hz  err=-0.398Hz  corr=-5.75W  u_ff=160.4W  PCAP→153W  power=153.3W
[PID] perf=57.849Hz  target=57.412Hz  err=-0.437Hz  corr=-6.30W  u_ff=160.4W  PCAP→153W  power=153.4W
[PID] perf=57.868Hz  target=57.412Hz  err=-0.456Hz  corr=-6.79W  u_ff=160.4W  PCAP→153W  power=152.7W
[PID] perf=57.773Hz  target=57.412Hz  err=-0.361Hz  corr=-6.69W  u_ff=160.4W  PCAP→153W  power=151.5W
[PID] perf=57.739Hz  target=57.412Hz  err=-0.327Hz  corr=-6.83W  u_ff=160.4W  PCAP→153W  power=154.5W
[PID] perf=57.816Hz  target=57.412Hz  err=-0.404Hz  corr=-7.52W  u_ff=160.4W  PCAP→153W  power=153.6W
[PID] perf=57.898Hz  target=57.412Hz  err=-0.486Hz  corr=-8.32W  u_ff=160.4W  PCAP→153W  power=152.7W
[PID] perf=57.880Hz  target=57.412Hz  err=-0.468Hz  corr=-8.65W  u_ff=160.4W  PCAP→153W  power=152.0W
[PID] perf=57.863Hz  target=57.412Hz  err=-0.451Hz  corr=-8.97W  u_ff=160.4W  PCAP→153W  power=152.1W
[PID] perf=57.887Hz  target=57.412Hz  err=-0.475Hz  corr=-9.50W  u_ff=160.4W  PCAP→153W  power=153.1W
[PID] perf=57.879Hz  target=57.412Hz  err=-0.467Hz  corr=-9.87W  u_ff=160.4W  PCAP→153W  power=152.0W
[PID] perf=57.871Hz  target=57.412Hz  err=-0.459Hz  corr=-10.24W  u_ff=160.4W  PCAP→153W  power=151.4W
[PID] perf=57.778Hz  target=57.412Hz  err=-0.366Hz  corr=-10.16W  u_ff=160.4W  PCAP→153W  power=152.0W
[PID] perf=57.764Hz  target=57.412Hz  err=-0.352Hz  corr=-10.41W  u_ff=160.4W  PCAP→153W  power=152.7W
[PID] perf=57.818Hz  target=57.412Hz  err=-0.406Hz  corr=-11.00W  u_ff=160.4W  PCAP→147W  power=152.5W
[PID] perf=57.474Hz  target=57.412Hz  err=-0.061Hz  corr=-9.53W  u_ff=160.4W  PCAP→153W  power=143.8W
[PID] perf=57.834Hz  target=57.412Hz  err=-0.422Hz  corr=-11.50W  u_ff=160.4W  PCAP→147W  power=154.0W
[PID] perf=57.582Hz  target=57.412Hz  err=-0.169Hz  corr=-10.53W  u_ff=160.4W  PCAP→147W  power=147.9W
[PID] perf=57.581Hz  target=57.412Hz  err=-0.169Hz  corr=-10.68W  u_ff=160.4W  PCAP→147W  power=146.5W
[PID] perf=57.544Hz  target=57.412Hz  err=-0.131Hz  corr=-10.63W  u_ff=160.4W  PCAP→147W  power=145.8W
[PID] perf=57.546Hz  target=57.412Hz  err=-0.133Hz  corr=-10.76W  u_ff=160.4W  PCAP→147W  power=146.4W
[PID] perf=57.908Hz  target=57.412Hz  err=-0.495Hz  corr=-12.79W  u_ff=160.4W  PCAP→147W  power=148.1W
[PID] perf=57.765Hz  target=57.412Hz  err=-0.353Hz  corr=-12.47W  u_ff=160.4W  PCAP→147W  power=146.9W
[PID] perf=57.636Hz  target=57.412Hz  err=-0.224Hz  corr=-12.10W  u_ff=160.4W  PCAP→147W  power=146.3W
[PID] perf=57.579Hz  target=57.412Hz  err=-0.167Hz  corr=-12.00W  u_ff=160.4W  PCAP→147W  power=148.0W
[PID] perf=57.888Hz  target=57.412Hz  err=-0.476Hz  corr=-13.78W  u_ff=160.4W  PCAP→147W  power=146.6W
[PID] perf=57.879Hz  target=57.412Hz  err=-0.467Hz  corr=-14.16W  u_ff=160.4W  PCAP→147W  power=147.4W
[PID] perf=57.986Hz  target=57.412Hz  err=-0.574Hz  corr=-15.13W  u_ff=160.4W  PCAP→147W  power=146.4W
[PID] perf=57.783Hz  target=57.412Hz  err=-0.371Hz  corr=-14.56W  u_ff=160.4W  PCAP→147W  power=148.6W
[PID] perf=57.759Hz  target=57.412Hz  err=-0.347Hz  corr=-14.77W  u_ff=160.4W  PCAP→147W  power=145.2W
[PID] perf=57.650Hz  target=57.412Hz  err=-0.238Hz  corr=-14.50W  u_ff=160.4W  PCAP→147W  power=145.7W
[PID] perf=57.645Hz  target=57.412Hz  err=-0.233Hz  corr=-14.68W  u_ff=160.4W  PCAP→147W  power=146.9W
[PID] perf=58.116Hz  target=57.412Hz  err=-0.704Hz  corr=-17.38W  u_ff=160.4W  PCAP→141W  power=145.7W
[PID] perf=57.470Hz  target=57.412Hz  err=-0.058Hz  corr=-14.58W  u_ff=160.4W  PCAP→147W  power=140.1W
[PID] perf=58.115Hz  target=57.412Hz  err=-0.703Hz  corr=-18.05W  u_ff=160.4W  PCAP→141W  power=147.1W
[PID] perf=57.502Hz  target=57.412Hz  err=-0.090Hz  corr=-15.42W  u_ff=160.4W  PCAP→147W  power=140.8W
[PID] perf=57.825Hz  target=57.412Hz  err=-0.412Hz  corr=-17.21W  u_ff=160.4W  PCAP→141W  power=147.3W
[PID] perf=56.973Hz  target=57.412Hz  err=+0.440Hz  corr=-13.06W  u_ff=160.4W  PCAP→147W  power=140.3W
[PID] perf=57.636Hz  target=57.412Hz  err=-0.224Hz  corr=-16.18W  u_ff=160.4W  PCAP→147W  power=148.5W
[PID] perf=57.640Hz  target=57.412Hz  err=-0.228Hz  corr=-16.40W  u_ff=160.4W  PCAP→147W  power=147.0W
[PID] perf=57.555Hz  target=57.412Hz  err=-0.142Hz  corr=-16.15W  u_ff=160.4W  PCAP→147W  power=146.6W
[PID] perf=57.602Hz  target=57.412Hz  err=-0.190Hz  corr=-16.53W  u_ff=160.4W  PCAP→141W  power=148.1W
[PID] perf=56.927Hz  target=57.412Hz  err=+0.486Hz  corr=-13.12W  u_ff=160.4W  PCAP→147W  power=139.9W
[PID] perf=57.624Hz  target=57.412Hz  err=-0.212Hz  corr=-16.39W  u_ff=160.4W  PCAP→147W  power=146.1W
[PID] perf=57.616Hz  target=57.412Hz  err=-0.203Hz  corr=-16.53W  u_ff=160.4W  PCAP→141W  power=147.4W
[PID] perf=56.956Hz  target=57.412Hz  err=+0.457Hz  corr=-13.21W  u_ff=160.4W  PCAP→147W  power=141.4W
[PID] perf=57.678Hz  target=57.412Hz  err=-0.266Hz  corr=-16.63W  u_ff=160.4W  PCAP→141W  power=147.9W
[PID] perf=56.970Hz  target=57.412Hz  err=+0.443Hz  corr=-13.12W  u_ff=160.4W  PCAP→147W  power=140.4W
[PID] perf=57.660Hz  target=57.412Hz  err=-0.248Hz  corr=-16.38W  u_ff=160.4W  PCAP→147W  power=147.0W
[PID] perf=57.636Hz  target=57.412Hz  err=-0.224Hz  corr=-16.47W  u_ff=160.4W  PCAP→141W  power=148.1W
[PID] perf=57.137Hz  target=57.412Hz  err=+0.275Hz  corr=-14.03W  u_ff=160.4W  PCAP→147W  power=140.7W
[PID] perf=57.672Hz  target=57.412Hz  err=-0.260Hz  corr=-16.62W  u_ff=160.4W  PCAP→141W  power=146.0W
[PID] perf=57.132Hz  target=57.412Hz  err=+0.280Hz  corr=-13.99W  u_ff=160.4W  PCAP→147W  power=141.6W
[PID] perf=57.806Hz  target=57.412Hz  err=-0.394Hz  corr=-17.31W  u_ff=160.4W  PCAP→141W  power=146.8W
[PID] perf=57.330Hz  target=57.412Hz  err=+0.083Hz  corr=-15.14W  u_ff=160.4W  PCAP→147W  power=140.2W
[PID] perf=58.026Hz  target=57.412Hz  err=-0.613Hz  corr=-18.75W  u_ff=160.4W  PCAP→141W  power=146.5W
[PID] perf=57.336Hz  target=57.412Hz  err=+0.076Hz  corr=-15.64W  u_ff=160.4W  PCAP→147W  power=141.6W
[PID] perf=57.968Hz  target=57.412Hz  err=-0.556Hz  corr=-18.92W  u_ff=160.4W  PCAP→141W  power=145.5W
[PID] perf=56.929Hz  target=57.412Hz  err=+0.483Hz  corr=-13.91W  u_ff=160.4W  PCAP→147W  power=140.9W
[PID] perf=57.766Hz  target=57.412Hz  err=-0.353Hz  corr=-17.91W  u_ff=160.4W  PCAP→141W  power=147.8W
[PID] perf=57.216Hz  target=57.412Hz  err=+0.197Hz  corr=-15.31W  u_ff=160.4W  PCAP→147W  power=140.6W
[PID] perf=57.832Hz  target=57.412Hz  err=-0.419Hz  corr=-18.40W  u_ff=160.4W  PCAP→141W  power=147.7W
[PID] perf=57.245Hz  target=57.412Hz  err=+0.167Hz  corr=-15.66W  u_ff=160.4W  PCAP→147W  power=140.4W
[PID] perf=57.842Hz  target=57.412Hz  err=-0.429Hz  corr=-18.68W  u_ff=160.4W  PCAP→141W  power=147.6W
[PID] perf=57.239Hz  target=57.412Hz  err=+0.174Hz  corr=-15.86W  u_ff=160.4W  PCAP→147W  power=140.5W
[PID] perf=57.862Hz  target=57.412Hz  err=-0.449Hz  corr=-19.01W  u_ff=160.4W  PCAP→141W  power=147.3W
[PID] perf=57.166Hz  target=57.412Hz  err=+0.246Hz  corr=-15.72W  u_ff=160.4W  PCAP→147W  power=140.2W
[PID] perf=58.111Hz  target=57.412Hz  err=-0.698Hz  corr=-20.50W  u_ff=160.4W  PCAP→141W  power=147.7W
[PID] perf=57.503Hz  target=57.412Hz  err=-0.090Hz  corr=-17.90W  u_ff=160.4W  PCAP→141W  power=140.6W
[PID] perf=57.583Hz  target=57.412Hz  err=-0.171Hz  corr=-18.41W  u_ff=160.4W  PCAP→141W  power=140.0W
[PID] perf=57.505Hz  target=57.412Hz  err=-0.093Hz  corr=-18.14W  u_ff=160.4W  PCAP→141W  power=141.1W
[PID] perf=57.380Hz  target=57.412Hz  err=+0.033Hz  corr=-17.56W  u_ff=160.4W  PCAP→141W  power=141.0W
[PID] perf=57.178Hz  target=57.412Hz  err=+0.234Hz  corr=-16.47W  u_ff=160.4W  PCAP→141W  power=140.8W
[PID] perf=57.183Hz  target=57.412Hz  err=+0.229Hz  corr=-16.29W  u_ff=160.4W  PCAP→147W  power=142.0W
[PID] perf=57.879Hz  target=57.412Hz  err=-0.467Hz  corr=-19.77W  u_ff=160.4W  PCAP→141W  power=144.8W
[PID] perf=57.195Hz  target=57.412Hz  err=+0.217Hz  corr=-16.56W  u_ff=160.4W  PCAP→141W  power=140.6W
[PID] perf=57.208Hz  target=57.412Hz  err=+0.204Hz  corr=-16.44W  u_ff=160.4W  PCAP→141W  power=141.3W
[PID] perf=57.176Hz  target=57.412Hz  err=+0.236Hz  corr=-16.09W  u_ff=160.4W  PCAP→147W  power=140.5W
[PID] perf=57.932Hz  target=57.412Hz  err=-0.520Hz  corr=-19.88W  u_ff=160.4W  PCAP→141W  power=146.1W
Process completed.
Compressed into /home/cc/summer2024/main_codes/pid_controller/../experiment_data/PID_Control_sweep/ones-stream-full/compressed_iteration_20260512_224739.tar
----------------------------------
