
>>> Step 1/3

[ones-stream-copy]
  target perf      : 264.1171 Hz
  coefficients_perf: [-0.009145850389641445, 2.8207784567410488, 59.899822180263264]
  feedforward PCAP : 116.11 W  →  118 W (snapped)
  Perf(u_ff) check : 264.1171 Hz  (should ≈ target)
  PID gains        : Kp=0.8356 W/Hz  Ki=0.08356 W/(Hz·s)  Kd=0.0000
[PID] perf=285.628Hz  target=264.117Hz  err=-21.511Hz  corr=-21.57W  u_ff=116.1W  PCAP→95W  power=nanW
[PID] perf=257.098Hz  target=264.117Hz  err=+7.019Hz  corr=+3.44W  u_ff=116.1W  PCAP→118W  power=95.4W
[PID] perf=264.965Hz  target=264.117Hz  err=-0.848Hz  corr=-3.27W  u_ff=116.1W  PCAP→112W  power=117.8W
[PID] perf=262.464Hz  target=264.117Hz  err=+1.653Hz  corr=-0.91W  u_ff=116.1W  PCAP→118W  power=113.9W
[PID] perf=265.630Hz  target=264.117Hz  err=-1.513Hz  corr=-3.80W  u_ff=116.1W  PCAP→112W  power=117.0W
[PID] perf=266.666Hz  target=264.117Hz  err=-2.549Hz  corr=-5.10W  u_ff=116.1W  PCAP→112W  power=111.5W
[PID] perf=267.875Hz  target=264.117Hz  err=-3.758Hz  corr=-6.74W  u_ff=116.1W  PCAP→107W  power=112.7W
[PID] perf=263.585Hz  target=264.117Hz  err=+0.532Hz  corr=-3.06W  u_ff=116.1W  PCAP→112W  power=105.9W
[PID] perf=266.751Hz  target=264.117Hz  err=-2.634Hz  corr=-6.15W  u_ff=116.1W  PCAP→112W  power=113.1W
[PID] perf=269.667Hz  target=264.117Hz  err=-5.549Hz  corr=-9.51W  u_ff=116.1W  PCAP→107W  power=110.6W
[PID] perf=264.430Hz  target=264.117Hz  err=-0.313Hz  corr=-5.19W  u_ff=116.1W  PCAP→112W  power=107.9W
[PID] perf=269.162Hz  target=264.117Hz  err=-5.045Hz  corr=-9.98W  u_ff=116.1W  PCAP→107W  power=112.0W
[PID] perf=264.781Hz  target=264.117Hz  err=-0.664Hz  corr=-6.43W  u_ff=116.1W  PCAP→112W  power=106.1W
[PID] perf=268.521Hz  target=264.117Hz  err=-4.404Hz  corr=-10.30W  u_ff=116.1W  PCAP→107W  power=110.5W
[PID] perf=265.074Hz  target=264.117Hz  err=-0.956Hz  corr=-7.57W  u_ff=116.1W  PCAP→107W  power=106.8W
[PID] perf=264.136Hz  target=264.117Hz  err=-0.019Hz  corr=-6.79W  u_ff=116.1W  PCAP→107W  power=107.3W
[PID] perf=264.230Hz  target=264.117Hz  err=-0.113Hz  corr=-6.89W  u_ff=116.1W  PCAP→107W  power=106.8W
[PID] perf=264.047Hz  target=264.117Hz  err=+0.070Hz  corr=-6.73W  u_ff=116.1W  PCAP→107W  power=106.7W
[PID] perf=264.330Hz  target=264.117Hz  err=-0.213Hz  corr=-7.00W  u_ff=116.1W  PCAP→107W  power=106.0W
Process completed.
Compressed into /home/cc/summer2024/main_codes/pid_controller/../experiment_data/PID_Control_sweep/ones-stream-copy/compressed_iteration_20260512_192629.tar
----------------------------------

>>> Step 2/3

[ones-stream-copy]
  target perf      : 264.1171 Hz
  coefficients_perf: [-0.009145850389641445, 2.8207784567410488, 59.899822180263264]
  feedforward PCAP : 116.11 W  →  118 W (snapped)
  Perf(u_ff) check : 264.1171 Hz  (should ≈ target)
  PID gains        : Kp=0.8356 W/Hz  Ki=0.08356 W/(Hz·s)  Kd=0.0000
[PID] perf=277.065Hz  target=264.117Hz  err=-12.948Hz  corr=-12.98W  u_ff=116.1W  PCAP→101W  power=nanW
[PID] perf=260.613Hz  target=264.117Hz  err=+3.504Hz  corr=+1.35W  u_ff=116.1W  PCAP→118W  power=101.8W
[PID] perf=271.816Hz  target=264.117Hz  err=-7.699Hz  corr=-9.30W  u_ff=116.1W  PCAP→107W  power=118.5W
[PID] perf=266.260Hz  target=264.117Hz  err=-2.143Hz  corr=-5.01W  u_ff=116.1W  PCAP→112W  power=107.1W
[PID] perf=270.182Hz  target=264.117Hz  err=-6.065Hz  corr=-9.30W  u_ff=116.1W  PCAP→107W  power=111.9W
[PID] perf=265.566Hz  target=264.117Hz  err=-1.449Hz  corr=-5.69W  u_ff=116.1W  PCAP→112W  power=106.7W
[PID] perf=270.182Hz  target=264.117Hz  err=-6.065Hz  corr=-10.56W  u_ff=116.1W  PCAP→107W  power=112.8W
[PID] perf=266.125Hz  target=264.117Hz  err=-2.008Hz  corr=-7.51W  u_ff=116.1W  PCAP→107W  power=105.9W
[PID] perf=265.090Hz  target=264.117Hz  err=-0.973Hz  corr=-6.80W  u_ff=116.1W  PCAP→107W  power=107.3W
[PID] perf=264.636Hz  target=264.117Hz  err=-0.519Hz  corr=-6.51W  u_ff=116.1W  PCAP→112W  power=105.9W
[PID] perf=268.670Hz  target=264.117Hz  err=-4.553Hz  corr=-10.64W  u_ff=116.1W  PCAP→107W  power=112.5W
[PID] perf=264.528Hz  target=264.117Hz  err=-0.410Hz  corr=-7.25W  u_ff=116.1W  PCAP→107W  power=105.4W
[PID] perf=264.814Hz  target=264.117Hz  err=-0.697Hz  corr=-7.61W  u_ff=116.1W  PCAP→107W  power=105.9W
[PID] perf=264.630Hz  target=264.117Hz  err=-0.513Hz  corr=-7.54W  u_ff=116.1W  PCAP→107W  power=106.6W
[PID] perf=264.678Hz  target=264.117Hz  err=-0.561Hz  corr=-7.67W  u_ff=116.1W  PCAP→107W  power=107.0W
[PID] perf=264.692Hz  target=264.117Hz  err=-0.575Hz  corr=-7.78W  u_ff=116.1W  PCAP→107W  power=106.2W
[PID] perf=264.480Hz  target=264.117Hz  err=-0.363Hz  corr=-7.66W  u_ff=116.1W  PCAP→107W  power=107.4W
[PID] perf=264.625Hz  target=264.117Hz  err=-0.508Hz  corr=-7.87W  u_ff=116.1W  PCAP→107W  power=106.4W
[PID] perf=264.636Hz  target=264.117Hz  err=-0.519Hz  corr=-7.96W  u_ff=116.1W  PCAP→107W  power=106.2W
Process completed.
Compressed into /home/cc/summer2024/main_codes/pid_controller/../experiment_data/PID_Control_sweep/ones-stream-copy/compressed_iteration_20260512_192707.tar
----------------------------------

>>> Step 3/3

[ones-stream-copy]
  target perf      : 264.1171 Hz
  coefficients_perf: [-0.009145850389641445, 2.8207784567410488, 59.899822180263264]
  feedforward PCAP : 116.11 W  →  118 W (snapped)
  Perf(u_ff) check : 264.1171 Hz  (should ≈ target)
  PID gains        : Kp=0.8356 W/Hz  Ki=0.08356 W/(Hz·s)  Kd=0.0000
[PID] perf=277.646Hz  target=264.117Hz  err=-13.529Hz  corr=-13.57W  u_ff=116.1W  PCAP→101W  power=nanW
[PID] perf=259.415Hz  target=264.117Hz  err=+4.702Hz  corr=+2.45W  u_ff=116.1W  PCAP→118W  power=101.2W
[PID] perf=271.435Hz  target=264.117Hz  err=-7.318Hz  corr=-8.81W  u_ff=116.1W  PCAP→107W  power=118.1W
[PID] perf=258.700Hz  target=264.117Hz  err=+5.417Hz  corr=+2.73W  u_ff=116.1W  PCAP→118W  power=106.8W
[PID] perf=267.471Hz  target=264.117Hz  err=-3.354Hz  corr=-5.16W  u_ff=116.1W  PCAP→112W  power=119.0W
[PID] perf=266.587Hz  target=264.117Hz  err=-2.470Hz  corr=-4.83W  u_ff=116.1W  PCAP→112W  power=111.3W
[PID] perf=267.722Hz  target=264.117Hz  err=-3.604Hz  corr=-6.38W  u_ff=116.1W  PCAP→112W  power=111.7W
[PID] perf=267.941Hz  target=264.117Hz  err=-3.824Hz  corr=-7.20W  u_ff=116.1W  PCAP→107W  power=110.7W
[PID] perf=263.865Hz  target=264.117Hz  err=+0.253Hz  corr=-3.75W  u_ff=116.1W  PCAP→112W  power=106.4W
[PID] perf=267.744Hz  target=264.117Hz  err=-3.627Hz  corr=-7.60W  u_ff=116.1W  PCAP→107W  power=110.8W
[PID] perf=263.793Hz  target=264.117Hz  err=+0.324Hz  corr=-4.25W  u_ff=116.1W  PCAP→112W  power=106.5W
[PID] perf=269.534Hz  target=264.117Hz  err=-5.417Hz  corr=-9.95W  u_ff=116.1W  PCAP→107W  power=110.5W
[PID] perf=264.397Hz  target=264.117Hz  err=-0.280Hz  corr=-5.70W  u_ff=116.1W  PCAP→112W  power=105.5W
[PID] perf=268.024Hz  target=264.117Hz  err=-3.907Hz  corr=-9.39W  u_ff=116.1W  PCAP→107W  power=112.3W
[PID] perf=264.136Hz  target=264.117Hz  err=-0.019Hz  corr=-6.14W  u_ff=116.1W  PCAP→112W  power=107.3W
[PID] perf=268.298Hz  target=264.117Hz  err=-4.181Hz  corr=-10.32W  u_ff=116.1W  PCAP→107W  power=112.3W
[PID] perf=264.336Hz  target=264.117Hz  err=-0.219Hz  corr=-7.04W  u_ff=116.1W  PCAP→107W  power=107.1W
[PID] perf=266.206Hz  target=264.117Hz  err=-2.089Hz  corr=-8.96W  u_ff=116.1W  PCAP→107W  power=106.0W
[PID] perf=265.485Hz  target=264.117Hz  err=-1.368Hz  corr=-8.58W  u_ff=116.1W  PCAP→107W  power=107.3W
Process completed.
Compressed into /home/cc/summer2024/main_codes/pid_controller/../experiment_data/PID_Control_sweep/ones-stream-copy/compressed_iteration_20260512_192745.tar
----------------------------------
