
>>> Step 1/3

[ones-stream-scale]
  target perf      : 244.0680 Hz
  coefficients_perf: [-0.007896790674324024, 2.478117841878759, 84.0686381205835]
  feedforward PCAP : 90.89 W  →  89 W (snapped)
  Perf(u_ff) check : 244.0680 Hz  (should ≈ target)
  PID gains        : Kp=0.8941 W/Hz  Ki=0.08941 W/(Hz·s)  Kd=0.0000
[PID] perf=275.723Hz  target=244.068Hz  err=-31.655Hz  corr=-33.97W  u_ff=90.9W  PCAP→78W  power=nanW
[PID] perf=239.008Hz  target=244.068Hz  err=+5.060Hz  corr=-0.23W  u_ff=90.9W  PCAP→89W  power=77.7W
[PID] perf=253.177Hz  target=244.068Hz  err=-9.109Hz  corr=-14.53W  u_ff=90.9W  PCAP→78W  power=89.4W
[PID] perf=233.233Hz  target=244.068Hz  err=+10.835Hz  corr=+5.24W  u_ff=90.9W  PCAP→95W  power=77.5W
[PID] perf=254.836Hz  target=244.068Hz  err=-10.768Hz  corr=-16.00W  u_ff=90.9W  PCAP→78W  power=94.8W
[PID] perf=236.734Hz  target=244.068Hz  err=+7.333Hz  corr=+1.50W  u_ff=90.9W  PCAP→95W  power=77.2W
[PID] perf=255.107Hz  target=244.068Hz  err=-11.039Hz  corr=-16.91W  u_ff=90.9W  PCAP→78W  power=95.2W
[PID] perf=239.592Hz  target=244.068Hz  err=+4.476Hz  corr=-2.23W  u_ff=90.9W  PCAP→89W  power=77.8W
[PID] perf=252.545Hz  target=244.068Hz  err=-8.477Hz  corr=-15.33W  u_ff=90.9W  PCAP→78W  power=88.4W
[PID] perf=239.119Hz  target=244.068Hz  err=+4.949Hz  corr=-2.44W  u_ff=90.9W  PCAP→89W  power=78.6W
[PID] perf=254.465Hz  target=244.068Hz  err=-10.397Hz  corr=-18.02W  u_ff=90.9W  PCAP→78W  power=89.1W
[PID] perf=238.448Hz  target=244.068Hz  err=+5.620Hz  corr=-2.70W  u_ff=90.9W  PCAP→89W  power=77.5W
[PID] perf=254.318Hz  target=244.068Hz  err=-10.250Hz  corr=-18.72W  u_ff=90.9W  PCAP→78W  power=88.7W
[PID] perf=238.663Hz  target=244.068Hz  err=+5.405Hz  corr=-3.75W  u_ff=90.9W  PCAP→89W  power=77.6W
[PID] perf=254.942Hz  target=244.068Hz  err=-10.874Hz  corr=-20.25W  u_ff=90.9W  PCAP→78W  power=89.3W
[PID] perf=239.869Hz  target=244.068Hz  err=+4.199Hz  corr=-6.03W  u_ff=90.9W  PCAP→83W  power=78.6W
[PID] perf=247.131Hz  target=244.068Hz  err=-3.063Hz  corr=-13.07W  u_ff=90.9W  PCAP→78W  power=82.5W
[PID] perf=239.164Hz  target=244.068Hz  err=+4.904Hz  corr=-5.07W  u_ff=90.9W  PCAP→83W  power=78.3W
[PID] perf=247.671Hz  target=244.068Hz  err=-3.603Hz  corr=-13.32W  u_ff=90.9W  PCAP→78W  power=82.7W
[PID] perf=241.066Hz  target=244.068Hz  err=+3.002Hz  corr=-6.87W  u_ff=90.9W  PCAP→83W  power=78.8W
[PID] perf=248.996Hz  target=244.068Hz  err=-4.928Hz  corr=-14.85W  u_ff=90.9W  PCAP→78W  power=82.7W
Process completed.
Compressed into /home/cc/summer2024/main_codes/pid_controller/../experiment_data/PID_Control_sweep/ones-stream-scale/compressed_iteration_20260512_032213.tar
----------------------------------

>>> Step 2/3

[ones-stream-scale]
  target perf      : 244.0680 Hz
  coefficients_perf: [-0.007896790674324024, 2.478117841878759, 84.0686381205835]
  feedforward PCAP : 90.89 W  →  89 W (snapped)
  Perf(u_ff) check : 244.0680 Hz  (should ≈ target)
  PID gains        : Kp=0.8941 W/Hz  Ki=0.08941 W/(Hz·s)  Kd=0.0000
[PID] perf=237.781Hz  target=244.068Hz  err=+6.287Hz  corr=+6.75W  u_ff=90.9W  PCAP→95W  power=nanW
[PID] perf=257.905Hz  target=244.068Hz  err=-13.837Hz  corr=-13.72W  u_ff=90.9W  PCAP→78W  power=94.5W
[PID] perf=239.164Hz  target=244.068Hz  err=+4.904Hz  corr=+3.91W  u_ff=90.9W  PCAP→95W  power=78.4W
[PID] perf=257.056Hz  target=244.068Hz  err=-12.988Hz  corr=-14.41W  u_ff=90.9W  PCAP→78W  power=94.7W
[PID] perf=237.570Hz  target=244.068Hz  err=+6.498Hz  corr=+4.18W  u_ff=90.9W  PCAP→95W  power=77.5W
[PID] perf=260.653Hz  target=244.068Hz  err=-16.585Hz  corr=-19.43W  u_ff=90.9W  PCAP→78W  power=95.4W
[PID] perf=241.417Hz  target=244.068Hz  err=+2.651Hz  corr=-1.76W  u_ff=90.9W  PCAP→89W  power=78.6W
[PID] perf=256.276Hz  target=244.068Hz  err=-12.208Hz  corr=-17.23W  u_ff=90.9W  PCAP→78W  power=88.6W
[PID] perf=239.697Hz  target=244.068Hz  err=+4.371Hz  corr=-1.62W  u_ff=90.9W  PCAP→89W  power=77.5W
[PID] perf=253.647Hz  target=244.068Hz  err=-9.579Hz  corr=-15.81W  u_ff=90.9W  PCAP→78W  power=89.0W
[PID] perf=239.864Hz  target=244.068Hz  err=+4.204Hz  corr=-2.73W  u_ff=90.9W  PCAP→89W  power=78.0W
[PID] perf=254.772Hz  target=244.068Hz  err=-10.704Hz  corr=-17.97W  u_ff=90.9W  PCAP→78W  power=89.0W
[PID] perf=240.361Hz  target=244.068Hz  err=+3.707Hz  corr=-4.43W  u_ff=90.9W  PCAP→89W  power=78.1W
[PID] perf=254.885Hz  target=244.068Hz  err=-10.817Hz  corr=-19.35W  u_ff=90.9W  PCAP→78W  power=88.7W
[PID] perf=240.224Hz  target=244.068Hz  err=+3.844Hz  corr=-5.55W  u_ff=90.9W  PCAP→83W  power=78.2W
[PID] perf=247.277Hz  target=244.068Hz  err=-3.209Hz  corr=-12.43W  u_ff=90.9W  PCAP→78W  power=83.0W
[PID] perf=240.086Hz  target=244.068Hz  err=+3.982Hz  corr=-5.29W  u_ff=90.9W  PCAP→83W  power=77.1W
[PID] perf=245.642Hz  target=244.068Hz  err=-1.574Hz  corr=-10.54W  u_ff=90.9W  PCAP→78W  power=82.4W
[PID] perf=239.324Hz  target=244.068Hz  err=+4.744Hz  corr=-4.04W  u_ff=90.9W  PCAP→89W  power=77.6W
[PID] perf=253.244Hz  target=244.068Hz  err=-9.176Hz  corr=-18.13W  u_ff=90.9W  PCAP→78W  power=89.0W
[PID] perf=238.349Hz  target=244.068Hz  err=+5.719Hz  corr=-3.79W  u_ff=90.9W  PCAP→89W  power=77.8W
Process completed.
Compressed into /home/cc/summer2024/main_codes/pid_controller/../experiment_data/PID_Control_sweep/ones-stream-scale/compressed_iteration_20260512_032254.tar
----------------------------------

>>> Step 3/3

[ones-stream-scale]
  target perf      : 244.0680 Hz
  coefficients_perf: [-0.007896790674324024, 2.478117841878759, 84.0686381205835]
  feedforward PCAP : 90.89 W  →  89 W (snapped)
  Perf(u_ff) check : 244.0680 Hz  (should ≈ target)
  PID gains        : Kp=0.8941 W/Hz  Ki=0.08941 W/(Hz·s)  Kd=0.0000
[PID] perf=252.046Hz  target=244.068Hz  err=-7.978Hz  corr=-8.56W  u_ff=90.9W  PCAP→83W  power=nanW
[PID] perf=241.728Hz  target=244.068Hz  err=+2.340Hz  corr=+1.08W  u_ff=90.9W  PCAP→89W  power=83.0W
[PID] perf=252.725Hz  target=244.068Hz  err=-8.657Hz  corr=-10.30W  u_ff=90.9W  PCAP→83W  power=88.5W
[PID] perf=243.803Hz  target=244.068Hz  err=+0.265Hz  corr=-2.27W  u_ff=90.9W  PCAP→89W  power=82.6W
[PID] perf=252.099Hz  target=244.068Hz  err=-8.031Hz  corr=-11.13W  u_ff=90.9W  PCAP→78W  power=89.6W
[PID] perf=238.665Hz  target=244.068Hz  err=+5.403Hz  corr=+1.85W  u_ff=90.9W  PCAP→95W  power=78.3W
[PID] perf=256.888Hz  target=244.068Hz  err=-12.820Hz  corr=-16.74W  u_ff=90.9W  PCAP→78W  power=95.4W
[PID] perf=240.699Hz  target=244.068Hz  err=+3.369Hz  corr=-1.66W  u_ff=90.9W  PCAP→89W  power=78.3W
[PID] perf=256.308Hz  target=244.068Hz  err=-12.240Hz  corr=-17.80W  u_ff=90.9W  PCAP→78W  power=88.7W
[PID] perf=240.752Hz  target=244.068Hz  err=+3.316Hz  corr=-3.30W  u_ff=90.9W  PCAP→89W  power=78.1W
[PID] perf=256.209Hz  target=244.068Hz  err=-12.141Hz  corr=-19.29W  u_ff=90.9W  PCAP→78W  power=89.4W
[PID] perf=240.612Hz  target=244.068Hz  err=+3.456Hz  corr=-4.73W  u_ff=90.9W  PCAP→89W  power=77.2W
[PID] perf=253.284Hz  target=244.068Hz  err=-9.216Hz  corr=-17.71W  u_ff=90.9W  PCAP→78W  power=89.3W
[PID] perf=238.265Hz  target=244.068Hz  err=+5.803Hz  corr=-3.24W  u_ff=90.9W  PCAP→89W  power=78.1W
[PID] perf=253.675Hz  target=244.068Hz  err=-9.607Hz  corr=-18.74W  u_ff=90.9W  PCAP→78W  power=89.1W
[PID] perf=239.775Hz  target=244.068Hz  err=+4.293Hz  corr=-5.54W  u_ff=90.9W  PCAP→83W  power=77.8W
[PID] perf=246.825Hz  target=244.068Hz  err=-2.757Hz  corr=-12.34W  u_ff=90.9W  PCAP→78W  power=83.1W
[PID] perf=238.245Hz  target=244.068Hz  err=+5.823Hz  corr=-3.62W  u_ff=90.9W  PCAP→89W  power=77.2W
[PID] perf=254.601Hz  target=244.068Hz  err=-10.533Hz  corr=-20.13W  u_ff=90.9W  PCAP→78W  power=88.9W
[PID] perf=240.596Hz  target=244.068Hz  err=+3.472Hz  corr=-6.99W  u_ff=90.9W  PCAP→83W  power=78.3W
[PID] perf=246.777Hz  target=244.068Hz  err=-2.709Hz  corr=-13.00W  u_ff=90.9W  PCAP→78W  power=82.2W
Process completed.
Compressed into /home/cc/summer2024/main_codes/pid_controller/../experiment_data/PID_Control_sweep/ones-stream-scale/compressed_iteration_20260512_032335.tar
----------------------------------
