
>>> Step 1/3

[ones-npb-ft]
  target perf      : 14.5364 Hz
  coefficients_perf: [-0.0005522560062416729, 0.2000532994178523, -2.29133973770495]
  feedforward PCAP : 132.80 W  →  130 W (snapped)
  Perf(u_ff) check : 14.5364 Hz  (should ≈ target)
  PID gains        : Kp=7.5924 W/Hz  Ki=0.75924 W/(Hz·s)  Kd=0.0000
[PID] perf=19.928Hz  target=14.536Hz  err=-5.392Hz  corr=-49.12W  u_ff=132.8W  PCAP→83W  power=nanW
[PID] perf=13.615Hz  target=14.536Hz  err=+0.922Hz  corr=+0.21W  u_ff=132.8W  PCAP→136W  power=82.5W
[PID] perf=17.889Hz  target=14.536Hz  err=-3.353Hz  corr=-37.34W  u_ff=132.8W  PCAP→95W  power=141.2W
[PID] perf=15.052Hz  target=14.536Hz  err=-0.516Hz  corr=-16.58W  u_ff=132.8W  PCAP→118W  power=94.1W
[PID] perf=16.929Hz  target=14.536Hz  err=-2.392Hz  corr=-34.46W  u_ff=132.8W  PCAP→101W  power=114.8W
[PID] perf=15.515Hz  target=14.536Hz  err=-0.979Hz  corr=-25.21W  u_ff=132.8W  PCAP→107W  power=101.3W
[PID] perf=16.218Hz  target=14.536Hz  err=-1.681Hz  corr=-33.10W  u_ff=132.8W  PCAP→101W  power=103.2W
[PID] perf=15.912Hz  target=14.536Hz  err=-1.376Hz  corr=-32.87W  u_ff=132.8W  PCAP→101W  power=100.6W
[PID] perf=15.563Hz  target=14.536Hz  err=-1.026Hz  corr=-31.78W  u_ff=132.8W  PCAP→101W  power=99.8W
[PID] perf=15.547Hz  target=14.536Hz  err=-1.011Hz  corr=-33.19W  u_ff=132.8W  PCAP→101W  power=100.1W
[PID] perf=14.120Hz  target=14.536Hz  err=+0.417Hz  corr=-21.72W  u_ff=132.8W  PCAP→112W  power=100.4W
[PID] perf=14.529Hz  target=14.536Hz  err=+0.007Hz  corr=-24.82W  u_ff=132.8W  PCAP→107W  power=114.0W
[PID] perf=14.195Hz  target=14.536Hz  err=+0.342Hz  corr=-21.76W  u_ff=132.8W  PCAP→112W  power=109.1W
[PID] perf=14.597Hz  target=14.536Hz  err=-0.060Hz  corr=-24.90W  u_ff=132.8W  PCAP→107W  power=112.2W
[PID] perf=14.225Hz  target=14.536Hz  err=+0.312Hz  corr=-21.61W  u_ff=132.8W  PCAP→112W  power=106.6W
[PID] perf=14.525Hz  target=14.536Hz  err=+0.011Hz  corr=-23.87W  u_ff=132.8W  PCAP→107W  power=111.3W
[PID] perf=14.467Hz  target=14.536Hz  err=+0.069Hz  corr=-23.33W  u_ff=132.8W  PCAP→107W  power=107.5W
Process completed.
Compressed into /home/cc/summer2024/main_codes/pid_controller/../experiment_data/PID_Control_sweep/ones-npb-ft/compressed_iteration_20260512_143019.tar
----------------------------------

>>> Step 2/3

[ones-npb-ft]
  target perf      : 14.5364 Hz
  coefficients_perf: [-0.0005522560062416729, 0.2000532994178523, -2.29133973770495]
  feedforward PCAP : 132.80 W  →  130 W (snapped)
  Perf(u_ff) check : 14.5364 Hz  (should ≈ target)
  PID gains        : Kp=7.5924 W/Hz  Ki=0.75924 W/(Hz·s)  Kd=0.0000
[PID] perf=16.111Hz  target=14.536Hz  err=-1.575Hz  corr=-14.35W  u_ff=132.8W  PCAP→118W  power=nanW
[PID] perf=16.951Hz  target=14.536Hz  err=-2.415Hz  corr=-24.39W  u_ff=132.8W  PCAP→107W  power=120.8W
[PID] perf=16.237Hz  target=14.536Hz  err=-1.701Hz  corr=-21.55W  u_ff=132.8W  PCAP→112W  power=109.3W
[PID] perf=16.686Hz  target=14.536Hz  err=-2.150Hz  corr=-28.23W  u_ff=132.8W  PCAP→107W  power=113.8W
[PID] perf=16.418Hz  target=14.536Hz  err=-1.882Hz  corr=-29.05W  u_ff=132.8W  PCAP→101W  power=108.8W
[PID] perf=15.568Hz  target=14.536Hz  err=-1.031Hz  corr=-24.16W  u_ff=132.8W  PCAP→107W  power=102.4W
[PID] perf=16.048Hz  target=14.536Hz  err=-1.511Hz  corr=-30.10W  u_ff=132.8W  PCAP→101W  power=109.3W
[PID] perf=15.749Hz  target=14.536Hz  err=-1.213Hz  corr=-29.67W  u_ff=132.8W  PCAP→101W  power=100.8W
[PID] perf=15.509Hz  target=14.536Hz  err=-0.973Hz  corr=-29.33W  u_ff=132.8W  PCAP→101W  power=99.9W
[PID] perf=14.507Hz  target=14.536Hz  err=+0.030Hz  corr=-21.67W  u_ff=132.8W  PCAP→112W  power=104.1W
[PID] perf=14.295Hz  target=14.536Hz  err=+0.241Hz  corr=-19.70W  u_ff=132.8W  PCAP→112W  power=113.8W
[PID] perf=14.396Hz  target=14.536Hz  err=+0.141Hz  corr=-20.25W  u_ff=132.8W  PCAP→112W  power=112.0W
[PID] perf=14.530Hz  target=14.536Hz  err=+0.007Hz  corr=-21.26W  u_ff=132.8W  PCAP→112W  power=108.4W
[PID] perf=14.885Hz  target=14.536Hz  err=-0.348Hz  corr=-24.48W  u_ff=132.8W  PCAP→107W  power=113.1W
[PID] perf=14.587Hz  target=14.536Hz  err=-0.051Hz  corr=-22.30W  u_ff=132.8W  PCAP→112W  power=106.7W
[PID] perf=15.054Hz  target=14.536Hz  err=-0.518Hz  corr=-26.63W  u_ff=132.8W  PCAP→107W  power=111.2W
[PID] perf=14.741Hz  target=14.536Hz  err=-0.204Hz  corr=-24.56W  u_ff=132.8W  PCAP→107W  power=106.2W
Process completed.
Compressed into /home/cc/summer2024/main_codes/pid_controller/../experiment_data/PID_Control_sweep/ones-npb-ft/compressed_iteration_20260512_143053.tar
----------------------------------

>>> Step 3/3

[ones-npb-ft]
  target perf      : 14.5364 Hz
  coefficients_perf: [-0.0005522560062416729, 0.2000532994178523, -2.29133973770495]
  feedforward PCAP : 132.80 W  →  130 W (snapped)
  Perf(u_ff) check : 14.5364 Hz  (should ≈ target)
  PID gains        : Kp=7.5924 W/Hz  Ki=0.75924 W/(Hz·s)  Kd=0.0000
[PID] perf=16.477Hz  target=14.536Hz  err=-1.941Hz  corr=-17.68W  u_ff=132.8W  PCAP→118W  power=nanW
[PID] perf=17.527Hz  target=14.536Hz  err=-2.990Hz  corr=-30.19W  u_ff=132.8W  PCAP→101W  power=116.5W
[PID] perf=15.522Hz  target=14.536Hz  err=-0.986Hz  corr=-16.47W  u_ff=132.8W  PCAP→118W  power=100.6W
[PID] perf=16.714Hz  target=14.536Hz  err=-2.178Hz  corr=-28.83W  u_ff=132.8W  PCAP→101W  power=118.7W
[PID] perf=15.452Hz  target=14.536Hz  err=-0.915Hz  corr=-20.63W  u_ff=132.8W  PCAP→112W  power=101.2W
[PID] perf=16.281Hz  target=14.536Hz  err=-1.745Hz  corr=-29.58W  u_ff=132.8W  PCAP→101W  power=110.6W
[PID] perf=14.460Hz  target=14.536Hz  err=+0.077Hz  corr=-15.63W  u_ff=132.8W  PCAP→118W  power=98.7W
[PID] perf=16.314Hz  target=14.536Hz  err=-1.778Hz  corr=-32.41W  u_ff=132.8W  PCAP→101W  power=119.2W
[PID] perf=15.269Hz  target=14.536Hz  err=-0.732Hz  corr=-25.59W  u_ff=132.8W  PCAP→107W  power=103.3W
[PID] perf=15.203Hz  target=14.536Hz  err=-0.666Hz  corr=-26.10W  u_ff=132.8W  PCAP→107W  power=103.8W
[PID] perf=14.255Hz  target=14.536Hz  err=+0.281Hz  corr=-18.48W  u_ff=132.8W  PCAP→112W  power=106.8W
[PID] perf=14.781Hz  target=14.536Hz  err=-0.244Hz  corr=-22.84W  u_ff=132.8W  PCAP→112W  power=110.6W
[PID] perf=14.743Hz  target=14.536Hz  err=-0.207Hz  corr=-22.86W  u_ff=132.8W  PCAP→112W  power=111.8W
[PID] perf=14.862Hz  target=14.536Hz  err=-0.325Hz  corr=-24.26W  u_ff=132.8W  PCAP→107W  power=111.5W
[PID] perf=14.618Hz  target=14.536Hz  err=-0.081Hz  corr=-22.53W  u_ff=132.8W  PCAP→112W  power=108.0W
[PID] perf=15.092Hz  target=14.536Hz  err=-0.555Hz  corr=-26.97W  u_ff=132.8W  PCAP→107W  power=110.5W
[PID] perf=14.889Hz  target=14.536Hz  err=-0.353Hz  corr=-25.97W  u_ff=132.8W  PCAP→107W  power=104.5W
Process completed.
Compressed into /home/cc/summer2024/main_codes/pid_controller/../experiment_data/PID_Control_sweep/ones-npb-ft/compressed_iteration_20260512_143126.tar
----------------------------------
