
>>> Step 1/3

[ones-npb-ep]
  target perf      : 12.3197 Hz
  coefficients_perf: [-0.0006394025930687709, 0.20079489995546235, -1.448354481994224]
  feedforward PCAP : 101.14 W  →  101 W (snapped)
  Perf(u_ff) check : 12.3197 Hz  (should ≈ target)
  PID gains        : Kp=11.0083 W/Hz  Ki=1.10083 W/(Hz·s)  Kd=0.0000
[PID] perf=15.176Hz  target=12.320Hz  err=-2.856Hz  corr=-37.73W  u_ff=101.1W  PCAP→78W  power=nanW
[PID] perf=11.198Hz  target=12.320Hz  err=+1.122Hz  corr=+8.53W  u_ff=101.1W  PCAP→112W  power=76.7W
[PID] perf=13.907Hz  target=12.320Hz  err=-1.588Hz  corr=-24.79W  u_ff=101.1W  PCAP→78W  power=111.6W
[PID] perf=11.156Hz  target=12.320Hz  err=+1.163Hz  corr=+8.05W  u_ff=101.1W  PCAP→107W  power=77.4W
[PID] perf=13.522Hz  target=12.320Hz  err=-1.202Hz  corr=-20.63W  u_ff=101.1W  PCAP→83W  power=106.3W
[PID] perf=11.612Hz  target=12.320Hz  err=+0.707Hz  corr=+1.94W  u_ff=101.1W  PCAP→101W  power=82.5W
[PID] perf=13.151Hz  target=12.320Hz  err=-0.832Hz  corr=-16.83W  u_ff=101.1W  PCAP→83W  power=99.9W
[PID] perf=11.746Hz  target=12.320Hz  err=+0.574Hz  corr=-0.09W  u_ff=101.1W  PCAP→101W  power=82.3W
[PID] perf=13.151Hz  target=12.320Hz  err=-0.831Hz  corr=-17.39W  u_ff=101.1W  PCAP→83W  power=100.7W
[PID] perf=11.718Hz  target=12.320Hz  err=+0.602Hz  corr=-0.29W  u_ff=101.1W  PCAP→101W  power=82.5W
[PID] perf=13.103Hz  target=12.320Hz  err=-0.783Hz  corr=-17.26W  u_ff=101.1W  PCAP→83W  power=100.5W
[PID] perf=11.725Hz  target=12.320Hz  err=+0.594Hz  corr=-0.79W  u_ff=101.1W  PCAP→101W  power=81.6W
[PID] perf=13.132Hz  target=12.320Hz  err=-0.812Hz  corr=-18.06W  u_ff=101.1W  PCAP→83W  power=101.0W
[PID] perf=11.704Hz  target=12.320Hz  err=+0.616Hz  corr=-0.98W  u_ff=101.1W  PCAP→101W  power=82.4W
[PID] perf=13.141Hz  target=12.320Hz  err=-0.821Hz  corr=-18.61W  u_ff=101.1W  PCAP→83W  power=100.7W
[PID] perf=11.746Hz  target=12.320Hz  err=+0.574Hz  corr=-1.99W  u_ff=101.1W  PCAP→101W  power=83.6W
[PID] perf=13.170Hz  target=12.320Hz  err=-0.850Hz  corr=-19.54W  u_ff=101.1W  PCAP→83W  power=101.4W
[PID] perf=11.725Hz  target=12.320Hz  err=+0.595Hz  corr=-2.32W  u_ff=101.1W  PCAP→101W  power=82.2W
[PID] perf=13.130Hz  target=12.320Hz  err=-0.810Hz  corr=-19.57W  u_ff=101.1W  PCAP→83W  power=101.7W
[PID] perf=11.727Hz  target=12.320Hz  err=+0.593Hz  corr=-2.82W  u_ff=101.1W  PCAP→101W  power=83.2W
[PID] perf=13.139Hz  target=12.320Hz  err=-0.819Hz  corr=-20.17W  u_ff=101.1W  PCAP→83W  power=100.8W
[PID] perf=11.687Hz  target=12.320Hz  err=+0.633Hz  corr=-2.79W  u_ff=101.1W  PCAP→101W  power=82.1W
[PID] perf=13.143Hz  target=12.320Hz  err=-0.823Hz  corr=-20.63W  u_ff=101.1W  PCAP→83W  power=100.3W
[PID] perf=11.713Hz  target=12.320Hz  err=+0.607Hz  corr=-3.55W  u_ff=101.1W  PCAP→95W  power=82.6W
[PID] perf=12.699Hz  target=12.320Hz  err=-0.379Hz  corr=-15.24W  u_ff=101.1W  PCAP→83W  power=93.2W
[PID] perf=11.721Hz  target=12.320Hz  err=+0.599Hz  corr=-3.15W  u_ff=101.1W  PCAP→95W  power=82.4W
[PID] perf=12.707Hz  target=12.320Hz  err=-0.387Hz  corr=-14.86W  u_ff=101.1W  PCAP→89W  power=95.3W
[PID] perf=12.205Hz  target=12.320Hz  err=+0.115Hz  corr=-9.09W  u_ff=101.1W  PCAP→95W  power=88.6W
[PID] perf=12.684Hz  target=12.320Hz  err=-0.364Hz  corr=-15.16W  u_ff=101.1W  PCAP→83W  power=95.8W
[PID] perf=11.738Hz  target=12.320Hz  err=+0.582Hz  corr=-3.46W  u_ff=101.1W  PCAP→95W  power=81.7W
[PID] perf=12.690Hz  target=12.320Hz  err=-0.370Hz  corr=-14.76W  u_ff=101.1W  PCAP→89W  power=94.6W
[PID] perf=12.277Hz  target=12.320Hz  err=+0.042Hz  corr=-10.12W  u_ff=101.1W  PCAP→89W  power=90.2W
[PID] perf=12.199Hz  target=12.320Hz  err=+0.121Hz  corr=-8.99W  u_ff=101.1W  PCAP→95W  power=88.7W
[PID] perf=12.631Hz  target=12.320Hz  err=-0.311Hz  corr=-14.44W  u_ff=101.1W  PCAP→89W  power=95.0W
[PID] perf=12.177Hz  target=12.320Hz  err=+0.143Hz  corr=-9.12W  u_ff=101.1W  PCAP→95W  power=89.6W
[PID] perf=12.661Hz  target=12.320Hz  err=-0.342Hz  corr=-15.21W  u_ff=101.1W  PCAP→83W  power=96.0W
[PID] perf=11.663Hz  target=12.320Hz  err=+0.657Hz  corr=-2.77W  u_ff=101.1W  PCAP→101W  power=83.5W
[PID] perf=13.110Hz  target=12.320Hz  err=-0.790Hz  corr=-20.44W  u_ff=101.1W  PCAP→83W  power=100.5W
[PID] perf=11.658Hz  target=12.320Hz  err=+0.662Hz  corr=-3.00W  u_ff=101.1W  PCAP→101W  power=83.3W
[PID] perf=13.119Hz  target=12.320Hz  err=-0.799Hz  corr=-20.84W  u_ff=101.1W  PCAP→78W  power=101.8W
[PID] perf=11.212Hz  target=12.320Hz  err=+1.107Hz  corr=+2.58W  u_ff=101.1W  PCAP→101W  power=77.9W
Process completed.
Compressed into /home/cc/summer2024/main_codes/pid_controller/../experiment_data/PID_Control_sweep/ones-npb-ep/compressed_iteration_20260512_122334.tar
----------------------------------

>>> Step 2/3

[ones-npb-ep]
  target perf      : 12.3197 Hz
  coefficients_perf: [-0.0006394025930687709, 0.20079489995546235, -1.448354481994224]
  feedforward PCAP : 101.14 W  →  101 W (snapped)
  Perf(u_ff) check : 12.3197 Hz  (should ≈ target)
  PID gains        : Kp=11.0083 W/Hz  Ki=1.10083 W/(Hz·s)  Kd=0.0000
[PID] perf=14.506Hz  target=12.320Hz  err=-2.186Hz  corr=-28.88W  u_ff=101.1W  PCAP→78W  power=nanW
[PID] perf=11.264Hz  target=12.320Hz  err=+1.056Hz  corr=+9.13W  u_ff=101.1W  PCAP→112W  power=78.8W
[PID] perf=13.995Hz  target=12.320Hz  err=-1.675Hz  corr=-24.62W  u_ff=101.1W  PCAP→78W  power=111.8W
[PID] perf=11.219Hz  target=12.320Hz  err=+1.100Hz  corr=+8.36W  u_ff=101.1W  PCAP→112W  power=77.2W
[PID] perf=14.000Hz  target=12.320Hz  err=-1.680Hz  corr=-25.95W  u_ff=101.1W  PCAP→78W  power=110.5W
[PID] perf=11.302Hz  target=12.320Hz  err=+1.017Hz  corr=+5.98W  u_ff=101.1W  PCAP→107W  power=78.7W
[PID] perf=13.624Hz  target=12.320Hz  err=-1.304Hz  corr=-22.44W  u_ff=101.1W  PCAP→78W  power=106.6W
[PID] perf=11.262Hz  target=12.320Hz  err=+1.058Hz  corr=+5.89W  u_ff=101.1W  PCAP→107W  power=77.8W
[PID] perf=13.621Hz  target=12.320Hz  err=-1.301Hz  corr=-22.95W  u_ff=101.1W  PCAP→78W  power=107.0W
[PID] perf=11.316Hz  target=12.320Hz  err=+1.003Hz  corr=+4.63W  u_ff=101.1W  PCAP→107W  power=78.5W
[PID] perf=13.617Hz  target=12.320Hz  err=-1.297Hz  corr=-23.54W  u_ff=101.1W  PCAP→78W  power=106.4W
[PID] perf=11.285Hz  target=12.320Hz  err=+1.035Hz  corr=+4.40W  u_ff=101.1W  PCAP→107W  power=76.9W
[PID] perf=13.611Hz  target=12.320Hz  err=-1.291Hz  corr=-24.05W  u_ff=101.1W  PCAP→78W  power=106.9W
[PID] perf=11.281Hz  target=12.320Hz  err=+1.038Hz  corr=+3.88W  u_ff=101.1W  PCAP→107W  power=78.0W
[PID] perf=13.607Hz  target=12.320Hz  err=-1.287Hz  corr=-24.55W  u_ff=101.1W  PCAP→78W  power=105.2W
[PID] perf=11.281Hz  target=12.320Hz  err=+1.038Hz  corr=+3.34W  u_ff=101.1W  PCAP→107W  power=78.3W
[PID] perf=13.607Hz  target=12.320Hz  err=-1.287Hz  corr=-25.10W  u_ff=101.1W  PCAP→78W  power=106.1W
[PID] perf=11.261Hz  target=12.320Hz  err=+1.058Hz  corr=+3.05W  u_ff=101.1W  PCAP→107W  power=77.5W
[PID] perf=13.620Hz  target=12.320Hz  err=-1.301Hz  corr=-25.78W  u_ff=101.1W  PCAP→78W  power=106.1W
[PID] perf=11.274Hz  target=12.320Hz  err=+1.046Hz  corr=+2.36W  u_ff=101.1W  PCAP→101W  power=78.1W
[PID] perf=13.217Hz  target=12.320Hz  err=-0.898Hz  corr=-21.02W  u_ff=101.1W  PCAP→78W  power=100.4W
[PID] perf=11.274Hz  target=12.320Hz  err=+1.046Hz  corr=+2.68W  u_ff=101.1W  PCAP→101W  power=77.5W
[PID] perf=13.204Hz  target=12.320Hz  err=-0.884Hz  corr=-20.51W  u_ff=101.1W  PCAP→83W  power=100.8W
[PID] perf=11.760Hz  target=12.320Hz  err=+0.559Hz  corr=-3.39W  u_ff=101.1W  PCAP→95W  power=82.4W
[PID] perf=12.778Hz  target=12.320Hz  err=-0.458Hz  corr=-15.60W  u_ff=101.1W  PCAP→83W  power=94.2W
[PID] perf=11.767Hz  target=12.320Hz  err=+0.553Hz  corr=-3.25W  u_ff=101.1W  PCAP→95W  power=82.9W
[PID] perf=12.743Hz  target=12.320Hz  err=-0.424Hz  corr=-14.93W  u_ff=101.1W  PCAP→89W  power=95.0W
[PID] perf=12.268Hz  target=12.320Hz  err=+0.052Hz  corr=-9.59W  u_ff=101.1W  PCAP→89W  power=88.9W
[PID] perf=12.240Hz  target=12.320Hz  err=+0.080Hz  corr=-9.10W  u_ff=101.1W  PCAP→95W  power=89.0W
[PID] perf=12.707Hz  target=12.320Hz  err=-0.387Hz  corr=-15.10W  u_ff=101.1W  PCAP→89W  power=95.0W
[PID] perf=12.255Hz  target=12.320Hz  err=+0.065Hz  corr=-9.98W  u_ff=101.1W  PCAP→89W  power=88.6W
[PID] perf=12.246Hz  target=12.320Hz  err=+0.073Hz  corr=-9.72W  u_ff=101.1W  PCAP→89W  power=88.2W
[PID] perf=12.271Hz  target=12.320Hz  err=+0.049Hz  corr=-9.88W  u_ff=101.1W  PCAP→89W  power=88.4W
[PID] perf=12.247Hz  target=12.320Hz  err=+0.072Hz  corr=-9.46W  u_ff=101.1W  PCAP→89W  power=88.8W
[PID] perf=12.265Hz  target=12.320Hz  err=+0.055Hz  corr=-9.54W  u_ff=101.1W  PCAP→89W  power=88.5W
[PID] perf=12.253Hz  target=12.320Hz  err=+0.067Hz  corr=-9.26W  u_ff=101.1W  PCAP→89W  power=88.7W
[PID] perf=12.248Hz  target=12.320Hz  err=+0.071Hz  corr=-9.05W  u_ff=101.1W  PCAP→95W  power=89.5W
[PID] perf=12.741Hz  target=12.320Hz  err=-0.421Hz  corr=-15.40W  u_ff=101.1W  PCAP→83W  power=94.2W
[PID] perf=11.738Hz  target=12.320Hz  err=+0.582Hz  corr=-3.08W  u_ff=101.1W  PCAP→101W  power=82.7W
[PID] perf=13.260Hz  target=12.320Hz  err=-0.940Hz  corr=-21.91W  u_ff=101.1W  PCAP→78W  power=100.0W
[PID] perf=11.285Hz  target=12.320Hz  err=+1.034Hz  corr=+2.11W  u_ff=101.1W  PCAP→101W  power=77.9W
Process completed.
Compressed into /home/cc/summer2024/main_codes/pid_controller/../experiment_data/PID_Control_sweep/ones-npb-ep/compressed_iteration_20260512_122456.tar
----------------------------------

>>> Step 3/3

[ones-npb-ep]
  target perf      : 12.3197 Hz
  coefficients_perf: [-0.0006394025930687709, 0.20079489995546235, -1.448354481994224]
  feedforward PCAP : 101.14 W  →  101 W (snapped)
  Perf(u_ff) check : 12.3197 Hz  (should ≈ target)
  PID gains        : Kp=11.0083 W/Hz  Ki=1.10083 W/(Hz·s)  Kd=0.0000
[PID] perf=15.121Hz  target=12.320Hz  err=-2.801Hz  corr=-37.01W  u_ff=101.1W  PCAP→78W  power=nanW
[PID] perf=11.296Hz  target=12.320Hz  err=+1.024Hz  corr=+7.36W  u_ff=101.1W  PCAP→107W  power=78.3W
[PID] perf=13.660Hz  target=12.320Hz  err=-1.341Hz  corr=-21.62W  u_ff=101.1W  PCAP→78W  power=105.4W
[PID] perf=11.259Hz  target=12.320Hz  err=+1.061Hz  corr=+7.15W  u_ff=101.1W  PCAP→107W  power=77.5W
[PID] perf=13.619Hz  target=12.320Hz  err=-1.299Hz  corr=-21.69W  u_ff=101.1W  PCAP→78W  power=105.3W
[PID] perf=11.297Hz  target=12.320Hz  err=+1.022Hz  corr=+6.12W  u_ff=101.1W  PCAP→107W  power=77.7W
[PID] perf=13.635Hz  target=12.320Hz  err=-1.315Hz  corr=-22.51W  u_ff=101.1W  PCAP→78W  power=105.0W
[PID] perf=11.276Hz  target=12.320Hz  err=+1.044Hz  corr=+5.75W  u_ff=101.1W  PCAP→107W  power=78.0W
[PID] perf=13.637Hz  target=12.320Hz  err=-1.318Hz  corr=-23.14W  u_ff=101.1W  PCAP→78W  power=105.6W
[PID] perf=11.260Hz  target=12.320Hz  err=+1.059Hz  corr=+5.36W  u_ff=101.1W  PCAP→107W  power=78.4W
[PID] perf=13.638Hz  target=12.320Hz  err=-1.318Hz  corr=-23.72W  u_ff=101.1W  PCAP→78W  power=106.8W
[PID] perf=11.263Hz  target=12.320Hz  err=+1.057Hz  corr=+4.75W  u_ff=101.1W  PCAP→107W  power=77.1W
[PID] perf=13.636Hz  target=12.320Hz  err=-1.317Hz  corr=-24.27W  u_ff=101.1W  PCAP→78W  power=107.5W
[PID] perf=11.263Hz  target=12.320Hz  err=+1.057Hz  corr=+4.18W  u_ff=101.1W  PCAP→107W  power=77.9W
[PID] perf=13.634Hz  target=12.320Hz  err=-1.315Hz  corr=-24.82W  u_ff=101.1W  PCAP→78W  power=107.2W
[PID] perf=11.293Hz  target=12.320Hz  err=+1.027Hz  corr=+3.22W  u_ff=101.1W  PCAP→107W  power=77.8W
[PID] perf=13.634Hz  target=12.320Hz  err=-1.314Hz  corr=-25.44W  u_ff=101.1W  PCAP→78W  power=106.4W
[PID] perf=11.285Hz  target=12.320Hz  err=+1.035Hz  corr=+2.69W  u_ff=101.1W  PCAP→101W  power=78.1W
[PID] perf=13.217Hz  target=12.320Hz  err=-0.898Hz  corr=-20.56W  u_ff=101.1W  PCAP→83W  power=100.4W
[PID] perf=11.742Hz  target=12.320Hz  err=+0.577Hz  corr=-3.05W  u_ff=101.1W  PCAP→101W  power=83.7W
[PID] perf=13.223Hz  target=12.320Hz  err=-0.904Hz  corr=-21.34W  u_ff=101.1W  PCAP→78W  power=100.9W
[PID] perf=11.301Hz  target=12.320Hz  err=+1.019Hz  corr=+2.07W  u_ff=101.1W  PCAP→101W  power=78.2W
[PID] perf=13.209Hz  target=12.320Hz  err=-0.889Hz  corr=-20.90W  u_ff=101.1W  PCAP→78W  power=100.2W
[PID] perf=11.301Hz  target=12.320Hz  err=+1.019Hz  corr=+2.35W  u_ff=101.1W  PCAP→101W  power=78.4W
[PID] perf=13.229Hz  target=12.320Hz  err=-0.910Hz  corr=-20.88W  u_ff=101.1W  PCAP→78W  power=101.5W
[PID] perf=11.309Hz  target=12.320Hz  err=+1.011Hz  corr=+2.48W  u_ff=101.1W  PCAP→101W  power=77.8W
[PID] perf=13.222Hz  target=12.320Hz  err=-0.903Hz  corr=-20.57W  u_ff=101.1W  PCAP→83W  power=100.7W
[PID] perf=11.751Hz  target=12.320Hz  err=+0.569Hz  corr=-3.12W  u_ff=101.1W  PCAP→101W  power=83.5W
[PID] perf=13.225Hz  target=12.320Hz  err=-0.905Hz  corr=-21.34W  u_ff=101.1W  PCAP→78W  power=101.3W
[PID] perf=11.258Hz  target=12.320Hz  err=+1.062Hz  corr=+2.65W  u_ff=101.1W  PCAP→101W  power=78.0W
[PID] perf=13.211Hz  target=12.320Hz  err=-0.892Hz  corr=-20.82W  u_ff=101.1W  PCAP→78W  power=101.0W
[PID] perf=11.292Hz  target=12.320Hz  err=+1.028Hz  corr=+2.58W  u_ff=101.1W  PCAP→101W  power=77.3W
[PID] perf=13.216Hz  target=12.320Hz  err=-0.896Hz  corr=-20.57W  u_ff=101.1W  PCAP→83W  power=100.0W
[PID] perf=11.738Hz  target=12.320Hz  err=+0.582Hz  corr=-3.02W  u_ff=101.1W  PCAP→101W  power=82.9W
[PID] perf=13.213Hz  target=12.320Hz  err=-0.893Hz  corr=-21.22W  u_ff=101.1W  PCAP→78W  power=101.1W
[PID] perf=11.290Hz  target=12.320Hz  err=+1.030Hz  corr=+2.21W  u_ff=101.1W  PCAP→101W  power=77.6W
[PID] perf=13.197Hz  target=12.320Hz  err=-0.877Hz  corr=-20.71W  u_ff=101.1W  PCAP→78W  power=101.1W
[PID] perf=11.287Hz  target=12.320Hz  err=+1.033Hz  corr=+2.59W  u_ff=101.1W  PCAP→101W  power=78.6W
[PID] perf=13.189Hz  target=12.320Hz  err=-0.869Hz  corr=-20.26W  u_ff=101.1W  PCAP→83W  power=102.3W
[PID] perf=11.744Hz  target=12.320Hz  err=+0.575Hz  corr=-3.10W  u_ff=101.1W  PCAP→101W  power=84.0W
[PID] perf=13.199Hz  target=12.320Hz  err=-0.879Hz  corr=-21.04W  u_ff=101.1W  PCAP→78W  power=99.3W
Process completed.
Compressed into /home/cc/summer2024/main_codes/pid_controller/../experiment_data/PID_Control_sweep/ones-npb-ep/compressed_iteration_20260512_122617.tar
----------------------------------
