
>>> Step 1/3

[ones-stream-add]
  target perf      : 198.3698 Hz
  coefficients_perf: [-0.006118257956496563, 1.8929149887400043, 51.95850863615756]
  feedforward PCAP : 121.50 W  →  124 W (snapped)
  Perf(u_ff) check : 191.6284 Hz  (should ≈ target)
  PID gains        : Kp=1.2310 W/Hz  Ki=0.12310 W/(Hz·s)  Kd=0.0000
[PID] perf=205.159Hz  target=198.370Hz  err=-6.789Hz  corr=-10.03W  u_ff=121.5W  PCAP→112W  power=nanW
[PID] perf=193.433Hz  target=198.370Hz  err=+4.937Hz  corr=+5.62W  u_ff=121.5W  PCAP→130W  power=111.0W
[PID] perf=197.305Hz  target=198.370Hz  err=+1.065Hz  corr=+1.12W  u_ff=121.5W  PCAP→124W  power=129.3W
[PID] perf=195.767Hz  target=198.370Hz  err=+2.603Hz  corr=+3.65W  u_ff=121.5W  PCAP→124W  power=124.4W
[PID] perf=192.988Hz  target=198.370Hz  err=+5.382Hz  corr=+8.40W  u_ff=121.5W  PCAP→130W  power=125.2W
[PID] perf=197.295Hz  target=198.370Hz  err=+1.074Hz  corr=+3.36W  u_ff=121.5W  PCAP→124W  power=130.7W
[PID] perf=197.570Hz  target=198.370Hz  err=+0.800Hz  corr=+3.22W  u_ff=121.5W  PCAP→124W  power=123.9W
[PID] perf=196.895Hz  target=198.370Hz  err=+1.475Hz  corr=+4.41W  u_ff=121.5W  PCAP→124W  power=125.0W
[PID] perf=197.663Hz  target=198.370Hz  err=+0.707Hz  corr=+3.64W  u_ff=121.5W  PCAP→124W  power=124.0W
[PID] perf=197.644Hz  target=198.370Hz  err=+0.726Hz  corr=+3.84W  u_ff=121.5W  PCAP→124W  power=123.3W
[PID] perf=196.211Hz  target=198.370Hz  err=+2.159Hz  corr=+6.14W  u_ff=121.5W  PCAP→130W  power=123.3W
[PID] perf=196.298Hz  target=198.370Hz  err=+2.072Hz  corr=+6.54W  u_ff=121.5W  PCAP→130W  power=130.4W
[PID] perf=196.856Hz  target=198.370Hz  err=+1.514Hz  corr=+6.23W  u_ff=121.5W  PCAP→130W  power=129.8W
[PID] perf=196.985Hz  target=198.370Hz  err=+1.385Hz  corr=+6.41W  u_ff=121.5W  PCAP→130W  power=130.9W
[PID] perf=197.342Hz  target=198.370Hz  err=+1.028Hz  corr=+6.22W  u_ff=121.5W  PCAP→130W  power=130.7W
[PID] perf=197.518Hz  target=198.370Hz  err=+0.851Hz  corr=+6.22W  u_ff=121.5W  PCAP→130W  power=129.8W
[PID] perf=196.473Hz  target=198.370Hz  err=+1.897Hz  corr=+7.97W  u_ff=121.5W  PCAP→130W  power=129.1W
[PID] perf=195.484Hz  target=198.370Hz  err=+2.886Hz  corr=+9.90W  u_ff=121.5W  PCAP→130W  power=129.0W
[PID] perf=195.625Hz  target=198.370Hz  err=+2.744Hz  corr=+10.40W  u_ff=121.5W  PCAP→130W  power=130.5W
[PID] perf=196.005Hz  target=198.370Hz  err=+2.365Hz  corr=+10.51W  u_ff=121.5W  PCAP→130W  power=130.1W
[PID] perf=195.986Hz  target=198.370Hz  err=+2.383Hz  corr=+11.12W  u_ff=121.5W  PCAP→130W  power=131.6W
[PID] perf=195.831Hz  target=198.370Hz  err=+2.539Hz  corr=+11.94W  u_ff=121.5W  PCAP→136W  power=128.6W
[PID] perf=196.041Hz  target=198.370Hz  err=+2.328Hz  corr=+12.25W  u_ff=121.5W  PCAP→136W  power=136.7W
[PID] perf=196.358Hz  target=198.370Hz  err=+2.012Hz  corr=+12.36W  u_ff=121.5W  PCAP→136W  power=137.3W
[PID] perf=196.420Hz  target=198.370Hz  err=+1.950Hz  corr=+12.76W  u_ff=121.5W  PCAP→136W  power=135.7W
[PID] perf=196.579Hz  target=198.370Hz  err=+1.791Hz  corr=+13.01W  u_ff=121.5W  PCAP→136W  power=135.4W
Process completed.
Compressed into /home/cc/summer2024/main_codes/pid_controller/../experiment_data/PID_Control_sweep/ones-stream-add/compressed_iteration_20260512_030902.tar
----------------------------------

>>> Step 2/3

[ones-stream-add]
  target perf      : 198.3698 Hz
  coefficients_perf: [-0.006118257956496563, 1.8929149887400043, 51.95850863615756]
  feedforward PCAP : 121.50 W  →  124 W (snapped)
  Perf(u_ff) check : 191.6284 Hz  (should ≈ target)
  PID gains        : Kp=1.2310 W/Hz  Ki=0.12310 W/(Hz·s)  Kd=0.0000
[PID] perf=204.437Hz  target=198.370Hz  err=-6.068Hz  corr=-8.96W  u_ff=121.5W  PCAP→112W  power=nanW
[PID] perf=190.408Hz  target=198.370Hz  err=+7.962Hz  corr=+10.27W  u_ff=121.5W  PCAP→130W  power=111.3W
[PID] perf=195.660Hz  target=198.370Hz  err=+2.710Hz  corr=+4.47W  u_ff=121.5W  PCAP→124W  power=131.1W
[PID] perf=195.461Hz  target=198.370Hz  err=+2.909Hz  corr=+5.43W  u_ff=121.5W  PCAP→124W  power=122.8W
[PID] perf=195.523Hz  target=198.370Hz  err=+2.847Hz  corr=+6.06W  u_ff=121.5W  PCAP→130W  power=125.6W
[PID] perf=196.574Hz  target=198.370Hz  err=+1.796Hz  corr=+5.20W  u_ff=121.5W  PCAP→124W  power=128.4W
[PID] perf=196.390Hz  target=198.370Hz  err=+1.980Hz  corr=+5.92W  u_ff=121.5W  PCAP→130W  power=124.5W
[PID] perf=197.054Hz  target=198.370Hz  err=+1.315Hz  corr=+5.42W  u_ff=121.5W  PCAP→124W  power=130.8W
[PID] perf=196.151Hz  target=198.370Hz  err=+2.218Hz  corr=+7.08W  u_ff=121.5W  PCAP→130W  power=125.0W
[PID] perf=197.560Hz  target=198.370Hz  err=+0.809Hz  corr=+5.55W  u_ff=121.5W  PCAP→130W  power=130.6W
[PID] perf=197.186Hz  target=198.370Hz  err=+1.183Hz  corr=+6.30W  u_ff=121.5W  PCAP→130W  power=129.4W
[PID] perf=195.941Hz  target=198.370Hz  err=+2.429Hz  corr=+8.43W  u_ff=121.5W  PCAP→130W  power=128.6W
[PID] perf=195.895Hz  target=198.370Hz  err=+2.475Hz  corr=+9.09W  u_ff=121.5W  PCAP→130W  power=129.5W
[PID] perf=195.865Hz  target=198.370Hz  err=+2.505Hz  corr=+9.75W  u_ff=121.5W  PCAP→130W  power=129.6W
[PID] perf=195.842Hz  target=198.370Hz  err=+2.528Hz  corr=+10.40W  u_ff=121.5W  PCAP→130W  power=129.2W
[PID] perf=195.073Hz  target=198.370Hz  err=+3.297Hz  corr=+12.16W  u_ff=121.5W  PCAP→136W  power=128.9W
[PID] perf=196.542Hz  target=198.370Hz  err=+1.828Hz  corr=+10.80W  u_ff=121.5W  PCAP→130W  power=135.7W
[PID] perf=195.872Hz  target=198.370Hz  err=+2.498Hz  corr=+12.24W  u_ff=121.5W  PCAP→136W  power=130.2W
[PID] perf=197.068Hz  target=198.370Hz  err=+1.301Hz  corr=+11.09W  u_ff=121.5W  PCAP→130W  power=135.9W
[PID] perf=197.742Hz  target=198.370Hz  err=+0.628Hz  corr=+10.41W  u_ff=121.5W  PCAP→130W  power=130.7W
[PID] perf=197.098Hz  target=198.370Hz  err=+1.271Hz  corr=+11.52W  u_ff=121.5W  PCAP→136W  power=129.6W
[PID] perf=198.326Hz  target=198.370Hz  err=+0.043Hz  corr=+10.02W  u_ff=121.5W  PCAP→130W  power=136.9W
[PID] perf=196.967Hz  target=198.370Hz  err=+1.403Hz  corr=+12.04W  u_ff=121.5W  PCAP→136W  power=129.4W
[PID] perf=197.101Hz  target=198.370Hz  err=+1.269Hz  corr=+12.18W  u_ff=121.5W  PCAP→136W  power=135.0W
[PID] perf=198.181Hz  target=198.370Hz  err=+0.189Hz  corr=+10.90W  u_ff=121.5W  PCAP→130W  power=135.9W
[PID] perf=196.934Hz  target=198.370Hz  err=+1.436Hz  corr=+12.79W  u_ff=121.5W  PCAP→136W  power=130.9W
Process completed.
Compressed into /home/cc/summer2024/main_codes/pid_controller/../experiment_data/PID_Control_sweep/ones-stream-add/compressed_iteration_20260512_030953.tar
----------------------------------

>>> Step 3/3

[ones-stream-add]
  target perf      : 198.3698 Hz
  coefficients_perf: [-0.006118257956496563, 1.8929149887400043, 51.95850863615756]
  feedforward PCAP : 121.50 W  →  124 W (snapped)
  Perf(u_ff) check : 191.6284 Hz  (should ≈ target)
  PID gains        : Kp=1.2310 W/Hz  Ki=0.12310 W/(Hz·s)  Kd=0.0000
[PID] perf=205.149Hz  target=198.370Hz  err=-6.779Hz  corr=-10.01W  u_ff=121.5W  PCAP→112W  power=nanW
[PID] perf=192.183Hz  target=198.370Hz  err=+6.186Hz  corr=+7.47W  u_ff=121.5W  PCAP→130W  power=111.6W
[PID] perf=197.989Hz  target=198.370Hz  err=+0.380Hz  corr=+0.42W  u_ff=121.5W  PCAP→124W  power=128.2W
[PID] perf=197.691Hz  target=198.370Hz  err=+0.679Hz  corr=+0.95W  u_ff=121.5W  PCAP→124W  power=123.5W
[PID] perf=196.367Hz  target=198.370Hz  err=+2.003Hz  corr=+3.07W  u_ff=121.5W  PCAP→124W  power=123.6W
[PID] perf=196.330Hz  target=198.370Hz  err=+2.039Hz  corr=+3.62W  u_ff=121.5W  PCAP→124W  power=123.8W
[PID] perf=196.133Hz  target=198.370Hz  err=+2.237Hz  corr=+4.41W  u_ff=121.5W  PCAP→124W  power=123.9W
[PID] perf=196.496Hz  target=198.370Hz  err=+1.874Hz  corr=+4.43W  u_ff=121.5W  PCAP→124W  power=124.3W
[PID] perf=196.395Hz  target=198.370Hz  err=+1.975Hz  corr=+5.04W  u_ff=121.5W  PCAP→124W  power=123.1W
[PID] perf=196.321Hz  target=198.370Hz  err=+2.049Hz  corr=+5.63W  u_ff=121.5W  PCAP→130W  power=124.2W
[PID] perf=195.996Hz  target=198.370Hz  err=+2.374Hz  corr=+6.62W  u_ff=121.5W  PCAP→130W  power=128.5W
[PID] perf=196.037Hz  target=198.370Hz  err=+2.333Hz  corr=+7.14W  u_ff=121.5W  PCAP→130W  power=127.5W
[PID] perf=196.142Hz  target=198.370Hz  err=+2.228Hz  corr=+7.56W  u_ff=121.5W  PCAP→130W  power=130.2W
[PID] perf=196.151Hz  target=198.370Hz  err=+2.218Hz  corr=+8.10W  u_ff=121.5W  PCAP→130W  power=129.9W
[PID] perf=197.054Hz  target=198.370Hz  err=+1.315Hz  corr=+7.31W  u_ff=121.5W  PCAP→130W  power=130.4W
[PID] perf=196.703Hz  target=198.370Hz  err=+1.666Hz  corr=+8.15W  u_ff=121.5W  PCAP→130W  power=128.7W
[PID] perf=196.234Hz  target=198.370Hz  err=+2.136Hz  corr=+9.26W  u_ff=121.5W  PCAP→130W  power=130.4W
[PID] perf=197.091Hz  target=198.370Hz  err=+1.278Hz  corr=+8.51W  u_ff=121.5W  PCAP→130W  power=129.8W
[PID] perf=196.879Hz  target=198.370Hz  err=+1.491Hz  corr=+9.14W  u_ff=121.5W  PCAP→130W  power=129.2W
[PID] perf=196.916Hz  target=198.370Hz  err=+1.454Hz  corr=+9.46W  u_ff=121.5W  PCAP→130W  power=131.2W
[PID] perf=197.166Hz  target=198.370Hz  err=+1.204Hz  corr=+9.44W  u_ff=121.5W  PCAP→130W  power=129.6W
[PID] perf=196.987Hz  target=198.370Hz  err=+1.382Hz  corr=+10.00W  u_ff=121.5W  PCAP→130W  power=129.1W
[PID] perf=196.248Hz  target=198.370Hz  err=+2.122Hz  corr=+11.44W  u_ff=121.5W  PCAP→130W  power=128.4W
[PID] perf=196.312Hz  target=198.370Hz  err=+2.058Hz  corr=+11.86W  u_ff=121.5W  PCAP→136W  power=130.0W
[PID] perf=197.226Hz  target=198.370Hz  err=+1.144Hz  corr=+11.02W  u_ff=121.5W  PCAP→130W  power=135.1W
[PID] perf=196.179Hz  target=198.370Hz  err=+2.191Hz  corr=+12.85W  u_ff=121.5W  PCAP→136W  power=129.5W
Process completed.
Compressed into /home/cc/summer2024/main_codes/pid_controller/../experiment_data/PID_Control_sweep/ones-stream-add/compressed_iteration_20260512_031044.tar
----------------------------------
