
>>> Step 1/3

[ones-npb-bt]
  target perf      : 5.5740 Hz
  coefficients_perf: [-0.0002748882630905589, 0.09680001853476215, -1.348104096123189]
  feedforward PCAP : 99.78 W  →  101 W (snapped)
  Perf(u_ff) check : 5.5740 Hz  (should ≈ target)
  PID gains        : Kp=16.6655 W/Hz  Ki=1.66655 W/(Hz·s)  Kd=0.0000
[PID] Awaiting data — feedforward PCAP=101W
[PID] perf=5.267Hz  target=5.574Hz  err=+0.307Hz  corr=+6.14W  u_ff=99.8W  PCAP→107W  power=98.7W
[PID] perf=5.544Hz  target=5.574Hz  err=+0.030Hz  corr=+1.63W  u_ff=99.8W  PCAP→101W  power=109.3W
[PID] perf=4.756Hz  target=5.574Hz  err=+0.818Hz  corr=+17.48W  u_ff=99.8W  PCAP→118W  power=105.0W
[PID] perf=5.495Hz  target=5.574Hz  err=+0.078Hz  corr=+5.42W  u_ff=99.8W  PCAP→107W  power=118.9W
[PID] perf=5.503Hz  target=5.574Hz  err=+0.071Hz  corr=+5.53W  u_ff=99.8W  PCAP→107W  power=109.0W
[PID] perf=5.852Hz  target=5.574Hz  err=-0.278Hz  corr=-1.21W  u_ff=99.8W  PCAP→101W  power=104.1W
[PID] perf=5.590Hz  target=5.574Hz  err=-0.016Hz  corr=+3.10W  u_ff=99.8W  PCAP→101W  power=112.4W
[PID] perf=5.579Hz  target=5.574Hz  err=-0.005Hz  corr=+3.27W  u_ff=99.8W  PCAP→101W  power=96.7W
[PID] perf=5.489Hz  target=5.574Hz  err=+0.085Hz  corr=+5.06W  u_ff=99.8W  PCAP→107W  power=101.2W
[PID] perf=5.807Hz  target=5.574Hz  err=-0.233Hz  corr=-1.02W  u_ff=99.8W  PCAP→101W  power=106.6W
[PID] perf=5.565Hz  target=5.574Hz  err=+0.009Hz  corr=+3.04W  u_ff=99.8W  PCAP→101W  power=102.3W
[PID] perf=5.469Hz  target=5.574Hz  err=+0.105Hz  corr=+4.99W  u_ff=99.8W  PCAP→107W  power=104.6W
[PID] perf=5.857Hz  target=5.574Hz  err=-0.283Hz  corr=-2.42W  u_ff=99.8W  PCAP→95W  power=104.8W
[PID] perf=5.410Hz  target=5.574Hz  err=+0.164Hz  corr=+5.58W  u_ff=99.8W  PCAP→107W  power=91.3W
[PID] perf=5.829Hz  target=5.574Hz  err=-0.255Hz  corr=-2.26W  u_ff=99.8W  PCAP→95W  power=110.0W
[PID] perf=5.358Hz  target=5.574Hz  err=+0.216Hz  corr=+6.32W  u_ff=99.8W  PCAP→107W  power=85.0W
[PID] perf=5.831Hz  target=5.574Hz  err=-0.257Hz  corr=-2.43W  u_ff=99.8W  PCAP→95W  power=108.6W
[PID] perf=5.401Hz  target=5.574Hz  err=+0.173Hz  corr=+5.32W  u_ff=99.8W  PCAP→107W  power=87.6W
[PID] perf=5.863Hz  target=5.574Hz  err=-0.289Hz  corr=-3.35W  u_ff=99.8W  PCAP→95W  power=102.1W
[PID] perf=5.446Hz  target=5.574Hz  err=+0.128Hz  corr=+4.02W  u_ff=99.8W  PCAP→101W  power=91.9W
[PID] perf=5.180Hz  target=5.574Hz  err=+0.394Hz  corr=+9.77W  u_ff=99.8W  PCAP→112W  power=103.4W
[PID] perf=4.888Hz  target=5.574Hz  err=+0.686Hz  corr=+16.92W  u_ff=99.8W  PCAP→118W  power=112.6W
[PID] perf=5.764Hz  target=5.574Hz  err=-0.190Hz  corr=+1.69W  u_ff=99.8W  PCAP→101W  power=116.3W
[PID] perf=5.423Hz  target=5.574Hz  err=+0.151Hz  corr=+7.88W  u_ff=99.8W  PCAP→107W  power=92.7W
[PID] perf=5.491Hz  target=5.574Hz  err=+0.083Hz  corr=+7.03W  u_ff=99.8W  PCAP→107W  power=111.1W
[PID] perf=5.659Hz  target=5.574Hz  err=-0.085Hz  corr=+3.93W  u_ff=99.8W  PCAP→101W  power=106.9W
[PID] perf=5.346Hz  target=5.574Hz  err=+0.228Hz  corr=+9.91W  u_ff=99.8W  PCAP→112W  power=102.2W
[PID] perf=5.409Hz  target=5.574Hz  err=+0.165Hz  corr=+9.42W  u_ff=99.8W  PCAP→107W  power=114.9W
[PID] perf=5.725Hz  target=5.574Hz  err=-0.151Hz  corr=+3.64W  u_ff=99.8W  PCAP→101W  power=108.3W
[PID] perf=5.066Hz  target=5.574Hz  err=+0.508Hz  corr=+16.31W  u_ff=99.8W  PCAP→118W  power=101.3W
[PID] perf=5.897Hz  target=5.574Hz  err=-0.323Hz  corr=+1.39W  u_ff=99.8W  PCAP→101W  power=118.8W
[PID] perf=5.446Hz  target=5.574Hz  err=+0.128Hz  corr=+9.34W  u_ff=99.8W  PCAP→107W  power=101.1W
[PID] perf=5.719Hz  target=5.574Hz  err=-0.145Hz  corr=+4.30W  u_ff=99.8W  PCAP→107W  power=106.7W
[PID] perf=5.684Hz  target=5.574Hz  err=-0.110Hz  corr=+4.51W  u_ff=99.8W  PCAP→107W  power=111.0W
[PID] perf=5.784Hz  target=5.574Hz  err=-0.210Hz  corr=+2.15W  u_ff=99.8W  PCAP→101W  power=105.6W
[PID] perf=5.559Hz  target=5.574Hz  err=+0.015Hz  corr=+5.95W  u_ff=99.8W  PCAP→107W  power=104.7W
[PID] perf=5.553Hz  target=5.574Hz  err=+0.021Hz  corr=+6.12W  u_ff=99.8W  PCAP→107W  power=103.3W
[PID] perf=5.378Hz  target=5.574Hz  err=+0.196Hz  corr=+9.69W  u_ff=99.8W  PCAP→107W  power=108.8W
[PID] perf=5.741Hz  target=5.574Hz  err=-0.167Hz  corr=+3.08W  u_ff=99.8W  PCAP→101W  power=109.2W
[PID] perf=5.226Hz  target=5.574Hz  err=+0.348Hz  corr=+12.83W  u_ff=99.8W  PCAP→112W  power=107.0W
[PID] perf=5.966Hz  target=5.574Hz  err=-0.392Hz  corr=-0.81W  u_ff=99.8W  PCAP→101W  power=109.1W
[PID] perf=5.554Hz  target=5.574Hz  err=+0.020Hz  corr=+6.12W  u_ff=99.8W  PCAP→107W  power=99.5W
[PID] perf=5.709Hz  target=5.574Hz  err=-0.135Hz  corr=+3.09W  u_ff=99.8W  PCAP→101W  power=100.4W
[PID] perf=5.662Hz  target=5.574Hz  err=-0.088Hz  corr=+3.57W  u_ff=99.8W  PCAP→101W  power=101.2W
[PID] perf=5.104Hz  target=5.574Hz  err=+0.470Hz  corr=+14.43W  u_ff=99.8W  PCAP→112W  power=99.8W
[PID] perf=5.486Hz  target=5.574Hz  err=+0.088Hz  corr=+8.38W  u_ff=99.8W  PCAP→107W  power=110.4W
[PID] perf=5.538Hz  target=5.574Hz  err=+0.036Hz  corr=+7.62W  u_ff=99.8W  PCAP→107W  power=103.2W
[PID] perf=5.551Hz  target=5.574Hz  err=+0.023Hz  corr=+7.48W  u_ff=99.8W  PCAP→107W  power=109.7W
[PID] perf=4.975Hz  target=5.574Hz  err=+0.599Hz  corr=+19.08W  u_ff=99.8W  PCAP→118W  power=102.3W
[PID] perf=6.036Hz  target=5.574Hz  err=-0.462Hz  corr=-0.15W  u_ff=99.8W  PCAP→101W  power=122.3W
[PID] perf=5.495Hz  target=5.574Hz  err=+0.079Hz  corr=+9.14W  u_ff=99.8W  PCAP→107W  power=105.5W
[PID] perf=5.465Hz  target=5.574Hz  err=+0.109Hz  corr=+10.00W  u_ff=99.8W  PCAP→112W  power=105.4W
[PID] perf=5.728Hz  target=5.574Hz  err=-0.154Hz  corr=+5.10W  u_ff=99.8W  PCAP→107W  power=106.0W
[PID] perf=5.511Hz  target=5.574Hz  err=+0.063Hz  corr=+8.92W  u_ff=99.8W  PCAP→107W  power=104.1W
[PID] perf=5.726Hz  target=5.574Hz  err=-0.152Hz  corr=+4.84W  u_ff=99.8W  PCAP→107W  power=108.5W
[PID] perf=5.519Hz  target=5.574Hz  err=+0.055Hz  corr=+8.46W  u_ff=99.8W  PCAP→107W  power=104.2W
[PID] perf=5.434Hz  target=5.574Hz  err=+0.140Hz  corr=+10.35W  u_ff=99.8W  PCAP→112W  power=104.6W
[PID] perf=5.930Hz  target=5.574Hz  err=-0.356Hz  corr=+0.89W  u_ff=99.8W  PCAP→101W  power=104.9W
[PID] perf=5.387Hz  target=5.574Hz  err=+0.187Hz  corr=+10.58W  u_ff=99.8W  PCAP→112W  power=100.0W
[PID] perf=5.377Hz  target=5.574Hz  err=+0.197Hz  corr=+11.39W  u_ff=99.8W  PCAP→112W  power=112.9W
[PID] perf=5.154Hz  target=5.574Hz  err=+0.420Hz  corr=+16.51W  u_ff=99.8W  PCAP→118W  power=110.4W
[PID] perf=5.759Hz  target=5.574Hz  err=-0.185Hz  corr=+5.81W  u_ff=99.8W  PCAP→107W  power=121.0W
[PID] perf=5.846Hz  target=5.574Hz  err=-0.272Hz  corr=+3.46W  u_ff=99.8W  PCAP→101W  power=102.8W
[PID] perf=5.638Hz  target=5.574Hz  err=-0.064Hz  corr=+6.72W  u_ff=99.8W  PCAP→107W  power=94.6W
[PID] perf=5.343Hz  target=5.574Hz  err=+0.231Hz  corr=+12.39W  u_ff=99.8W  PCAP→112W  power=107.3W
[PID] perf=5.955Hz  target=5.574Hz  err=-0.381Hz  corr=+0.92W  u_ff=99.8W  PCAP→101W  power=112.9W
[PID] perf=5.069Hz  target=5.574Hz  err=+0.505Hz  corr=+17.37W  u_ff=99.8W  PCAP→118W  power=94.3W
[PID] perf=5.869Hz  target=5.574Hz  err=-0.295Hz  corr=+3.06W  u_ff=99.8W  PCAP→101W  power=124.0W
[PID] perf=5.325Hz  target=5.574Hz  err=+0.249Hz  corr=+12.96W  u_ff=99.8W  PCAP→112W  power=101.2W
[PID] perf=5.867Hz  target=5.574Hz  err=-0.293Hz  corr=+2.95W  u_ff=99.8W  PCAP→101W  power=106.9W
[PID] perf=5.037Hz  target=5.574Hz  err=+0.537Hz  corr=+18.57W  u_ff=99.8W  PCAP→118W  power=103.4W
[PID] perf=5.713Hz  target=5.574Hz  err=-0.139Hz  corr=+6.84W  u_ff=99.8W  PCAP→107W  power=116.4W
[PID] perf=5.762Hz  target=5.574Hz  err=-0.188Hz  corr=+5.39W  u_ff=99.8W  PCAP→107W  power=100.8W
[PID] perf=5.306Hz  target=5.574Hz  err=+0.268Hz  corr=+13.89W  u_ff=99.8W  PCAP→112W  power=109.6W
[PID] perf=5.754Hz  target=5.574Hz  err=-0.180Hz  corr=+5.83W  u_ff=99.8W  PCAP→107W  power=112.2W
[PID] perf=5.186Hz  target=5.574Hz  err=+0.388Hz  corr=+16.58W  u_ff=99.8W  PCAP→118W  power=111.0W
[PID] perf=5.768Hz  target=5.574Hz  err=-0.194Hz  corr=+6.24W  u_ff=99.8W  PCAP→107W  power=111.1W
[PID] perf=5.574Hz  target=5.574Hz  err=-0.001Hz  corr=+9.46W  u_ff=99.8W  PCAP→107W  power=103.9W
[PID] perf=5.295Hz  target=5.574Hz  err=+0.279Hz  corr=+15.04W  u_ff=99.8W  PCAP→112W  power=101.7W
[PID] perf=5.502Hz  target=5.574Hz  err=+0.072Hz  corr=+11.84W  u_ff=99.8W  PCAP→112W  power=114.3W
[PID] perf=5.510Hz  target=5.574Hz  err=+0.064Hz  corr=+11.92W  u_ff=99.8W  PCAP→112W  power=112.3W
[PID] perf=5.495Hz  target=5.574Hz  err=+0.079Hz  corr=+12.43W  u_ff=99.8W  PCAP→112W  power=108.0W
[PID] perf=5.333Hz  target=5.574Hz  err=+0.241Hz  corr=+15.94W  u_ff=99.8W  PCAP→118W  power=108.0W
[PID] perf=5.507Hz  target=5.574Hz  err=+0.067Hz  corr=+13.25W  u_ff=99.8W  PCAP→112W  power=115.9W
[PID] perf=5.319Hz  target=5.574Hz  err=+0.255Hz  corr=+17.24W  u_ff=99.8W  PCAP→118W  power=115.0W
[PID] perf=5.639Hz  target=5.574Hz  err=-0.065Hz  corr=+11.70W  u_ff=99.8W  PCAP→112W  power=121.8W
[PID] perf=5.886Hz  target=5.574Hz  err=-0.312Hz  corr=+6.54W  u_ff=99.8W  PCAP→107W  power=111.8W
[PID] perf=5.729Hz  target=5.574Hz  err=-0.155Hz  corr=+8.63W  u_ff=99.8W  PCAP→107W  power=104.2W
[PID] perf=5.597Hz  target=5.574Hz  err=-0.023Hz  corr=+10.76W  u_ff=99.8W  PCAP→112W  power=106.7W
[PID] perf=5.277Hz  target=5.574Hz  err=+0.297Hz  corr=+17.08W  u_ff=99.8W  PCAP→118W  power=118.0W
[PID] perf=5.808Hz  target=5.574Hz  err=-0.234Hz  corr=+7.46W  u_ff=99.8W  PCAP→107W  power=110.1W
Process completed.
Compressed into /home/cc/summer2024/main_codes/pid_controller/../experiment_data/PID_Control_sweep/ones-npb-bt/compressed_iteration_20260512_095831.tar
----------------------------------

>>> Step 2/3

[ones-npb-bt]
  target perf      : 5.5740 Hz
  coefficients_perf: [-0.0002748882630905589, 0.09680001853476215, -1.348104096123189]
  feedforward PCAP : 99.78 W  →  101 W (snapped)
  Perf(u_ff) check : 5.5740 Hz  (should ≈ target)
  PID gains        : Kp=16.6655 W/Hz  Ki=1.66655 W/(Hz·s)  Kd=0.0000
[PID] Awaiting data — feedforward PCAP=101W
[PID] perf=5.230Hz  target=5.574Hz  err=+0.344Hz  corr=+6.88W  u_ff=99.8W  PCAP→107W  power=nanW
[PID] perf=5.484Hz  target=5.574Hz  err=+0.090Hz  corr=+2.94W  u_ff=99.8W  PCAP→101W  power=107.3W
[PID] perf=5.191Hz  target=5.574Hz  err=+0.383Hz  corr=+9.11W  u_ff=99.8W  PCAP→107W  power=97.8W
[PID] perf=5.302Hz  target=5.574Hz  err=+0.272Hz  corr=+8.16W  u_ff=99.8W  PCAP→107W  power=108.6W
[PID] perf=4.923Hz  target=5.574Hz  err=+0.651Hz  corr=+16.66W  u_ff=99.8W  PCAP→118W  power=104.4W
[PID] perf=5.498Hz  target=5.574Hz  err=+0.076Hz  corr=+7.33W  u_ff=99.8W  PCAP→107W  power=117.3W
[PID] perf=5.599Hz  target=5.574Hz  err=-0.025Hz  corr=+5.55W  u_ff=99.8W  PCAP→107W  power=104.4W
[PID] perf=5.185Hz  target=5.574Hz  err=+0.389Hz  corr=+13.74W  u_ff=99.8W  PCAP→112W  power=106.0W
[PID] perf=5.583Hz  target=5.574Hz  err=-0.009Hz  corr=+7.08W  u_ff=99.8W  PCAP→107W  power=116.1W
[PID] perf=5.385Hz  target=5.574Hz  err=+0.189Hz  corr=+11.02W  u_ff=99.8W  PCAP→112W  power=100.5W
[PID] perf=5.915Hz  target=5.574Hz  err=-0.341Hz  corr=+1.04W  u_ff=99.8W  PCAP→101W  power=113.5W
[PID] perf=5.374Hz  target=5.574Hz  err=+0.200Hz  corr=+10.72W  u_ff=99.8W  PCAP→112W  power=99.6W
[PID] perf=5.434Hz  target=5.574Hz  err=+0.140Hz  corr=+10.19W  u_ff=99.8W  PCAP→112W  power=115.8W
[PID] perf=5.683Hz  target=5.574Hz  err=-0.109Hz  corr=+5.69W  u_ff=99.8W  PCAP→107W  power=116.4W
[PID] perf=5.744Hz  target=5.574Hz  err=-0.170Hz  corr=+4.09W  u_ff=99.8W  PCAP→101W  power=102.0W
[PID] perf=5.649Hz  target=5.574Hz  err=-0.075Hz  corr=+5.42W  u_ff=99.8W  PCAP→107W  power=99.1W
[PID] perf=5.499Hz  target=5.574Hz  err=+0.075Hz  corr=+8.17W  u_ff=99.8W  PCAP→107W  power=113.3W
[PID] perf=5.635Hz  target=5.574Hz  err=-0.061Hz  corr=+5.70W  u_ff=99.8W  PCAP→107W  power=107.4W
[PID] perf=5.462Hz  target=5.574Hz  err=+0.112Hz  corr=+8.97W  u_ff=99.8W  PCAP→107W  power=113.9W
[PID] perf=5.929Hz  target=5.574Hz  err=-0.355Hz  corr=-0.01W  u_ff=99.8W  PCAP→101W  power=99.6W
[PID] perf=5.784Hz  target=5.574Hz  err=-0.210Hz  corr=+1.71W  u_ff=99.8W  PCAP→101W  power=96.0W
[PID] perf=5.183Hz  target=5.574Hz  err=+0.391Hz  corr=+13.03W  u_ff=99.8W  PCAP→112W  power=95.9W
[PID] perf=5.377Hz  target=5.574Hz  err=+0.197Hz  corr=+10.46W  u_ff=99.8W  PCAP→112W  power=110.8W
[PID] perf=5.649Hz  target=5.574Hz  err=-0.075Hz  corr=+5.68W  u_ff=99.8W  PCAP→107W  power=107.4W
[PID] perf=5.659Hz  target=5.574Hz  err=-0.085Hz  corr=+5.22W  u_ff=99.8W  PCAP→107W  power=110.4W
[PID] perf=5.214Hz  target=5.574Hz  err=+0.360Hz  corr=+13.84W  u_ff=99.8W  PCAP→112W  power=106.5W
[PID] perf=5.765Hz  target=5.574Hz  err=-0.191Hz  corr=+4.03W  u_ff=99.8W  PCAP→101W  power=114.7W
[PID] perf=5.517Hz  target=5.574Hz  err=+0.057Hz  corr=+8.34W  u_ff=99.8W  PCAP→107W  power=95.2W
[PID] perf=5.437Hz  target=5.574Hz  err=+0.137Hz  corr=+10.14W  u_ff=99.8W  PCAP→112W  power=107.2W
[PID] perf=5.905Hz  target=5.574Hz  err=-0.331Hz  corr=+1.23W  u_ff=99.8W  PCAP→101W  power=113.6W
[PID] perf=5.292Hz  target=5.574Hz  err=+0.282Hz  corr=+12.38W  u_ff=99.8W  PCAP→112W  power=100.0W
[PID] perf=5.604Hz  target=5.574Hz  err=-0.030Hz  corr=+7.09W  u_ff=99.8W  PCAP→107W  power=111.6W
[PID] perf=5.768Hz  target=5.574Hz  err=-0.194Hz  corr=+3.71W  u_ff=99.8W  PCAP→101W  power=113.4W
[PID] perf=5.196Hz  target=5.574Hz  err=+0.378Hz  corr=+14.50W  u_ff=99.8W  PCAP→112W  power=100.9W
[PID] perf=5.817Hz  target=5.574Hz  err=-0.243Hz  corr=+3.34W  u_ff=99.8W  PCAP→101W  power=102.7W
[PID] perf=5.235Hz  target=5.574Hz  err=+0.339Hz  corr=+14.16W  u_ff=99.8W  PCAP→112W  power=97.5W
[PID] perf=5.971Hz  target=5.574Hz  err=-0.397Hz  corr=+0.58W  u_ff=99.8W  PCAP→101W  power=109.2W
[PID] perf=5.260Hz  target=5.574Hz  err=+0.314Hz  corr=+13.48W  u_ff=99.8W  PCAP→112W  power=97.2W
[PID] perf=6.078Hz  target=5.574Hz  err=-0.504Hz  corr=-1.83W  u_ff=99.8W  PCAP→95W  power=112.4W
[PID] perf=4.994Hz  target=5.574Hz  err=+0.580Hz  corr=+18.17W  u_ff=99.8W  PCAP→118W  power=95.8W
[PID] perf=6.006Hz  target=5.574Hz  err=-0.432Hz  corr=-0.14W  u_ff=99.8W  PCAP→101W  power=119.9W
[PID] perf=5.181Hz  target=5.574Hz  err=+0.393Hz  corr=+14.92W  u_ff=99.8W  PCAP→112W  power=102.0W
[PID] perf=5.684Hz  target=5.574Hz  err=-0.110Hz  corr=+6.17W  u_ff=99.8W  PCAP→107W  power=114.4W
[PID] perf=5.574Hz  target=5.574Hz  err=-0.000Hz  corr=+8.00W  u_ff=99.8W  PCAP→107W  power=111.6W
[PID] perf=5.509Hz  target=5.574Hz  err=+0.065Hz  corr=+9.30W  u_ff=99.8W  PCAP→107W  power=109.2W
[PID] perf=5.405Hz  target=5.574Hz  err=+0.169Hz  corr=+11.59W  u_ff=99.8W  PCAP→112W  power=103.6W
[PID] perf=6.123Hz  target=5.574Hz  err=-0.549Hz  corr=-2.20W  u_ff=99.8W  PCAP→95W  power=114.8W
[PID] perf=5.681Hz  target=5.574Hz  err=-0.107Hz  corr=+4.81W  u_ff=99.8W  PCAP→107W  power=97.8W
[PID] perf=5.440Hz  target=5.574Hz  err=+0.134Hz  corr=+9.28W  u_ff=99.8W  PCAP→107W  power=109.9W
[PID] perf=5.794Hz  target=5.574Hz  err=-0.220Hz  corr=+2.63W  u_ff=99.8W  PCAP→101W  power=102.8W
[PID] perf=5.352Hz  target=5.574Hz  err=+0.222Hz  corr=+10.74W  u_ff=99.8W  PCAP→112W  power=102.7W
[PID] perf=5.681Hz  target=5.574Hz  err=-0.107Hz  corr=+4.91W  u_ff=99.8W  PCAP→107W  power=115.5W
[PID] perf=5.340Hz  target=5.574Hz  err=+0.234Hz  corr=+11.37W  u_ff=99.8W  PCAP→112W  power=108.3W
[PID] perf=5.473Hz  target=5.574Hz  err=+0.101Hz  corr=+9.50W  u_ff=99.8W  PCAP→107W  power=115.1W
[PID] perf=5.509Hz  target=5.574Hz  err=+0.065Hz  corr=+9.11W  u_ff=99.8W  PCAP→107W  power=109.0W
[PID] perf=5.187Hz  target=5.574Hz  err=+0.387Hz  corr=+15.76W  u_ff=99.8W  PCAP→118W  power=104.1W
[PID] perf=5.706Hz  target=5.574Hz  err=-0.132Hz  corr=+6.67W  u_ff=99.8W  PCAP→107W  power=124.4W
[PID] perf=5.415Hz  target=5.574Hz  err=+0.159Hz  corr=+12.04W  u_ff=99.8W  PCAP→112W  power=107.5W
[PID] perf=5.350Hz  target=5.574Hz  err=+0.224Hz  corr=+13.88W  u_ff=99.8W  PCAP→112W  power=110.1W
[PID] perf=5.845Hz  target=5.574Hz  err=-0.271Hz  corr=+4.73W  u_ff=99.8W  PCAP→107W  power=115.9W
[PID] perf=5.612Hz  target=5.574Hz  err=-0.038Hz  corr=+8.49W  u_ff=99.8W  PCAP→107W  power=110.4W
[PID] perf=5.584Hz  target=5.574Hz  err=-0.010Hz  corr=+8.92W  u_ff=99.8W  PCAP→107W  power=97.7W
[PID] perf=5.543Hz  target=5.574Hz  err=+0.031Hz  corr=+9.71W  u_ff=99.8W  PCAP→107W  power=110.0W
[PID] perf=5.679Hz  target=5.574Hz  err=-0.105Hz  corr=+7.10W  u_ff=99.8W  PCAP→107W  power=111.0W
[PID] perf=5.603Hz  target=5.574Hz  err=-0.029Hz  corr=+8.26W  u_ff=99.8W  PCAP→107W  power=108.9W
[PID] perf=5.326Hz  target=5.574Hz  err=+0.248Hz  corr=+13.71W  u_ff=99.8W  PCAP→112W  power=104.9W
[PID] perf=5.575Hz  target=5.574Hz  err=-0.001Hz  corr=+9.56W  u_ff=99.8W  PCAP→107W  power=101.1W
[PID] perf=5.326Hz  target=5.574Hz  err=+0.248Hz  corr=+14.53W  u_ff=99.8W  PCAP→112W  power=100.8W
[PID] perf=5.364Hz  target=5.574Hz  err=+0.210Hz  corr=+14.59W  u_ff=99.8W  PCAP→112W  power=114.0W
[PID] perf=5.169Hz  target=5.574Hz  err=+0.405Hz  corr=+19.19W  u_ff=99.8W  PCAP→118W  power=105.6W
[PID] perf=5.805Hz  target=5.574Hz  err=-0.231Hz  corr=+7.82W  u_ff=99.8W  PCAP→107W  power=116.7W
[PID] perf=4.975Hz  target=5.574Hz  err=+0.599Hz  corr=+23.64W  u_ff=99.8W  PCAP→124W  power=111.1W
[PID] perf=5.550Hz  target=5.574Hz  err=+0.024Hz  corr=+14.15W  u_ff=99.8W  PCAP→112W  power=132.6W
[PID] perf=5.542Hz  target=5.574Hz  err=+0.032Hz  corr=+14.38W  u_ff=99.8W  PCAP→112W  power=102.5W
[PID] perf=5.290Hz  target=5.574Hz  err=+0.284Hz  corr=+19.52W  u_ff=99.8W  PCAP→118W  power=108.8W
[PID] perf=5.740Hz  target=5.574Hz  err=-0.166Hz  corr=+11.49W  u_ff=99.8W  PCAP→112W  power=121.1W
[PID] perf=5.583Hz  target=5.574Hz  err=-0.009Hz  corr=+14.06W  u_ff=99.8W  PCAP→112W  power=110.1W
[PID] perf=5.249Hz  target=5.574Hz  err=+0.325Hz  corr=+20.72W  u_ff=99.8W  PCAP→118W  power=114.5W
[PID] perf=5.407Hz  target=5.574Hz  err=+0.167Hz  corr=+18.63W  u_ff=99.8W  PCAP→118W  power=115.9W
[PID] perf=5.764Hz  target=5.574Hz  err=-0.190Hz  corr=+12.05W  u_ff=99.8W  PCAP→112W  power=113.3W
[PID] perf=5.757Hz  target=5.574Hz  err=-0.183Hz  corr=+11.56W  u_ff=99.8W  PCAP→112W  power=117.9W
[PID] perf=5.450Hz  target=5.574Hz  err=+0.124Hz  corr=+17.10W  u_ff=99.8W  PCAP→118W  power=120.4W
[PID] perf=5.904Hz  target=5.574Hz  err=-0.330Hz  corr=+8.42W  u_ff=99.8W  PCAP→107W  power=120.6W
[PID] perf=5.311Hz  target=5.574Hz  err=+0.263Hz  corr=+19.19W  u_ff=99.8W  PCAP→118W  power=107.6W
[PID] perf=5.776Hz  target=5.574Hz  err=-0.202Hz  corr=+10.76W  u_ff=99.8W  PCAP→112W  power=117.1W
[PID] perf=4.946Hz  target=5.574Hz  err=+0.628Hz  corr=+26.69W  u_ff=99.8W  PCAP→124W  power=108.0W
[PID] perf=5.884Hz  target=5.574Hz  err=-0.310Hz  corr=+10.02W  u_ff=99.8W  PCAP→112W  power=124.8W
[PID] perf=5.532Hz  target=5.574Hz  err=+0.042Hz  corr=+16.03W  u_ff=99.8W  PCAP→118W  power=108.1W
[PID] perf=5.983Hz  target=5.574Hz  err=-0.409Hz  corr=+7.15W  u_ff=99.8W  PCAP→107W  power=118.8W
[PID] perf=5.355Hz  target=5.574Hz  err=+0.219Hz  corr=+18.34W  u_ff=99.8W  PCAP→118W  power=102.9W
[PID] perf=5.381Hz  target=5.574Hz  err=+0.193Hz  corr=+18.56W  u_ff=99.8W  PCAP→118W  power=117.2W
Process completed.
Compressed into /home/cc/summer2024/main_codes/pid_controller/../experiment_data/PID_Control_sweep/ones-npb-bt/compressed_iteration_20260512_100134.tar
----------------------------------

>>> Step 3/3

[ones-npb-bt]
  target perf      : 5.5740 Hz
  coefficients_perf: [-0.0002748882630905589, 0.09680001853476215, -1.348104096123189]
  feedforward PCAP : 99.78 W  →  101 W (snapped)
  Perf(u_ff) check : 5.5740 Hz  (should ≈ target)
  PID gains        : Kp=16.6655 W/Hz  Ki=1.66655 W/(Hz·s)  Kd=0.0000
[PID] Awaiting data — feedforward PCAP=101W
[PID] perf=5.162Hz  target=5.574Hz  err=+0.412Hz  corr=+8.23W  u_ff=99.8W  PCAP→107W  power=nanW
[PID] perf=5.619Hz  target=5.574Hz  err=-0.045Hz  corr=+0.48W  u_ff=99.8W  PCAP→101W  power=110.8W
[PID] perf=5.450Hz  target=5.574Hz  err=+0.124Hz  corr=+3.70W  u_ff=99.8W  PCAP→101W  power=103.0W
[PID] perf=5.529Hz  target=5.574Hz  err=+0.045Hz  corr=+2.54W  u_ff=99.8W  PCAP→101W  power=103.3W
[PID] perf=5.710Hz  target=5.574Hz  err=-0.137Hz  corr=-0.94W  u_ff=99.8W  PCAP→101W  power=96.1W
[PID] perf=5.377Hz  target=5.574Hz  err=+0.197Hz  corr=+5.27W  u_ff=99.8W  PCAP→107W  power=97.7W
[PID] perf=5.486Hz  target=5.574Hz  err=+0.088Hz  corr=+3.74W  u_ff=99.8W  PCAP→101W  power=110.1W
[PID] perf=5.332Hz  target=5.574Hz  err=+0.242Hz  corr=+7.12W  u_ff=99.8W  PCAP→107W  power=97.5W
[PID] perf=5.382Hz  target=5.574Hz  err=+0.192Hz  corr=+6.93W  u_ff=99.8W  PCAP→107W  power=101.3W
[PID] perf=5.685Hz  target=5.574Hz  err=-0.111Hz  corr=+1.51W  u_ff=99.8W  PCAP→101W  power=106.5W
[PID] perf=5.299Hz  target=5.574Hz  err=+0.275Hz  corr=+8.86W  u_ff=99.8W  PCAP→107W  power=99.2W
[PID] perf=5.375Hz  target=5.574Hz  err=+0.199Hz  corr=+8.25W  u_ff=99.8W  PCAP→107W  power=100.8W
[PID] perf=5.883Hz  target=5.574Hz  err=-0.309Hz  corr=-1.25W  u_ff=99.8W  PCAP→101W  power=102.7W
[PID] perf=5.466Hz  target=5.574Hz  err=+0.108Hz  corr=+6.06W  u_ff=99.8W  PCAP→107W  power=97.9W
[PID] perf=5.875Hz  target=5.574Hz  err=-0.301Hz  corr=-1.75W  u_ff=99.8W  PCAP→101W  power=108.3W
[PID] perf=5.039Hz  target=5.574Hz  err=+0.535Hz  corr=+13.95W  u_ff=99.8W  PCAP→112W  power=101.1W
[PID] perf=5.766Hz  target=5.574Hz  err=-0.192Hz  corr=+1.21W  u_ff=99.8W  PCAP→101W  power=114.3W
[PID] perf=5.234Hz  target=5.574Hz  err=+0.340Hz  corr=+11.21W  u_ff=99.8W  PCAP→112W  power=101.2W
[PID] perf=5.859Hz  target=5.574Hz  err=-0.285Hz  corr=-0.17W  u_ff=99.8W  PCAP→101W  power=106.2W
[PID] perf=5.343Hz  target=5.574Hz  err=+0.231Hz  corr=+9.21W  u_ff=99.8W  PCAP→107W  power=96.7W
[PID] perf=5.377Hz  target=5.574Hz  err=+0.197Hz  corr=+9.29W  u_ff=99.8W  PCAP→107W  power=101.0W
[PID] perf=5.805Hz  target=5.574Hz  err=-0.231Hz  corr=+1.39W  u_ff=99.8W  PCAP→101W  power=103.8W
[PID] perf=5.108Hz  target=5.574Hz  err=+0.466Hz  corr=+14.56W  u_ff=99.8W  PCAP→112W  power=93.0W
[PID] perf=5.319Hz  target=5.574Hz  err=+0.255Hz  corr=+11.89W  u_ff=99.8W  PCAP→112W  power=117.0W
[PID] perf=5.726Hz  target=5.574Hz  err=-0.152Hz  corr=+4.60W  u_ff=99.8W  PCAP→107W  power=103.1W
[PID] perf=5.748Hz  target=5.574Hz  err=-0.174Hz  corr=+3.66W  u_ff=99.8W  PCAP→101W  power=106.0W
[PID] perf=5.476Hz  target=5.574Hz  err=+0.098Hz  corr=+8.52W  u_ff=99.8W  PCAP→107W  power=103.1W
[PID] perf=5.429Hz  target=5.574Hz  err=+0.145Hz  corr=+9.79W  u_ff=99.8W  PCAP→112W  power=108.7W
[PID] perf=5.687Hz  target=5.574Hz  err=-0.113Hz  corr=+5.10W  u_ff=99.8W  PCAP→107W  power=118.9W
[PID] perf=5.519Hz  target=5.574Hz  err=+0.055Hz  corr=+8.09W  u_ff=99.8W  PCAP→107W  power=112.3W
[PID] perf=5.735Hz  target=5.574Hz  err=-0.161Hz  corr=+3.95W  u_ff=99.8W  PCAP→101W  power=106.6W
[PID] perf=5.206Hz  target=5.574Hz  err=+0.368Hz  corr=+14.00W  u_ff=99.8W  PCAP→112W  power=100.7W
[PID] perf=5.818Hz  target=5.574Hz  err=-0.244Hz  corr=+2.97W  u_ff=99.8W  PCAP→101W  power=103.6W
[PID] perf=5.273Hz  target=5.574Hz  err=+0.300Hz  corr=+13.06W  u_ff=99.8W  PCAP→112W  power=94.7W
[PID] perf=5.746Hz  target=5.574Hz  err=-0.172Hz  corr=+4.60W  u_ff=99.8W  PCAP→107W  power=116.3W
[PID] perf=5.277Hz  target=5.574Hz  err=+0.297Hz  corr=+13.42W  u_ff=99.8W  PCAP→112W  power=101.2W
[PID] perf=5.554Hz  target=5.574Hz  err=+0.020Hz  corr=+8.87W  u_ff=99.8W  PCAP→107W  power=101.2W
[PID] perf=5.165Hz  target=5.574Hz  err=+0.409Hz  corr=+16.71W  u_ff=99.8W  PCAP→118W  power=108.6W
[PID] perf=5.668Hz  target=5.574Hz  err=-0.094Hz  corr=+8.02W  u_ff=99.8W  PCAP→107W  power=111.8W
[PID] perf=5.268Hz  target=5.574Hz  err=+0.306Hz  corr=+15.71W  u_ff=99.8W  PCAP→118W  power=105.4W
[PID] perf=5.551Hz  target=5.574Hz  err=+0.023Hz  corr=+11.06W  u_ff=99.8W  PCAP→112W  power=118.4W
[PID] perf=5.392Hz  target=5.574Hz  err=+0.182Hz  corr=+14.31W  u_ff=99.8W  PCAP→112W  power=115.1W
[PID] perf=5.715Hz  target=5.574Hz  err=-0.141Hz  corr=+8.47W  u_ff=99.8W  PCAP→107W  power=117.5W
[PID] perf=5.597Hz  target=5.574Hz  err=-0.023Hz  corr=+10.36W  u_ff=99.8W  PCAP→112W  power=107.6W
[PID] perf=5.310Hz  target=5.574Hz  err=+0.264Hz  corr=+16.02W  u_ff=99.8W  PCAP→118W  power=112.3W
[PID] perf=5.174Hz  target=5.574Hz  err=+0.400Hz  corr=+19.62W  u_ff=99.8W  PCAP→118W  power=111.9W
[PID] perf=5.437Hz  target=5.574Hz  err=+0.137Hz  corr=+15.70W  u_ff=99.8W  PCAP→118W  power=118.6W
[PID] perf=5.663Hz  target=5.574Hz  err=-0.089Hz  corr=+11.63W  u_ff=99.8W  PCAP→112W  power=117.4W
[PID] perf=5.594Hz  target=5.574Hz  err=-0.020Hz  corr=+12.71W  u_ff=99.8W  PCAP→112W  power=106.7W
[PID] perf=5.248Hz  target=5.574Hz  err=+0.326Hz  corr=+19.56W  u_ff=99.8W  PCAP→118W  power=112.9W
[PID] perf=5.498Hz  target=5.574Hz  err=+0.076Hz  corr=+15.66W  u_ff=99.8W  PCAP→118W  power=118.5W
[PID] perf=5.603Hz  target=5.574Hz  err=-0.029Hz  corr=+13.80W  u_ff=99.8W  PCAP→112W  power=115.4W
[PID] perf=5.612Hz  target=5.574Hz  err=-0.038Hz  corr=+13.53W  u_ff=99.8W  PCAP→112W  power=114.0W
[PID] perf=5.751Hz  target=5.574Hz  err=-0.177Hz  corr=+10.63W  u_ff=99.8W  PCAP→112W  power=111.3W
[PID] perf=6.038Hz  target=5.574Hz  err=-0.464Hz  corr=+4.30W  u_ff=99.8W  PCAP→107W  power=107.8W
[PID] perf=5.522Hz  target=5.574Hz  err=+0.052Hz  corr=+13.06W  u_ff=99.8W  PCAP→112W  power=111.2W
[PID] perf=5.562Hz  target=5.574Hz  err=+0.012Hz  corr=+12.45W  u_ff=99.8W  PCAP→112W  power=114.8W
[PID] perf=5.649Hz  target=5.574Hz  err=-0.075Hz  corr=+10.74W  u_ff=99.8W  PCAP→112W  power=111.7W
[PID] perf=5.462Hz  target=5.574Hz  err=+0.112Hz  corr=+14.24W  u_ff=99.8W  PCAP→112W  power=114.9W
[PID] perf=5.735Hz  target=5.574Hz  err=-0.161Hz  corr=+9.14W  u_ff=99.8W  PCAP→107W  power=113.8W
[PID] perf=5.763Hz  target=5.574Hz  err=-0.189Hz  corr=+8.04W  u_ff=99.8W  PCAP→107W  power=105.4W
[PID] perf=5.606Hz  target=5.574Hz  err=-0.032Hz  corr=+10.55W  u_ff=99.8W  PCAP→112W  power=101.1W
[PID] perf=5.305Hz  target=5.574Hz  err=+0.269Hz  corr=+16.46W  u_ff=99.8W  PCAP→118W  power=110.1W
[PID] perf=5.645Hz  target=5.574Hz  err=-0.071Hz  corr=+10.57W  u_ff=99.8W  PCAP→112W  power=122.2W
[PID] perf=5.452Hz  target=5.574Hz  err=+0.122Hz  corr=+14.19W  u_ff=99.8W  PCAP→112W  power=106.4W
[PID] perf=5.710Hz  target=5.574Hz  err=-0.136Hz  corr=+9.43W  u_ff=99.8W  PCAP→107W  power=109.0W
[PID] perf=5.591Hz  target=5.574Hz  err=-0.017Hz  corr=+11.36W  u_ff=99.8W  PCAP→112W  power=95.8W
[PID] perf=5.482Hz  target=5.574Hz  err=+0.092Hz  corr=+13.49W  u_ff=99.8W  PCAP→112W  power=110.0W
[PID] perf=5.777Hz  target=5.574Hz  err=-0.203Hz  corr=+7.90W  u_ff=99.8W  PCAP→107W  power=105.2W
[PID] perf=5.534Hz  target=5.574Hz  err=+0.040Hz  corr=+12.08W  u_ff=99.8W  PCAP→112W  power=110.6W
[PID] perf=5.875Hz  target=5.574Hz  err=-0.301Hz  corr=+5.39W  u_ff=99.8W  PCAP→107W  power=111.7W
[PID] perf=5.135Hz  target=5.574Hz  err=+0.439Hz  corr=+19.19W  u_ff=99.8W  PCAP→118W  power=102.1W
[PID] perf=5.892Hz  target=5.574Hz  err=-0.318Hz  corr=+5.50W  u_ff=99.8W  PCAP→107W  power=115.9W
[PID] perf=5.149Hz  target=5.574Hz  err=+0.425Hz  corr=+19.30W  u_ff=99.8W  PCAP→118W  power=104.1W
[PID] perf=5.668Hz  target=5.574Hz  err=-0.094Hz  corr=+10.34W  u_ff=99.8W  PCAP→112W  power=118.4W
[PID] perf=5.528Hz  target=5.574Hz  err=+0.046Hz  corr=+12.82W  u_ff=99.8W  PCAP→112W  power=112.6W
[PID] perf=5.456Hz  target=5.574Hz  err=+0.118Hz  corr=+14.43W  u_ff=99.8W  PCAP→112W  power=110.6W
[PID] perf=5.692Hz  target=5.574Hz  err=-0.118Hz  corr=+10.09W  u_ff=99.8W  PCAP→112W  power=106.4W
[PID] perf=5.813Hz  target=5.574Hz  err=-0.239Hz  corr=+7.27W  u_ff=99.8W  PCAP→107W  power=113.8W
[PID] perf=4.945Hz  target=5.574Hz  err=+0.629Hz  corr=+23.84W  u_ff=99.8W  PCAP→124W  power=109.4W
[PID] perf=5.780Hz  target=5.574Hz  err=-0.206Hz  corr=+9.24W  u_ff=99.8W  PCAP→107W  power=134.4W
[PID] perf=5.666Hz  target=5.574Hz  err=-0.092Hz  corr=+10.83W  u_ff=99.8W  PCAP→112W  power=106.9W
[PID] perf=5.682Hz  target=5.574Hz  err=-0.108Hz  corr=+10.21W  u_ff=99.8W  PCAP→112W  power=104.2W
[PID] perf=5.711Hz  target=5.574Hz  err=-0.137Hz  corr=+9.26W  u_ff=99.8W  PCAP→107W  power=117.1W
[PID] perf=5.704Hz  target=5.574Hz  err=-0.130Hz  corr=+8.95W  u_ff=99.8W  PCAP→107W  power=109.3W
[PID] perf=5.622Hz  target=5.574Hz  err=-0.048Hz  corr=+10.15W  u_ff=99.8W  PCAP→112W  power=99.3W
[PID] perf=5.815Hz  target=5.574Hz  err=-0.241Hz  corr=+6.13W  u_ff=99.8W  PCAP→107W  power=117.5W
[PID] perf=5.656Hz  target=5.574Hz  err=-0.082Hz  corr=+8.52W  u_ff=99.8W  PCAP→107W  power=104.5W
[PID] perf=5.606Hz  target=5.574Hz  err=-0.032Hz  corr=+9.24W  u_ff=99.8W  PCAP→107W  power=106.0W
[PID] perf=5.216Hz  target=5.574Hz  err=+0.358Hz  corr=+16.94W  u_ff=99.8W  PCAP→118W  power=108.3W
[PID] perf=5.578Hz  target=5.574Hz  err=-0.004Hz  corr=+10.88W  u_ff=99.8W  PCAP→112W  power=117.6W
Process completed.
Compressed into /home/cc/summer2024/main_codes/pid_controller/../experiment_data/PID_Control_sweep/ones-npb-bt/compressed_iteration_20260512_100436.tar
----------------------------------
