
>>> Step 1/3

[ones-npb-is]
  target perf      : 7.2266 Hz
  coefficients_perf: [-0.0002928630053090073, 0.09346144861544026, 0.8415796304794382]
  feedforward PCAP : 99.07 W  →  101 W (snapped)
  Perf(u_ff) check : 7.2266 Hz  (should ≈ target)
  PID gains        : Kp=22.4258 W/Hz  Ki=2.24258 W/(Hz·s)  Kd=0.0000
[PID] perf=4.052Hz  target=7.227Hz  err=+3.174Hz  corr=+85.43W  u_ff=99.1W  PCAP→165W  power=nanW
[PID] perf=8.072Hz  target=7.227Hz  err=-0.846Hz  corr=-8.52W  u_ff=99.1W  PCAP→89W  power=156.8W
[PID] perf=6.667Hz  target=7.227Hz  err=+0.560Hz  corr=+25.51W  u_ff=99.1W  PCAP→124W  power=88.8W
[PID] perf=7.562Hz  target=7.227Hz  err=-0.335Hz  corr=+3.93W  u_ff=99.1W  PCAP→101W  power=123.1W
[PID] perf=7.075Hz  target=7.227Hz  err=+0.151Hz  corr=+15.52W  u_ff=99.1W  PCAP→112W  power=99.5W
[PID] perf=7.327Hz  target=7.227Hz  err=-0.101Hz  corr=+9.42W  u_ff=99.1W  PCAP→107W  power=111.9W
[PID] perf=7.217Hz  target=7.227Hz  err=+0.009Hz  corr=+11.92W  u_ff=99.1W  PCAP→112W  power=108.5W
[PID] perf=7.338Hz  target=7.227Hz  err=-0.112Hz  corr=+8.72W  u_ff=99.1W  PCAP→107W  power=111.7W
[PID] perf=7.233Hz  target=7.227Hz  err=-0.007Hz  corr=+11.03W  u_ff=99.1W  PCAP→112W  power=106.5W
[PID] perf=7.284Hz  target=7.227Hz  err=-0.058Hz  corr=+9.64W  u_ff=99.1W  PCAP→107W  power=110.8W
[PID] perf=7.220Hz  target=7.227Hz  err=+0.007Hz  corr=+11.11W  u_ff=99.1W  PCAP→112W  power=105.9W
[PID] perf=7.267Hz  target=7.227Hz  err=-0.041Hz  corr=+9.86W  u_ff=99.1W  PCAP→107W  power=111.2W
[PID] perf=7.199Hz  target=7.227Hz  err=+0.027Hz  corr=+11.51W  u_ff=99.1W  PCAP→112W  power=106.8W
[PID] perf=7.304Hz  target=7.227Hz  err=-0.078Hz  corr=+8.81W  u_ff=99.1W  PCAP→107W  power=112.5W
[PID] perf=7.180Hz  target=7.227Hz  err=+0.047Hz  corr=+11.82W  u_ff=99.1W  PCAP→112W  power=108.8W
[PID] perf=7.297Hz  target=7.227Hz  err=-0.071Hz  corr=+8.85W  u_ff=99.1W  PCAP→107W  power=111.2W
[PID] perf=7.179Hz  target=7.227Hz  err=+0.048Hz  corr=+11.73W  u_ff=99.1W  PCAP→112W  power=106.1W
[PID] perf=7.291Hz  target=7.227Hz  err=-0.065Hz  corr=+8.92W  u_ff=99.1W  PCAP→107W  power=112.7W
[PID] perf=7.188Hz  target=7.227Hz  err=+0.038Hz  corr=+11.40W  u_ff=99.1W  PCAP→112W  power=106.1W
[PID] perf=7.298Hz  target=7.227Hz  err=-0.072Hz  corr=+8.61W  u_ff=99.1W  PCAP→107W  power=112.7W
[PID] perf=7.191Hz  target=7.227Hz  err=+0.036Hz  corr=+11.19W  u_ff=99.1W  PCAP→112W  power=107.7W
[PID] perf=7.298Hz  target=7.227Hz  err=-0.072Hz  corr=+8.45W  u_ff=99.1W  PCAP→107W  power=111.8W
[PID] perf=7.184Hz  target=7.227Hz  err=+0.043Hz  corr=+11.22W  u_ff=99.1W  PCAP→112W  power=106.5W
[PID] perf=7.303Hz  target=7.227Hz  err=-0.076Hz  corr=+8.21W  u_ff=99.1W  PCAP→107W  power=112.0W
[PID] perf=7.193Hz  target=7.227Hz  err=+0.033Hz  corr=+10.80W  u_ff=99.1W  PCAP→112W  power=106.5W
[PID] perf=7.286Hz  target=7.227Hz  err=-0.060Hz  corr=+8.45W  u_ff=99.1W  PCAP→107W  power=111.5W
[PID] perf=7.167Hz  target=7.227Hz  err=+0.060Hz  corr=+11.41W  u_ff=99.1W  PCAP→112W  power=105.0W
[PID] perf=7.301Hz  target=7.227Hz  err=-0.075Hz  corr=+8.05W  u_ff=99.1W  PCAP→107W  power=110.4W
[PID] perf=7.197Hz  target=7.227Hz  err=+0.030Hz  corr=+10.53W  u_ff=99.1W  PCAP→112W  power=107.2W
[PID] perf=7.298Hz  target=7.227Hz  err=-0.072Hz  corr=+7.93W  u_ff=99.1W  PCAP→107W  power=110.9W
[PID] perf=7.194Hz  target=7.227Hz  err=+0.032Hz  corr=+10.40W  u_ff=99.1W  PCAP→107W  power=108.5W
[PID] perf=7.182Hz  target=7.227Hz  err=+0.045Hz  corr=+10.89W  u_ff=99.1W  PCAP→112W  power=107.0W
[PID] perf=7.285Hz  target=7.227Hz  err=-0.058Hz  corr=+8.31W  u_ff=99.1W  PCAP→107W  power=111.4W
[PID] perf=7.195Hz  target=7.227Hz  err=+0.031Hz  corr=+10.46W  u_ff=99.1W  PCAP→112W  power=107.5W
[PID] perf=7.286Hz  target=7.227Hz  err=-0.059Hz  corr=+8.16W  u_ff=99.1W  PCAP→107W  power=113.9W
[PID] perf=7.190Hz  target=7.227Hz  err=+0.037Hz  corr=+10.49W  u_ff=99.1W  PCAP→112W  power=105.8W
[PID] perf=7.293Hz  target=7.227Hz  err=-0.067Hz  corr=+7.86W  u_ff=99.1W  PCAP→107W  power=113.2W
[PID] perf=7.181Hz  target=7.227Hz  err=+0.045Hz  corr=+10.57W  u_ff=99.1W  PCAP→112W  power=107.0W
[PID] perf=7.281Hz  target=7.227Hz  err=-0.055Hz  corr=+8.09W  u_ff=99.1W  PCAP→107W  power=111.7W
[PID] perf=7.186Hz  target=7.227Hz  err=+0.041Hz  corr=+10.41W  u_ff=99.1W  PCAP→107W  power=106.4W
[PID] perf=7.189Hz  target=7.227Hz  err=+0.038Hz  corr=+10.52W  u_ff=99.1W  PCAP→112W  power=105.4W
[PID] perf=7.298Hz  target=7.227Hz  err=-0.072Hz  corr=+7.74W  u_ff=99.1W  PCAP→107W  power=111.9W
[PID] perf=7.190Hz  target=7.227Hz  err=+0.037Hz  corr=+10.34W  u_ff=99.1W  PCAP→107W  power=107.2W
[PID] perf=7.194Hz  target=7.227Hz  err=+0.033Hz  corr=+10.40W  u_ff=99.1W  PCAP→107W  power=108.4W
[PID] perf=7.192Hz  target=7.227Hz  err=+0.034Hz  corr=+10.58W  u_ff=99.1W  PCAP→112W  power=108.3W
[PID] perf=7.299Hz  target=7.227Hz  err=-0.073Hz  corr=+7.85W  u_ff=99.1W  PCAP→107W  power=113.2W
[PID] perf=7.188Hz  target=7.227Hz  err=+0.039Hz  corr=+10.54W  u_ff=99.1W  PCAP→112W  power=107.7W
[PID] perf=7.299Hz  target=7.227Hz  err=-0.072Hz  corr=+7.73W  u_ff=99.1W  PCAP→107W  power=110.3W
[PID] perf=7.198Hz  target=7.227Hz  err=+0.029Hz  corr=+10.11W  u_ff=99.1W  PCAP→107W  power=108.2W
[PID] perf=7.193Hz  target=7.227Hz  err=+0.034Hz  corr=+10.38W  u_ff=99.1W  PCAP→107W  power=106.4W
[PID] perf=7.181Hz  target=7.227Hz  err=+0.045Hz  corr=+10.84W  u_ff=99.1W  PCAP→112W  power=107.2W
[PID] perf=7.285Hz  target=7.227Hz  err=-0.058Hz  corr=+8.26W  u_ff=99.1W  PCAP→107W  power=109.7W
[PID] perf=7.171Hz  target=7.227Hz  err=+0.055Hz  corr=+11.06W  u_ff=99.1W  PCAP→112W  power=106.2W
[PID] perf=7.295Hz  target=7.227Hz  err=-0.068Hz  corr=+7.97W  u_ff=99.1W  PCAP→107W  power=110.9W
[PID] perf=7.184Hz  target=7.227Hz  err=+0.043Hz  corr=+10.65W  u_ff=99.1W  PCAP→112W  power=107.0W
[PID] perf=7.279Hz  target=7.227Hz  err=-0.053Hz  corr=+8.28W  u_ff=99.1W  PCAP→107W  power=109.2W
[PID] perf=7.178Hz  target=7.227Hz  err=+0.048Hz  corr=+10.76W  u_ff=99.1W  PCAP→112W  power=106.9W
[PID] perf=7.281Hz  target=7.227Hz  err=-0.055Hz  corr=+8.20W  u_ff=99.1W  PCAP→107W  power=112.6W
[PID] perf=7.299Hz  target=7.227Hz  err=-0.073Hz  corr=+7.47W  u_ff=99.1W  PCAP→107W  power=106.8W
[PID] perf=7.271Hz  target=7.227Hz  err=-0.044Hz  corr=+7.91W  u_ff=99.1W  PCAP→107W  power=108.9W
[PID] perf=7.229Hz  target=7.227Hz  err=-0.002Hz  corr=+8.85W  u_ff=99.1W  PCAP→107W  power=105.8W
[PID] perf=7.235Hz  target=7.227Hz  err=-0.008Hz  corr=+8.68W  u_ff=99.1W  PCAP→107W  power=106.0W
[PID] perf=7.227Hz  target=7.227Hz  err=-0.000Hz  corr=+8.85W  u_ff=99.1W  PCAP→107W  power=107.0W
[PID] perf=7.228Hz  target=7.227Hz  err=-0.002Hz  corr=+8.82W  u_ff=99.1W  PCAP→107W  power=105.1W
[PID] perf=7.241Hz  target=7.227Hz  err=-0.015Hz  corr=+8.46W  u_ff=99.1W  PCAP→107W  power=106.9W
[PID] perf=7.233Hz  target=7.227Hz  err=-0.007Hz  corr=+8.61W  u_ff=99.1W  PCAP→107W  power=104.3W
[PID] perf=7.222Hz  target=7.227Hz  err=+0.004Hz  corr=+8.87W  u_ff=99.1W  PCAP→107W  power=106.1W
[PID] perf=7.229Hz  target=7.227Hz  err=-0.002Hz  corr=+8.71W  u_ff=99.1W  PCAP→107W  power=108.0W
[PID] perf=7.233Hz  target=7.227Hz  err=-0.006Hz  corr=+8.59W  u_ff=99.1W  PCAP→107W  power=106.6W
[PID] perf=7.219Hz  target=7.227Hz  err=+0.007Hz  corr=+8.93W  u_ff=99.1W  PCAP→107W  power=105.5W
Process completed.
Compressed into /home/cc/summer2024/main_codes/pid_controller/../experiment_data/PID_Control_sweep/ones-npb-is/compressed_iteration_20260512_054543.tar
----------------------------------

>>> Step 2/3

[ones-npb-is]
  target perf      : 7.2266 Hz
  coefficients_perf: [-0.0002928630053090073, 0.09346144861544026, 0.8415796304794382]
  feedforward PCAP : 99.07 W  →  101 W (snapped)
  Perf(u_ff) check : 7.2266 Hz  (should ≈ target)
  PID gains        : Kp=22.4258 W/Hz  Ki=2.24258 W/(Hz·s)  Kd=0.0000
[PID] perf=3.656Hz  target=7.227Hz  err=+3.571Hz  corr=+96.09W  u_ff=99.1W  PCAP→165W  power=nanW
[PID] perf=8.178Hz  target=7.227Hz  err=-0.952Hz  corr=-9.59W  u_ff=99.1W  PCAP→89W  power=157.7W
[PID] perf=6.716Hz  target=7.227Hz  err=+0.510Hz  corr=+25.48W  u_ff=99.1W  PCAP→124W  power=88.3W
[PID] perf=7.642Hz  target=7.227Hz  err=-0.416Hz  corr=+2.85W  u_ff=99.1W  PCAP→101W  power=124.6W
[PID] perf=7.167Hz  target=7.227Hz  err=+0.060Hz  corr=+13.77W  u_ff=99.1W  PCAP→112W  power=100.4W
[PID] perf=7.366Hz  target=7.227Hz  err=-0.139Hz  corr=+8.69W  u_ff=99.1W  PCAP→107W  power=113.3W
[PID] perf=7.253Hz  target=7.227Hz  err=-0.027Hz  corr=+11.09W  u_ff=99.1W  PCAP→112W  power=106.3W
[PID] perf=7.327Hz  target=7.227Hz  err=-0.101Hz  corr=+8.98W  u_ff=99.1W  PCAP→107W  power=113.3W
[PID] perf=7.138Hz  target=7.227Hz  err=+0.088Hz  corr=+13.62W  u_ff=99.1W  PCAP→112W  power=106.4W
[PID] perf=7.248Hz  target=7.227Hz  err=-0.022Hz  corr=+11.06W  u_ff=99.1W  PCAP→112W  power=111.4W
[PID] perf=7.242Hz  target=7.227Hz  err=-0.016Hz  corr=+11.12W  u_ff=99.1W  PCAP→112W  power=110.9W
[PID] perf=7.252Hz  target=7.227Hz  err=-0.026Hz  corr=+10.78W  u_ff=99.1W  PCAP→112W  power=112.8W
[PID] perf=7.236Hz  target=7.227Hz  err=-0.009Hz  corr=+11.10W  u_ff=99.1W  PCAP→112W  power=109.4W
[PID] perf=7.241Hz  target=7.227Hz  err=-0.015Hz  corr=+10.91W  u_ff=99.1W  PCAP→112W  power=110.5W
[PID] perf=7.230Hz  target=7.227Hz  err=-0.004Hz  corr=+11.15W  u_ff=99.1W  PCAP→112W  power=113.2W
[PID] perf=7.249Hz  target=7.227Hz  err=-0.023Hz  corr=+10.61W  u_ff=99.1W  PCAP→112W  power=113.0W
[PID] perf=7.247Hz  target=7.227Hz  err=-0.021Hz  corr=+10.57W  u_ff=99.1W  PCAP→112W  power=113.7W
[PID] perf=7.242Hz  target=7.227Hz  err=-0.015Hz  corr=+10.62W  u_ff=99.1W  PCAP→112W  power=111.2W
[PID] perf=7.239Hz  target=7.227Hz  err=-0.013Hz  corr=+10.63W  u_ff=99.1W  PCAP→112W  power=112.2W
[PID] perf=7.242Hz  target=7.227Hz  err=-0.016Hz  corr=+10.49W  u_ff=99.1W  PCAP→112W  power=111.9W
[PID] perf=7.241Hz  target=7.227Hz  err=-0.015Hz  corr=+10.45W  u_ff=99.1W  PCAP→112W  power=111.0W
[PID] perf=7.250Hz  target=7.227Hz  err=-0.023Hz  corr=+10.16W  u_ff=99.1W  PCAP→107W  power=112.9W
[PID] perf=7.144Hz  target=7.227Hz  err=+0.082Hz  corr=+12.88W  u_ff=99.1W  PCAP→112W  power=108.6W
[PID] perf=7.239Hz  target=7.227Hz  err=-0.012Hz  corr=+10.71W  u_ff=99.1W  PCAP→112W  power=112.9W
[PID] perf=7.244Hz  target=7.227Hz  err=-0.018Hz  corr=+10.51W  u_ff=99.1W  PCAP→112W  power=111.4W
[PID] perf=7.240Hz  target=7.227Hz  err=-0.013Hz  corr=+10.55W  u_ff=99.1W  PCAP→112W  power=113.1W
[PID] perf=7.246Hz  target=7.227Hz  err=-0.019Hz  corr=+10.33W  u_ff=99.1W  PCAP→107W  power=111.5W
[PID] perf=7.141Hz  target=7.227Hz  err=+0.086Hz  corr=+13.06W  u_ff=99.1W  PCAP→112W  power=106.2W
[PID] perf=7.232Hz  target=7.227Hz  err=-0.005Hz  corr=+11.00W  u_ff=99.1W  PCAP→112W  power=111.9W
[PID] perf=7.241Hz  target=7.227Hz  err=-0.015Hz  corr=+10.72W  u_ff=99.1W  PCAP→112W  power=111.3W
[PID] perf=7.239Hz  target=7.227Hz  err=-0.013Hz  corr=+10.71W  u_ff=99.1W  PCAP→112W  power=111.6W
[PID] perf=7.231Hz  target=7.227Hz  err=-0.004Hz  corr=+10.88W  u_ff=99.1W  PCAP→112W  power=110.9W
[PID] perf=7.238Hz  target=7.227Hz  err=-0.012Hz  corr=+10.67W  u_ff=99.1W  PCAP→112W  power=111.1W
[PID] perf=7.230Hz  target=7.227Hz  err=-0.003Hz  corr=+10.84W  u_ff=99.1W  PCAP→112W  power=110.9W
[PID] perf=7.247Hz  target=7.227Hz  err=-0.021Hz  corr=+10.36W  u_ff=99.1W  PCAP→107W  power=110.7W
[PID] perf=7.137Hz  target=7.227Hz  err=+0.090Hz  corr=+13.23W  u_ff=99.1W  PCAP→112W  power=105.6W
[PID] perf=7.240Hz  target=7.227Hz  err=-0.013Hz  corr=+10.86W  u_ff=99.1W  PCAP→112W  power=113.1W
[PID] perf=7.245Hz  target=7.227Hz  err=-0.018Hz  corr=+10.66W  u_ff=99.1W  PCAP→112W  power=114.2W
[PID] perf=7.244Hz  target=7.227Hz  err=-0.017Hz  corr=+10.61W  u_ff=99.1W  PCAP→112W  power=113.9W
[PID] perf=7.229Hz  target=7.227Hz  err=-0.002Hz  corr=+10.94W  u_ff=99.1W  PCAP→112W  power=110.7W
[PID] perf=7.241Hz  target=7.227Hz  err=-0.014Hz  corr=+10.60W  u_ff=99.1W  PCAP→112W  power=112.7W
[PID] perf=7.231Hz  target=7.227Hz  err=-0.004Hz  corr=+10.81W  u_ff=99.1W  PCAP→112W  power=111.2W
[PID] perf=7.239Hz  target=7.227Hz  err=-0.012Hz  corr=+10.57W  u_ff=99.1W  PCAP→112W  power=110.6W
[PID] perf=7.228Hz  target=7.227Hz  err=-0.001Hz  corr=+10.81W  u_ff=99.1W  PCAP→112W  power=109.4W
[PID] perf=7.236Hz  target=7.227Hz  err=-0.010Hz  corr=+10.58W  u_ff=99.1W  PCAP→112W  power=110.9W
[PID] perf=7.231Hz  target=7.227Hz  err=-0.004Hz  corr=+10.69W  u_ff=99.1W  PCAP→112W  power=113.5W
[PID] perf=7.236Hz  target=7.227Hz  err=-0.010Hz  corr=+10.52W  u_ff=99.1W  PCAP→112W  power=112.1W
[PID] perf=7.245Hz  target=7.227Hz  err=-0.019Hz  corr=+10.24W  u_ff=99.1W  PCAP→107W  power=113.6W
[PID] perf=7.138Hz  target=7.227Hz  err=+0.088Hz  corr=+13.04W  u_ff=99.1W  PCAP→112W  power=107.8W
[PID] perf=7.237Hz  target=7.227Hz  err=-0.011Hz  corr=+10.76W  u_ff=99.1W  PCAP→112W  power=112.4W
[PID] perf=7.231Hz  target=7.227Hz  err=-0.005Hz  corr=+10.87W  u_ff=99.1W  PCAP→112W  power=112.2W
[PID] perf=7.205Hz  target=7.227Hz  err=+0.022Hz  corr=+11.56W  u_ff=99.1W  PCAP→112W  power=110.9W
[PID] perf=7.173Hz  target=7.227Hz  err=+0.054Hz  corr=+12.52W  u_ff=99.1W  PCAP→112W  power=111.9W
[PID] perf=7.171Hz  target=7.227Hz  err=+0.056Hz  corr=+12.82W  u_ff=99.1W  PCAP→112W  power=111.2W
[PID] perf=7.174Hz  target=7.227Hz  err=+0.053Hz  corr=+12.99W  u_ff=99.1W  PCAP→112W  power=114.2W
[PID] perf=7.128Hz  target=7.227Hz  err=+0.099Hz  corr=+14.47W  u_ff=99.1W  PCAP→112W  power=112.4W
[PID] perf=7.145Hz  target=7.227Hz  err=+0.081Hz  corr=+14.44W  u_ff=99.1W  PCAP→112W  power=113.8W
[PID] perf=7.145Hz  target=7.227Hz  err=+0.081Hz  corr=+14.80W  u_ff=99.1W  PCAP→112W  power=113.6W
[PID] perf=7.145Hz  target=7.227Hz  err=+0.082Hz  corr=+15.19W  u_ff=99.1W  PCAP→112W  power=111.7W
[PID] perf=7.135Hz  target=7.227Hz  err=+0.092Hz  corr=+15.81W  u_ff=99.1W  PCAP→112W  power=110.9W
[PID] perf=7.139Hz  target=7.227Hz  err=+0.087Hz  corr=+16.11W  u_ff=99.1W  PCAP→118W  power=112.7W
[PID] perf=7.254Hz  target=7.227Hz  err=-0.028Hz  corr=+13.41W  u_ff=99.1W  PCAP→112W  power=115.7W
[PID] perf=7.253Hz  target=7.227Hz  err=-0.027Hz  corr=+13.31W  u_ff=99.1W  PCAP→112W  power=112.2W
[PID] perf=7.264Hz  target=7.227Hz  err=-0.037Hz  corr=+12.90W  u_ff=99.1W  PCAP→112W  power=112.1W
[PID] perf=7.271Hz  target=7.227Hz  err=-0.045Hz  corr=+12.53W  u_ff=99.1W  PCAP→112W  power=111.2W
[PID] perf=7.268Hz  target=7.227Hz  err=-0.042Hz  corr=+12.41W  u_ff=99.1W  PCAP→112W  power=111.8W
[PID] perf=7.271Hz  target=7.227Hz  err=-0.044Hz  corr=+12.16W  u_ff=99.1W  PCAP→112W  power=111.7W
[PID] perf=7.260Hz  target=7.227Hz  err=-0.034Hz  corr=+12.24W  u_ff=99.1W  PCAP→112W  power=112.9W
[PID] perf=7.260Hz  target=7.227Hz  err=-0.033Hz  corr=+12.11W  u_ff=99.1W  PCAP→112W  power=110.5W
[PID] perf=7.266Hz  target=7.227Hz  err=-0.040Hz  corr=+11.78W  u_ff=99.1W  PCAP→112W  power=110.0W
Process completed.
Compressed into /home/cc/summer2024/main_codes/pid_controller/../experiment_data/PID_Control_sweep/ones-npb-is/compressed_iteration_20260512_054803.tar
----------------------------------

>>> Step 3/3

[ones-npb-is]
  target perf      : 7.2266 Hz
  coefficients_perf: [-0.0002928630053090073, 0.09346144861544026, 0.8415796304794382]
  feedforward PCAP : 99.07 W  →  101 W (snapped)
  Perf(u_ff) check : 7.2266 Hz  (should ≈ target)
  PID gains        : Kp=22.4258 W/Hz  Ki=2.24258 W/(Hz·s)  Kd=0.0000
[PID] perf=3.632Hz  target=7.227Hz  err=+3.594Hz  corr=+96.73W  u_ff=99.1W  PCAP→165W  power=nanW
[PID] perf=8.157Hz  target=7.227Hz  err=-0.930Hz  corr=-8.92W  u_ff=99.1W  PCAP→89W  power=142.7W
[PID] perf=6.718Hz  target=7.227Hz  err=+0.508Hz  corr=+25.63W  u_ff=99.1W  PCAP→124W  power=86.9W
[PID] perf=7.575Hz  target=7.227Hz  err=-0.349Hz  corr=+4.85W  u_ff=99.1W  PCAP→101W  power=124.4W
[PID] perf=7.075Hz  target=7.227Hz  err=+0.151Hz  corr=+16.74W  u_ff=99.1W  PCAP→118W  power=99.7W
[PID] perf=7.452Hz  target=7.227Hz  err=-0.225Hz  corr=+7.28W  u_ff=99.1W  PCAP→107W  power=117.4W
[PID] perf=7.220Hz  target=7.227Hz  err=+0.007Hz  corr=+12.52W  u_ff=99.1W  PCAP→112W  power=108.9W
[PID] perf=7.337Hz  target=7.227Hz  err=-0.110Hz  corr=+9.39W  u_ff=99.1W  PCAP→107W  power=111.6W
[PID] perf=7.226Hz  target=7.227Hz  err=+0.001Hz  corr=+11.89W  u_ff=99.1W  PCAP→112W  power=107.3W
[PID] perf=7.282Hz  target=7.227Hz  err=-0.055Hz  corr=+10.39W  u_ff=99.1W  PCAP→107W  power=112.2W
[PID] perf=7.175Hz  target=7.227Hz  err=+0.051Hz  corr=+13.00W  u_ff=99.1W  PCAP→112W  power=107.2W
[PID] perf=7.333Hz  target=7.227Hz  err=-0.107Hz  corr=+8.98W  u_ff=99.1W  PCAP→107W  power=112.6W
[PID] perf=7.215Hz  target=7.227Hz  err=+0.011Hz  corr=+11.68W  u_ff=99.1W  PCAP→112W  power=107.1W
[PID] perf=7.285Hz  target=7.227Hz  err=-0.058Hz  corr=+9.86W  u_ff=99.1W  PCAP→107W  power=111.4W
[PID] perf=7.181Hz  target=7.227Hz  err=+0.045Hz  corr=+12.38W  u_ff=99.1W  PCAP→112W  power=107.4W
[PID] perf=7.284Hz  target=7.227Hz  err=-0.058Hz  corr=+9.81W  u_ff=99.1W  PCAP→107W  power=111.6W
[PID] perf=7.178Hz  target=7.227Hz  err=+0.049Hz  corr=+12.42W  u_ff=99.1W  PCAP→112W  power=106.1W
[PID] perf=7.282Hz  target=7.227Hz  err=-0.055Hz  corr=+9.84W  u_ff=99.1W  PCAP→107W  power=112.5W
[PID] perf=7.177Hz  target=7.227Hz  err=+0.049Hz  corr=+12.41W  u_ff=99.1W  PCAP→112W  power=106.8W
[PID] perf=7.285Hz  target=7.227Hz  err=-0.058Hz  corr=+9.73W  u_ff=99.1W  PCAP→107W  power=110.7W
[PID] perf=7.186Hz  target=7.227Hz  err=+0.041Hz  corr=+12.13W  u_ff=99.1W  PCAP→112W  power=107.0W
[PID] perf=7.290Hz  target=7.227Hz  err=-0.063Hz  corr=+9.51W  u_ff=99.1W  PCAP→107W  power=111.8W
[PID] perf=7.182Hz  target=7.227Hz  err=+0.044Hz  corr=+12.13W  u_ff=99.1W  PCAP→112W  power=108.2W
[PID] perf=7.293Hz  target=7.227Hz  err=-0.066Hz  corr=+9.35W  u_ff=99.1W  PCAP→107W  power=113.7W
[PID] perf=7.194Hz  target=7.227Hz  err=+0.033Hz  corr=+11.72W  u_ff=99.1W  PCAP→112W  power=108.3W
[PID] perf=7.301Hz  target=7.227Hz  err=-0.074Hz  corr=+8.99W  u_ff=99.1W  PCAP→107W  power=111.5W
[PID] perf=7.196Hz  target=7.227Hz  err=+0.031Hz  corr=+11.48W  u_ff=99.1W  PCAP→112W  power=105.5W
[PID] perf=7.292Hz  target=7.227Hz  err=-0.066Hz  corr=+9.02W  u_ff=99.1W  PCAP→107W  power=112.0W
[PID] perf=7.186Hz  target=7.227Hz  err=+0.040Hz  corr=+11.58W  u_ff=99.1W  PCAP→112W  power=106.7W
[PID] perf=7.287Hz  target=7.227Hz  err=-0.060Hz  corr=+9.05W  u_ff=99.1W  PCAP→107W  power=112.4W
[PID] perf=7.183Hz  target=7.227Hz  err=+0.044Hz  corr=+11.58W  u_ff=99.1W  PCAP→112W  power=107.5W
[PID] perf=7.297Hz  target=7.227Hz  err=-0.070Hz  corr=+8.71W  u_ff=99.1W  PCAP→107W  power=111.1W
[PID] perf=7.190Hz  target=7.227Hz  err=+0.037Hz  corr=+11.27W  u_ff=99.1W  PCAP→112W  power=105.4W
[PID] perf=7.395Hz  target=7.227Hz  err=-0.169Hz  corr=+5.91W  u_ff=99.1W  PCAP→107W  power=111.7W
[PID] perf=7.298Hz  target=7.227Hz  err=-0.072Hz  corr=+7.76W  u_ff=99.1W  PCAP→107W  power=106.9W
[PID] perf=7.269Hz  target=7.227Hz  err=-0.043Hz  corr=+8.22W  u_ff=99.1W  PCAP→107W  power=108.6W
[PID] perf=7.303Hz  target=7.227Hz  err=-0.077Hz  corr=+7.11W  u_ff=99.1W  PCAP→107W  power=105.7W
[PID] perf=7.319Hz  target=7.227Hz  err=-0.092Hz  corr=+6.36W  u_ff=99.1W  PCAP→107W  power=107.7W
[PID] perf=7.323Hz  target=7.227Hz  err=-0.097Hz  corr=+5.82W  u_ff=99.1W  PCAP→107W  power=107.1W
[PID] perf=7.332Hz  target=7.227Hz  err=-0.106Hz  corr=+5.15W  u_ff=99.1W  PCAP→107W  power=107.2W
[PID] perf=7.322Hz  target=7.227Hz  err=-0.096Hz  corr=+4.94W  u_ff=99.1W  PCAP→107W  power=105.7W
[PID] perf=7.335Hz  target=7.227Hz  err=-0.108Hz  corr=+4.17W  u_ff=99.1W  PCAP→101W  power=106.4W
[PID] perf=7.189Hz  target=7.227Hz  err=+0.038Hz  corr=+7.61W  u_ff=99.1W  PCAP→107W  power=100.7W
[PID] perf=7.323Hz  target=7.227Hz  err=-0.097Hz  corr=+4.17W  u_ff=99.1W  PCAP→101W  power=108.6W
[PID] perf=7.181Hz  target=7.227Hz  err=+0.046Hz  corr=+7.57W  u_ff=99.1W  PCAP→107W  power=100.4W
[PID] perf=7.334Hz  target=7.227Hz  err=-0.107Hz  corr=+3.66W  u_ff=99.1W  PCAP→101W  power=106.3W
[PID] perf=7.182Hz  target=7.227Hz  err=+0.045Hz  corr=+7.27W  u_ff=99.1W  PCAP→107W  power=102.5W
[PID] perf=7.313Hz  target=7.227Hz  err=-0.086Hz  corr=+3.94W  u_ff=99.1W  PCAP→101W  power=108.1W
[PID] perf=7.178Hz  target=7.227Hz  err=+0.048Hz  corr=+7.18W  u_ff=99.1W  PCAP→107W  power=100.2W
[PID] perf=7.325Hz  target=7.227Hz  err=-0.099Hz  corr=+3.44W  u_ff=99.1W  PCAP→101W  power=105.9W
[PID] perf=7.178Hz  target=7.227Hz  err=+0.048Hz  corr=+6.95W  u_ff=99.1W  PCAP→107W  power=100.0W
[PID] perf=7.330Hz  target=7.227Hz  err=-0.104Hz  corr=+3.08W  u_ff=99.1W  PCAP→101W  power=106.0W
[PID] perf=7.177Hz  target=7.227Hz  err=+0.050Hz  corr=+6.74W  u_ff=99.1W  PCAP→107W  power=100.8W
[PID] perf=7.319Hz  target=7.227Hz  err=-0.092Hz  corr=+3.15W  u_ff=99.1W  PCAP→101W  power=107.9W
[PID] perf=7.173Hz  target=7.227Hz  err=+0.054Hz  corr=+6.66W  u_ff=99.1W  PCAP→107W  power=100.6W
[PID] perf=7.323Hz  target=7.227Hz  err=-0.096Hz  corr=+2.86W  u_ff=99.1W  PCAP→101W  power=106.7W
[PID] perf=7.176Hz  target=7.227Hz  err=+0.050Hz  corr=+6.38W  u_ff=99.1W  PCAP→107W  power=100.7W
[PID] perf=7.328Hz  target=7.227Hz  err=-0.101Hz  corr=+2.52W  u_ff=99.1W  PCAP→101W  power=107.4W
[PID] perf=7.167Hz  target=7.227Hz  err=+0.060Hz  corr=+6.40W  u_ff=99.1W  PCAP→107W  power=101.1W
[PID] perf=7.323Hz  target=7.227Hz  err=-0.096Hz  corr=+2.47W  u_ff=99.1W  PCAP→101W  power=108.0W
[PID] perf=7.174Hz  target=7.227Hz  err=+0.053Hz  corr=+6.04W  u_ff=99.1W  PCAP→107W  power=100.2W
[PID] perf=7.342Hz  target=7.227Hz  err=-0.115Hz  corr=+1.76W  u_ff=99.1W  PCAP→101W  power=108.2W
[PID] perf=7.188Hz  target=7.227Hz  err=+0.038Hz  corr=+5.37W  u_ff=99.1W  PCAP→107W  power=101.6W
[PID] perf=7.343Hz  target=7.227Hz  err=-0.116Hz  corr=+1.40W  u_ff=99.1W  PCAP→101W  power=107.7W
[PID] perf=7.188Hz  target=7.227Hz  err=+0.039Hz  corr=+5.05W  u_ff=99.1W  PCAP→107W  power=101.4W
[PID] perf=7.342Hz  target=7.227Hz  err=-0.116Hz  corr=+1.06W  u_ff=99.1W  PCAP→101W  power=105.1W
[PID] perf=7.170Hz  target=7.227Hz  err=+0.057Hz  corr=+5.18W  u_ff=99.1W  PCAP→107W  power=102.7W
[PID] perf=7.325Hz  target=7.227Hz  err=-0.099Hz  corr=+1.25W  u_ff=99.1W  PCAP→101W  power=107.2W
[PID] perf=7.178Hz  target=7.227Hz  err=+0.049Hz  corr=+4.78W  u_ff=99.1W  PCAP→101W  power=102.4W
[PID] perf=7.178Hz  target=7.227Hz  err=+0.048Hz  corr=+4.99W  u_ff=99.1W  PCAP→107W  power=99.4W
Process completed.
Compressed into /home/cc/summer2024/main_codes/pid_controller/../experiment_data/PID_Control_sweep/ones-npb-is/compressed_iteration_20260512_055021.tar
----------------------------------
