
>>> Step 1/3

[ones-stream-triad]
  target perf      : 172.9611 Hz
  coefficients_perf: [-0.004198996979306703, 1.4113888522213032, 83.31648448855799]
  feedforward PCAP : 85.02 W  →  83 W (snapped)
  Perf(u_ff) check : 172.9611 Hz  (should ≈ target)
  PID gains        : Kp=1.2787 W/Hz  Ki=0.12787 W/(Hz·s)  Kd=0.0000
[PID] perf=173.351Hz  target=172.961Hz  err=-0.389Hz  corr=-0.60W  u_ff=85.0W  PCAP→83W  power=nanW
[PID] perf=178.166Hz  target=172.961Hz  err=-5.205Hz  corr=-8.09W  u_ff=85.0W  PCAP→78W  power=81.6W
[PID] perf=172.925Hz  target=172.961Hz  err=+0.036Hz  corr=-1.38W  u_ff=85.0W  PCAP→83W  power=78.0W
[PID] perf=180.146Hz  target=172.961Hz  err=-7.185Hz  corr=-12.45W  u_ff=85.0W  PCAP→78W  power=82.4W
[PID] perf=174.868Hz  target=172.961Hz  err=-1.907Hz  corr=-6.19W  u_ff=85.0W  PCAP→78W  power=78.1W
[PID] perf=172.106Hz  target=172.961Hz  err=+0.855Hz  corr=-2.43W  u_ff=85.0W  PCAP→83W  power=78.0W
[PID] perf=177.989Hz  target=172.961Hz  err=-5.028Hz  corr=-11.24W  u_ff=85.0W  PCAP→78W  power=82.7W
[PID] perf=172.836Hz  target=172.961Hz  err=+0.125Hz  corr=-4.62W  u_ff=85.0W  PCAP→78W  power=77.6W
[PID] perf=171.186Hz  target=172.961Hz  err=+1.775Hz  corr=-2.06W  u_ff=85.0W  PCAP→83W  power=78.2W
[PID] perf=179.328Hz  target=172.961Hz  err=-6.367Hz  corr=-14.10W  u_ff=85.0W  PCAP→78W  power=83.3W
[PID] perf=172.360Hz  target=172.961Hz  err=+0.601Hz  corr=-5.03W  u_ff=85.0W  PCAP→78W  power=77.6W
[PID] perf=172.575Hz  target=172.961Hz  err=+0.386Hz  corr=-5.21W  u_ff=85.0W  PCAP→78W  power=78.1W
[PID] perf=172.655Hz  target=172.961Hz  err=+0.306Hz  corr=-5.23W  u_ff=85.0W  PCAP→78W  power=77.8W
[PID] perf=174.441Hz  target=172.961Hz  err=-1.480Hz  corr=-7.90W  u_ff=85.0W  PCAP→78W  power=77.8W
[PID] perf=174.408Hz  target=172.961Hz  err=-1.447Hz  corr=-8.22W  u_ff=85.0W  PCAP→78W  power=77.0W
[PID] perf=172.975Hz  target=172.961Hz  err=-0.014Hz  corr=-6.40W  u_ff=85.0W  PCAP→78W  power=77.3W
[PID] perf=172.783Hz  target=172.961Hz  err=+0.178Hz  corr=-6.10W  u_ff=85.0W  PCAP→78W  power=76.6W
[PID] perf=172.952Hz  target=172.961Hz  err=+0.009Hz  corr=-6.32W  u_ff=85.0W  PCAP→78W  power=78.8W
[PID] perf=174.359Hz  target=172.961Hz  err=-1.398Hz  corr=-8.48W  u_ff=85.0W  PCAP→78W  power=76.7W
[PID] perf=174.468Hz  target=172.961Hz  err=-1.507Hz  corr=-9.00W  u_ff=85.0W  PCAP→78W  power=78.0W
[PID] perf=173.106Hz  target=172.961Hz  err=-0.144Hz  corr=-7.29W  u_ff=85.0W  PCAP→78W  power=78.1W
[PID] perf=173.068Hz  target=172.961Hz  err=-0.107Hz  corr=-7.27W  u_ff=85.0W  PCAP→78W  power=77.5W
[PID] perf=172.847Hz  target=172.961Hz  err=+0.114Hz  corr=-6.96W  u_ff=85.0W  PCAP→78W  power=78.4W
[PID] perf=172.116Hz  target=172.961Hz  err=+0.845Hz  corr=-5.81W  u_ff=85.0W  PCAP→78W  power=77.9W
[PID] perf=172.088Hz  target=172.961Hz  err=+0.873Hz  corr=-5.55W  u_ff=85.0W  PCAP→78W  power=78.2W
[PID] perf=174.510Hz  target=172.961Hz  err=-1.549Hz  corr=-9.05W  u_ff=85.0W  PCAP→78W  power=77.4W
[PID] perf=174.197Hz  target=172.961Hz  err=-1.235Hz  corr=-8.96W  u_ff=85.0W  PCAP→78W  power=78.2W
[PID] perf=172.169Hz  target=172.961Hz  err=+0.792Hz  corr=-6.17W  u_ff=85.0W  PCAP→78W  power=77.1W
[PID] perf=172.304Hz  target=172.961Hz  err=+0.657Hz  corr=-6.17W  u_ff=85.0W  PCAP→78W  power=77.5W
Process completed.
Compressed into /home/cc/summer2024/main_codes/pid_controller/../experiment_data/PID_Control_sweep/ones-stream-triad/compressed_iteration_20260511_233205.tar
----------------------------------

>>> Step 2/3

[ones-stream-triad]
  target perf      : 172.9611 Hz
  coefficients_perf: [-0.004198996979306703, 1.4113888522213032, 83.31648448855799]
  feedforward PCAP : 85.02 W  →  83 W (snapped)
  Perf(u_ff) check : 172.9611 Hz  (should ≈ target)
  PID gains        : Kp=1.2787 W/Hz  Ki=0.12787 W/(Hz·s)  Kd=0.0000
[PID] perf=174.392Hz  target=172.961Hz  err=-1.431Hz  corr=-2.20W  u_ff=85.0W  PCAP→83W  power=nanW
[PID] perf=177.139Hz  target=172.961Hz  err=-4.178Hz  corr=-6.78W  u_ff=85.0W  PCAP→78W  power=82.5W
[PID] perf=170.370Hz  target=172.961Hz  err=+2.591Hz  corr=+2.54W  u_ff=85.0W  PCAP→89W  power=77.5W
[PID] perf=184.574Hz  target=172.961Hz  err=-11.613Hz  corr=-18.59W  u_ff=85.0W  PCAP→78W  power=89.4W
[PID] perf=170.938Hz  target=172.961Hz  err=+2.023Hz  corr=-0.64W  u_ff=85.0W  PCAP→83W  power=76.8W
[PID] perf=177.238Hz  target=172.961Hz  err=-4.277Hz  corr=-9.79W  u_ff=85.0W  PCAP→78W  power=83.2W
[PID] perf=172.733Hz  target=172.961Hz  err=+0.228Hz  corr=-3.97W  u_ff=85.0W  PCAP→83W  power=77.9W
[PID] perf=178.967Hz  target=172.961Hz  err=-6.005Hz  corr=-13.47W  u_ff=85.0W  PCAP→78W  power=81.8W
[PID] perf=172.701Hz  target=172.961Hz  err=+0.260Hz  corr=-5.40W  u_ff=85.0W  PCAP→78W  power=78.6W
[PID] perf=172.573Hz  target=172.961Hz  err=+0.388Hz  corr=-5.13W  u_ff=85.0W  PCAP→78W  power=78.4W
[PID] perf=171.838Hz  target=172.961Hz  err=+1.123Hz  corr=-3.91W  u_ff=85.0W  PCAP→83W  power=78.4W
[PID] perf=178.229Hz  target=172.961Hz  err=-5.268Hz  corr=-13.43W  u_ff=85.0W  PCAP→78W  power=82.5W
[PID] perf=171.497Hz  target=172.961Hz  err=+1.464Hz  corr=-4.44W  u_ff=85.0W  PCAP→83W  power=77.5W
[PID] perf=176.509Hz  target=172.961Hz  err=-3.548Hz  corr=-11.76W  u_ff=85.0W  PCAP→78W  power=82.4W
[PID] perf=170.054Hz  target=172.961Hz  err=+2.907Hz  corr=-2.76W  u_ff=85.0W  PCAP→83W  power=78.2W
[PID] perf=176.753Hz  target=172.961Hz  err=-3.792Hz  corr=-12.30W  u_ff=85.0W  PCAP→78W  power=81.9W
[PID] perf=170.747Hz  target=172.961Hz  err=+2.215Hz  corr=-4.05W  u_ff=85.0W  PCAP→83W  power=78.6W
[PID] perf=176.563Hz  target=172.961Hz  err=-3.602Hz  corr=-12.41W  u_ff=85.0W  PCAP→78W  power=83.5W
[PID] perf=170.757Hz  target=172.961Hz  err=+2.204Hz  corr=-4.42W  u_ff=85.0W  PCAP→83W  power=78.0W
[PID] perf=176.951Hz  target=172.961Hz  err=-3.989Hz  corr=-13.36W  u_ff=85.0W  PCAP→78W  power=83.7W
[PID] perf=170.999Hz  target=172.961Hz  err=+1.962Hz  corr=-5.25W  u_ff=85.0W  PCAP→78W  power=77.4W
[PID] perf=170.907Hz  target=172.961Hz  err=+2.055Hz  corr=-4.61W  u_ff=85.0W  PCAP→78W  power=78.1W
[PID] perf=170.945Hz  target=172.961Hz  err=+2.016Hz  corr=-4.14W  u_ff=85.0W  PCAP→83W  power=77.4W
[PID] perf=177.334Hz  target=172.961Hz  err=-4.373Hz  corr=-13.43W  u_ff=85.0W  PCAP→78W  power=83.3W
[PID] perf=170.802Hz  target=172.961Hz  err=+2.159Hz  corr=-4.52W  u_ff=85.0W  PCAP→78W  power=77.3W
[PID] perf=170.827Hz  target=172.961Hz  err=+2.135Hz  corr=-4.01W  u_ff=85.0W  PCAP→83W  power=78.3W
[PID] perf=178.462Hz  target=172.961Hz  err=-5.501Hz  corr=-15.18W  u_ff=85.0W  PCAP→78W  power=83.1W
[PID] perf=172.297Hz  target=172.961Hz  err=+0.664Hz  corr=-7.13W  u_ff=85.0W  PCAP→78W  power=77.7W
[PID] perf=172.279Hz  target=172.961Hz  err=+0.682Hz  corr=-6.93W  u_ff=85.0W  PCAP→78W  power=77.4W
Process completed.
Compressed into /home/cc/summer2024/main_codes/pid_controller/../experiment_data/PID_Control_sweep/ones-stream-triad/compressed_iteration_20260511_233303.tar
----------------------------------

>>> Step 3/3

[ones-stream-triad]
  target perf      : 172.9611 Hz
  coefficients_perf: [-0.004198996979306703, 1.4113888522213032, 83.31648448855799]
  feedforward PCAP : 85.02 W  →  83 W (snapped)
  Perf(u_ff) check : 172.9611 Hz  (should ≈ target)
  PID gains        : Kp=1.2787 W/Hz  Ki=0.12787 W/(Hz·s)  Kd=0.0000
[PID] perf=173.960Hz  target=172.961Hz  err=-0.999Hz  corr=-1.53W  u_ff=85.0W  PCAP→83W  power=nanW
[PID] perf=177.970Hz  target=172.961Hz  err=-5.009Hz  corr=-7.94W  u_ff=85.0W  PCAP→78W  power=82.8W
[PID] perf=172.444Hz  target=172.961Hz  err=+0.517Hz  corr=-0.74W  u_ff=85.0W  PCAP→83W  power=77.0W
[PID] perf=175.718Hz  target=172.961Hz  err=-2.757Hz  corr=-5.63W  u_ff=85.0W  PCAP→78W  power=82.5W
[PID] perf=169.954Hz  target=172.961Hz  err=+3.007Hz  corr=+2.50W  u_ff=85.0W  PCAP→89W  power=78.4W
[PID] perf=185.040Hz  target=172.961Hz  err=-12.079Hz  corr=-19.87W  u_ff=85.0W  PCAP→78W  power=89.1W
[PID] perf=173.904Hz  target=172.961Hz  err=-0.943Hz  corr=-5.88W  u_ff=85.0W  PCAP→78W  power=76.7W
[PID] perf=172.438Hz  target=172.961Hz  err=+0.523Hz  corr=-3.87W  u_ff=85.0W  PCAP→83W  power=78.3W
[PID] perf=178.424Hz  target=172.961Hz  err=-5.463Hz  corr=-12.92W  u_ff=85.0W  PCAP→78W  power=83.2W
[PID] perf=172.141Hz  target=172.961Hz  err=+0.820Hz  corr=-4.68W  u_ff=85.0W  PCAP→78W  power=77.1W
[PID] perf=172.697Hz  target=172.961Hz  err=+0.264Hz  corr=-5.32W  u_ff=85.0W  PCAP→78W  power=78.2W
[PID] perf=172.655Hz  target=172.961Hz  err=+0.306Hz  corr=-5.19W  u_ff=85.0W  PCAP→78W  power=78.2W
[PID] perf=172.694Hz  target=172.961Hz  err=+0.267Hz  corr=-5.17W  u_ff=85.0W  PCAP→78W  power=77.9W
[PID] perf=172.872Hz  target=172.961Hz  err=+0.089Hz  corr=-5.37W  u_ff=85.0W  PCAP→78W  power=77.7W
[PID] perf=172.646Hz  target=172.961Hz  err=+0.315Hz  corr=-5.00W  u_ff=85.0W  PCAP→78W  power=78.1W
[PID] perf=173.125Hz  target=172.961Hz  err=-0.164Hz  corr=-5.66W  u_ff=85.0W  PCAP→78W  power=78.0W
[PID] perf=173.818Hz  target=172.961Hz  err=-0.856Hz  corr=-6.76W  u_ff=85.0W  PCAP→78W  power=78.5W
[PID] perf=173.336Hz  target=172.961Hz  err=-0.375Hz  corr=-6.24W  u_ff=85.0W  PCAP→78W  power=76.2W
[PID] perf=173.229Hz  target=172.961Hz  err=-0.268Hz  corr=-6.17W  u_ff=85.0W  PCAP→78W  power=77.3W
[PID] perf=173.370Hz  target=172.961Hz  err=-0.409Hz  corr=-6.46W  u_ff=85.0W  PCAP→78W  power=78.1W
[PID] perf=173.347Hz  target=172.961Hz  err=-0.386Hz  corr=-6.53W  u_ff=85.0W  PCAP→78W  power=77.9W
[PID] perf=174.110Hz  target=172.961Hz  err=-1.149Hz  corr=-7.80W  u_ff=85.0W  PCAP→78W  power=77.8W
[PID] perf=173.300Hz  target=172.961Hz  err=-0.339Hz  corr=-6.85W  u_ff=85.0W  PCAP→78W  power=77.3W
[PID] perf=173.004Hz  target=172.961Hz  err=-0.043Hz  corr=-6.48W  u_ff=85.0W  PCAP→78W  power=77.0W
[PID] perf=172.325Hz  target=172.961Hz  err=+0.636Hz  corr=-5.45W  u_ff=85.0W  PCAP→78W  power=77.9W
[PID] perf=171.702Hz  target=172.961Hz  err=+1.259Hz  corr=-4.33W  u_ff=85.0W  PCAP→83W  power=78.2W
[PID] perf=178.470Hz  target=172.961Hz  err=-5.509Hz  corr=-14.39W  u_ff=85.0W  PCAP→78W  power=82.4W
[PID] perf=172.623Hz  target=172.961Hz  err=+0.338Hz  corr=-6.83W  u_ff=85.0W  PCAP→78W  power=77.7W
[PID] perf=173.372Hz  target=172.961Hz  err=-0.411Hz  corr=-7.89W  u_ff=85.0W  PCAP→78W  power=77.8W
Process completed.
Compressed into /home/cc/summer2024/main_codes/pid_controller/../experiment_data/PID_Control_sweep/ones-stream-triad/compressed_iteration_20260511_233402.tar
----------------------------------
