
>>> Step 1/3

[ones-stream-add]
  target perf      : 178.5767 Hz
  coefficients_perf: [-0.006118257956496563, 1.8929149887400043, 51.95850863615756]
  feedforward PCAP : 97.82 W  →  95 W (snapped)
  Perf(u_ff) check : 178.5767 Hz  (should ≈ target)
  PID gains        : Kp=1.2310 W/Hz  Ki=0.12310 W/(Hz·s)  Kd=0.0000
[PID] perf=170.130Hz  target=178.577Hz  err=+8.447Hz  corr=+12.48W  u_ff=97.8W  PCAP→112W  power=nanW
[PID] perf=191.538Hz  target=178.577Hz  err=-12.962Hz  corr=-17.07W  u_ff=97.8W  PCAP→83W  power=113.7W
[PID] perf=177.811Hz  target=178.577Hz  err=+0.765Hz  corr=+0.02W  u_ff=97.8W  PCAP→95W  power=82.4W
[PID] perf=182.862Hz  target=178.577Hz  err=-4.285Hz  corr=-7.25W  u_ff=97.8W  PCAP→89W  power=94.2W
[PID] perf=182.017Hz  target=178.577Hz  err=-3.440Hz  corr=-7.06W  u_ff=97.8W  PCAP→89W  power=91.0W
[PID] perf=182.778Hz  target=178.577Hz  err=-4.202Hz  corr=-9.03W  u_ff=97.8W  PCAP→89W  power=90.0W
[PID] perf=182.426Hz  target=178.577Hz  err=-3.850Hz  corr=-9.55W  u_ff=97.8W  PCAP→89W  power=89.0W
[PID] perf=183.965Hz  target=178.577Hz  err=-5.388Hz  corr=-12.77W  u_ff=97.8W  PCAP→83W  power=88.3W
[PID] perf=177.096Hz  target=178.577Hz  err=+1.480Hz  corr=-3.95W  u_ff=97.8W  PCAP→95W  power=81.9W
[PID] perf=184.039Hz  target=178.577Hz  err=-5.463Hz  corr=-13.84W  u_ff=97.8W  PCAP→83W  power=93.7W
[PID] perf=178.284Hz  target=178.577Hz  err=+0.293Hz  corr=-6.68W  u_ff=97.8W  PCAP→89W  power=83.2W
[PID] perf=181.825Hz  target=178.577Hz  err=-3.249Hz  corr=-11.84W  u_ff=97.8W  PCAP→83W  power=88.7W
[PID] perf=177.881Hz  target=178.577Hz  err=+0.696Hz  corr=-6.81W  u_ff=97.8W  PCAP→89W  power=83.0W
[PID] perf=182.542Hz  target=178.577Hz  err=-3.965Hz  corr=-13.53W  u_ff=97.8W  PCAP→83W  power=89.1W
[PID] perf=177.955Hz  target=178.577Hz  err=+0.622Hz  corr=-7.73W  u_ff=97.8W  PCAP→89W  power=83.1W
[PID] perf=183.002Hz  target=178.577Hz  err=-4.425Hz  corr=-15.03W  u_ff=97.8W  PCAP→83W  power=90.1W
[PID] perf=177.977Hz  target=178.577Hz  err=+0.599Hz  corr=-8.70W  u_ff=97.8W  PCAP→89W  power=83.3W
[PID] perf=183.699Hz  target=178.577Hz  err=-5.122Hz  corr=-17.00W  u_ff=97.8W  PCAP→83W  power=89.3W
[PID] perf=178.129Hz  target=178.577Hz  err=+0.448Hz  corr=-10.03W  u_ff=97.8W  PCAP→89W  power=82.1W
[PID] perf=182.480Hz  target=178.577Hz  err=-3.903Hz  corr=-16.35W  u_ff=97.8W  PCAP→83W  power=89.1W
[PID] perf=180.117Hz  target=178.577Hz  err=-1.541Hz  corr=-13.82W  u_ff=97.8W  PCAP→83W  power=82.3W
[PID] perf=179.963Hz  target=178.577Hz  err=-1.386Hz  corr=-13.97W  u_ff=97.8W  PCAP→83W  power=83.1W
[PID] perf=179.432Hz  target=178.577Hz  err=-0.855Hz  corr=-13.53W  u_ff=97.8W  PCAP→83W  power=83.4W
[PID] perf=179.712Hz  target=178.577Hz  err=-1.136Hz  corr=-14.16W  u_ff=97.8W  PCAP→83W  power=83.2W
[PID] perf=178.999Hz  target=178.577Hz  err=-0.422Hz  corr=-13.38W  u_ff=97.8W  PCAP→83W  power=83.4W
[PID] perf=178.087Hz  target=178.577Hz  err=+0.490Hz  corr=-12.14W  u_ff=97.8W  PCAP→83W  power=83.7W
[PID] perf=179.033Hz  target=178.577Hz  err=-0.457Hz  corr=-13.42W  u_ff=97.8W  PCAP→83W  power=83.0W
[PID] perf=178.155Hz  target=178.577Hz  err=+0.422Hz  corr=-12.23W  u_ff=97.8W  PCAP→83W  power=82.6W
[PID] perf=177.432Hz  target=178.577Hz  err=+1.145Hz  corr=-11.06W  u_ff=97.8W  PCAP→89W  power=82.2W
Process completed.
Compressed into /home/cc/summer2024/main_codes/pid_controller/../experiment_data/PID_Control_sweep/ones-stream-add/compressed_iteration_20260512_014154.tar
----------------------------------

>>> Step 2/3

[ones-stream-add]
  target perf      : 178.5767 Hz
  coefficients_perf: [-0.006118257956496563, 1.8929149887400043, 51.95850863615756]
  feedforward PCAP : 97.82 W  →  95 W (snapped)
  Perf(u_ff) check : 178.5767 Hz  (should ≈ target)
  PID gains        : Kp=1.2310 W/Hz  Ki=0.12310 W/(Hz·s)  Kd=0.0000
[PID] perf=183.317Hz  target=178.577Hz  err=-4.741Hz  corr=-7.00W  u_ff=97.8W  PCAP→89W  power=nanW
[PID] perf=183.510Hz  target=178.577Hz  err=-4.933Hz  corr=-8.45W  u_ff=97.8W  PCAP→89W  power=89.4W
[PID] perf=183.043Hz  target=178.577Hz  err=-4.467Hz  corr=-8.98W  u_ff=97.8W  PCAP→89W  power=88.6W
[PID] perf=182.786Hz  target=178.577Hz  err=-4.210Hz  corr=-9.70W  u_ff=97.8W  PCAP→89W  power=88.8W
[PID] perf=182.033Hz  target=178.577Hz  err=-3.456Hz  corr=-9.62W  u_ff=97.8W  PCAP→89W  power=89.0W
[PID] perf=182.671Hz  target=178.577Hz  err=-4.094Hz  corr=-11.42W  u_ff=97.8W  PCAP→89W  power=88.2W
[PID] perf=182.782Hz  target=178.577Hz  err=-4.206Hz  corr=-12.59W  u_ff=97.8W  PCAP→83W  power=88.7W
[PID] perf=178.295Hz  target=178.577Hz  err=+0.282Hz  corr=-7.00W  u_ff=97.8W  PCAP→89W  power=84.0W
[PID] perf=183.655Hz  target=178.577Hz  err=-5.078Hz  corr=-14.84W  u_ff=97.8W  PCAP→83W  power=89.2W
[PID] perf=178.616Hz  target=178.577Hz  err=-0.039Hz  corr=-8.65W  u_ff=97.8W  PCAP→89W  power=82.5W
[PID] perf=183.580Hz  target=178.577Hz  err=-5.004Hz  corr=-15.99W  u_ff=97.8W  PCAP→83W  power=88.7W
[PID] perf=178.371Hz  target=178.577Hz  err=+0.206Hz  corr=-9.53W  u_ff=97.8W  PCAP→89W  power=82.1W
[PID] perf=184.274Hz  target=178.577Hz  err=-5.697Hz  corr=-18.20W  u_ff=97.8W  PCAP→78W  power=89.0W
[PID] perf=172.538Hz  target=178.577Hz  err=+6.039Hz  corr=-2.27W  u_ff=97.8W  PCAP→95W  power=77.5W
[PID] perf=184.903Hz  target=178.577Hz  err=-6.327Hz  corr=-19.05W  u_ff=97.8W  PCAP→78W  power=95.6W
[PID] perf=172.506Hz  target=178.577Hz  err=+6.071Hz  corr=-2.29W  u_ff=97.8W  PCAP→95W  power=77.9W
[PID] perf=184.645Hz  target=178.577Hz  err=-6.068Hz  corr=-18.73W  u_ff=97.8W  PCAP→78W  power=93.1W
[PID] perf=172.394Hz  target=178.577Hz  err=+6.183Hz  corr=-2.12W  u_ff=97.8W  PCAP→95W  power=77.5W
[PID] perf=184.546Hz  target=178.577Hz  err=-5.969Hz  corr=-18.55W  u_ff=97.8W  PCAP→78W  power=94.1W
[PID] perf=173.218Hz  target=178.577Hz  err=+5.359Hz  corr=-3.29W  u_ff=97.8W  PCAP→95W  power=78.3W
[PID] perf=184.863Hz  target=178.577Hz  err=-6.286Hz  corr=-19.17W  u_ff=97.8W  PCAP→78W  power=94.5W
[PID] perf=172.421Hz  target=178.577Hz  err=+6.156Hz  corr=-2.34W  u_ff=97.8W  PCAP→95W  power=77.8W
[PID] perf=184.749Hz  target=178.577Hz  err=-6.172Hz  corr=-19.03W  u_ff=97.8W  PCAP→78W  power=95.2W
[PID] perf=173.638Hz  target=178.577Hz  err=+4.939Hz  corr=-4.14W  u_ff=97.8W  PCAP→95W  power=77.1W
[PID] perf=185.907Hz  target=178.577Hz  err=-7.331Hz  corr=-21.05W  u_ff=97.8W  PCAP→78W  power=93.8W
[PID] perf=172.623Hz  target=178.577Hz  err=+5.954Hz  corr=-3.23W  u_ff=97.8W  PCAP→95W  power=77.8W
[PID] perf=184.844Hz  target=178.577Hz  err=-6.268Hz  corr=-19.82W  u_ff=97.8W  PCAP→78W  power=94.8W
[PID] perf=172.339Hz  target=178.577Hz  err=+6.238Hz  corr=-2.89W  u_ff=97.8W  PCAP→95W  power=77.5W
Process completed.
Compressed into /home/cc/summer2024/main_codes/pid_controller/../experiment_data/PID_Control_sweep/ones-stream-add/compressed_iteration_20260512_014250.tar
----------------------------------

>>> Step 3/3

[ones-stream-add]
  target perf      : 178.5767 Hz
  coefficients_perf: [-0.006118257956496563, 1.8929149887400043, 51.95850863615756]
  feedforward PCAP : 97.82 W  →  95 W (snapped)
  Perf(u_ff) check : 178.5767 Hz  (should ≈ target)
  PID gains        : Kp=1.2310 W/Hz  Ki=0.12310 W/(Hz·s)  Kd=0.0000
[PID] perf=186.091Hz  target=178.577Hz  err=-7.514Hz  corr=-11.10W  u_ff=97.8W  PCAP→89W  power=nanW
[PID] perf=183.121Hz  target=178.577Hz  err=-4.545Hz  corr=-8.56W  u_ff=97.8W  PCAP→89W  power=89.5W
[PID] perf=183.498Hz  target=178.577Hz  err=-4.921Hz  corr=-10.24W  u_ff=97.8W  PCAP→89W  power=87.9W
[PID] perf=183.446Hz  target=178.577Hz  err=-4.869Hz  corr=-11.37W  u_ff=97.8W  PCAP→89W  power=88.6W
[PID] perf=182.448Hz  target=178.577Hz  err=-3.872Hz  corr=-11.10W  u_ff=97.8W  PCAP→89W  power=89.1W
[PID] perf=183.512Hz  target=178.577Hz  err=-4.935Hz  corr=-13.62W  u_ff=97.8W  PCAP→83W  power=88.0W
[PID] perf=180.102Hz  target=178.577Hz  err=-1.525Hz  corr=-9.80W  u_ff=97.8W  PCAP→89W  power=82.9W
[PID] perf=184.229Hz  target=178.577Hz  err=-5.653Hz  corr=-16.27W  u_ff=97.8W  PCAP→83W  power=89.6W
[PID] perf=177.569Hz  target=178.577Hz  err=+1.008Hz  corr=-7.83W  u_ff=97.8W  PCAP→89W  power=84.5W
[PID] perf=181.493Hz  target=178.577Hz  err=-2.916Hz  corr=-13.37W  u_ff=97.8W  PCAP→83W  power=88.1W
[PID] perf=176.600Hz  target=178.577Hz  err=+1.976Hz  corr=-6.87W  u_ff=97.8W  PCAP→89W  power=83.4W
[PID] perf=181.745Hz  target=178.577Hz  err=-3.168Hz  corr=-13.98W  u_ff=97.8W  PCAP→83W  power=88.9W
[PID] perf=176.405Hz  target=178.577Hz  err=+2.171Hz  corr=-6.87W  u_ff=97.8W  PCAP→89W  power=82.8W
[PID] perf=182.830Hz  target=178.577Hz  err=-4.253Hz  corr=-15.83W  u_ff=97.8W  PCAP→83W  power=88.8W
[PID] perf=176.048Hz  target=178.577Hz  err=+2.529Hz  corr=-6.86W  u_ff=97.8W  PCAP→89W  power=83.0W
[PID] perf=181.035Hz  target=178.577Hz  err=-2.458Hz  corr=-13.60W  u_ff=97.8W  PCAP→83W  power=89.6W
[PID] perf=176.842Hz  target=178.577Hz  err=+1.734Hz  corr=-8.01W  u_ff=97.8W  PCAP→89W  power=83.2W
[PID] perf=182.329Hz  target=178.577Hz  err=-3.753Hz  corr=-15.69W  u_ff=97.8W  PCAP→83W  power=89.0W
[PID] perf=177.864Hz  target=178.577Hz  err=+0.713Hz  corr=-10.02W  u_ff=97.8W  PCAP→89W  power=82.3W
[PID] perf=180.474Hz  target=178.577Hz  err=-1.897Hz  corr=-13.70W  u_ff=97.8W  PCAP→83W  power=89.2W
[PID] perf=177.220Hz  target=178.577Hz  err=+1.357Hz  corr=-9.36W  u_ff=97.8W  PCAP→89W  power=83.4W
[PID] perf=182.397Hz  target=178.577Hz  err=-3.820Hz  corr=-16.67W  u_ff=97.8W  PCAP→83W  power=87.8W
[PID] perf=179.445Hz  target=178.577Hz  err=-0.868Hz  corr=-13.25W  u_ff=97.8W  PCAP→83W  power=82.6W
[PID] perf=179.374Hz  target=178.577Hz  err=-0.797Hz  corr=-13.36W  u_ff=97.8W  PCAP→83W  power=83.0W
[PID] perf=179.317Hz  target=178.577Hz  err=-0.740Hz  corr=-13.47W  u_ff=97.8W  PCAP→83W  power=82.9W
[PID] perf=177.227Hz  target=178.577Hz  err=+1.349Hz  corr=-10.57W  u_ff=97.8W  PCAP→89W  power=83.0W
[PID] perf=181.623Hz  target=178.577Hz  err=-3.046Hz  corr=-16.73W  u_ff=97.8W  PCAP→83W  power=89.2W
[PID] perf=176.742Hz  target=178.577Hz  err=+1.835Hz  corr=-10.27W  u_ff=97.8W  PCAP→89W  power=83.1W
Process completed.
Compressed into /home/cc/summer2024/main_codes/pid_controller/../experiment_data/PID_Control_sweep/ones-stream-add/compressed_iteration_20260512_014347.tar
----------------------------------
