
>>> Step 1/3

[ones-npb-mg]
  target perf      : 47.8891 Hz
  coefficients_perf: [-0.0023422717390584893, 0.7162851703434323, -6.215233760658519]
  feedforward PCAP : 136.15 W  →  136 W (snapped)
  Perf(u_ff) check : 47.8891 Hz  (should ≈ target)
  PID gains        : Kp=3.3987 W/Hz  Ki=0.33987 W/(Hz·s)  Kd=0.0000
[PID] Awaiting data — feedforward PCAP=136W
[PID] perf=34.747Hz  target=47.889Hz  err=+13.143Hz  corr=+53.60W  u_ff=136.2W  PCAP→165W  power=nanW
[PID] perf=46.244Hz  target=47.889Hz  err=+1.645Hz  corr=+15.64W  u_ff=136.2W  PCAP→153W  power=166.8W
[PID] perf=45.551Hz  target=47.889Hz  err=+2.338Hz  corr=+19.59W  u_ff=136.2W  PCAP→153W  power=154.5W
[PID] perf=46.714Hz  target=47.889Hz  err=+1.175Hz  corr=+16.43W  u_ff=136.2W  PCAP→153W  power=153.9W
[PID] perf=48.137Hz  target=47.889Hz  err=-0.247Hz  corr=+11.43W  u_ff=136.2W  PCAP→147W  power=150.7W
[PID] perf=49.018Hz  target=47.889Hz  err=-1.129Hz  corr=+7.67W  u_ff=136.2W  PCAP→141W  power=146.1W
[PID] perf=48.263Hz  target=47.889Hz  err=-0.374Hz  corr=+9.98W  u_ff=136.2W  PCAP→147W  power=141.2W
[PID] perf=48.726Hz  target=47.889Hz  err=-0.837Hz  corr=+7.84W  u_ff=136.2W  PCAP→141W  power=143.9W
[PID] perf=48.396Hz  target=47.889Hz  err=-0.507Hz  corr=+8.61W  u_ff=136.2W  PCAP→147W  power=140.2W
[PID] perf=48.796Hz  target=47.889Hz  err=-0.907Hz  corr=+6.64W  u_ff=136.2W  PCAP→141W  power=145.4W
[PID] perf=48.321Hz  target=47.889Hz  err=-0.432Hz  corr=+7.96W  u_ff=136.2W  PCAP→147W  power=140.4W
Process completed.
Compressed into /home/cc/summer2024/main_codes/pid_controller/../experiment_data/PID_Control_sweep/ones-npb-mg/compressed_iteration_20260512_165921.tar
----------------------------------

>>> Step 2/3

[ones-npb-mg]
  target perf      : 47.8891 Hz
  coefficients_perf: [-0.0023422717390584893, 0.7162851703434323, -6.215233760658519]
  feedforward PCAP : 136.15 W  →  136 W (snapped)
  Perf(u_ff) check : 47.8891 Hz  (should ≈ target)
  PID gains        : Kp=3.3987 W/Hz  Ki=0.33987 W/(Hz·s)  Kd=0.0000
[PID] Awaiting data — feedforward PCAP=136W
[PID] perf=35.295Hz  target=47.889Hz  err=+12.594Hz  corr=+51.36W  u_ff=136.2W  PCAP→165W  power=nanW
[PID] perf=47.428Hz  target=47.889Hz  err=+0.461Hz  corr=+10.44W  u_ff=136.2W  PCAP→147W  power=168.3W
[PID] perf=46.284Hz  target=47.889Hz  err=+1.605Hz  corr=+15.42W  u_ff=136.2W  PCAP→153W  power=148.7W
[PID] perf=46.568Hz  target=47.889Hz  err=+1.321Hz  corr=+15.35W  u_ff=136.2W  PCAP→153W  power=152.8W
[PID] perf=49.368Hz  target=47.889Hz  err=-1.479Hz  corr=+4.83W  u_ff=136.2W  PCAP→141W  power=151.3W
[PID] perf=49.486Hz  target=47.889Hz  err=-1.597Hz  corr=+3.34W  u_ff=136.2W  PCAP→141W  power=140.9W
[PID] perf=52.654Hz  target=47.889Hz  err=-4.765Hz  corr=-10.66W  u_ff=136.2W  PCAP→124W  power=140.9W
[PID] perf=51.427Hz  target=47.889Hz  err=-3.538Hz  corr=-8.90W  u_ff=136.2W  PCAP→130W  power=124.3W
[PID] perf=50.739Hz  target=47.889Hz  err=-2.850Hz  corr=-8.50W  u_ff=136.2W  PCAP→130W  power=130.2W
[PID] perf=50.760Hz  target=47.889Hz  err=-2.871Hz  corr=-10.52W  u_ff=136.2W  PCAP→124W  power=129.4W
Process completed.
Compressed into /home/cc/summer2024/main_codes/pid_controller/../experiment_data/PID_Control_sweep/ones-npb-mg/compressed_iteration_20260512_165943.tar
----------------------------------

>>> Step 3/3

[ones-npb-mg]
  target perf      : 47.8891 Hz
  coefficients_perf: [-0.0023422717390584893, 0.7162851703434323, -6.215233760658519]
  feedforward PCAP : 136.15 W  →  136 W (snapped)
  Perf(u_ff) check : 47.8891 Hz  (should ≈ target)
  PID gains        : Kp=3.3987 W/Hz  Ki=0.33987 W/(Hz·s)  Kd=0.0000
[PID] Awaiting data — feedforward PCAP=136W
[PID] perf=35.054Hz  target=47.889Hz  err=+12.835Hz  corr=+52.35W  u_ff=136.2W  PCAP→165W  power=nanW
[PID] perf=46.529Hz  target=47.889Hz  err=+1.360Hz  corr=+14.27W  u_ff=136.2W  PCAP→153W  power=170.8W
[PID] perf=45.933Hz  target=47.889Hz  err=+1.956Hz  corr=+17.63W  u_ff=136.2W  PCAP→153W  power=152.8W
[PID] perf=45.913Hz  target=47.889Hz  err=+1.976Hz  corr=+19.04W  u_ff=136.2W  PCAP→153W  power=153.8W
[PID] perf=45.938Hz  target=47.889Hz  err=+1.951Hz  corr=+20.28W  u_ff=136.2W  PCAP→159W  power=153.0W
[PID] perf=46.152Hz  target=47.889Hz  err=+1.737Hz  corr=+20.73W  u_ff=136.2W  PCAP→159W  power=159.5W
[PID] perf=47.326Hz  target=47.889Hz  err=+0.563Hz  corr=+17.13W  u_ff=136.2W  PCAP→153W  power=159.5W
[PID] perf=48.106Hz  target=47.889Hz  err=-0.217Hz  corr=+14.33W  u_ff=136.2W  PCAP→153W  power=154.3W
[PID] perf=48.265Hz  target=47.889Hz  err=-0.376Hz  corr=+13.53W  u_ff=136.2W  PCAP→147W  power=151.1W
[PID] perf=47.336Hz  target=47.889Hz  err=+0.554Hz  corr=+17.07W  u_ff=136.2W  PCAP→153W  power=147.5W
[PID] perf=47.487Hz  target=47.889Hz  err=+0.402Hz  corr=+16.83W  u_ff=136.2W  PCAP→153W  power=153.1W
Process completed.
Compressed into /home/cc/summer2024/main_codes/pid_controller/../experiment_data/PID_Control_sweep/ones-npb-mg/compressed_iteration_20260512_170007.tar
----------------------------------
