
>>> Step 1/3

[ones-stream-add]
  target perf      : 164.1818 Hz
  coefficients_perf: [-0.006118257956496563, 1.8929149887400043, 51.95850863615756]
  feedforward PCAP : 79.94 W  →  78 W (snapped)
  Perf(u_ff) check : 164.1818 Hz  (should ≈ target)
  PID gains        : Kp=1.2310 W/Hz  Ki=0.12310 W/(Hz·s)  Kd=0.0000
[PID] perf=201.830Hz  target=164.182Hz  err=-37.649Hz  corr=-55.61W  u_ff=79.9W  PCAP→78W  power=nanW
[PID] perf=169.925Hz  target=164.182Hz  err=-5.743Hz  corr=-17.75W  u_ff=79.9W  PCAP→78W  power=78.4W
[PID] perf=171.200Hz  target=164.182Hz  err=-7.018Hz  corr=-21.05W  u_ff=79.9W  PCAP→78W  power=77.5W
[PID] perf=170.639Hz  target=164.182Hz  err=-6.457Hz  corr=-21.95W  u_ff=79.9W  PCAP→78W  power=78.1W
[PID] perf=171.063Hz  target=164.182Hz  err=-6.882Hz  corr=-24.17W  u_ff=79.9W  PCAP→78W  power=77.0W
[PID] perf=172.456Hz  target=164.182Hz  err=-8.274Hz  corr=-27.92W  u_ff=79.9W  PCAP→78W  power=78.2W
[PID] perf=173.749Hz  target=164.182Hz  err=-9.567Hz  corr=-31.86W  u_ff=79.9W  PCAP→78W  power=78.1W
[PID] perf=173.944Hz  target=164.182Hz  err=-9.762Hz  corr=-34.51W  u_ff=79.9W  PCAP→78W  power=78.1W
[PID] perf=173.648Hz  target=164.182Hz  err=-9.467Hz  corr=-36.47W  u_ff=79.9W  PCAP→78W  power=77.6W
[PID] perf=173.004Hz  target=164.182Hz  err=-8.822Hz  corr=-37.85W  u_ff=79.9W  PCAP→78W  power=77.5W
[PID] perf=173.145Hz  target=164.182Hz  err=-8.963Hz  corr=-40.23W  u_ff=79.9W  PCAP→78W  power=77.4W
[PID] perf=173.663Hz  target=164.182Hz  err=-9.481Hz  corr=-43.21W  u_ff=79.9W  PCAP→78W  power=77.5W
[PID] perf=173.882Hz  target=164.182Hz  err=-9.701Hz  corr=-45.86W  u_ff=79.9W  PCAP→78W  power=78.1W
[PID] perf=171.783Hz  target=164.182Hz  err=-7.602Hz  corr=-45.15W  u_ff=79.9W  PCAP→78W  power=77.7W
[PID] perf=171.343Hz  target=164.182Hz  err=-7.161Hz  corr=-46.37W  u_ff=79.9W  PCAP→78W  power=77.8W
[PID] perf=171.799Hz  target=164.182Hz  err=-7.617Hz  corr=-48.81W  u_ff=79.9W  PCAP→78W  power=77.7W
[PID] perf=170.552Hz  target=164.182Hz  err=-6.370Hz  corr=-47.84W  u_ff=79.9W  PCAP→78W  power=77.2W
[PID] perf=170.837Hz  target=164.182Hz  err=-6.655Hz  corr=-48.19W  u_ff=79.9W  PCAP→78W  power=78.3W
[PID] perf=170.213Hz  target=164.182Hz  err=-6.031Hz  corr=-47.42W  u_ff=79.9W  PCAP→78W  power=77.5W
[PID] perf=170.776Hz  target=164.182Hz  err=-6.594Hz  corr=-48.12W  u_ff=79.9W  PCAP→78W  power=77.7W
[PID] perf=170.865Hz  target=164.182Hz  err=-6.683Hz  corr=-48.23W  u_ff=79.9W  PCAP→78W  power=77.1W
[PID] perf=170.583Hz  target=164.182Hz  err=-6.402Hz  corr=-47.88W  u_ff=79.9W  PCAP→78W  power=78.2W
[PID] perf=170.945Hz  target=164.182Hz  err=-6.763Hz  corr=-48.33W  u_ff=79.9W  PCAP→78W  power=77.5W
[PID] perf=170.230Hz  target=164.182Hz  err=-6.049Hz  corr=-47.45W  u_ff=79.9W  PCAP→78W  power=78.2W
[PID] perf=170.208Hz  target=164.182Hz  err=-6.026Hz  corr=-47.42W  u_ff=79.9W  PCAP→78W  power=77.7W
[PID] perf=170.213Hz  target=164.182Hz  err=-6.031Hz  corr=-47.42W  u_ff=79.9W  PCAP→78W  power=78.0W
[PID] perf=170.239Hz  target=164.182Hz  err=-6.057Hz  corr=-47.46W  u_ff=79.9W  PCAP→78W  power=78.0W
[PID] perf=169.937Hz  target=164.182Hz  err=-5.755Hz  corr=-47.08W  u_ff=79.9W  PCAP→78W  power=78.1W
[PID] perf=170.268Hz  target=164.182Hz  err=-6.087Hz  corr=-47.49W  u_ff=79.9W  PCAP→78W  power=77.9W
[PID] perf=172.169Hz  target=164.182Hz  err=-7.988Hz  corr=-49.83W  u_ff=79.9W  PCAP→78W  power=77.7W
Process completed.
Compressed into /home/cc/summer2024/main_codes/pid_controller/../experiment_data/PID_Control_sweep/ones-stream-add/compressed_iteration_20260512_011825.tar
----------------------------------

>>> Step 2/3

[ones-stream-add]
  target perf      : 164.1818 Hz
  coefficients_perf: [-0.006118257956496563, 1.8929149887400043, 51.95850863615756]
  feedforward PCAP : 79.94 W  →  78 W (snapped)
  Perf(u_ff) check : 164.1818 Hz  (should ≈ target)
  PID gains        : Kp=1.2310 W/Hz  Ki=0.12310 W/(Hz·s)  Kd=0.0000
[PID] perf=174.512Hz  target=164.182Hz  err=-10.330Hz  corr=-15.26W  u_ff=79.9W  PCAP→78W  power=nanW
[PID] perf=171.399Hz  target=164.182Hz  err=-7.217Hz  corr=-13.20W  u_ff=79.9W  PCAP→78W  power=77.9W
[PID] perf=171.513Hz  target=164.182Hz  err=-7.331Hz  corr=-15.15W  u_ff=79.9W  PCAP→78W  power=76.4W
[PID] perf=171.954Hz  target=164.182Hz  err=-7.772Hz  corr=-17.61W  u_ff=79.9W  PCAP→78W  power=77.9W
[PID] perf=172.360Hz  target=164.182Hz  err=-8.179Hz  corr=-20.12W  u_ff=79.9W  PCAP→78W  power=78.2W
[PID] perf=172.447Hz  target=164.182Hz  err=-8.265Hz  corr=-22.26W  u_ff=79.9W  PCAP→78W  power=76.7W
[PID] perf=172.481Hz  target=164.182Hz  err=-8.299Hz  corr=-24.35W  u_ff=79.9W  PCAP→78W  power=78.2W
[PID] perf=171.313Hz  target=164.182Hz  err=-7.131Hz  corr=-24.66W  u_ff=79.9W  PCAP→78W  power=77.5W
[PID] perf=173.991Hz  target=164.182Hz  err=-9.809Hz  corr=-30.38W  u_ff=79.9W  PCAP→78W  power=77.8W
[PID] perf=172.726Hz  target=164.182Hz  err=-8.544Hz  corr=-30.92W  u_ff=79.9W  PCAP→78W  power=78.2W
[PID] perf=173.738Hz  target=164.182Hz  err=-9.557Hz  corr=-34.52W  u_ff=79.9W  PCAP→78W  power=77.8W
[PID] perf=169.844Hz  target=164.182Hz  err=-5.662Hz  corr=-31.12W  u_ff=79.9W  PCAP→78W  power=77.8W
[PID] perf=170.835Hz  target=164.182Hz  err=-6.653Hz  corr=-33.98W  u_ff=79.9W  PCAP→78W  power=77.9W
[PID] perf=173.469Hz  target=164.182Hz  err=-9.287Hz  corr=-39.51W  u_ff=79.9W  PCAP→78W  power=78.2W
[PID] perf=173.254Hz  target=164.182Hz  err=-9.072Hz  corr=-41.48W  u_ff=79.9W  PCAP→78W  power=77.4W
[PID] perf=171.585Hz  target=164.182Hz  err=-7.403Hz  corr=-41.24W  u_ff=79.9W  PCAP→78W  power=78.7W
[PID] perf=171.231Hz  target=164.182Hz  err=-7.049Hz  corr=-42.55W  u_ff=79.9W  PCAP→78W  power=77.9W
[PID] perf=171.133Hz  target=164.182Hz  err=-6.951Hz  corr=-44.14W  u_ff=79.9W  PCAP→78W  power=77.2W
[PID] perf=172.247Hz  target=164.182Hz  err=-8.065Hz  corr=-47.49W  u_ff=79.9W  PCAP→78W  power=77.6W
[PID] perf=173.343Hz  target=164.182Hz  err=-9.162Hz  corr=-51.10W  u_ff=79.9W  PCAP→78W  power=78.4W
[PID] perf=171.606Hz  target=164.182Hz  err=-7.424Hz  corr=-49.14W  u_ff=79.9W  PCAP→78W  power=78.5W
[PID] perf=171.452Hz  target=164.182Hz  err=-7.270Hz  corr=-48.95W  u_ff=79.9W  PCAP→78W  power=77.9W
[PID] perf=171.613Hz  target=164.182Hz  err=-7.431Hz  corr=-49.15W  u_ff=79.9W  PCAP→78W  power=77.8W
[PID] perf=171.322Hz  target=164.182Hz  err=-7.140Hz  corr=-48.79W  u_ff=79.9W  PCAP→78W  power=77.0W
[PID] perf=170.743Hz  target=164.182Hz  err=-6.561Hz  corr=-48.08W  u_ff=79.9W  PCAP→78W  power=77.7W
[PID] perf=171.387Hz  target=164.182Hz  err=-7.205Hz  corr=-48.87W  u_ff=79.9W  PCAP→78W  power=77.2W
[PID] perf=171.119Hz  target=164.182Hz  err=-6.937Hz  corr=-48.54W  u_ff=79.9W  PCAP→78W  power=77.8W
[PID] perf=171.560Hz  target=164.182Hz  err=-7.378Hz  corr=-49.08W  u_ff=79.9W  PCAP→78W  power=77.8W
[PID] perf=171.231Hz  target=164.182Hz  err=-7.049Hz  corr=-48.68W  u_ff=79.9W  PCAP→78W  power=77.5W
[PID] perf=170.887Hz  target=164.182Hz  err=-6.706Hz  corr=-48.25W  u_ff=79.9W  PCAP→78W  power=77.5W
Process completed.
Compressed into /home/cc/summer2024/main_codes/pid_controller/../experiment_data/PID_Control_sweep/ones-stream-add/compressed_iteration_20260512_011924.tar
----------------------------------

>>> Step 3/3

[ones-stream-add]
  target perf      : 164.1818 Hz
  coefficients_perf: [-0.006118257956496563, 1.8929149887400043, 51.95850863615756]
  feedforward PCAP : 79.94 W  →  78 W (snapped)
  Perf(u_ff) check : 164.1818 Hz  (should ≈ target)
  PID gains        : Kp=1.2310 W/Hz  Ki=0.12310 W/(Hz·s)  Kd=0.0000
[PID] perf=173.451Hz  target=164.182Hz  err=-9.269Hz  corr=-13.69W  u_ff=79.9W  PCAP→78W  power=nanW
[PID] perf=169.906Hz  target=164.182Hz  err=-5.724Hz  corr=-10.74W  u_ff=79.9W  PCAP→78W  power=77.8W
[PID] perf=171.448Hz  target=164.182Hz  err=-7.266Hz  corr=-14.42W  u_ff=79.9W  PCAP→78W  power=77.5W
[PID] perf=171.753Hz  target=164.182Hz  err=-7.572Hz  corr=-16.67W  u_ff=79.9W  PCAP→78W  power=77.2W
[PID] perf=171.462Hz  target=164.182Hz  err=-7.280Hz  corr=-18.10W  u_ff=79.9W  PCAP→78W  power=77.5W
[PID] perf=171.813Hz  target=164.182Hz  err=-7.631Hz  corr=-20.41W  u_ff=79.9W  PCAP→78W  power=78.3W
[PID] perf=171.674Hz  target=164.182Hz  err=-7.493Hz  corr=-22.08W  u_ff=79.9W  PCAP→78W  power=77.3W
[PID] perf=171.713Hz  target=164.182Hz  err=-7.531Hz  corr=-23.99W  u_ff=79.9W  PCAP→78W  power=77.5W
[PID] perf=171.015Hz  target=164.182Hz  err=-6.833Hz  corr=-24.81W  u_ff=79.9W  PCAP→78W  power=78.8W
[PID] perf=170.813Hz  target=164.182Hz  err=-6.631Hz  corr=-26.19W  u_ff=79.9W  PCAP→78W  power=77.9W
[PID] perf=170.344Hz  target=164.182Hz  err=-6.163Hz  corr=-27.13W  u_ff=79.9W  PCAP→78W  power=77.8W
[PID] perf=170.369Hz  target=164.182Hz  err=-6.187Hz  corr=-28.69W  u_ff=79.9W  PCAP→78W  power=78.1W
[PID] perf=170.350Hz  target=164.182Hz  err=-6.168Hz  corr=-30.18W  u_ff=79.9W  PCAP→78W  power=77.1W
[PID] perf=170.310Hz  target=164.182Hz  err=-6.128Hz  corr=-31.64W  u_ff=79.9W  PCAP→78W  power=78.4W
[PID] perf=170.511Hz  target=164.182Hz  err=-6.329Hz  corr=-33.45W  u_ff=79.9W  PCAP→78W  power=77.9W
[PID] perf=169.166Hz  target=164.182Hz  err=-4.984Hz  corr=-33.02W  u_ff=79.9W  PCAP→78W  power=78.6W
[PID] perf=169.224Hz  target=164.182Hz  err=-5.042Hz  corr=-34.33W  u_ff=79.9W  PCAP→78W  power=77.4W
[PID] perf=169.170Hz  target=164.182Hz  err=-4.988Hz  corr=-35.49W  u_ff=79.9W  PCAP→78W  power=77.5W
[PID] perf=169.234Hz  target=164.182Hz  err=-5.053Hz  corr=-36.81W  u_ff=79.9W  PCAP→78W  power=76.7W
[PID] perf=169.060Hz  target=164.182Hz  err=-4.879Hz  corr=-37.80W  u_ff=79.9W  PCAP→78W  power=77.5W
[PID] perf=169.287Hz  target=164.182Hz  err=-5.106Hz  corr=-39.34W  u_ff=79.9W  PCAP→78W  power=78.3W
[PID] perf=171.282Hz  target=164.182Hz  err=-7.100Hz  corr=-43.54W  u_ff=79.9W  PCAP→78W  power=78.0W
[PID] perf=171.357Hz  target=164.182Hz  err=-7.175Hz  corr=-45.40W  u_ff=79.9W  PCAP→78W  power=78.1W
[PID] perf=171.536Hz  target=164.182Hz  err=-7.354Hz  corr=-47.43W  u_ff=79.9W  PCAP→78W  power=77.9W
[PID] perf=171.541Hz  target=164.182Hz  err=-7.359Hz  corr=-49.06W  u_ff=79.9W  PCAP→78W  power=77.8W
[PID] perf=170.630Hz  target=164.182Hz  err=-6.448Hz  corr=-47.90W  u_ff=79.9W  PCAP→78W  power=77.4W
[PID] perf=169.917Hz  target=164.182Hz  err=-5.735Hz  corr=-47.06W  u_ff=79.9W  PCAP→78W  power=77.3W
[PID] perf=169.269Hz  target=164.182Hz  err=-5.087Hz  corr=-46.26W  u_ff=79.9W  PCAP→78W  power=78.1W
[PID] perf=171.490Hz  target=164.182Hz  err=-7.308Hz  corr=-49.00W  u_ff=79.9W  PCAP→78W  power=77.4W
[PID] perf=169.930Hz  target=164.182Hz  err=-5.749Hz  corr=-47.08W  u_ff=79.9W  PCAP→78W  power=78.0W
Process completed.
Compressed into /home/cc/summer2024/main_codes/pid_controller/../experiment_data/PID_Control_sweep/ones-stream-add/compressed_iteration_20260512_012024.tar
----------------------------------
