
>>> Step 1/3

[ones-npb-bt]
  target perf      : 7.1401 Hz
  coefficients_perf: [-0.0002748882630905589, 0.09680001853476215, -1.348104096123189]
  feedforward PCAP : 165.00 W  →  165 W (snapped)
  Perf(u_ff) check : 7.1401 Hz  (should ≈ target)
  PID gains        : Kp=16.6655 W/Hz  Ki=1.66655 W/(Hz·s)  Kd=0.0000
[PID] Awaiting data — feedforward PCAP=165W
[PID] perf=6.446Hz  target=7.140Hz  err=+0.695Hz  corr=+13.89W  u_ff=165.0W  PCAP→165W  power=nanW
[PID] perf=6.270Hz  target=7.140Hz  err=+0.870Hz  corr=+19.72W  u_ff=165.0W  PCAP→165W  power=158.0W
[PID] perf=6.439Hz  target=7.140Hz  err=+0.701Hz  corr=+19.23W  u_ff=165.0W  PCAP→165W  power=172.1W
[PID] perf=6.315Hz  target=7.140Hz  err=+0.825Hz  corr=+24.05W  u_ff=165.0W  PCAP→165W  power=163.0W
[PID] perf=6.382Hz  target=7.140Hz  err=+0.758Hz  corr=+25.45W  u_ff=165.0W  PCAP→165W  power=159.8W
[PID] perf=6.735Hz  target=7.140Hz  err=+0.405Hz  corr=+20.92W  u_ff=165.0W  PCAP→165W  power=161.6W
[PID] perf=6.914Hz  target=7.140Hz  err=+0.226Hz  corr=+18.69W  u_ff=165.0W  PCAP→165W  power=170.8W
[PID] perf=7.257Hz  target=7.140Hz  err=-0.117Hz  corr=+12.59W  u_ff=165.0W  PCAP→165W  power=168.0W
[PID] perf=6.840Hz  target=7.140Hz  err=+0.300Hz  corr=+20.54W  u_ff=165.0W  PCAP→165W  power=160.6W
[PID] perf=7.021Hz  target=7.140Hz  err=+0.119Hz  corr=+17.93W  u_ff=165.0W  PCAP→165W  power=156.6W
[PID] perf=7.208Hz  target=7.140Hz  err=-0.067Hz  corr=+14.59W  u_ff=165.0W  PCAP→165W  power=165.1W
[PID] perf=7.040Hz  target=7.140Hz  err=+0.100Hz  corr=+17.71W  u_ff=165.0W  PCAP→165W  power=167.5W
[PID] perf=7.192Hz  target=7.140Hz  err=-0.052Hz  corr=+15.01W  u_ff=165.0W  PCAP→165W  power=166.0W
[PID] perf=7.223Hz  target=7.140Hz  err=-0.083Hz  corr=+14.21W  u_ff=165.0W  PCAP→165W  power=163.5W
[PID] perf=7.125Hz  target=7.140Hz  err=+0.015Hz  corr=+15.90W  u_ff=165.0W  PCAP→165W  power=163.7W
[PID] perf=7.117Hz  target=7.140Hz  err=+0.023Hz  corr=+16.10W  u_ff=165.0W  PCAP→165W  power=157.2W
[PID] perf=6.896Hz  target=7.140Hz  err=+0.244Hz  corr=+20.60W  u_ff=165.0W  PCAP→165W  power=165.8W
[PID] perf=7.196Hz  target=7.140Hz  err=-0.056Hz  corr=+15.42W  u_ff=165.0W  PCAP→165W  power=167.6W
[PID] perf=7.204Hz  target=7.140Hz  err=-0.064Hz  corr=+15.07W  u_ff=165.0W  PCAP→165W  power=166.1W
[PID] perf=7.208Hz  target=7.140Hz  err=-0.068Hz  corr=+14.77W  u_ff=165.0W  PCAP→165W  power=169.3W
[PID] perf=6.944Hz  target=7.140Hz  err=+0.196Hz  corr=+19.83W  u_ff=165.0W  PCAP→165W  power=163.1W
[PID] perf=7.092Hz  target=7.140Hz  err=+0.048Hz  corr=+17.53W  u_ff=165.0W  PCAP→165W  power=165.4W
[PID] perf=6.664Hz  target=7.140Hz  err=+0.476Hz  corr=+26.25W  u_ff=165.0W  PCAP→165W  power=165.4W
[PID] perf=7.301Hz  target=7.140Hz  err=-0.161Hz  corr=+15.10W  u_ff=165.0W  PCAP→165W  power=158.7W
[PID] perf=7.065Hz  target=7.140Hz  err=+0.075Hz  corr=+19.28W  u_ff=165.0W  PCAP→165W  power=154.9W
[PID] perf=6.912Hz  target=7.140Hz  err=+0.228Hz  corr=+22.58W  u_ff=165.0W  PCAP→165W  power=168.6W
[PID] perf=6.901Hz  target=7.140Hz  err=+0.239Hz  corr=+23.56W  u_ff=165.0W  PCAP→165W  power=159.8W
[PID] perf=6.995Hz  target=7.140Hz  err=+0.145Hz  corr=+22.48W  u_ff=165.0W  PCAP→165W  power=161.4W
[PID] perf=7.133Hz  target=7.140Hz  err=+0.007Hz  corr=+20.21W  u_ff=165.0W  PCAP→165W  power=162.5W
[PID] perf=6.885Hz  target=7.140Hz  err=+0.255Hz  corr=+25.18W  u_ff=165.0W  PCAP→165W  power=161.6W
[PID] perf=7.098Hz  target=7.140Hz  err=+0.043Hz  corr=+21.79W  u_ff=165.0W  PCAP→165W  power=164.5W
[PID] perf=7.008Hz  target=7.140Hz  err=+0.133Hz  corr=+23.73W  u_ff=165.0W  PCAP→165W  power=171.5W
[PID] perf=6.851Hz  target=7.140Hz  err=+0.289Hz  corr=+27.31W  u_ff=165.0W  PCAP→165W  power=158.5W
[PID] perf=7.111Hz  target=7.140Hz  err=+0.029Hz  corr=+23.06W  u_ff=165.0W  PCAP→165W  power=159.1W
[PID] perf=7.052Hz  target=7.140Hz  err=+0.088Hz  corr=+24.34W  u_ff=165.0W  PCAP→165W  power=168.7W
[PID] perf=7.101Hz  target=7.140Hz  err=+0.039Hz  corr=+23.66W  u_ff=165.0W  PCAP→165W  power=168.7W
[PID] perf=6.943Hz  target=7.140Hz  err=+0.197Hz  corr=+26.94W  u_ff=165.0W  PCAP→165W  power=164.4W
[PID] perf=6.708Hz  target=7.140Hz  err=+0.432Hz  corr=+32.29W  u_ff=165.0W  PCAP→165W  power=163.7W
[PID] perf=6.861Hz  target=7.140Hz  err=+0.279Hz  corr=+30.67W  u_ff=165.0W  PCAP→165W  power=166.7W
[PID] perf=7.122Hz  target=7.140Hz  err=+0.018Hz  corr=+26.39W  u_ff=165.0W  PCAP→165W  power=164.9W
[PID] perf=7.110Hz  target=7.140Hz  err=+0.030Hz  corr=+26.69W  u_ff=165.0W  PCAP→165W  power=162.1W
[PID] perf=7.011Hz  target=7.140Hz  err=+0.129Hz  corr=+28.76W  u_ff=165.0W  PCAP→165W  power=162.8W
[PID] perf=6.928Hz  target=7.140Hz  err=+0.212Hz  corr=+30.85W  u_ff=165.0W  PCAP→165W  power=170.0W
[PID] perf=6.881Hz  target=7.140Hz  err=+0.259Hz  corr=+32.50W  u_ff=165.0W  PCAP→165W  power=161.2W
[PID] perf=6.771Hz  target=7.140Hz  err=+0.369Hz  corr=+35.56W  u_ff=165.0W  PCAP→165W  power=159.6W
[PID] perf=6.914Hz  target=7.140Hz  err=+0.226Hz  corr=+33.94W  u_ff=165.0W  PCAP→165W  power=161.7W
[PID] perf=7.113Hz  target=7.140Hz  err=+0.027Hz  corr=+30.72W  u_ff=165.0W  PCAP→165W  power=160.1W
[PID] perf=6.765Hz  target=7.140Hz  err=+0.375Hz  corr=+37.75W  u_ff=165.0W  PCAP→165W  power=166.8W
[PID] perf=7.035Hz  target=7.140Hz  err=+0.105Hz  corr=+33.62W  u_ff=165.0W  PCAP→165W  power=167.8W
[PID] perf=6.852Hz  target=7.140Hz  err=+0.288Hz  corr=+37.63W  u_ff=165.0W  PCAP→165W  power=163.3W
[PID] perf=6.719Hz  target=7.140Hz  err=+0.421Hz  corr=+41.23W  u_ff=165.0W  PCAP→165W  power=159.6W
[PID] perf=7.070Hz  target=7.140Hz  err=+0.071Hz  corr=+35.63W  u_ff=165.0W  PCAP→165W  power=164.1W
[PID] perf=6.900Hz  target=7.140Hz  err=+0.240Hz  corr=+39.26W  u_ff=165.0W  PCAP→165W  power=168.2W
[PID] perf=6.152Hz  target=7.140Hz  err=+0.988Hz  corr=+55.02W  u_ff=165.0W  PCAP→165W  power=176.3W
[PID] perf=6.287Hz  target=7.140Hz  err=+0.853Hz  corr=+54.21W  u_ff=165.0W  PCAP→165W  power=150.0W
[PID] perf=6.668Hz  target=7.140Hz  err=+0.472Hz  corr=+47.86W  u_ff=165.0W  PCAP→165W  power=167.1W
[PID] perf=6.932Hz  target=7.140Hz  err=+0.208Hz  corr=+42.72W  u_ff=165.0W  PCAP→165W  power=150.0W
[PID] perf=6.259Hz  target=7.140Hz  err=+0.881Hz  corr=+54.68W  u_ff=165.0W  PCAP→165W  power=170.0W
[PID] perf=7.129Hz  target=7.140Hz  err=+0.011Hz  corr=+39.46W  u_ff=165.0W  PCAP→165W  power=163.7W
[PID] perf=7.101Hz  target=7.140Hz  err=+0.039Hz  corr=+40.06W  u_ff=165.0W  PCAP→165W  power=169.9W
[PID] perf=7.037Hz  target=7.140Hz  err=+0.104Hz  corr=+41.48W  u_ff=165.0W  PCAP→165W  power=165.7W
[PID] perf=7.016Hz  target=7.140Hz  err=+0.125Hz  corr=+42.08W  u_ff=165.0W  PCAP→165W  power=164.1W
[PID] perf=6.993Hz  target=7.140Hz  err=+0.147Hz  corr=+42.45W  u_ff=165.0W  PCAP→165W  power=166.3W
[PID] perf=7.078Hz  target=7.140Hz  err=+0.062Hz  corr=+40.99W  u_ff=165.0W  PCAP→165W  power=166.2W
[PID] perf=6.945Hz  target=7.140Hz  err=+0.195Hz  corr=+43.25W  u_ff=165.0W  PCAP→165W  power=156.3W
[PID] perf=7.196Hz  target=7.140Hz  err=-0.056Hz  corr=+38.85W  u_ff=165.0W  PCAP→165W  power=162.4W
[PID] perf=7.266Hz  target=7.140Hz  err=-0.126Hz  corr=+37.26W  u_ff=165.0W  PCAP→165W  power=160.3W
[PID] perf=7.090Hz  target=7.140Hz  err=+0.050Hz  corr=+40.36W  u_ff=165.0W  PCAP→165W  power=168.4W
[PID] perf=6.451Hz  target=7.140Hz  err=+0.689Hz  corr=+51.48W  u_ff=165.0W  PCAP→165W  power=174.1W
[PID] perf=7.143Hz  target=7.140Hz  err=-0.003Hz  corr=+39.47W  u_ff=165.0W  PCAP→165W  power=177.3W
[PID] perf=6.866Hz  target=7.140Hz  err=+0.274Hz  corr=+44.57W  u_ff=165.0W  PCAP→165W  power=163.0W
[PID] perf=6.987Hz  target=7.140Hz  err=+0.153Hz  corr=+42.55W  u_ff=165.0W  PCAP→165W  power=166.3W
[PID] perf=6.988Hz  target=7.140Hz  err=+0.152Hz  corr=+42.53W  u_ff=165.0W  PCAP→165W  power=159.6W
[PID] perf=7.056Hz  target=7.140Hz  err=+0.084Hz  corr=+41.20W  u_ff=165.0W  PCAP→165W  power=165.4W
Process completed.
Compressed into /home/cc/summer2024/main_codes/pid_controller/../experiment_data/PID_Control_sweep/ones-npb-bt/compressed_iteration_20260512_113729.tar
----------------------------------

>>> Step 2/3

[ones-npb-bt]
  target perf      : 7.1401 Hz
  coefficients_perf: [-0.0002748882630905589, 0.09680001853476215, -1.348104096123189]
  feedforward PCAP : 165.00 W  →  165 W (snapped)
  Perf(u_ff) check : 7.1401 Hz  (should ≈ target)
  PID gains        : Kp=16.6655 W/Hz  Ki=1.66655 W/(Hz·s)  Kd=0.0000
[PID] Awaiting data — feedforward PCAP=165W
[PID] perf=6.433Hz  target=7.140Hz  err=+0.707Hz  corr=+14.13W  u_ff=165.0W  PCAP→165W  power=nanW
[PID] perf=6.264Hz  target=7.140Hz  err=+0.876Hz  corr=+19.88W  u_ff=165.0W  PCAP→165W  power=174.8W
[PID] perf=6.045Hz  target=7.140Hz  err=+1.095Hz  corr=+27.18W  u_ff=165.0W  PCAP→165W  power=154.4W
[PID] perf=5.954Hz  target=7.140Hz  err=+1.186Hz  corr=+32.65W  u_ff=165.0W  PCAP→165W  power=160.4W
[PID] perf=6.615Hz  target=7.140Hz  err=+0.526Hz  corr=+23.39W  u_ff=165.0W  PCAP→165W  power=174.0W
[PID] perf=6.769Hz  target=7.140Hz  err=+0.371Hz  corr=+22.05W  u_ff=165.0W  PCAP→165W  power=156.6W
[PID] perf=6.498Hz  target=7.140Hz  err=+0.642Hz  corr=+28.72W  u_ff=165.0W  PCAP→165W  power=161.5W
[PID] perf=6.673Hz  target=7.140Hz  err=+0.467Hz  corr=+27.34W  u_ff=165.0W  PCAP→165W  power=162.0W
[PID] perf=6.668Hz  target=7.140Hz  err=+0.472Hz  corr=+29.01W  u_ff=165.0W  PCAP→165W  power=163.7W
[PID] perf=6.612Hz  target=7.140Hz  err=+0.528Hz  corr=+31.70W  u_ff=165.0W  PCAP→165W  power=164.0W
[PID] perf=6.731Hz  target=7.140Hz  err=+0.409Hz  corr=+31.08W  u_ff=165.0W  PCAP→165W  power=161.9W
[PID] perf=6.750Hz  target=7.140Hz  err=+0.390Hz  corr=+32.06W  u_ff=165.0W  PCAP→165W  power=162.3W
[PID] perf=6.755Hz  target=7.140Hz  err=+0.385Hz  corr=+33.26W  u_ff=165.0W  PCAP→165W  power=166.0W
[PID] perf=6.728Hz  target=7.140Hz  err=+0.412Hz  corr=+35.09W  u_ff=165.0W  PCAP→165W  power=170.9W
[PID] perf=6.602Hz  target=7.140Hz  err=+0.538Hz  corr=+38.97W  u_ff=165.0W  PCAP→165W  power=179.9W
[PID] perf=6.798Hz  target=7.140Hz  err=+0.342Hz  corr=+36.86W  u_ff=165.0W  PCAP→165W  power=165.0W
[PID] perf=6.907Hz  target=7.140Hz  err=+0.233Hz  corr=+35.81W  u_ff=165.0W  PCAP→165W  power=175.3W
[PID] perf=6.964Hz  target=7.140Hz  err=+0.176Hz  corr=+35.45W  u_ff=165.0W  PCAP→165W  power=163.3W
[PID] perf=6.539Hz  target=7.140Hz  err=+0.601Hz  corr=+44.54W  u_ff=165.0W  PCAP→165W  power=155.7W
[PID] perf=6.978Hz  target=7.140Hz  err=+0.162Hz  corr=+37.77W  u_ff=165.0W  PCAP→165W  power=164.8W
[PID] perf=6.712Hz  target=7.140Hz  err=+0.428Hz  corr=+43.62W  u_ff=165.0W  PCAP→165W  power=168.4W
[PID] perf=6.850Hz  target=7.140Hz  err=+0.290Hz  corr=+42.28W  u_ff=165.0W  PCAP→165W  power=159.3W
[PID] perf=6.833Hz  target=7.140Hz  err=+0.308Hz  corr=+43.61W  u_ff=165.0W  PCAP→165W  power=175.3W
[PID] perf=7.050Hz  target=7.140Hz  err=+0.091Hz  corr=+40.29W  u_ff=165.0W  PCAP→165W  power=161.2W
[PID] perf=7.010Hz  target=7.140Hz  err=+0.130Hz  corr=+41.38W  u_ff=165.0W  PCAP→165W  power=153.9W
[PID] perf=6.942Hz  target=7.140Hz  err=+0.198Hz  corr=+43.18W  u_ff=165.0W  PCAP→165W  power=153.9W
[PID] perf=6.846Hz  target=7.140Hz  err=+0.294Hz  corr=+44.91W  u_ff=165.0W  PCAP→165W  power=159.4W
[PID] perf=6.994Hz  target=7.140Hz  err=+0.146Hz  corr=+42.43W  u_ff=165.0W  PCAP→165W  power=163.2W
[PID] perf=7.052Hz  target=7.140Hz  err=+0.088Hz  corr=+41.46W  u_ff=165.0W  PCAP→165W  power=164.3W
[PID] perf=6.998Hz  target=7.140Hz  err=+0.142Hz  corr=+42.37W  u_ff=165.0W  PCAP→165W  power=155.7W
[PID] perf=6.885Hz  target=7.140Hz  err=+0.255Hz  corr=+44.26W  u_ff=165.0W  PCAP→165W  power=178.3W
[PID] perf=6.730Hz  target=7.140Hz  err=+0.411Hz  corr=+46.84W  u_ff=165.0W  PCAP→165W  power=171.2W
[PID] perf=6.869Hz  target=7.140Hz  err=+0.271Hz  corr=+44.51W  u_ff=165.0W  PCAP→165W  power=172.2W
[PID] perf=6.943Hz  target=7.140Hz  err=+0.197Hz  corr=+43.29W  u_ff=165.0W  PCAP→165W  power=167.8W
[PID] perf=6.640Hz  target=7.140Hz  err=+0.500Hz  corr=+48.34W  u_ff=165.0W  PCAP→165W  power=162.9W
[PID] perf=6.200Hz  target=7.140Hz  err=+0.940Hz  corr=+55.66W  u_ff=165.0W  PCAP→165W  power=165.9W
[PID] perf=6.252Hz  target=7.140Hz  err=+0.888Hz  corr=+54.80W  u_ff=165.0W  PCAP→165W  power=157.1W
[PID] perf=6.911Hz  target=7.140Hz  err=+0.229Hz  corr=+43.82W  u_ff=165.0W  PCAP→165W  power=163.0W
[PID] perf=6.880Hz  target=7.140Hz  err=+0.260Hz  corr=+44.33W  u_ff=165.0W  PCAP→165W  power=164.9W
[PID] perf=6.871Hz  target=7.140Hz  err=+0.269Hz  corr=+44.49W  u_ff=165.0W  PCAP→165W  power=165.6W
[PID] perf=6.831Hz  target=7.140Hz  err=+0.309Hz  corr=+45.15W  u_ff=165.0W  PCAP→165W  power=167.0W
[PID] perf=6.858Hz  target=7.140Hz  err=+0.282Hz  corr=+44.70W  u_ff=165.0W  PCAP→165W  power=161.7W
[PID] perf=6.671Hz  target=7.140Hz  err=+0.469Hz  corr=+47.82W  u_ff=165.0W  PCAP→165W  power=169.2W
[PID] perf=6.293Hz  target=7.140Hz  err=+0.847Hz  corr=+54.11W  u_ff=165.0W  PCAP→165W  power=170.6W
[PID] perf=6.125Hz  target=7.140Hz  err=+1.015Hz  corr=+56.92W  u_ff=165.0W  PCAP→165W  power=160.8W
[PID] perf=6.008Hz  target=7.140Hz  err=+1.132Hz  corr=+58.87W  u_ff=165.0W  PCAP→165W  power=157.9W
[PID] perf=6.210Hz  target=7.140Hz  err=+0.930Hz  corr=+55.50W  u_ff=165.0W  PCAP→165W  power=174.2W
[PID] perf=6.916Hz  target=7.140Hz  err=+0.224Hz  corr=+43.73W  u_ff=165.0W  PCAP→165W  power=164.8W
[PID] perf=6.630Hz  target=7.140Hz  err=+0.510Hz  corr=+48.50W  u_ff=165.0W  PCAP→165W  power=172.0W
[PID] perf=6.341Hz  target=7.140Hz  err=+0.799Hz  corr=+53.32W  u_ff=165.0W  PCAP→165W  power=171.5W
[PID] perf=6.513Hz  target=7.140Hz  err=+0.627Hz  corr=+50.45W  u_ff=165.0W  PCAP→165W  power=175.8W
[PID] perf=6.540Hz  target=7.140Hz  err=+0.600Hz  corr=+50.00W  u_ff=165.0W  PCAP→165W  power=154.2W
[PID] perf=6.853Hz  target=7.140Hz  err=+0.288Hz  corr=+44.79W  u_ff=165.0W  PCAP→165W  power=154.5W
[PID] perf=6.693Hz  target=7.140Hz  err=+0.447Hz  corr=+47.45W  u_ff=165.0W  PCAP→165W  power=161.9W
[PID] perf=6.437Hz  target=7.140Hz  err=+0.703Hz  corr=+51.72W  u_ff=165.0W  PCAP→165W  power=165.3W
[PID] perf=6.685Hz  target=7.140Hz  err=+0.455Hz  corr=+47.59W  u_ff=165.0W  PCAP→165W  power=173.2W
[PID] perf=6.898Hz  target=7.140Hz  err=+0.242Hz  corr=+44.04W  u_ff=165.0W  PCAP→165W  power=161.0W
[PID] perf=6.685Hz  target=7.140Hz  err=+0.455Hz  corr=+47.58W  u_ff=165.0W  PCAP→165W  power=168.7W
[PID] perf=6.114Hz  target=7.140Hz  err=+1.026Hz  corr=+57.09W  u_ff=165.0W  PCAP→165W  power=165.1W
[PID] perf=6.452Hz  target=7.140Hz  err=+0.688Hz  corr=+51.47W  u_ff=165.0W  PCAP→165W  power=155.0W
[PID] perf=6.724Hz  target=7.140Hz  err=+0.416Hz  corr=+46.93W  u_ff=165.0W  PCAP→165W  power=159.9W
[PID] perf=6.824Hz  target=7.140Hz  err=+0.316Hz  corr=+45.26W  u_ff=165.0W  PCAP→165W  power=163.5W
[PID] perf=6.732Hz  target=7.140Hz  err=+0.408Hz  corr=+46.80W  u_ff=165.0W  PCAP→165W  power=167.7W
[PID] perf=6.605Hz  target=7.140Hz  err=+0.535Hz  corr=+48.91W  u_ff=165.0W  PCAP→165W  power=167.0W
[PID] perf=6.713Hz  target=7.140Hz  err=+0.427Hz  corr=+47.12W  u_ff=165.0W  PCAP→165W  power=172.4W
[PID] perf=6.949Hz  target=7.140Hz  err=+0.191Hz  corr=+43.19W  u_ff=165.0W  PCAP→165W  power=163.3W
[PID] perf=6.883Hz  target=7.140Hz  err=+0.257Hz  corr=+44.29W  u_ff=165.0W  PCAP→165W  power=162.2W
[PID] perf=6.762Hz  target=7.140Hz  err=+0.378Hz  corr=+46.30W  u_ff=165.0W  PCAP→165W  power=159.8W
[PID] perf=6.210Hz  target=7.140Hz  err=+0.930Hz  corr=+55.50W  u_ff=165.0W  PCAP→165W  power=165.9W
[PID] perf=6.314Hz  target=7.140Hz  err=+0.826Hz  corr=+53.77W  u_ff=165.0W  PCAP→165W  power=167.2W
[PID] perf=6.335Hz  target=7.140Hz  err=+0.805Hz  corr=+53.42W  u_ff=165.0W  PCAP→165W  power=157.6W
[PID] perf=6.775Hz  target=7.140Hz  err=+0.365Hz  corr=+46.09W  u_ff=165.0W  PCAP→165W  power=163.9W
[PID] perf=6.918Hz  target=7.140Hz  err=+0.222Hz  corr=+43.69W  u_ff=165.0W  PCAP→165W  power=169.8W
[PID] perf=6.382Hz  target=7.140Hz  err=+0.758Hz  corr=+52.64W  u_ff=165.0W  PCAP→165W  power=162.1W
[PID] perf=6.134Hz  target=7.140Hz  err=+1.006Hz  corr=+56.77W  u_ff=165.0W  PCAP→165W  power=157.5W
[PID] perf=6.733Hz  target=7.140Hz  err=+0.407Hz  corr=+46.79W  u_ff=165.0W  PCAP→165W  power=163.3W
Process completed.
Compressed into /home/cc/summer2024/main_codes/pid_controller/../experiment_data/PID_Control_sweep/ones-npb-bt/compressed_iteration_20260512_114003.tar
----------------------------------

>>> Step 3/3

[ones-npb-bt]
  target perf      : 7.1401 Hz
  coefficients_perf: [-0.0002748882630905589, 0.09680001853476215, -1.348104096123189]
  feedforward PCAP : 165.00 W  →  165 W (snapped)
  Perf(u_ff) check : 7.1401 Hz  (should ≈ target)
  PID gains        : Kp=16.6655 W/Hz  Ki=1.66655 W/(Hz·s)  Kd=0.0000
[PID] Awaiting data — feedforward PCAP=165W
[PID] perf=6.473Hz  target=7.140Hz  err=+0.667Hz  corr=+13.34W  u_ff=165.0W  PCAP→165W  power=nanW
[PID] perf=6.557Hz  target=7.140Hz  err=+0.583Hz  corr=+13.88W  u_ff=165.0W  PCAP→165W  power=161.1W
[PID] perf=6.627Hz  target=7.140Hz  err=+0.513Hz  corr=+14.42W  u_ff=165.0W  PCAP→165W  power=170.8W
[PID] perf=6.409Hz  target=7.140Hz  err=+0.731Hz  corr=+20.50W  u_ff=165.0W  PCAP→165W  power=154.7W
[PID] perf=7.025Hz  target=7.140Hz  err=+0.115Hz  corr=+10.61W  u_ff=165.0W  PCAP→165W  power=160.4W
[PID] perf=7.241Hz  target=7.140Hz  err=-0.101Hz  corr=+6.68W  u_ff=165.0W  PCAP→165W  power=157.6W
[PID] perf=7.155Hz  target=7.140Hz  err=-0.015Hz  corr=+8.07W  u_ff=165.0W  PCAP→165W  power=172.8W
[PID] perf=7.265Hz  target=7.140Hz  err=-0.125Hz  corr=+5.81W  u_ff=165.0W  PCAP→165W  power=154.3W
[PID] perf=6.917Hz  target=7.140Hz  err=+0.223Hz  corr=+12.35W  u_ff=165.0W  PCAP→165W  power=170.5W
[PID] perf=7.187Hz  target=7.140Hz  err=-0.047Hz  corr=+7.71W  u_ff=165.0W  PCAP→165W  power=163.4W
[PID] perf=7.252Hz  target=7.140Hz  err=-0.112Hz  corr=+6.23W  u_ff=165.0W  PCAP→165W  power=159.0W
[PID] perf=7.195Hz  target=7.140Hz  err=-0.055Hz  corr=+7.02W  u_ff=165.0W  PCAP→165W  power=168.4W
[PID] perf=6.943Hz  target=7.140Hz  err=+0.197Hz  corr=+11.86W  u_ff=165.0W  PCAP→165W  power=162.9W
[PID] perf=6.892Hz  target=7.140Hz  err=+0.248Hz  corr=+13.55W  u_ff=165.0W  PCAP→165W  power=163.3W
[PID] perf=7.009Hz  target=7.140Hz  err=+0.131Hz  corr=+12.03W  u_ff=165.0W  PCAP→165W  power=162.2W
[PID] perf=7.094Hz  target=7.140Hz  err=+0.046Hz  corr=+10.76W  u_ff=165.0W  PCAP→165W  power=161.6W
[PID] perf=6.113Hz  target=7.140Hz  err=+1.027Hz  corr=+30.54W  u_ff=165.0W  PCAP→165W  power=156.7W
[PID] perf=7.039Hz  target=7.140Hz  err=+0.101Hz  corr=+15.45W  u_ff=165.0W  PCAP→165W  power=166.0W
[PID] perf=6.777Hz  target=7.140Hz  err=+0.363Hz  corr=+21.02W  u_ff=165.0W  PCAP→165W  power=161.4W
[PID] perf=6.949Hz  target=7.140Hz  err=+0.191Hz  corr=+18.78W  u_ff=165.0W  PCAP→165W  power=160.5W
[PID] perf=6.837Hz  target=7.140Hz  err=+0.303Hz  corr=+21.67W  u_ff=165.0W  PCAP→165W  power=155.7W
[PID] perf=7.037Hz  target=7.140Hz  err=+0.103Hz  corr=+18.68W  u_ff=165.0W  PCAP→165W  power=159.8W
[PID] perf=6.854Hz  target=7.140Hz  err=+0.286Hz  corr=+22.68W  u_ff=165.0W  PCAP→165W  power=161.4W
[PID] perf=6.896Hz  target=7.140Hz  err=+0.244Hz  corr=+22.79W  u_ff=165.0W  PCAP→165W  power=165.9W
[PID] perf=6.956Hz  target=7.140Hz  err=+0.184Hz  corr=+22.41W  u_ff=165.0W  PCAP→165W  power=160.4W
[PID] perf=6.709Hz  target=7.140Hz  err=+0.431Hz  corr=+27.96W  u_ff=165.0W  PCAP→165W  power=173.5W
[PID] perf=6.211Hz  target=7.140Hz  err=+0.929Hz  corr=+39.35W  u_ff=165.0W  PCAP→165W  power=134.6W
[PID] perf=6.907Hz  target=7.140Hz  err=+0.233Hz  corr=+28.53W  u_ff=165.0W  PCAP→165W  power=161.0W
[PID] perf=6.686Hz  target=7.140Hz  err=+0.454Hz  corr=+33.73W  u_ff=165.0W  PCAP→165W  power=164.0W
[PID] perf=6.755Hz  target=7.140Hz  err=+0.385Hz  corr=+33.86W  u_ff=165.0W  PCAP→165W  power=161.6W
[PID] perf=6.286Hz  target=7.140Hz  err=+0.854Hz  corr=+44.53W  u_ff=165.0W  PCAP→165W  power=163.5W
[PID] perf=6.999Hz  target=7.140Hz  err=+0.141Hz  corr=+33.12W  u_ff=165.0W  PCAP→165W  power=157.9W
[PID] perf=6.606Hz  target=7.140Hz  err=+0.534Hz  corr=+41.44W  u_ff=165.0W  PCAP→165W  power=161.4W
[PID] perf=6.959Hz  target=7.140Hz  err=+0.181Hz  corr=+36.17W  u_ff=165.0W  PCAP→165W  power=176.5W
[PID] perf=6.060Hz  target=7.140Hz  err=+1.080Hz  corr=+54.74W  u_ff=165.0W  PCAP→165W  power=159.3W
[PID] perf=6.936Hz  target=7.140Hz  err=+0.204Hz  corr=+40.83W  u_ff=165.0W  PCAP→165W  power=163.7W
[PID] perf=6.849Hz  target=7.140Hz  err=+0.291Hz  corr=+43.25W  u_ff=165.0W  PCAP→165W  power=160.3W
[PID] perf=6.594Hz  target=7.140Hz  err=+0.546Hz  corr=+49.09W  u_ff=165.0W  PCAP→165W  power=166.0W
[PID] perf=6.786Hz  target=7.140Hz  err=+0.354Hz  corr=+45.47W  u_ff=165.0W  PCAP→165W  power=167.9W
[PID] perf=6.616Hz  target=7.140Hz  err=+0.524Hz  corr=+48.73W  u_ff=165.0W  PCAP→165W  power=167.1W
[PID] perf=6.813Hz  target=7.140Hz  err=+0.327Hz  corr=+45.45W  u_ff=165.0W  PCAP→165W  power=175.4W
[PID] perf=6.622Hz  target=7.140Hz  err=+0.518Hz  corr=+48.64W  u_ff=165.0W  PCAP→165W  power=163.9W
[PID] perf=6.789Hz  target=7.140Hz  err=+0.351Hz  corr=+45.85W  u_ff=165.0W  PCAP→165W  power=159.7W
[PID] perf=6.319Hz  target=7.140Hz  err=+0.821Hz  corr=+53.69W  u_ff=165.0W  PCAP→165W  power=156.9W
[PID] perf=6.281Hz  target=7.140Hz  err=+0.859Hz  corr=+54.32W  u_ff=165.0W  PCAP→165W  power=163.5W
[PID] perf=6.159Hz  target=7.140Hz  err=+0.981Hz  corr=+56.35W  u_ff=165.0W  PCAP→165W  power=169.6W
[PID] perf=6.178Hz  target=7.140Hz  err=+0.962Hz  corr=+56.03W  u_ff=165.0W  PCAP→165W  power=161.9W
[PID] perf=6.216Hz  target=7.140Hz  err=+0.924Hz  corr=+55.40W  u_ff=165.0W  PCAP→165W  power=172.9W
[PID] perf=6.827Hz  target=7.140Hz  err=+0.313Hz  corr=+45.22W  u_ff=165.0W  PCAP→165W  power=165.9W
[PID] perf=6.894Hz  target=7.140Hz  err=+0.246Hz  corr=+44.09W  u_ff=165.0W  PCAP→165W  power=169.1W
[PID] perf=6.839Hz  target=7.140Hz  err=+0.301Hz  corr=+45.01W  u_ff=165.0W  PCAP→165W  power=169.7W
[PID] perf=6.885Hz  target=7.140Hz  err=+0.255Hz  corr=+44.25W  u_ff=165.0W  PCAP→165W  power=163.9W
[PID] perf=6.266Hz  target=7.140Hz  err=+0.874Hz  corr=+54.56W  u_ff=165.0W  PCAP→165W  power=171.5W
[PID] perf=6.213Hz  target=7.140Hz  err=+0.927Hz  corr=+55.45W  u_ff=165.0W  PCAP→165W  power=166.3W
[PID] perf=6.182Hz  target=7.140Hz  err=+0.958Hz  corr=+55.96W  u_ff=165.0W  PCAP→165W  power=163.7W
[PID] perf=6.972Hz  target=7.140Hz  err=+0.168Hz  corr=+42.80W  u_ff=165.0W  PCAP→165W  power=171.5W
[PID] perf=6.866Hz  target=7.140Hz  err=+0.274Hz  corr=+44.57W  u_ff=165.0W  PCAP→165W  power=164.5W
[PID] perf=7.028Hz  target=7.140Hz  err=+0.112Hz  corr=+41.81W  u_ff=165.0W  PCAP→165W  power=162.6W
[PID] perf=6.718Hz  target=7.140Hz  err=+0.422Hz  corr=+47.03W  u_ff=165.0W  PCAP→165W  power=161.8W
[PID] perf=6.413Hz  target=7.140Hz  err=+0.727Hz  corr=+52.11W  u_ff=165.0W  PCAP→165W  power=165.6W
[PID] perf=6.722Hz  target=7.140Hz  err=+0.418Hz  corr=+46.96W  u_ff=165.0W  PCAP→165W  power=168.7W
[PID] perf=6.954Hz  target=7.140Hz  err=+0.186Hz  corr=+43.11W  u_ff=165.0W  PCAP→165W  power=165.3W
[PID] perf=6.843Hz  target=7.140Hz  err=+0.297Hz  corr=+44.95W  u_ff=165.0W  PCAP→165W  power=163.0W
[PID] perf=7.046Hz  target=7.140Hz  err=+0.094Hz  corr=+41.56W  u_ff=165.0W  PCAP→165W  power=167.9W
[PID] perf=6.824Hz  target=7.140Hz  err=+0.316Hz  corr=+45.26W  u_ff=165.0W  PCAP→165W  power=164.0W
[PID] perf=6.937Hz  target=7.140Hz  err=+0.203Hz  corr=+43.38W  u_ff=165.0W  PCAP→165W  power=155.8W
[PID] perf=7.047Hz  target=7.140Hz  err=+0.093Hz  corr=+41.55W  u_ff=165.0W  PCAP→165W  power=170.4W
[PID] perf=6.069Hz  target=7.140Hz  err=+1.071Hz  corr=+57.85W  u_ff=165.0W  PCAP→165W  power=156.6W
[PID] perf=7.024Hz  target=7.140Hz  err=+0.116Hz  corr=+41.93W  u_ff=165.0W  PCAP→165W  power=174.7W
[PID] perf=7.004Hz  target=7.140Hz  err=+0.136Hz  corr=+42.26W  u_ff=165.0W  PCAP→165W  power=155.8W
[PID] perf=6.180Hz  target=7.140Hz  err=+0.960Hz  corr=+56.00W  u_ff=165.0W  PCAP→165W  power=149.9W
[PID] perf=6.896Hz  target=7.140Hz  err=+0.244Hz  corr=+44.07W  u_ff=165.0W  PCAP→165W  power=150.5W
[PID] perf=7.055Hz  target=7.140Hz  err=+0.085Hz  corr=+41.41W  u_ff=165.0W  PCAP→165W  power=169.1W
[PID] perf=7.034Hz  target=7.140Hz  err=+0.106Hz  corr=+41.76W  u_ff=165.0W  PCAP→165W  power=158.8W
[PID] perf=7.049Hz  target=7.140Hz  err=+0.091Hz  corr=+41.52W  u_ff=165.0W  PCAP→165W  power=165.0W
Process completed.
Compressed into /home/cc/summer2024/main_codes/pid_controller/../experiment_data/PID_Control_sweep/ones-npb-bt/compressed_iteration_20260512_114234.tar
----------------------------------
