
>>> Step 1/3

[ones-stream-copy]
  target perf      : 237.5572 Hz
  coefficients_perf: [-0.009145850389641445, 2.8207784567410488, 59.899822180263264]
  feedforward PCAP : 88.21 W  →  89 W (snapped)
  Perf(u_ff) check : 237.5572 Hz  (should ≈ target)
  PID gains        : Kp=0.8356 W/Hz  Ki=0.08356 W/(Hz·s)  Kd=0.0000
[PID] perf=278.039Hz  target=237.557Hz  err=-40.481Hz  corr=-40.59W  u_ff=88.2W  PCAP→78W  power=nanW
[PID] perf=237.049Hz  target=237.557Hz  err=+0.508Hz  corr=-6.26W  u_ff=88.2W  PCAP→83W  power=77.5W
[PID] perf=248.755Hz  target=237.557Hz  err=-11.198Hz  corr=-17.91W  u_ff=88.2W  PCAP→78W  power=82.9W
[PID] perf=240.442Hz  target=237.557Hz  err=-2.884Hz  corr=-11.44W  u_ff=88.2W  PCAP→78W  power=77.0W
[PID] perf=240.352Hz  target=237.557Hz  err=-2.795Hz  corr=-11.84W  u_ff=88.2W  PCAP→78W  power=77.7W
[PID] perf=241.228Hz  target=237.557Hz  err=-3.670Hz  corr=-13.18W  u_ff=88.2W  PCAP→78W  power=78.0W
[PID] perf=241.216Hz  target=237.557Hz  err=-3.659Hz  corr=-13.78W  u_ff=88.2W  PCAP→78W  power=78.2W
[PID] perf=242.177Hz  target=237.557Hz  err=-4.620Hz  corr=-15.36W  u_ff=88.2W  PCAP→78W  power=77.8W
[PID] perf=241.816Hz  target=237.557Hz  err=-4.259Hz  corr=-15.77W  u_ff=88.2W  PCAP→78W  power=77.3W
[PID] perf=238.769Hz  target=237.557Hz  err=-1.212Hz  corr=-13.43W  u_ff=88.2W  PCAP→78W  power=77.9W
[PID] perf=238.760Hz  target=237.557Hz  err=-1.203Hz  corr=-13.62W  u_ff=88.2W  PCAP→78W  power=76.8W
[PID] perf=239.060Hz  target=237.557Hz  err=-1.503Hz  corr=-14.12W  u_ff=88.2W  PCAP→78W  power=78.1W
[PID] perf=239.162Hz  target=237.557Hz  err=-1.605Hz  corr=-14.47W  u_ff=88.2W  PCAP→78W  power=76.8W
[PID] perf=239.219Hz  target=237.557Hz  err=-1.662Hz  corr=-14.80W  u_ff=88.2W  PCAP→78W  power=77.6W
[PID] perf=239.192Hz  target=237.557Hz  err=-1.634Hz  corr=-15.05W  u_ff=88.2W  PCAP→78W  power=78.5W
[PID] perf=239.223Hz  target=237.557Hz  err=-1.666Hz  corr=-15.36W  u_ff=88.2W  PCAP→78W  power=77.6W
[PID] perf=239.132Hz  target=237.557Hz  err=-1.575Hz  corr=-15.54W  u_ff=88.2W  PCAP→78W  power=78.2W
[PID] perf=239.205Hz  target=237.557Hz  err=-1.648Hz  corr=-15.88W  u_ff=88.2W  PCAP→78W  power=77.5W
[PID] perf=239.264Hz  target=237.557Hz  err=-1.707Hz  corr=-16.21W  u_ff=88.2W  PCAP→78W  power=78.2W
[PID] perf=241.631Hz  target=237.557Hz  err=-4.073Hz  corr=-18.87W  u_ff=88.2W  PCAP→78W  power=77.6W
[PID] perf=240.483Hz  target=237.557Hz  err=-2.926Hz  corr=-18.40W  u_ff=88.2W  PCAP→78W  power=76.8W
Process completed.
Compressed into /home/cc/summer2024/main_codes/pid_controller/../experiment_data/PID_Control_sweep/ones-stream-copy/compressed_iteration_20260512_190619.tar
----------------------------------

>>> Step 2/3

[ones-stream-copy]
  target perf      : 237.5572 Hz
  coefficients_perf: [-0.009145850389641445, 2.8207784567410488, 59.899822180263264]
  feedforward PCAP : 88.21 W  →  89 W (snapped)
  Perf(u_ff) check : 237.5572 Hz  (should ≈ target)
  PID gains        : Kp=0.8356 W/Hz  Ki=0.08356 W/(Hz·s)  Kd=0.0000
[PID] perf=246.335Hz  target=237.557Hz  err=-8.778Hz  corr=-8.80W  u_ff=88.2W  PCAP→78W  power=nanW
[PID] perf=238.051Hz  target=237.557Hz  err=-0.494Hz  corr=-1.96W  u_ff=88.2W  PCAP→89W  power=77.7W
[PID] perf=256.687Hz  target=237.557Hz  err=-19.130Hz  corr=-20.73W  u_ff=88.2W  PCAP→78W  power=88.7W
[PID] perf=238.978Hz  target=237.557Hz  err=-1.421Hz  corr=-6.17W  u_ff=88.2W  PCAP→83W  power=77.9W
[PID] perf=246.772Hz  target=237.557Hz  err=-9.215Hz  corr=-14.22W  u_ff=88.2W  PCAP→78W  power=82.6W
[PID] perf=240.596Hz  target=237.557Hz  err=-3.038Hz  corr=-9.57W  u_ff=88.2W  PCAP→78W  power=78.0W
[PID] perf=243.772Hz  target=237.557Hz  err=-6.215Hz  corr=-13.26W  u_ff=88.2W  PCAP→78W  power=78.3W
[PID] perf=243.583Hz  target=237.557Hz  err=-6.026Hz  corr=-14.11W  u_ff=88.2W  PCAP→78W  power=77.5W
[PID] perf=241.870Hz  target=237.557Hz  err=-4.313Hz  corr=-13.40W  u_ff=88.2W  PCAP→78W  power=78.1W
[PID] perf=243.628Hz  target=237.557Hz  err=-6.071Hz  corr=-15.89W  u_ff=88.2W  PCAP→78W  power=77.4W
[PID] perf=243.692Hz  target=237.557Hz  err=-6.135Hz  corr=-16.97W  u_ff=88.2W  PCAP→78W  power=77.7W
[PID] perf=243.871Hz  target=237.557Hz  err=-6.314Hz  corr=-18.17W  u_ff=88.2W  PCAP→78W  power=77.5W
[PID] perf=243.879Hz  target=237.557Hz  err=-6.321Hz  corr=-19.23W  u_ff=88.2W  PCAP→78W  power=77.4W
[PID] perf=241.754Hz  target=237.557Hz  err=-4.196Hz  corr=-18.16W  u_ff=88.2W  PCAP→78W  power=77.3W
[PID] perf=241.533Hz  target=237.557Hz  err=-3.976Hz  corr=-18.64W  u_ff=88.2W  PCAP→78W  power=78.5W
[PID] perf=241.515Hz  target=237.557Hz  err=-3.957Hz  corr=-19.28W  u_ff=88.2W  PCAP→78W  power=77.8W
[PID] perf=240.983Hz  target=237.557Hz  err=-3.426Hz  corr=-19.41W  u_ff=88.2W  PCAP→78W  power=78.1W
[PID] perf=241.313Hz  target=237.557Hz  err=-3.756Hz  corr=-20.32W  u_ff=88.2W  PCAP→78W  power=77.4W
[PID] perf=240.946Hz  target=237.557Hz  err=-3.389Hz  corr=-20.58W  u_ff=88.2W  PCAP→78W  power=77.9W
[PID] perf=240.155Hz  target=237.557Hz  err=-2.598Hz  corr=-20.35W  u_ff=88.2W  PCAP→78W  power=77.8W
[PID] perf=240.038Hz  target=237.557Hz  err=-2.481Hz  corr=-20.67W  u_ff=88.2W  PCAP→78W  power=77.4W
Process completed.
Compressed into /home/cc/summer2024/main_codes/pid_controller/../experiment_data/PID_Control_sweep/ones-stream-copy/compressed_iteration_20260512_190700.tar
----------------------------------

>>> Step 3/3

[ones-stream-copy]
  target perf      : 237.5572 Hz
  coefficients_perf: [-0.009145850389641445, 2.8207784567410488, 59.899822180263264]
  feedforward PCAP : 88.21 W  →  89 W (snapped)
  Perf(u_ff) check : 237.5572 Hz  (should ≈ target)
  PID gains        : Kp=0.8356 W/Hz  Ki=0.08356 W/(Hz·s)  Kd=0.0000
[PID] perf=244.162Hz  target=237.557Hz  err=-6.605Hz  corr=-6.62W  u_ff=88.2W  PCAP→83W  power=nanW
[PID] perf=247.381Hz  target=237.557Hz  err=-9.824Hz  corr=-10.96W  u_ff=88.2W  PCAP→78W  power=83.3W
[PID] perf=236.911Hz  target=237.557Hz  err=+0.647Hz  corr=-2.10W  u_ff=88.2W  PCAP→89W  power=78.2W
[PID] perf=251.194Hz  target=237.557Hz  err=-13.636Hz  corr=-16.31W  u_ff=88.2W  PCAP→78W  power=88.4W
[PID] perf=236.659Hz  target=237.557Hz  err=+0.898Hz  corr=-4.02W  u_ff=88.2W  PCAP→83W  power=77.9W
[PID] perf=245.731Hz  target=237.557Hz  err=-8.174Hz  corr=-12.96W  u_ff=88.2W  PCAP→78W  power=82.7W
[PID] perf=239.010Hz  target=237.557Hz  err=-1.453Hz  corr=-7.59W  u_ff=88.2W  PCAP→83W  power=77.5W
[PID] perf=245.568Hz  target=237.557Hz  err=-8.011Hz  corr=-14.41W  u_ff=88.2W  PCAP→78W  power=82.2W
[PID] perf=241.230Hz  target=237.557Hz  err=-3.673Hz  corr=-11.40W  u_ff=88.2W  PCAP→78W  power=77.5W
[PID] perf=240.706Hz  target=237.557Hz  err=-3.149Hz  corr=-11.49W  u_ff=88.2W  PCAP→78W  power=77.4W
[PID] perf=241.070Hz  target=237.557Hz  err=-3.513Hz  corr=-12.38W  u_ff=88.2W  PCAP→78W  power=77.9W
[PID] perf=244.302Hz  target=237.557Hz  err=-6.745Hz  corr=-16.21W  u_ff=88.2W  PCAP→78W  power=78.0W
[PID] perf=242.768Hz  target=237.557Hz  err=-5.211Hz  corr=-15.79W  u_ff=88.2W  PCAP→78W  power=78.2W
[PID] perf=242.642Hz  target=237.557Hz  err=-5.085Hz  corr=-16.54W  u_ff=88.2W  PCAP→78W  power=78.2W
[PID] perf=241.274Hz  target=237.557Hz  err=-3.717Hz  corr=-16.02W  u_ff=88.2W  PCAP→78W  power=78.0W
[PID] perf=241.218Hz  target=237.557Hz  err=-3.661Hz  corr=-16.58W  u_ff=88.2W  PCAP→78W  power=78.2W
[PID] perf=243.289Hz  target=237.557Hz  err=-5.732Hz  corr=-19.27W  u_ff=88.2W  PCAP→78W  power=77.8W
[PID] perf=241.443Hz  target=237.557Hz  err=-3.886Hz  corr=-18.38W  u_ff=88.2W  PCAP→78W  power=78.3W
[PID] perf=243.251Hz  target=237.557Hz  err=-5.694Hz  corr=-20.84W  u_ff=88.2W  PCAP→78W  power=78.1W
[PID] perf=241.422Hz  target=237.557Hz  err=-3.865Hz  corr=-19.96W  u_ff=88.2W  PCAP→78W  power=78.3W
[PID] perf=241.668Hz  target=237.557Hz  err=-4.111Hz  corr=-20.85W  u_ff=88.2W  PCAP→78W  power=78.2W
Process completed.
Compressed into /home/cc/summer2024/main_codes/pid_controller/../experiment_data/PID_Control_sweep/ones-stream-copy/compressed_iteration_20260512_190742.tar
----------------------------------
