
>>> Step 1/3

[ones-stream-scale]
  target perf      : 248.9847 Hz
  coefficients_perf: [-0.007896790674324024, 2.478117841878759, 84.0686381205835]
  feedforward PCAP : 95.79 W  →  95 W (snapped)
  Perf(u_ff) check : 248.9847 Hz  (should ≈ target)
  PID gains        : Kp=0.8941 W/Hz  Ki=0.08941 W/(Hz·s)  Kd=0.0000
[PID] perf=276.992Hz  target=248.985Hz  err=-28.007Hz  corr=-30.05W  u_ff=95.8W  PCAP→78W  power=nanW
[PID] perf=236.002Hz  target=248.985Hz  err=+12.983Hz  corr=+8.92W  u_ff=95.8W  PCAP→107W  power=83.1W
[PID] perf=261.140Hz  target=248.985Hz  err=-12.156Hz  corr=-15.73W  u_ff=95.8W  PCAP→78W  power=106.3W
[PID] perf=232.359Hz  target=248.985Hz  err=+16.626Hz  corr=+12.98W  u_ff=95.8W  PCAP→107W  power=78.1W
[PID] perf=261.414Hz  target=248.985Hz  err=-12.429Hz  corr=-15.22W  u_ff=95.8W  PCAP→83W  power=107.2W
[PID] perf=243.407Hz  target=248.985Hz  err=+5.578Hz  corr=+1.87W  u_ff=95.8W  PCAP→95W  power=82.9W
[PID] perf=256.334Hz  target=248.985Hz  err=-7.349Hz  corr=-11.00W  u_ff=95.8W  PCAP→83W  power=95.2W
[PID] perf=243.664Hz  target=248.985Hz  err=+5.321Hz  corr=+1.28W  u_ff=95.8W  PCAP→95W  power=82.6W
[PID] perf=255.672Hz  target=248.985Hz  err=-6.688Hz  corr=-10.65W  u_ff=95.8W  PCAP→83W  power=94.2W
[PID] perf=243.668Hz  target=248.985Hz  err=+5.316Hz  corr=+1.03W  u_ff=95.8W  PCAP→95W  power=82.6W
[PID] perf=256.742Hz  target=248.985Hz  err=-7.757Hz  corr=-12.04W  u_ff=95.8W  PCAP→83W  power=94.5W
[PID] perf=243.871Hz  target=248.985Hz  err=+5.113Hz  corr=+0.38W  u_ff=95.8W  PCAP→95W  power=82.9W
[PID] perf=256.511Hz  target=248.985Hz  err=-7.527Hz  corr=-12.27W  u_ff=95.8W  PCAP→83W  power=94.5W
[PID] perf=243.473Hz  target=248.985Hz  err=+5.512Hz  corr=+0.38W  u_ff=95.8W  PCAP→95W  power=82.9W
[PID] perf=255.974Hz  target=248.985Hz  err=-6.989Hz  corr=-12.05W  u_ff=95.8W  PCAP→83W  power=94.9W
[PID] perf=245.145Hz  target=248.985Hz  err=+3.840Hz  corr=-1.68W  u_ff=95.8W  PCAP→95W  power=83.0W
[PID] perf=257.519Hz  target=248.985Hz  err=-8.535Hz  corr=-14.27W  u_ff=95.8W  PCAP→83W  power=95.3W
[PID] perf=242.656Hz  target=248.985Hz  err=+6.329Hz  corr=+0.15W  u_ff=95.8W  PCAP→95W  power=82.3W
[PID] perf=258.583Hz  target=248.985Hz  err=-9.598Hz  corr=-15.81W  u_ff=95.8W  PCAP→78W  power=94.6W
[PID] perf=237.606Hz  target=248.985Hz  err=+11.379Hz  corr=+4.98W  u_ff=95.8W  PCAP→101W  power=78.9W
[PID] perf=259.838Hz  target=248.985Hz  err=-10.853Hz  corr=-16.84W  u_ff=95.8W  PCAP→78W  power=101.3W
Process completed.
Compressed into /home/cc/summer2024/main_codes/pid_controller/../experiment_data/PID_Control_sweep/ones-stream-scale/compressed_iteration_20260512_032621.tar
----------------------------------

>>> Step 2/3

[ones-stream-scale]
  target perf      : 248.9847 Hz
  coefficients_perf: [-0.007896790674324024, 2.478117841878759, 84.0686381205835]
  feedforward PCAP : 95.79 W  →  95 W (snapped)
  Perf(u_ff) check : 248.9847 Hz  (should ≈ target)
  PID gains        : Kp=0.8941 W/Hz  Ki=0.08941 W/(Hz·s)  Kd=0.0000
[PID] perf=236.365Hz  target=248.985Hz  err=+12.619Hz  corr=+13.54W  u_ff=95.8W  PCAP→107W  power=nanW
[PID] perf=258.620Hz  target=248.985Hz  err=-9.636Hz  corr=-8.08W  u_ff=95.8W  PCAP→89W  power=106.9W
[PID] perf=249.014Hz  target=248.985Hz  err=-0.029Hz  corr=+0.50W  u_ff=95.8W  PCAP→95W  power=89.0W
[PID] perf=250.386Hz  target=248.985Hz  err=-1.402Hz  corr=-0.98W  u_ff=95.8W  PCAP→95W  power=95.1W
[PID] perf=249.887Hz  target=248.985Hz  err=-0.902Hz  corr=-0.69W  u_ff=95.8W  PCAP→95W  power=94.7W
[PID] perf=255.180Hz  target=248.985Hz  err=-6.195Hz  corr=-6.53W  u_ff=95.8W  PCAP→89W  power=94.5W
[PID] perf=249.083Hz  target=248.985Hz  err=-0.098Hz  corr=-1.10W  u_ff=95.8W  PCAP→95W  power=88.9W
[PID] perf=256.999Hz  target=248.985Hz  err=-8.014Hz  corr=-9.61W  u_ff=95.8W  PCAP→89W  power=95.7W
[PID] perf=252.036Hz  target=248.985Hz  err=-3.052Hz  corr=-5.72W  u_ff=95.8W  PCAP→89W  power=88.5W
[PID] perf=251.274Hz  target=248.985Hz  err=-2.289Hz  corr=-5.44W  u_ff=95.8W  PCAP→89W  power=88.7W
[PID] perf=251.756Hz  target=248.985Hz  err=-2.772Hz  corr=-6.37W  u_ff=95.8W  PCAP→89W  power=89.2W
[PID] perf=251.860Hz  target=248.985Hz  err=-2.875Hz  corr=-6.98W  u_ff=95.8W  PCAP→89W  power=88.8W
[PID] perf=250.414Hz  target=248.985Hz  err=-1.429Hz  corr=-5.94W  u_ff=95.8W  PCAP→89W  power=89.5W
[PID] perf=247.788Hz  target=248.985Hz  err=+1.197Hz  corr=-3.38W  u_ff=95.8W  PCAP→95W  power=88.4W
[PID] perf=251.314Hz  target=248.985Hz  err=-2.329Hz  corr=-6.95W  u_ff=95.8W  PCAP→89W  power=94.9W
[PID] perf=248.350Hz  target=248.985Hz  err=+0.635Hz  corr=-4.18W  u_ff=95.8W  PCAP→89W  power=88.8W
[PID] perf=249.710Hz  target=248.985Hz  err=-0.726Hz  corr=-5.53W  u_ff=95.8W  PCAP→89W  power=88.9W
[PID] perf=249.582Hz  target=248.985Hz  err=-0.597Hz  corr=-5.52W  u_ff=95.8W  PCAP→89W  power=88.8W
[PID] perf=249.597Hz  target=248.985Hz  err=-0.612Hz  corr=-5.64W  u_ff=95.8W  PCAP→89W  power=88.6W
[PID] perf=247.822Hz  target=248.985Hz  err=+1.163Hz  corr=-3.85W  u_ff=95.8W  PCAP→89W  power=89.5W
[PID] perf=249.934Hz  target=248.985Hz  err=-0.949Hz  corr=-5.91W  u_ff=95.8W  PCAP→89W  power=89.2W
Process completed.
Compressed into /home/cc/summer2024/main_codes/pid_controller/../experiment_data/PID_Control_sweep/ones-stream-scale/compressed_iteration_20260512_032702.tar
----------------------------------

>>> Step 3/3

[ones-stream-scale]
  target perf      : 248.9847 Hz
  coefficients_perf: [-0.007896790674324024, 2.478117841878759, 84.0686381205835]
  feedforward PCAP : 95.79 W  →  95 W (snapped)
  Perf(u_ff) check : 248.9847 Hz  (should ≈ target)
  PID gains        : Kp=0.8941 W/Hz  Ki=0.08941 W/(Hz·s)  Kd=0.0000
[PID] perf=254.396Hz  target=248.985Hz  err=-5.411Hz  corr=-5.81W  u_ff=95.8W  PCAP→89W  power=nanW
[PID] perf=252.552Hz  target=248.985Hz  err=-3.568Hz  corr=-4.80W  u_ff=95.8W  PCAP→89W  power=88.5W
[PID] perf=253.637Hz  target=248.985Hz  err=-4.652Hz  corr=-6.60W  u_ff=95.8W  PCAP→89W  power=88.5W
[PID] perf=250.561Hz  target=248.985Hz  err=-1.576Hz  corr=-4.13W  u_ff=95.8W  PCAP→89W  power=88.6W
[PID] perf=252.674Hz  target=248.985Hz  err=-3.689Hz  corr=-6.68W  u_ff=95.8W  PCAP→89W  power=89.2W
[PID] perf=253.803Hz  target=248.985Hz  err=-4.818Hz  corr=-8.55W  u_ff=95.8W  PCAP→89W  power=88.0W
[PID] perf=253.880Hz  target=248.985Hz  err=-4.895Hz  corr=-9.49W  u_ff=95.8W  PCAP→89W  power=88.6W
[PID] perf=253.565Hz  target=248.985Hz  err=-4.580Hz  corr=-10.03W  u_ff=95.8W  PCAP→83W  power=89.4W
[PID] perf=245.295Hz  target=248.985Hz  err=+3.689Hz  corr=-1.98W  u_ff=95.8W  PCAP→95W  power=82.5W
[PID] perf=256.582Hz  target=248.985Hz  err=-7.597Hz  corr=-13.43W  u_ff=95.8W  PCAP→83W  power=95.2W
[PID] perf=245.310Hz  target=248.985Hz  err=+3.675Hz  corr=-2.69W  u_ff=95.8W  PCAP→95W  power=83.3W
[PID] perf=256.216Hz  target=248.985Hz  err=-7.232Hz  corr=-13.74W  u_ff=95.8W  PCAP→83W  power=95.6W
[PID] perf=245.439Hz  target=248.985Hz  err=+3.546Hz  corr=-3.47W  u_ff=95.8W  PCAP→95W  power=83.6W
[PID] perf=257.125Hz  target=248.985Hz  err=-8.140Hz  corr=-15.37W  u_ff=95.8W  PCAP→78W  power=94.6W
[PID] perf=238.692Hz  target=248.985Hz  err=+10.292Hz  corr=+2.95W  u_ff=95.8W  PCAP→101W  power=78.6W
[PID] perf=261.691Hz  target=248.985Hz  err=-12.707Hz  corr=-19.88W  u_ff=95.8W  PCAP→78W  power=100.2W
[PID] perf=238.128Hz  target=248.985Hz  err=+10.857Hz  corr=+3.13W  u_ff=95.8W  PCAP→101W  power=77.3W
[PID] perf=261.779Hz  target=248.985Hz  err=-12.794Hz  corr=-20.31W  u_ff=95.8W  PCAP→78W  power=101.2W
[PID] perf=238.453Hz  target=248.985Hz  err=+10.532Hz  corr=+2.43W  u_ff=95.8W  PCAP→101W  power=77.8W
[PID] perf=261.683Hz  target=248.985Hz  err=-12.699Hz  corr=-20.61W  u_ff=95.8W  PCAP→78W  power=101.2W
Process completed.
Compressed into /home/cc/summer2024/main_codes/pid_controller/../experiment_data/PID_Control_sweep/ones-stream-scale/compressed_iteration_20260512_032742.tar
----------------------------------
