
>>> Step 1/3

[ones-stream-copy]
  target perf      : 269.4291 Hz
  coefficients_perf: [-0.009145850389641445, 2.8207784567410488, 59.899822180263264]
  feedforward PCAP : 124.69 W  →  124 W (snapped)
  Perf(u_ff) check : 269.4291 Hz  (should ≈ target)
  PID gains        : Kp=0.8356 W/Hz  Ki=0.08356 W/(Hz·s)  Kd=0.0000
[PID] perf=281.784Hz  target=269.429Hz  err=-12.355Hz  corr=-12.39W  u_ff=124.7W  PCAP→112W  power=nanW
[PID] perf=267.295Hz  target=269.429Hz  err=+2.134Hz  corr=+0.08W  u_ff=124.7W  PCAP→124W  power=111.5W
[PID] perf=272.475Hz  target=269.429Hz  err=-3.046Hz  corr=-4.76W  u_ff=124.7W  PCAP→118W  power=124.3W
[PID] perf=270.243Hz  target=269.429Hz  err=-0.814Hz  corr=-3.03W  u_ff=124.7W  PCAP→124W  power=118.4W
[PID] perf=272.349Hz  target=269.429Hz  err=-2.919Hz  corr=-5.28W  u_ff=124.7W  PCAP→118W  power=124.9W
[PID] perf=270.240Hz  target=269.429Hz  err=-0.811Hz  corr=-3.65W  u_ff=124.7W  PCAP→124W  power=118.4W
[PID] perf=273.156Hz  target=269.429Hz  err=-3.726Hz  corr=-6.71W  u_ff=124.7W  PCAP→118W  power=124.0W
[PID] perf=268.650Hz  target=269.429Hz  err=+0.779Hz  corr=-2.82W  u_ff=124.7W  PCAP→124W  power=117.9W
[PID] perf=271.248Hz  target=269.429Hz  err=-1.819Hz  corr=-5.29W  u_ff=124.7W  PCAP→118W  power=124.8W
[PID] perf=268.777Hz  target=269.429Hz  err=+0.653Hz  corr=-3.12W  u_ff=124.7W  PCAP→124W  power=117.9W
[PID] perf=271.172Hz  target=269.429Hz  err=-1.743Hz  corr=-5.41W  u_ff=124.7W  PCAP→118W  power=124.6W
[PID] perf=268.854Hz  target=269.429Hz  err=+0.575Hz  corr=-3.38W  u_ff=124.7W  PCAP→124W  power=118.0W
[PID] perf=271.362Hz  target=269.429Hz  err=-1.933Hz  corr=-5.80W  u_ff=124.7W  PCAP→118W  power=123.3W
[PID] perf=270.420Hz  target=269.429Hz  err=-0.991Hz  corr=-5.18W  u_ff=124.7W  PCAP→118W  power=117.8W
[PID] perf=267.156Hz  target=269.429Hz  err=+2.273Hz  corr=-2.07W  u_ff=124.7W  PCAP→124W  power=118.0W
[PID] perf=273.619Hz  target=269.429Hz  err=-4.190Hz  corr=-8.17W  u_ff=124.7W  PCAP→118W  power=122.6W
[PID] perf=270.031Hz  target=269.429Hz  err=-0.602Hz  corr=-5.27W  u_ff=124.7W  PCAP→118W  power=118.1W
[PID] perf=269.950Hz  target=269.429Hz  err=-0.521Hz  corr=-5.29W  u_ff=124.7W  PCAP→118W  power=118.1W
[PID] perf=270.810Hz  target=269.429Hz  err=-1.381Hz  corr=-6.24W  u_ff=124.7W  PCAP→118W  power=117.2W
Process completed.
Compressed into /home/cc/summer2024/main_codes/pid_controller/../experiment_data/PID_Control_sweep/ones-stream-copy/compressed_iteration_20260512_193018.tar
----------------------------------

>>> Step 2/3

[ones-stream-copy]
  target perf      : 269.4291 Hz
  coefficients_perf: [-0.009145850389641445, 2.8207784567410488, 59.899822180263264]
  feedforward PCAP : 124.69 W  →  124 W (snapped)
  Perf(u_ff) check : 269.4291 Hz  (should ≈ target)
  PID gains        : Kp=0.8356 W/Hz  Ki=0.08356 W/(Hz·s)  Kd=0.0000
[PID] perf=286.131Hz  target=269.429Hz  err=-16.702Hz  corr=-16.75W  u_ff=124.7W  PCAP→107W  power=nanW
[PID] perf=263.701Hz  target=269.429Hz  err=+5.728Hz  corr=+2.95W  u_ff=124.7W  PCAP→130W  power=106.6W
[PID] perf=274.598Hz  target=269.429Hz  err=-5.169Hz  corr=-7.02W  u_ff=124.7W  PCAP→118W  power=130.0W
[PID] perf=271.916Hz  target=269.429Hz  err=-2.487Hz  corr=-5.19W  u_ff=124.7W  PCAP→118W  power=119.4W
[PID] perf=271.746Hz  target=269.429Hz  err=-2.317Hz  corr=-5.44W  u_ff=124.7W  PCAP→118W  power=119.1W
[PID] perf=270.449Hz  target=269.429Hz  err=-1.020Hz  corr=-4.52W  u_ff=124.7W  PCAP→118W  power=117.1W
[PID] perf=269.182Hz  target=269.429Hz  err=+0.247Hz  corr=-3.42W  u_ff=124.7W  PCAP→124W  power=118.3W
[PID] perf=271.458Hz  target=269.429Hz  err=-2.029Hz  corr=-5.66W  u_ff=124.7W  PCAP→118W  power=122.6W
[PID] perf=269.343Hz  target=269.429Hz  err=+0.086Hz  corr=-3.88W  u_ff=124.7W  PCAP→118W  power=118.5W
[PID] perf=267.750Hz  target=269.429Hz  err=+1.679Hz  corr=-2.27W  u_ff=124.7W  PCAP→124W  power=117.6W
[PID] perf=271.461Hz  target=269.429Hz  err=-2.032Hz  corr=-5.71W  u_ff=124.7W  PCAP→118W  power=124.4W
[PID] perf=268.476Hz  target=269.429Hz  err=+0.954Hz  corr=-3.06W  u_ff=124.7W  PCAP→124W  power=117.1W
[PID] perf=271.289Hz  target=269.429Hz  err=-1.860Hz  corr=-5.72W  u_ff=124.7W  PCAP→118W  power=123.5W
[PID] perf=268.969Hz  target=269.429Hz  err=+0.460Hz  corr=-3.70W  u_ff=124.7W  PCAP→118W  power=117.2W
[PID] perf=269.124Hz  target=269.429Hz  err=+0.305Hz  corr=-3.78W  u_ff=124.7W  PCAP→118W  power=118.7W
[PID] perf=269.194Hz  target=269.429Hz  err=+0.236Hz  corr=-3.80W  u_ff=124.7W  PCAP→118W  power=118.6W
[PID] perf=269.113Hz  target=269.429Hz  err=+0.316Hz  corr=-3.68W  u_ff=124.7W  PCAP→124W  power=118.4W
[PID] perf=271.593Hz  target=269.429Hz  err=-2.164Hz  corr=-6.12W  u_ff=124.7W  PCAP→118W  power=124.2W
[PID] perf=272.830Hz  target=269.429Hz  err=-3.401Hz  corr=-7.72W  u_ff=124.7W  PCAP→118W  power=117.0W
Process completed.
Compressed into /home/cc/summer2024/main_codes/pid_controller/../experiment_data/PID_Control_sweep/ones-stream-copy/compressed_iteration_20260512_193056.tar
----------------------------------

>>> Step 3/3

[ones-stream-copy]
  target perf      : 269.4291 Hz
  coefficients_perf: [-0.009145850389641445, 2.8207784567410488, 59.899822180263264]
  feedforward PCAP : 124.69 W  →  124 W (snapped)
  Perf(u_ff) check : 269.4291 Hz  (should ≈ target)
  PID gains        : Kp=0.8356 W/Hz  Ki=0.08356 W/(Hz·s)  Kd=0.0000
[PID] perf=279.564Hz  target=269.429Hz  err=-10.135Hz  corr=-10.16W  u_ff=124.7W  PCAP→112W  power=nanW
[PID] perf=267.463Hz  target=269.429Hz  err=+1.967Hz  corr=+0.28W  u_ff=124.7W  PCAP→124W  power=111.7W
[PID] perf=275.136Hz  target=269.429Hz  err=-5.706Hz  corr=-7.09W  u_ff=124.7W  PCAP→118W  power=123.9W
[PID] perf=272.514Hz  target=269.429Hz  err=-3.085Hz  corr=-5.41W  u_ff=124.7W  PCAP→118W  power=117.3W
[PID] perf=270.647Hz  target=269.429Hz  err=-1.218Hz  corr=-4.06W  u_ff=124.7W  PCAP→118W  power=116.9W
[PID] perf=269.179Hz  target=269.429Hz  err=+0.250Hz  corr=-2.79W  u_ff=124.7W  PCAP→124W  power=118.2W
[PID] perf=271.324Hz  target=269.429Hz  err=-1.895Hz  corr=-4.90W  u_ff=124.7W  PCAP→118W  power=123.6W
[PID] perf=269.170Hz  target=269.429Hz  err=+0.259Hz  corr=-3.05W  u_ff=124.7W  PCAP→124W  power=117.6W
[PID] perf=270.868Hz  target=269.429Hz  err=-1.439Hz  corr=-4.71W  u_ff=124.7W  PCAP→118W  power=124.3W
[PID] perf=269.119Hz  target=269.429Hz  err=+0.310Hz  corr=-3.20W  u_ff=124.7W  PCAP→124W  power=118.1W
[PID] perf=271.347Hz  target=269.429Hz  err=-1.918Hz  corr=-5.38W  u_ff=124.7W  PCAP→118W  power=124.7W
[PID] perf=269.038Hz  target=269.429Hz  err=+0.391Hz  corr=-3.39W  u_ff=124.7W  PCAP→124W  power=117.2W
[PID] perf=271.207Hz  target=269.429Hz  err=-1.778Hz  corr=-5.50W  u_ff=124.7W  PCAP→118W  power=122.9W
[PID] perf=269.078Hz  target=269.429Hz  err=+0.351Hz  corr=-3.66W  u_ff=124.7W  PCAP→124W  power=116.9W
[PID] perf=271.415Hz  target=269.429Hz  err=-1.985Hz  corr=-5.94W  u_ff=124.7W  PCAP→118W  power=124.2W
[PID] perf=269.021Hz  target=269.429Hz  err=+0.408Hz  corr=-3.87W  u_ff=124.7W  PCAP→118W  power=119.0W
[PID] perf=269.358Hz  target=269.429Hz  err=+0.071Hz  corr=-4.14W  u_ff=124.7W  PCAP→118W  power=117.7W
[PID] perf=271.890Hz  target=269.429Hz  err=-2.460Hz  corr=-6.67W  u_ff=124.7W  PCAP→118W  power=118.3W
[PID] perf=268.958Hz  target=269.429Hz  err=+0.472Hz  corr=-4.14W  u_ff=124.7W  PCAP→118W  power=118.3W
Process completed.
Compressed into /home/cc/summer2024/main_codes/pid_controller/../experiment_data/PID_Control_sweep/ones-stream-copy/compressed_iteration_20260512_193133.tar
----------------------------------
