
>>> Step 1/3

[ones-npb-ep]
  target perf      : 11.1220 Hz
  coefficients_perf: [-0.0006394025930687709, 0.20079489995546235, -1.448354481994224]
  feedforward PCAP : 86.34 W  →  89 W (snapped)
  Perf(u_ff) check : 11.1220 Hz  (should ≈ target)
  PID gains        : Kp=11.0083 W/Hz  Ki=1.10083 W/(Hz·s)  Kd=0.0000
[PID] perf=12.387Hz  target=11.122Hz  err=-1.265Hz  corr=-16.71W  u_ff=86.3W  PCAP→78W  power=nanW
[PID] perf=11.274Hz  target=11.122Hz  err=-0.152Hz  corr=-4.79W  u_ff=86.3W  PCAP→83W  power=77.5W
[PID] perf=11.753Hz  target=11.122Hz  err=-0.631Hz  corr=-11.45W  u_ff=86.3W  PCAP→78W  power=82.1W
[PID] perf=11.328Hz  target=11.122Hz  err=-0.206Hz  corr=-7.23W  u_ff=86.3W  PCAP→78W  power=80.6W
[PID] perf=11.329Hz  target=11.122Hz  err=-0.207Hz  corr=-7.69W  u_ff=86.3W  PCAP→78W  power=79.1W
[PID] perf=11.359Hz  target=11.122Hz  err=-0.237Hz  corr=-8.55W  u_ff=86.3W  PCAP→78W  power=76.7W
[PID] perf=11.345Hz  target=11.122Hz  err=-0.223Hz  corr=-8.89W  u_ff=86.3W  PCAP→78W  power=77.4W
[PID] perf=11.329Hz  target=11.122Hz  err=-0.207Hz  corr=-9.17W  u_ff=86.3W  PCAP→78W  power=77.8W
[PID] perf=11.341Hz  target=11.122Hz  err=-0.219Hz  corr=-9.78W  u_ff=86.3W  PCAP→78W  power=77.6W
[PID] perf=11.338Hz  target=11.122Hz  err=-0.216Hz  corr=-10.22W  u_ff=86.3W  PCAP→78W  power=77.2W
[PID] perf=11.337Hz  target=11.122Hz  err=-0.215Hz  corr=-10.68W  u_ff=86.3W  PCAP→78W  power=78.8W
[PID] perf=11.377Hz  target=11.122Hz  err=-0.255Hz  corr=-11.68W  u_ff=86.3W  PCAP→78W  power=77.7W
[PID] perf=11.362Hz  target=11.122Hz  err=-0.240Hz  corr=-12.05W  u_ff=86.3W  PCAP→78W  power=77.9W
[PID] perf=11.316Hz  target=11.122Hz  err=-0.194Hz  corr=-11.97W  u_ff=86.3W  PCAP→78W  power=78.4W
[PID] perf=11.331Hz  target=11.122Hz  err=-0.209Hz  corr=-12.59W  u_ff=86.3W  PCAP→78W  power=77.7W
[PID] perf=11.322Hz  target=11.122Hz  err=-0.200Hz  corr=-12.94W  u_ff=86.3W  PCAP→78W  power=78.4W
[PID] perf=11.336Hz  target=11.122Hz  err=-0.214Hz  corr=-13.56W  u_ff=86.3W  PCAP→78W  power=78.1W
[PID] perf=11.333Hz  target=11.122Hz  err=-0.211Hz  corr=-13.99W  u_ff=86.3W  PCAP→78W  power=78.2W
[PID] perf=11.312Hz  target=11.122Hz  err=-0.190Hz  corr=-14.18W  u_ff=86.3W  PCAP→78W  power=77.6W
[PID] perf=11.321Hz  target=11.122Hz  err=-0.199Hz  corr=-14.72W  u_ff=86.3W  PCAP→78W  power=78.0W
[PID] perf=11.333Hz  target=11.122Hz  err=-0.211Hz  corr=-15.31W  u_ff=86.3W  PCAP→78W  power=78.0W
[PID] perf=11.336Hz  target=11.122Hz  err=-0.214Hz  corr=-15.82W  u_ff=86.3W  PCAP→78W  power=78.7W
[PID] perf=11.342Hz  target=11.122Hz  err=-0.220Hz  corr=-16.37W  u_ff=86.3W  PCAP→78W  power=77.5W
[PID] perf=11.334Hz  target=11.122Hz  err=-0.212Hz  corr=-16.75W  u_ff=86.3W  PCAP→78W  power=76.9W
[PID] perf=11.316Hz  target=11.122Hz  err=-0.194Hz  corr=-16.98W  u_ff=86.3W  PCAP→78W  power=77.6W
[PID] perf=11.362Hz  target=11.122Hz  err=-0.240Hz  corr=-18.01W  u_ff=86.3W  PCAP→78W  power=76.9W
[PID] perf=11.248Hz  target=11.122Hz  err=-0.126Hz  corr=-17.04W  u_ff=86.3W  PCAP→78W  power=78.2W
[PID] perf=11.357Hz  target=11.122Hz  err=-0.235Hz  corr=-18.75W  u_ff=86.3W  PCAP→78W  power=78.0W
[PID] perf=11.349Hz  target=11.122Hz  err=-0.227Hz  corr=-19.17W  u_ff=86.3W  PCAP→78W  power=76.7W
[PID] perf=11.344Hz  target=11.122Hz  err=-0.222Hz  corr=-19.60W  u_ff=86.3W  PCAP→78W  power=77.6W
[PID] perf=11.347Hz  target=11.122Hz  err=-0.225Hz  corr=-20.12W  u_ff=86.3W  PCAP→78W  power=79.0W
[PID] perf=11.334Hz  target=11.122Hz  err=-0.212Hz  corr=-20.45W  u_ff=86.3W  PCAP→78W  power=77.2W
[PID] perf=11.356Hz  target=11.122Hz  err=-0.234Hz  corr=-21.20W  u_ff=86.3W  PCAP→78W  power=78.0W
[PID] perf=11.346Hz  target=11.122Hz  err=-0.224Hz  corr=-21.58W  u_ff=86.3W  PCAP→78W  power=77.4W
[PID] perf=11.320Hz  target=11.122Hz  err=-0.198Hz  corr=-21.74W  u_ff=86.3W  PCAP→78W  power=77.1W
[PID] perf=11.335Hz  target=11.122Hz  err=-0.213Hz  corr=-22.37W  u_ff=86.3W  PCAP→78W  power=78.5W
[PID] perf=11.357Hz  target=11.122Hz  err=-0.235Hz  corr=-23.13W  u_ff=86.3W  PCAP→78W  power=77.8W
[PID] perf=11.377Hz  target=11.122Hz  err=-0.255Hz  corr=-23.92W  u_ff=86.3W  PCAP→78W  power=78.0W
[PID] perf=11.343Hz  target=11.122Hz  err=-0.221Hz  corr=-24.02W  u_ff=86.3W  PCAP→78W  power=77.8W
[PID] perf=11.369Hz  target=11.122Hz  err=-0.247Hz  corr=-24.86W  u_ff=86.3W  PCAP→78W  power=78.4W
[PID] perf=11.356Hz  target=11.122Hz  err=-0.234Hz  corr=-25.23W  u_ff=86.3W  PCAP→78W  power=77.9W
[PID] perf=11.355Hz  target=11.122Hz  err=-0.233Hz  corr=-25.73W  u_ff=86.3W  PCAP→78W  power=77.1W
[PID] perf=11.377Hz  target=11.122Hz  err=-0.255Hz  corr=-26.54W  u_ff=86.3W  PCAP→78W  power=78.6W
[PID] perf=11.346Hz  target=11.122Hz  err=-0.224Hz  corr=-26.68W  u_ff=86.3W  PCAP→78W  power=77.9W
[PID] perf=11.361Hz  target=11.122Hz  err=-0.239Hz  corr=-27.38W  u_ff=86.3W  PCAP→78W  power=77.5W
Process completed.
Compressed into /home/cc/summer2024/main_codes/pid_controller/../experiment_data/PID_Control_sweep/ones-npb-ep/compressed_iteration_20260512_115744.tar
----------------------------------

>>> Step 2/3

[ones-npb-ep]
  target perf      : 11.1220 Hz
  coefficients_perf: [-0.0006394025930687709, 0.20079489995546235, -1.448354481994224]
  feedforward PCAP : 86.34 W  →  89 W (snapped)
  Perf(u_ff) check : 11.1220 Hz  (should ≈ target)
  PID gains        : Kp=11.0083 W/Hz  Ki=1.10083 W/(Hz·s)  Kd=0.0000
[PID] perf=11.297Hz  target=11.122Hz  err=-0.175Hz  corr=-2.31W  u_ff=86.3W  PCAP→83W  power=nanW
[PID] perf=11.795Hz  target=11.122Hz  err=-0.673Hz  corr=-9.28W  u_ff=86.3W  PCAP→78W  power=82.2W
[PID] perf=11.340Hz  target=11.122Hz  err=-0.219Hz  corr=-4.75W  u_ff=86.3W  PCAP→83W  power=78.0W
[PID] perf=11.792Hz  target=11.122Hz  err=-0.670Hz  corr=-11.20W  u_ff=86.3W  PCAP→78W  power=82.1W
[PID] perf=11.318Hz  target=11.122Hz  err=-0.196Hz  corr=-6.42W  u_ff=86.3W  PCAP→78W  power=78.6W
[PID] perf=11.334Hz  target=11.122Hz  err=-0.212Hz  corr=-7.06W  u_ff=86.3W  PCAP→78W  power=77.9W
[PID] perf=11.327Hz  target=11.122Hz  err=-0.205Hz  corr=-7.43W  u_ff=86.3W  PCAP→78W  power=77.7W
[PID] perf=11.337Hz  target=11.122Hz  err=-0.215Hz  corr=-8.02W  u_ff=86.3W  PCAP→78W  power=77.4W
[PID] perf=11.317Hz  target=11.122Hz  err=-0.195Hz  corr=-8.23W  u_ff=86.3W  PCAP→78W  power=77.4W
[PID] perf=11.355Hz  target=11.122Hz  err=-0.233Hz  corr=-9.16W  u_ff=86.3W  PCAP→78W  power=77.1W
[PID] perf=11.364Hz  target=11.122Hz  err=-0.242Hz  corr=-9.78W  u_ff=86.3W  PCAP→78W  power=77.2W
[PID] perf=11.358Hz  target=11.122Hz  err=-0.236Hz  corr=-10.24W  u_ff=86.3W  PCAP→78W  power=78.0W
[PID] perf=11.381Hz  target=11.122Hz  err=-0.259Hz  corr=-11.07W  u_ff=86.3W  PCAP→78W  power=78.0W
[PID] perf=11.379Hz  target=11.122Hz  err=-0.257Hz  corr=-11.61W  u_ff=86.3W  PCAP→78W  power=76.9W
[PID] perf=7.874Hz  target=11.122Hz  err=+3.248Hz  corr=+34.12W  u_ff=86.3W  PCAP→118W  power=76.6W
[PID] perf=14.431Hz  target=11.122Hz  err=-3.309Hz  corr=-45.34W  u_ff=86.3W  PCAP→78W  power=117.7W
[PID] perf=11.347Hz  target=11.122Hz  err=-0.225Hz  corr=-11.89W  u_ff=86.3W  PCAP→78W  power=78.3W
[PID] perf=11.344Hz  target=11.122Hz  err=-0.222Hz  corr=-12.34W  u_ff=86.3W  PCAP→78W  power=77.2W
[PID] perf=11.351Hz  target=11.122Hz  err=-0.229Hz  corr=-12.93W  u_ff=86.3W  PCAP→78W  power=78.3W
[PID] perf=11.357Hz  target=11.122Hz  err=-0.235Hz  corr=-13.51W  u_ff=86.3W  PCAP→78W  power=77.8W
[PID] perf=11.366Hz  target=11.122Hz  err=-0.244Hz  corr=-14.15W  u_ff=86.3W  PCAP→78W  power=77.0W
[PID] perf=11.341Hz  target=11.122Hz  err=-0.219Hz  corr=-14.36W  u_ff=86.3W  PCAP→78W  power=80.3W
[PID] perf=11.332Hz  target=11.122Hz  err=-0.210Hz  corr=-14.71W  u_ff=86.3W  PCAP→78W  power=77.9W
[PID] perf=11.341Hz  target=11.122Hz  err=-0.219Hz  corr=-15.30W  u_ff=86.3W  PCAP→78W  power=78.1W
[PID] perf=11.315Hz  target=11.122Hz  err=-0.193Hz  corr=-15.44W  u_ff=86.3W  PCAP→78W  power=76.9W
[PID] perf=11.342Hz  target=11.122Hz  err=-0.220Hz  corr=-16.22W  u_ff=86.3W  PCAP→78W  power=78.5W
[PID] perf=11.363Hz  target=11.122Hz  err=-0.241Hz  corr=-16.98W  u_ff=86.3W  PCAP→78W  power=78.1W
[PID] perf=11.331Hz  target=11.122Hz  err=-0.209Hz  corr=-17.09W  u_ff=86.3W  PCAP→78W  power=77.7W
[PID] perf=11.357Hz  target=11.122Hz  err=-0.235Hz  corr=-17.89W  u_ff=86.3W  PCAP→78W  power=77.6W
[PID] perf=11.347Hz  target=11.122Hz  err=-0.225Hz  corr=-18.27W  u_ff=86.3W  PCAP→78W  power=78.9W
[PID] perf=11.358Hz  target=11.122Hz  err=-0.236Hz  corr=-18.91W  u_ff=86.3W  PCAP→78W  power=78.0W
[PID] perf=11.334Hz  target=11.122Hz  err=-0.212Hz  corr=-19.12W  u_ff=86.3W  PCAP→78W  power=78.2W
[PID] perf=11.333Hz  target=11.122Hz  err=-0.211Hz  corr=-19.58W  u_ff=86.3W  PCAP→78W  power=76.5W
[PID] perf=11.312Hz  target=11.122Hz  err=-0.190Hz  corr=-19.76W  u_ff=86.3W  PCAP→78W  power=68.5W
[PID] perf=11.347Hz  target=11.122Hz  err=-0.225Hz  corr=-20.64W  u_ff=86.3W  PCAP→78W  power=75.3W
[PID] perf=11.285Hz  target=11.122Hz  err=-0.163Hz  corr=-20.32W  u_ff=86.3W  PCAP→78W  power=78.1W
[PID] perf=11.348Hz  target=11.122Hz  err=-0.226Hz  corr=-21.50W  u_ff=86.3W  PCAP→78W  power=76.7W
[PID] perf=7.968Hz  target=11.122Hz  err=+3.154Hz  corr=+22.64W  u_ff=86.3W  PCAP→107W  power=75.0W
[PID] perf=9.260Hz  target=11.122Hz  err=+1.862Hz  corr=+12.53W  u_ff=86.3W  PCAP→101W  power=96.7W
[PID] perf=9.091Hz  target=11.122Hz  err=+2.031Hz  corr=+18.85W  u_ff=86.3W  PCAP→107W  power=101.5W
[PID] perf=13.634Hz  target=11.122Hz  err=-2.512Hz  corr=-36.68W  u_ff=86.3W  PCAP→78W  power=108.2W
[PID] perf=11.299Hz  target=11.122Hz  err=-0.177Hz  corr=-11.38W  u_ff=86.3W  PCAP→78W  power=76.6W
[PID] perf=11.313Hz  target=11.122Hz  err=-0.191Hz  corr=-11.95W  u_ff=86.3W  PCAP→78W  power=77.3W
[PID] perf=11.305Hz  target=11.122Hz  err=-0.183Hz  corr=-12.26W  u_ff=86.3W  PCAP→78W  power=78.0W
[PID] perf=11.326Hz  target=11.122Hz  err=-0.204Hz  corr=-12.94W  u_ff=86.3W  PCAP→78W  power=77.0W
Process completed.
Compressed into /home/cc/summer2024/main_codes/pid_controller/../experiment_data/PID_Control_sweep/ones-npb-ep/compressed_iteration_20260512_115914.tar
----------------------------------

>>> Step 3/3

[ones-npb-ep]
  target perf      : 11.1220 Hz
  coefficients_perf: [-0.0006394025930687709, 0.20079489995546235, -1.448354481994224]
  feedforward PCAP : 86.34 W  →  89 W (snapped)
  Perf(u_ff) check : 11.1220 Hz  (should ≈ target)
  PID gains        : Kp=11.0083 W/Hz  Ki=1.10083 W/(Hz·s)  Kd=0.0000
[PID] perf=11.349Hz  target=11.122Hz  err=-0.227Hz  corr=-3.00W  u_ff=86.3W  PCAP→83W  power=nanW
[PID] perf=11.814Hz  target=11.122Hz  err=-0.692Hz  corr=-9.64W  u_ff=86.3W  PCAP→78W  power=84.0W
[PID] perf=11.348Hz  target=11.122Hz  err=-0.226Hz  corr=-5.00W  u_ff=86.3W  PCAP→83W  power=77.3W
[PID] perf=11.831Hz  target=11.122Hz  err=-0.709Hz  corr=-11.89W  u_ff=86.3W  PCAP→78W  power=83.5W
[PID] perf=11.296Hz  target=11.122Hz  err=-0.174Hz  corr=-6.38W  u_ff=86.3W  PCAP→78W  power=76.8W
[PID] perf=11.324Hz  target=11.122Hz  err=-0.202Hz  corr=-7.13W  u_ff=86.3W  PCAP→78W  power=nanW
[PID] perf=11.363Hz  target=11.122Hz  err=-0.241Hz  corr=-8.09W  u_ff=86.3W  PCAP→78W  power=76.6W
[PID] perf=11.368Hz  target=11.122Hz  err=-0.246Hz  corr=-8.69W  u_ff=86.3W  PCAP→78W  power=76.6W
[PID] perf=11.379Hz  target=11.122Hz  err=-0.257Hz  corr=-9.37W  u_ff=86.3W  PCAP→78W  power=78.8W
[PID] perf=11.373Hz  target=11.122Hz  err=-0.251Hz  corr=-9.86W  u_ff=86.3W  PCAP→78W  power=78.2W
[PID] perf=11.389Hz  target=11.122Hz  err=-0.267Hz  corr=-10.62W  u_ff=86.3W  PCAP→78W  power=nanW
[PID] perf=11.391Hz  target=11.122Hz  err=-0.269Hz  corr=-11.24W  u_ff=86.3W  PCAP→78W  power=78.3W
[PID] perf=11.348Hz  target=11.122Hz  err=-0.226Hz  corr=-11.27W  u_ff=86.3W  PCAP→78W  power=78.7W
[PID] perf=11.396Hz  target=11.122Hz  err=-0.274Hz  corr=-12.39W  u_ff=86.3W  PCAP→78W  power=78.9W
[PID] perf=11.377Hz  target=11.122Hz  err=-0.255Hz  corr=-12.75W  u_ff=86.3W  PCAP→78W  power=nanW
[PID] perf=11.361Hz  target=11.122Hz  err=-0.239Hz  corr=-13.10W  u_ff=86.3W  PCAP→78W  power=77.4W
[PID] perf=11.364Hz  target=11.122Hz  err=-0.242Hz  corr=-13.67W  u_ff=86.3W  PCAP→78W  power=nanW
[PID] perf=11.394Hz  target=11.122Hz  err=-0.272Hz  corr=-14.59W  u_ff=86.3W  PCAP→78W  power=nanW
[PID] perf=11.368Hz  target=11.122Hz  err=-0.246Hz  corr=-14.85W  u_ff=86.3W  PCAP→78W  power=77.5W
[PID] perf=11.360Hz  target=11.122Hz  err=-0.238Hz  corr=-15.29W  u_ff=86.3W  PCAP→78W  power=nanW
[PID] perf=11.383Hz  target=11.122Hz  err=-0.261Hz  corr=-16.12W  u_ff=86.3W  PCAP→78W  power=nanW
[PID] perf=11.348Hz  target=11.122Hz  err=-0.226Hz  corr=-16.22W  u_ff=86.3W  PCAP→78W  power=nanW
[PID] perf=11.340Hz  target=11.122Hz  err=-0.218Hz  corr=-16.62W  u_ff=86.3W  PCAP→78W  power=77.4W
[PID] perf=11.359Hz  target=11.122Hz  err=-0.237Hz  corr=-17.35W  u_ff=86.3W  PCAP→78W  power=78.5W
[PID] perf=11.338Hz  target=11.122Hz  err=-0.216Hz  corr=-17.60W  u_ff=86.3W  PCAP→78W  power=nanW
[PID] perf=11.327Hz  target=11.122Hz  err=-0.205Hz  corr=-17.92W  u_ff=86.3W  PCAP→78W  power=nanW
[PID] perf=11.324Hz  target=11.122Hz  err=-0.202Hz  corr=-18.34W  u_ff=86.3W  PCAP→78W  power=nanW
[PID] perf=7.752Hz  target=11.122Hz  err=+3.370Hz  corr=+28.40W  u_ff=86.3W  PCAP→112W  power=nanW
[PID] perf=13.932Hz  target=11.122Hz  err=-2.810Hz  corr=-45.82W  u_ff=86.3W  PCAP→78W  power=119.2W
[PID] perf=11.365Hz  target=11.122Hz  err=-0.243Hz  corr=-18.09W  u_ff=86.3W  PCAP→78W  power=nanW
[PID] perf=11.315Hz  target=11.122Hz  err=-0.193Hz  corr=-17.97W  u_ff=86.3W  PCAP→78W  power=nanW
[PID] perf=11.355Hz  target=11.122Hz  err=-0.233Hz  corr=-18.92W  u_ff=86.3W  PCAP→78W  power=78.4W
[PID] perf=11.374Hz  target=11.122Hz  err=-0.252Hz  corr=-19.69W  u_ff=86.3W  PCAP→78W  power=77.3W
[PID] perf=11.368Hz  target=11.122Hz  err=-0.246Hz  corr=-20.16W  u_ff=86.3W  PCAP→78W  power=nanW
[PID] perf=11.372Hz  target=11.122Hz  err=-0.250Hz  corr=-20.75W  u_ff=86.3W  PCAP→78W  power=75.9W
[PID] perf=11.370Hz  target=11.122Hz  err=-0.248Hz  corr=-21.28W  u_ff=86.3W  PCAP→78W  power=77.9W
[PID] perf=11.352Hz  target=11.122Hz  err=-0.230Hz  corr=-21.59W  u_ff=86.3W  PCAP→78W  power=nanW
[PID] perf=11.372Hz  target=11.122Hz  err=-0.250Hz  corr=-22.36W  u_ff=86.3W  PCAP→78W  power=76.3W
[PID] perf=11.354Hz  target=11.122Hz  err=-0.232Hz  corr=-22.67W  u_ff=86.3W  PCAP→78W  power=78.9W
[PID] perf=11.363Hz  target=11.122Hz  err=-0.241Hz  corr=-23.31W  u_ff=86.3W  PCAP→78W  power=77.4W
[PID] perf=11.362Hz  target=11.122Hz  err=-0.240Hz  corr=-23.82W  u_ff=86.3W  PCAP→78W  power=76.6W
[PID] perf=11.357Hz  target=11.122Hz  err=-0.235Hz  corr=-24.28W  u_ff=86.3W  PCAP→78W  power=76.7W
[PID] perf=11.374Hz  target=11.122Hz  err=-0.252Hz  corr=-25.03W  u_ff=86.3W  PCAP→78W  power=79.4W
[PID] perf=11.347Hz  target=11.122Hz  err=-0.225Hz  corr=-25.21W  u_ff=86.3W  PCAP→78W  power=nanW
[PID] perf=11.385Hz  target=11.122Hz  err=-0.263Hz  corr=-26.22W  u_ff=86.3W  PCAP→78W  power=77.6W
Process completed.
Compressed into /home/cc/summer2024/main_codes/pid_controller/../experiment_data/PID_Control_sweep/ones-npb-ep/compressed_iteration_20260512_120043.tar
----------------------------------
