
>>> Step 1/3

[ones-stream-scale]
  target perf      : 239.1512 Hz
  coefficients_perf: [-0.007896790674324024, 2.478117841878759, 84.0686381205835]
  feedforward PCAP : 86.33 W  →  89 W (snapped)
  Perf(u_ff) check : 239.1512 Hz  (should ≈ target)
  PID gains        : Kp=0.8941 W/Hz  Ki=0.08941 W/(Hz·s)  Kd=0.0000
[PID] perf=239.223Hz  target=239.151Hz  err=-0.072Hz  corr=-0.08W  u_ff=86.3W  PCAP→89W  power=nanW
[PID] perf=253.333Hz  target=239.151Hz  err=-14.182Hz  corr=-15.23W  u_ff=86.3W  PCAP→78W  power=nanW
[PID] perf=238.677Hz  target=239.151Hz  err=+0.475Hz  corr=-2.04W  u_ff=86.3W  PCAP→83W  power=78.5W
[PID] perf=246.386Hz  target=239.151Hz  err=-7.234Hz  corr=-10.23W  u_ff=86.3W  PCAP→78W  power=82.8W
[PID] perf=239.155Hz  target=239.151Hz  err=-0.004Hz  corr=-3.76W  u_ff=86.3W  PCAP→83W  power=77.7W
[PID] perf=247.564Hz  target=239.151Hz  err=-8.412Hz  corr=-12.78W  u_ff=86.3W  PCAP→78W  power=83.2W
[PID] perf=239.305Hz  target=239.151Hz  err=-0.154Hz  corr=-5.43W  u_ff=86.3W  PCAP→83W  power=77.9W
[PID] perf=245.247Hz  target=239.151Hz  err=-6.096Hz  corr=-11.83W  u_ff=86.3W  PCAP→78W  power=83.2W
[PID] perf=239.638Hz  target=239.151Hz  err=-0.487Hz  corr=-6.90W  u_ff=86.3W  PCAP→78W  power=78.4W
[PID] perf=238.532Hz  target=239.151Hz  err=+0.619Hz  corr=-5.80W  u_ff=86.3W  PCAP→83W  power=77.5W
[PID] perf=246.053Hz  target=239.151Hz  err=-6.902Hz  corr=-13.76W  u_ff=86.3W  PCAP→78W  power=82.4W
[PID] perf=239.866Hz  target=239.151Hz  err=-0.715Hz  corr=-8.36W  u_ff=86.3W  PCAP→78W  power=77.9W
[PID] perf=240.651Hz  target=239.151Hz  err=-1.500Hz  corr=-9.33W  u_ff=86.3W  PCAP→78W  power=77.9W
[PID] perf=241.232Hz  target=239.151Hz  err=-2.081Hz  corr=-10.22W  u_ff=86.3W  PCAP→78W  power=78.1W
[PID] perf=240.136Hz  target=239.151Hz  err=-0.985Hz  corr=-9.42W  u_ff=86.3W  PCAP→78W  power=77.9W
[PID] perf=238.629Hz  target=239.151Hz  err=+0.522Hz  corr=-7.98W  u_ff=86.3W  PCAP→78W  power=78.3W
[PID] perf=239.474Hz  target=239.151Hz  err=-0.323Hz  corr=-8.79W  u_ff=86.3W  PCAP→78W  power=78.8W
[PID] perf=240.364Hz  target=239.151Hz  err=-1.212Hz  corr=-9.80W  u_ff=86.3W  PCAP→78W  power=78.2W
[PID] perf=240.201Hz  target=239.151Hz  err=-1.049Hz  corr=-9.84W  u_ff=86.3W  PCAP→78W  power=78.7W
[PID] perf=242.359Hz  target=239.151Hz  err=-3.208Hz  corr=-12.35W  u_ff=86.3W  PCAP→78W  power=77.5W
[PID] perf=242.014Hz  target=239.151Hz  err=-2.863Hz  corr=-12.55W  u_ff=86.3W  PCAP→78W  power=77.5W
Process completed.
Compressed into /home/cc/summer2024/main_codes/pid_controller/../experiment_data/PID_Control_sweep/ones-stream-scale/compressed_iteration_20260512_031758.tar
----------------------------------

>>> Step 2/3

[ones-stream-scale]
  target perf      : 239.1512 Hz
  coefficients_perf: [-0.007896790674324024, 2.478117841878759, 84.0686381205835]
  feedforward PCAP : 86.33 W  →  89 W (snapped)
  Perf(u_ff) check : 239.1512 Hz  (should ≈ target)
  PID gains        : Kp=0.8941 W/Hz  Ki=0.08941 W/(Hz·s)  Kd=0.0000
[PID] perf=241.942Hz  target=239.151Hz  err=-2.791Hz  corr=-2.99W  u_ff=86.3W  PCAP→83W  power=nanW
[PID] perf=241.765Hz  target=239.151Hz  err=-2.614Hz  corr=-3.30W  u_ff=86.3W  PCAP→83W  power=82.1W
[PID] perf=241.311Hz  target=239.151Hz  err=-2.160Hz  corr=-3.28W  u_ff=86.3W  PCAP→83W  power=83.0W
[PID] perf=241.341Hz  target=239.151Hz  err=-2.190Hz  corr=-3.70W  u_ff=86.3W  PCAP→83W  power=82.6W
[PID] perf=241.163Hz  target=239.151Hz  err=-2.012Hz  corr=-3.90W  u_ff=86.3W  PCAP→83W  power=83.3W
[PID] perf=242.333Hz  target=239.151Hz  err=-3.182Hz  corr=-5.52W  u_ff=86.3W  PCAP→83W  power=83.1W
[PID] perf=242.906Hz  target=239.151Hz  err=-3.755Hz  corr=-6.70W  u_ff=86.3W  PCAP→78W  power=83.2W
[PID] perf=237.696Hz  target=239.151Hz  err=+1.455Hz  corr=-1.78W  u_ff=86.3W  PCAP→83W  power=77.9W
[PID] perf=243.767Hz  target=239.151Hz  err=-4.616Hz  corr=-8.04W  u_ff=86.3W  PCAP→78W  power=83.0W
[PID] perf=236.975Hz  target=239.151Hz  err=+2.176Hz  corr=-1.58W  u_ff=86.3W  PCAP→83W  power=77.6W
[PID] perf=244.236Hz  target=239.151Hz  err=-5.085Hz  corr=-8.98W  u_ff=86.3W  PCAP→78W  power=83.3W
[PID] perf=238.652Hz  target=239.151Hz  err=+0.500Hz  corr=-3.89W  u_ff=86.3W  PCAP→83W  power=77.8W
[PID] perf=244.787Hz  target=239.151Hz  err=-5.636Hz  corr=-10.39W  u_ff=86.3W  PCAP→78W  power=82.4W
[PID] perf=238.896Hz  target=239.151Hz  err=+0.255Hz  corr=-5.08W  u_ff=86.3W  PCAP→83W  power=78.2W
[PID] perf=244.723Hz  target=239.151Hz  err=-5.572Hz  corr=-11.28W  u_ff=86.3W  PCAP→78W  power=82.9W
[PID] perf=237.687Hz  target=239.151Hz  err=+1.464Hz  corr=-4.73W  u_ff=86.3W  PCAP→83W  power=77.2W
[PID] perf=244.298Hz  target=239.151Hz  err=-5.146Hz  corr=-11.56W  u_ff=86.3W  PCAP→78W  power=83.2W
[PID] perf=239.793Hz  target=239.151Hz  err=-0.642Hz  corr=-7.65W  u_ff=86.3W  PCAP→78W  power=77.8W
[PID] perf=239.060Hz  target=239.151Hz  err=+0.091Hz  corr=-6.97W  u_ff=86.3W  PCAP→78W  power=77.5W
[PID] perf=236.130Hz  target=239.151Hz  err=+3.021Hz  corr=-3.81W  u_ff=86.3W  PCAP→83W  power=77.7W
[PID] perf=241.566Hz  target=239.151Hz  err=-2.414Hz  corr=-9.11W  u_ff=86.3W  PCAP→78W  power=83.7W
Process completed.
Compressed into /home/cc/summer2024/main_codes/pid_controller/../experiment_data/PID_Control_sweep/ones-stream-scale/compressed_iteration_20260512_031841.tar
----------------------------------

>>> Step 3/3

[ones-stream-scale]
  target perf      : 239.1512 Hz
  coefficients_perf: [-0.007896790674324024, 2.478117841878759, 84.0686381205835]
  feedforward PCAP : 86.33 W  →  89 W (snapped)
  Perf(u_ff) check : 239.1512 Hz  (should ≈ target)
  PID gains        : Kp=0.8941 W/Hz  Ki=0.08941 W/(Hz·s)  Kd=0.0000
[PID] perf=241.223Hz  target=239.151Hz  err=-2.072Hz  corr=-2.22W  u_ff=86.3W  PCAP→83W  power=nanW
[PID] perf=245.801Hz  target=239.151Hz  err=-6.650Hz  corr=-7.51W  u_ff=86.3W  PCAP→78W  power=81.9W
[PID] perf=239.563Hz  target=239.151Hz  err=-0.411Hz  corr=-2.00W  u_ff=86.3W  PCAP→83W  power=77.5W
[PID] perf=240.849Hz  target=239.151Hz  err=-1.698Hz  corr=-3.45W  u_ff=86.3W  PCAP→83W  power=82.8W
[PID] perf=243.059Hz  target=239.151Hz  err=-3.908Hz  corr=-6.13W  u_ff=86.3W  PCAP→78W  power=81.3W
[PID] perf=230.532Hz  target=239.151Hz  err=+8.619Hz  corr=+6.61W  u_ff=86.3W  PCAP→95W  power=78.7W
[PID] perf=253.149Hz  target=239.151Hz  err=-13.998Hz  corr=-16.11W  u_ff=86.3W  PCAP→78W  power=94.6W
[PID] perf=234.881Hz  target=239.151Hz  err=+4.271Hz  corr=+0.98W  u_ff=86.3W  PCAP→89W  power=77.0W
[PID] perf=253.241Hz  target=239.151Hz  err=-14.090Hz  corr=-17.95W  u_ff=86.3W  PCAP→78W  power=88.3W
[PID] perf=239.285Hz  target=239.151Hz  err=-0.134Hz  corr=-5.50W  u_ff=86.3W  PCAP→83W  power=77.5W
[PID] perf=247.649Hz  target=239.151Hz  err=-8.498Hz  corr=-14.49W  u_ff=86.3W  PCAP→78W  power=83.4W
[PID] perf=239.542Hz  target=239.151Hz  err=-0.391Hz  corr=-7.32W  u_ff=86.3W  PCAP→78W  power=78.3W
[PID] perf=242.464Hz  target=239.151Hz  err=-3.313Hz  corr=-10.52W  u_ff=86.3W  PCAP→78W  power=78.3W
[PID] perf=241.276Hz  target=239.151Hz  err=-2.125Hz  corr=-9.84W  u_ff=86.3W  PCAP→78W  power=78.1W
[PID] perf=239.631Hz  target=239.151Hz  err=-0.480Hz  corr=-8.45W  u_ff=86.3W  PCAP→78W  power=78.1W
[PID] perf=240.334Hz  target=239.151Hz  err=-1.182Hz  corr=-9.29W  u_ff=86.3W  PCAP→78W  power=78.0W
[PID] perf=239.597Hz  target=239.151Hz  err=-0.446Hz  corr=-8.71W  u_ff=86.3W  PCAP→78W  power=77.5W
[PID] perf=239.278Hz  target=239.151Hz  err=-0.127Hz  corr=-8.45W  u_ff=86.3W  PCAP→78W  power=78.4W
[PID] perf=239.510Hz  target=239.151Hz  err=-0.359Hz  corr=-8.72W  u_ff=86.3W  PCAP→78W  power=78.1W
[PID] perf=239.246Hz  target=239.151Hz  err=-0.095Hz  corr=-8.50W  u_ff=86.3W  PCAP→78W  power=77.8W
[PID] perf=239.738Hz  target=239.151Hz  err=-0.587Hz  corr=-9.05W  u_ff=86.3W  PCAP→78W  power=77.4W
[PID] perf=238.896Hz  target=239.151Hz  err=+0.255Hz  corr=-8.25W  u_ff=86.3W  PCAP→78W  power=77.6W
Process completed.
Compressed into /home/cc/summer2024/main_codes/pid_controller/../experiment_data/PID_Control_sweep/ones-stream-scale/compressed_iteration_20260512_031923.tar
----------------------------------
