
>>> Step 1/3

[ones-stream-scale]
  target perf      : 268.6517 Hz
  coefficients_perf: [-0.007896790674324024, 2.478117841878759, 84.0686381205835]
  feedforward PCAP : 121.62 W  →  124 W (snapped)
  Perf(u_ff) check : 268.6517 Hz  (should ≈ target)
  PID gains        : Kp=0.8941 W/Hz  Ki=0.08941 W/(Hz·s)  Kd=0.0000
[PID] perf=284.507Hz  target=268.652Hz  err=-15.856Hz  corr=-17.01W  u_ff=121.6W  PCAP→107W  power=nanW
[PID] perf=258.950Hz  target=268.652Hz  err=+9.701Hz  corr=+7.57W  u_ff=121.6W  PCAP→130W  power=106.9W
[PID] perf=269.600Hz  target=268.652Hz  err=-0.948Hz  corr=-2.12W  u_ff=121.6W  PCAP→118W  power=129.8W
[PID] perf=264.973Hz  target=268.652Hz  err=+3.679Hz  corr=+2.68W  u_ff=121.6W  PCAP→124W  power=117.7W
[PID] perf=263.401Hz  target=268.652Hz  err=+5.251Hz  corr=+5.02W  u_ff=121.6W  PCAP→124W  power=123.3W
[PID] perf=264.025Hz  target=268.652Hz  err=+4.627Hz  corr=+5.29W  u_ff=121.6W  PCAP→124W  power=123.8W
[PID] perf=264.987Hz  target=268.652Hz  err=+3.665Hz  corr=+5.09W  u_ff=121.6W  PCAP→124W  power=124.3W
[PID] perf=268.249Hz  target=268.652Hz  err=+0.402Hz  corr=+2.24W  u_ff=121.6W  PCAP→124W  power=125.2W
[PID] perf=269.771Hz  target=268.652Hz  err=-1.119Hz  corr=+0.68W  u_ff=121.6W  PCAP→124W  power=123.9W
[PID] perf=270.333Hz  target=268.652Hz  err=-1.681Hz  corr=-0.12W  u_ff=121.6W  PCAP→124W  power=124.2W
[PID] perf=268.943Hz  target=268.652Hz  err=-0.291Hz  corr=+1.07W  u_ff=121.6W  PCAP→124W  power=121.9W
[PID] perf=268.866Hz  target=268.652Hz  err=-0.214Hz  corr=+1.10W  u_ff=121.6W  PCAP→124W  power=125.6W
[PID] perf=268.350Hz  target=268.652Hz  err=+0.302Hz  corr=+1.61W  u_ff=121.6W  PCAP→124W  power=124.1W
[PID] perf=268.708Hz  target=268.652Hz  err=-0.056Hz  corr=+1.28W  u_ff=121.6W  PCAP→124W  power=125.0W
[PID] perf=271.084Hz  target=268.652Hz  err=-2.432Hz  corr=-1.28W  u_ff=121.6W  PCAP→118W  power=124.1W
[PID] perf=269.326Hz  target=268.652Hz  err=-0.674Hz  corr=+0.18W  u_ff=121.6W  PCAP→124W  power=117.3W
[PID] perf=269.107Hz  target=268.652Hz  err=-0.455Hz  corr=+0.29W  u_ff=121.6W  PCAP→124W  power=123.8W
[PID] perf=268.837Hz  target=268.652Hz  err=-0.185Hz  corr=+0.50W  u_ff=121.6W  PCAP→124W  power=123.8W
[PID] perf=269.320Hz  target=268.652Hz  err=-0.669Hz  corr=-0.05W  u_ff=121.6W  PCAP→124W  power=123.8W
Process completed.
Compressed into /home/cc/summer2024/main_codes/pid_controller/../experiment_data/PID_Control_sweep/ones-stream-scale/compressed_iteration_20260512_034212.tar
----------------------------------

>>> Step 2/3

[ones-stream-scale]
  target perf      : 268.6517 Hz
  coefficients_perf: [-0.007896790674324024, 2.478117841878759, 84.0686381205835]
  feedforward PCAP : 121.62 W  →  124 W (snapped)
  Perf(u_ff) check : 268.6517 Hz  (should ≈ target)
  PID gains        : Kp=0.8941 W/Hz  Ki=0.08941 W/(Hz·s)  Kd=0.0000
[PID] perf=268.570Hz  target=268.652Hz  err=+0.082Hz  corr=+0.09W  u_ff=121.6W  PCAP→124W  power=nanW
[PID] perf=266.209Hz  target=268.652Hz  err=+2.442Hz  corr=+2.64W  u_ff=121.6W  PCAP→124W  power=123.5W
[PID] perf=267.136Hz  target=268.652Hz  err=+1.516Hz  corr=+2.08W  u_ff=121.6W  PCAP→124W  power=123.9W
[PID] perf=267.796Hz  target=268.652Hz  err=+0.856Hz  corr=+1.64W  u_ff=121.6W  PCAP→124W  power=124.9W
[PID] perf=265.082Hz  target=268.652Hz  err=+3.570Hz  corr=+4.71W  u_ff=121.6W  PCAP→124W  power=122.9W
[PID] perf=263.161Hz  target=268.652Hz  err=+5.491Hz  corr=+7.41W  u_ff=121.6W  PCAP→130W  power=123.2W
[PID] perf=265.967Hz  target=268.652Hz  err=+2.684Hz  corr=+5.38W  u_ff=121.6W  PCAP→124W  power=127.9W
[PID] perf=263.793Hz  target=268.652Hz  err=+4.859Hz  corr=+8.19W  u_ff=121.6W  PCAP→130W  power=123.8W
[PID] perf=267.696Hz  target=268.652Hz  err=+0.956Hz  corr=+4.87W  u_ff=121.6W  PCAP→124W  power=130.3W
[PID] perf=263.255Hz  target=268.652Hz  err=+5.397Hz  corr=+9.81W  u_ff=121.6W  PCAP→130W  power=122.7W
[PID] perf=267.085Hz  target=268.652Hz  err=+1.567Hz  corr=+6.66W  u_ff=121.6W  PCAP→130W  power=129.9W
[PID] perf=267.531Hz  target=268.652Hz  err=+1.121Hz  corr=+6.46W  u_ff=121.6W  PCAP→130W  power=128.3W
[PID] perf=267.176Hz  target=268.652Hz  err=+1.476Hz  corr=+7.05W  u_ff=121.6W  PCAP→130W  power=128.6W
[PID] perf=266.119Hz  target=268.652Hz  err=+2.533Hz  corr=+8.44W  u_ff=121.6W  PCAP→130W  power=129.8W
[PID] perf=265.541Hz  target=268.652Hz  err=+3.111Hz  corr=+9.52W  u_ff=121.6W  PCAP→130W  power=130.7W
[PID] perf=267.568Hz  target=268.652Hz  err=+1.084Hz  corr=+7.90W  u_ff=121.6W  PCAP→130W  power=130.1W
[PID] perf=266.311Hz  target=268.652Hz  err=+2.341Hz  corr=+9.44W  u_ff=121.6W  PCAP→130W  power=130.3W
[PID] perf=266.271Hz  target=268.652Hz  err=+2.381Hz  corr=+9.90W  u_ff=121.6W  PCAP→130W  power=129.1W
[PID] perf=266.525Hz  target=268.652Hz  err=+2.127Hz  corr=+10.05W  u_ff=121.6W  PCAP→130W  power=130.1W
[PID] perf=266.779Hz  target=268.652Hz  err=+1.872Hz  corr=+10.16W  u_ff=121.6W  PCAP→130W  power=109.3W
Process completed.
Compressed into /home/cc/summer2024/main_codes/pid_controller/../experiment_data/PID_Control_sweep/ones-stream-scale/compressed_iteration_20260512_034251.tar
----------------------------------

>>> Step 3/3

[ones-stream-scale]
  target perf      : 268.6517 Hz
  coefficients_perf: [-0.007896790674324024, 2.478117841878759, 84.0686381205835]
  feedforward PCAP : 121.62 W  →  124 W (snapped)
  Perf(u_ff) check : 268.6517 Hz  (should ≈ target)
  PID gains        : Kp=0.8941 W/Hz  Ki=0.08941 W/(Hz·s)  Kd=0.0000
[PID] perf=281.082Hz  target=268.652Hz  err=-12.430Hz  corr=-13.34W  u_ff=121.6W  PCAP→107W  power=nanW
[PID] perf=260.475Hz  target=268.652Hz  err=+8.176Hz  corr=+6.55W  u_ff=121.6W  PCAP→130W  power=106.9W
[PID] perf=272.086Hz  target=268.652Hz  err=-3.435Hz  corr=-4.45W  u_ff=121.6W  PCAP→118W  power=129.7W
[PID] perf=264.466Hz  target=268.652Hz  err=+4.185Hz  corr=+3.12W  u_ff=121.6W  PCAP→124W  power=117.6W
[PID] perf=272.145Hz  target=268.652Hz  err=-3.494Hz  corr=-4.37W  u_ff=121.6W  PCAP→118W  power=124.5W
[PID] perf=271.807Hz  target=268.652Hz  err=-3.156Hz  corr=-4.64W  u_ff=121.6W  PCAP→118W  power=117.4W
[PID] perf=269.430Hz  target=268.652Hz  err=-0.778Hz  corr=-2.65W  u_ff=121.6W  PCAP→118W  power=117.3W
[PID] perf=267.944Hz  target=268.652Hz  err=+0.708Hz  corr=-1.20W  u_ff=121.6W  PCAP→118W  power=117.7W
[PID] perf=268.287Hz  target=268.652Hz  err=+0.365Hz  corr=-1.44W  u_ff=121.6W  PCAP→118W  power=118.7W
[PID] perf=267.955Hz  target=268.652Hz  err=+0.696Hz  corr=-1.02W  u_ff=121.6W  PCAP→118W  power=118.3W
[PID] perf=267.978Hz  target=268.652Hz  err=+0.674Hz  corr=-0.92W  u_ff=121.6W  PCAP→118W  power=117.2W
[PID] perf=268.155Hz  target=268.652Hz  err=+0.497Hz  corr=-0.98W  u_ff=121.6W  PCAP→118W  power=117.4W
[PID] perf=268.135Hz  target=268.652Hz  err=+0.517Hz  corr=-0.87W  u_ff=121.6W  PCAP→118W  power=118.4W
[PID] perf=268.232Hz  target=268.652Hz  err=+0.419Hz  corr=-0.89W  u_ff=121.6W  PCAP→118W  power=119.1W
[PID] perf=268.007Hz  target=268.652Hz  err=+0.645Hz  corr=-0.57W  u_ff=121.6W  PCAP→124W  power=118.3W
[PID] perf=269.378Hz  target=268.652Hz  err=-0.726Hz  corr=-1.93W  u_ff=121.6W  PCAP→118W  power=124.1W
[PID] perf=267.602Hz  target=268.652Hz  err=+1.050Hz  corr=-0.15W  u_ff=121.6W  PCAP→124W  power=117.2W
[PID] perf=269.938Hz  target=268.652Hz  err=-1.287Hz  corr=-2.47W  u_ff=121.6W  PCAP→118W  power=123.3W
[PID] perf=269.488Hz  target=268.652Hz  err=-0.836Hz  corr=-2.22W  u_ff=121.6W  PCAP→118W  power=117.3W
Process completed.
Compressed into /home/cc/summer2024/main_codes/pid_controller/../experiment_data/PID_Control_sweep/ones-stream-scale/compressed_iteration_20260512_034329.tar
----------------------------------
