
>>> Step 1/3

[ones-npb-mg]
  target perf      : 43.2896 Hz
  coefficients_perf: [-0.0023422717390584893, 0.7162851703434323, -6.215233760658519]
  feedforward PCAP : 105.53 W  →  107 W (snapped)
  Perf(u_ff) check : 43.2896 Hz  (should ≈ target)
  PID gains        : Kp=3.3987 W/Hz  Ki=0.33987 W/(Hz·s)  Kd=0.0000
[PID] Awaiting data — feedforward PCAP=107W
[PID] perf=32.283Hz  target=43.290Hz  err=+11.006Hz  corr=+44.89W  u_ff=105.5W  PCAP→153W  power=nanW
[PID] perf=45.480Hz  target=43.290Hz  err=-2.190Hz  corr=-1.45W  u_ff=105.5W  PCAP→107W  power=154.0W
[PID] perf=42.638Hz  target=43.290Hz  err=+0.651Hz  corr=+8.65W  u_ff=105.5W  PCAP→112W  power=106.3W
[PID] perf=44.302Hz  target=43.290Hz  err=-1.012Hz  corr=+2.31W  u_ff=105.5W  PCAP→107W  power=111.7W
[PID] perf=45.313Hz  target=43.290Hz  err=-2.023Hz  corr=-2.51W  u_ff=105.5W  PCAP→101W  power=106.1W
[PID] perf=44.645Hz  target=43.290Hz  err=-1.355Hz  corr=-1.16W  u_ff=105.5W  PCAP→107W  power=100.6W
[PID] perf=45.429Hz  target=43.290Hz  err=-2.140Hz  corr=-5.28W  u_ff=105.5W  PCAP→101W  power=106.9W
[PID] perf=44.717Hz  target=43.290Hz  err=-1.428Hz  corr=-3.83W  u_ff=105.5W  PCAP→101W  power=99.8W
[PID] perf=44.698Hz  target=43.290Hz  err=-1.408Hz  corr=-4.72W  u_ff=105.5W  PCAP→101W  power=101.0W
[PID] perf=44.706Hz  target=43.290Hz  err=-1.417Hz  corr=-5.71W  u_ff=105.5W  PCAP→101W  power=99.4W
[PID] perf=44.679Hz  target=43.290Hz  err=-1.390Hz  corr=-6.56W  u_ff=105.5W  PCAP→101W  power=102.1W
Process completed.
Compressed into /home/cc/summer2024/main_codes/pid_controller/../experiment_data/PID_Control_sweep/ones-npb-mg/compressed_iteration_20260512_145312.tar
----------------------------------

>>> Step 2/3

[ones-npb-mg]
  target perf      : 43.2896 Hz
  coefficients_perf: [-0.0023422717390584893, 0.7162851703434323, -6.215233760658519]
  feedforward PCAP : 105.53 W  →  107 W (snapped)
  Perf(u_ff) check : 43.2896 Hz  (should ≈ target)
  PID gains        : Kp=3.3987 W/Hz  Ki=0.33987 W/(Hz·s)  Kd=0.0000
[PID] Awaiting data — feedforward PCAP=107W
[PID] perf=32.194Hz  target=43.290Hz  err=+11.095Hz  corr=+45.25W  u_ff=105.5W  PCAP→153W  power=nanW
[PID] perf=43.165Hz  target=43.290Hz  err=+0.125Hz  corr=+8.05W  u_ff=105.5W  PCAP→112W  power=145.2W
[PID] perf=42.808Hz  target=43.290Hz  err=+0.481Hz  corr=+9.59W  u_ff=105.5W  PCAP→118W  power=111.1W
[PID] perf=43.676Hz  target=43.290Hz  err=-0.387Hz  corr=+6.38W  u_ff=105.5W  PCAP→112W  power=118.3W
[PID] perf=45.020Hz  target=43.290Hz  err=-1.731Hz  corr=+0.63W  u_ff=105.5W  PCAP→107W  power=112.5W
[PID] perf=44.488Hz  target=43.290Hz  err=-1.198Hz  corr=+1.63W  u_ff=105.5W  PCAP→107W  power=106.2W
[PID] perf=43.406Hz  target=43.290Hz  err=-0.117Hz  corr=+5.22W  u_ff=105.5W  PCAP→112W  power=107.5W
[PID] perf=41.838Hz  target=43.290Hz  err=+1.452Hz  corr=+11.54W  u_ff=105.5W  PCAP→118W  power=111.8W
[PID] perf=42.144Hz  target=43.290Hz  err=+1.145Hz  corr=+11.28W  u_ff=105.5W  PCAP→118W  power=116.2W
[PID] perf=42.145Hz  target=43.290Hz  err=+1.145Hz  corr=+12.06W  u_ff=105.5W  PCAP→118W  power=119.2W
[PID] perf=42.142Hz  target=43.290Hz  err=+1.148Hz  corr=+12.85W  u_ff=105.5W  PCAP→118W  power=118.0W
[PID] perf=42.132Hz  target=43.290Hz  err=+1.157Hz  corr=+13.67W  u_ff=105.5W  PCAP→118W  power=117.2W
Process completed.
Compressed into /home/cc/summer2024/main_codes/pid_controller/../experiment_data/PID_Control_sweep/ones-npb-mg/compressed_iteration_20260512_145337.tar
----------------------------------

>>> Step 3/3

[ones-npb-mg]
  target perf      : 43.2896 Hz
  coefficients_perf: [-0.0023422717390584893, 0.7162851703434323, -6.215233760658519]
  feedforward PCAP : 105.53 W  →  107 W (snapped)
  Perf(u_ff) check : 43.2896 Hz  (should ≈ target)
  PID gains        : Kp=3.3987 W/Hz  Ki=0.33987 W/(Hz·s)  Kd=0.0000
[PID] Awaiting data — feedforward PCAP=107W
[PID] perf=32.283Hz  target=43.290Hz  err=+11.007Hz  corr=+44.89W  u_ff=105.5W  PCAP→153W  power=nanW
[PID] perf=43.790Hz  target=43.290Hz  err=-0.501Hz  corr=+5.44W  u_ff=105.5W  PCAP→112W  power=151.6W
[PID] perf=41.728Hz  target=43.290Hz  err=+1.562Hz  corr=+13.51W  u_ff=105.5W  PCAP→118W  power=112.5W
[PID] perf=42.248Hz  target=43.290Hz  err=+1.041Hz  corr=+12.45W  u_ff=105.5W  PCAP→118W  power=118.2W
[PID] perf=43.119Hz  target=43.290Hz  err=+0.170Hz  corr=+9.61W  u_ff=105.5W  PCAP→118W  power=118.0W
[PID] perf=44.693Hz  target=43.290Hz  err=-1.403Hz  corr=+3.30W  u_ff=105.5W  PCAP→107W  power=119.5W
[PID] perf=44.980Hz  target=43.290Hz  err=-1.690Hz  corr=+1.18W  u_ff=105.5W  PCAP→107W  power=107.5W
[PID] perf=44.058Hz  target=43.290Hz  err=-0.768Hz  corr=+3.79W  u_ff=105.5W  PCAP→107W  power=106.5W
[PID] perf=43.965Hz  target=43.290Hz  err=-0.676Hz  corr=+3.65W  u_ff=105.5W  PCAP→107W  power=107.3W
[PID] perf=44.009Hz  target=43.290Hz  err=-0.720Hz  corr=+3.01W  u_ff=105.5W  PCAP→107W  power=106.2W
[PID] perf=43.943Hz  target=43.290Hz  err=-0.654Hz  corr=+2.79W  u_ff=105.5W  PCAP→107W  power=106.8W
[PID] perf=43.838Hz  target=43.290Hz  err=-0.549Hz  corr=+2.77W  u_ff=105.5W  PCAP→107W  power=107.5W
Process completed.
Compressed into /home/cc/summer2024/main_codes/pid_controller/../experiment_data/PID_Control_sweep/ones-npb-mg/compressed_iteration_20260512_145402.tar
----------------------------------
