
>>> Step 1/3

[ones-npb-is]
  target perf      : 6.9343 Hz
  coefficients_perf: [-0.0002928630053090073, 0.09346144861544026, 0.8415796304794382]
  feedforward PCAP : 91.32 W  →  89 W (snapped)
  Perf(u_ff) check : 6.9343 Hz  (should ≈ target)
  PID gains        : Kp=22.4258 W/Hz  Ki=2.24258 W/(Hz·s)  Kd=0.0000
[PID] perf=3.974Hz  target=6.934Hz  err=+2.961Hz  corr=+79.68W  u_ff=91.3W  PCAP→165W  power=nanW
[PID] perf=8.110Hz  target=6.934Hz  err=-1.176Hz  corr=-18.36W  u_ff=91.3W  PCAP→78W  power=158.7W
[PID] perf=6.170Hz  target=6.934Hz  err=+0.764Hz  corr=+28.57W  u_ff=91.3W  PCAP→118W  power=78.1W
[PID] perf=7.395Hz  target=6.934Hz  err=-0.461Hz  corr=-0.97W  u_ff=91.3W  PCAP→89W  power=118.9W
[PID] perf=6.666Hz  target=6.934Hz  err=+0.269Hz  corr=+16.59W  u_ff=91.3W  PCAP→107W  power=89.7W
[PID] perf=7.151Hz  target=6.934Hz  err=-0.216Hz  corr=+4.75W  u_ff=91.3W  PCAP→95W  power=106.9W
[PID] perf=6.875Hz  target=6.934Hz  err=+0.059Hz  corr=+11.18W  u_ff=91.3W  PCAP→101W  power=95.1W
[PID] perf=7.010Hz  target=6.934Hz  err=-0.076Hz  corr=+7.83W  u_ff=91.3W  PCAP→101W  power=102.8W
[PID] perf=7.151Hz  target=6.934Hz  err=-0.217Hz  corr=+3.69W  u_ff=91.3W  PCAP→95W  power=98.9W
[PID] perf=6.962Hz  target=6.934Hz  err=-0.027Hz  corr=+7.82W  u_ff=91.3W  PCAP→101W  power=96.1W
[PID] perf=7.110Hz  target=6.934Hz  err=-0.176Hz  corr=+3.70W  u_ff=91.3W  PCAP→95W  power=100.4W
[PID] perf=6.946Hz  target=6.934Hz  err=-0.011Hz  corr=+7.34W  u_ff=91.3W  PCAP→101W  power=95.2W
[PID] perf=7.127Hz  target=6.934Hz  err=-0.193Hz  corr=+2.41W  u_ff=91.3W  PCAP→95W  power=101.3W
[PID] perf=6.952Hz  target=6.934Hz  err=-0.018Hz  corr=+6.24W  u_ff=91.3W  PCAP→95W  power=94.1W
[PID] perf=6.957Hz  target=6.934Hz  err=-0.023Hz  corr=+6.04W  u_ff=91.3W  PCAP→95W  power=94.0W
[PID] perf=6.959Hz  target=6.934Hz  err=-0.025Hz  corr=+5.87W  u_ff=91.3W  PCAP→95W  power=94.6W
[PID] perf=6.965Hz  target=6.934Hz  err=-0.030Hz  corr=+5.62W  u_ff=91.3W  PCAP→95W  power=95.9W
[PID] perf=6.963Hz  target=6.934Hz  err=-0.028Hz  corr=+5.53W  u_ff=91.3W  PCAP→95W  power=95.0W
[PID] perf=6.971Hz  target=6.934Hz  err=-0.037Hz  corr=+5.18W  u_ff=91.3W  PCAP→95W  power=95.6W
[PID] perf=6.962Hz  target=6.934Hz  err=-0.027Hz  corr=+5.27W  u_ff=91.3W  PCAP→95W  power=95.7W
[PID] perf=6.962Hz  target=6.934Hz  err=-0.028Hz  corr=+5.13W  u_ff=91.3W  PCAP→95W  power=93.9W
[PID] perf=6.967Hz  target=6.934Hz  err=-0.033Hz  corr=+4.88W  u_ff=91.3W  PCAP→95W  power=94.9W
[PID] perf=6.903Hz  target=6.934Hz  err=+0.032Hz  corr=+6.47W  u_ff=91.3W  PCAP→95W  power=95.7W
[PID] perf=6.963Hz  target=6.934Hz  err=-0.029Hz  corr=+4.98W  u_ff=91.3W  PCAP→95W  power=93.3W
[PID] perf=6.960Hz  target=6.934Hz  err=-0.025Hz  corr=+4.94W  u_ff=91.3W  PCAP→95W  power=94.3W
[PID] perf=6.963Hz  target=6.934Hz  err=-0.028Hz  corr=+4.75W  u_ff=91.3W  PCAP→95W  power=95.1W
[PID] perf=6.952Hz  target=6.934Hz  err=-0.018Hz  corr=+4.91W  u_ff=91.3W  PCAP→95W  power=95.8W
[PID] perf=6.951Hz  target=6.934Hz  err=-0.017Hz  corr=+4.85W  u_ff=91.3W  PCAP→95W  power=95.3W
[PID] perf=6.953Hz  target=6.934Hz  err=-0.019Hz  corr=+4.73W  u_ff=91.3W  PCAP→95W  power=94.8W
[PID] perf=6.945Hz  target=6.934Hz  err=-0.011Hz  corr=+4.86W  u_ff=91.3W  PCAP→95W  power=95.9W
[PID] perf=6.951Hz  target=6.934Hz  err=-0.016Hz  corr=+4.65W  u_ff=91.3W  PCAP→95W  power=93.4W
[PID] perf=6.956Hz  target=6.934Hz  err=-0.022Hz  corr=+4.45W  u_ff=91.3W  PCAP→95W  power=94.9W
[PID] perf=6.947Hz  target=6.934Hz  err=-0.013Hz  corr=+4.58W  u_ff=91.3W  PCAP→95W  power=94.2W
[PID] perf=6.947Hz  target=6.934Hz  err=-0.012Hz  corr=+4.54W  u_ff=91.3W  PCAP→95W  power=96.1W
[PID] perf=6.952Hz  target=6.934Hz  err=-0.018Hz  corr=+4.33W  u_ff=91.3W  PCAP→95W  power=96.3W
[PID] perf=6.954Hz  target=6.934Hz  err=-0.020Hz  corr=+4.20W  u_ff=91.3W  PCAP→95W  power=94.3W
[PID] perf=6.960Hz  target=6.934Hz  err=-0.026Hz  corr=+3.95W  u_ff=91.3W  PCAP→95W  power=94.8W
[PID] perf=6.934Hz  target=6.934Hz  err=-0.000Hz  corr=+4.53W  u_ff=91.3W  PCAP→95W  power=95.5W
[PID] perf=6.946Hz  target=6.934Hz  err=-0.012Hz  corr=+4.22W  u_ff=91.3W  PCAP→95W  power=95.3W
[PID] perf=6.946Hz  target=6.934Hz  err=-0.012Hz  corr=+4.16W  u_ff=91.3W  PCAP→95W  power=94.0W
[PID] perf=6.951Hz  target=6.934Hz  err=-0.016Hz  corr=+3.98W  u_ff=91.3W  PCAP→95W  power=95.3W
[PID] perf=6.953Hz  target=6.934Hz  err=-0.019Hz  corr=+3.84W  u_ff=91.3W  PCAP→95W  power=94.6W
[PID] perf=6.930Hz  target=6.934Hz  err=+0.005Hz  corr=+4.39W  u_ff=91.3W  PCAP→95W  power=95.8W
[PID] perf=6.947Hz  target=6.934Hz  err=-0.013Hz  corr=+3.95W  u_ff=91.3W  PCAP→95W  power=96.1W
[PID] perf=6.940Hz  target=6.934Hz  err=-0.006Hz  corr=+4.07W  u_ff=91.3W  PCAP→95W  power=94.4W
[PID] perf=6.953Hz  target=6.934Hz  err=-0.019Hz  corr=+3.69W  u_ff=91.3W  PCAP→95W  power=96.1W
[PID] perf=6.862Hz  target=6.934Hz  err=+0.073Hz  corr=+6.07W  u_ff=91.3W  PCAP→95W  power=95.7W
[PID] perf=6.916Hz  target=6.934Hz  err=+0.018Hz  corr=+4.94W  u_ff=91.3W  PCAP→95W  power=95.1W
[PID] perf=6.899Hz  target=6.934Hz  err=+0.036Hz  corr=+5.49W  u_ff=91.3W  PCAP→95W  power=92.9W
[PID] perf=6.907Hz  target=6.934Hz  err=+0.027Hz  corr=+5.42W  u_ff=91.3W  PCAP→95W  power=94.7W
[PID] perf=6.912Hz  target=6.934Hz  err=+0.023Hz  corr=+5.42W  u_ff=91.3W  PCAP→95W  power=94.0W
[PID] perf=6.912Hz  target=6.934Hz  err=+0.022Hz  corr=+5.50W  u_ff=91.3W  PCAP→95W  power=95.4W
[PID] perf=6.871Hz  target=6.934Hz  err=+0.063Hz  corr=+6.71W  u_ff=91.3W  PCAP→101W  power=94.6W
[PID] perf=7.072Hz  target=6.934Hz  err=-0.138Hz  corr=+1.59W  u_ff=91.3W  PCAP→95W  power=100.9W
[PID] perf=6.899Hz  target=6.934Hz  err=+0.036Hz  corr=+5.63W  u_ff=91.3W  PCAP→95W  power=95.7W
[PID] perf=6.905Hz  target=6.934Hz  err=+0.030Hz  corr=+5.63W  u_ff=91.3W  PCAP→95W  power=95.7W
[PID] perf=6.917Hz  target=6.934Hz  err=+0.017Hz  corr=+5.42W  u_ff=91.3W  PCAP→95W  power=94.9W
[PID] perf=6.894Hz  target=6.934Hz  err=+0.041Hz  corr=+6.14W  u_ff=91.3W  PCAP→95W  power=96.3W
[PID] perf=6.911Hz  target=6.934Hz  err=+0.024Hz  corr=+5.86W  u_ff=91.3W  PCAP→95W  power=94.6W
[PID] perf=6.914Hz  target=6.934Hz  err=+0.020Hz  corr=+5.87W  u_ff=91.3W  PCAP→95W  power=94.9W
[PID] perf=6.912Hz  target=6.934Hz  err=+0.022Hz  corr=+6.02W  u_ff=91.3W  PCAP→95W  power=94.9W
[PID] perf=6.910Hz  target=6.934Hz  err=+0.024Hz  corr=+6.17W  u_ff=91.3W  PCAP→95W  power=96.0W
[PID] perf=6.904Hz  target=6.934Hz  err=+0.030Hz  corr=+6.45W  u_ff=91.3W  PCAP→95W  power=95.4W
[PID] perf=6.915Hz  target=6.934Hz  err=+0.019Hz  corr=+6.28W  u_ff=91.3W  PCAP→95W  power=95.2W
[PID] perf=6.908Hz  target=6.934Hz  err=+0.026Hz  corr=+6.56W  u_ff=91.3W  PCAP→95W  power=96.3W
[PID] perf=6.919Hz  target=6.934Hz  err=+0.015Hz  corr=+6.38W  u_ff=91.3W  PCAP→95W  power=95.3W
[PID] perf=6.910Hz  target=6.934Hz  err=+0.024Hz  corr=+6.68W  u_ff=91.3W  PCAP→101W  power=93.1W
[PID] perf=7.072Hz  target=6.934Hz  err=-0.138Hz  corr=+2.44W  u_ff=91.3W  PCAP→95W  power=100.5W
[PID] perf=6.907Hz  target=6.934Hz  err=+0.027Hz  corr=+6.26W  u_ff=91.3W  PCAP→95W  power=95.6W
[PID] perf=6.907Hz  target=6.934Hz  err=+0.028Hz  corr=+6.39W  u_ff=91.3W  PCAP→95W  power=95.1W
[PID] perf=6.910Hz  target=6.934Hz  err=+0.024Hz  corr=+6.42W  u_ff=91.3W  PCAP→95W  power=96.0W
[PID] perf=6.900Hz  target=6.934Hz  err=+0.034Hz  corr=+6.79W  u_ff=91.3W  PCAP→101W  power=94.8W
[PID] perf=7.071Hz  target=6.934Hz  err=-0.136Hz  corr=+2.36W  u_ff=91.3W  PCAP→95W  power=102.2W
Process completed.
Compressed into /home/cc/summer2024/main_codes/pid_controller/../experiment_data/PID_Control_sweep/ones-npb-is/compressed_iteration_20260512_043128.tar
----------------------------------

>>> Step 2/3

[ones-npb-is]
  target perf      : 6.9343 Hz
  coefficients_perf: [-0.0002928630053090073, 0.09346144861544026, 0.8415796304794382]
  feedforward PCAP : 91.32 W  →  89 W (snapped)
  Perf(u_ff) check : 6.9343 Hz  (should ≈ target)
  PID gains        : Kp=22.4258 W/Hz  Ki=2.24258 W/(Hz·s)  Kd=0.0000
[PID] perf=3.492Hz  target=6.934Hz  err=+3.442Hz  corr=+92.63W  u_ff=91.3W  PCAP→165W  power=nanW
[PID] perf=8.264Hz  target=6.934Hz  err=-1.330Hz  corr=-20.36W  u_ff=91.3W  PCAP→78W  power=159.3W
[PID] perf=6.238Hz  target=6.934Hz  err=+0.696Hz  corr=+28.21W  u_ff=91.3W  PCAP→118W  power=77.6W
[PID] perf=7.500Hz  target=6.934Hz  err=-0.566Hz  corr=-2.63W  u_ff=91.3W  PCAP→89W  power=119.9W
[PID] perf=6.752Hz  target=6.934Hz  err=+0.182Hz  corr=+14.95W  u_ff=91.3W  PCAP→107W  power=90.3W
[PID] perf=7.383Hz  target=6.934Hz  err=-0.449Hz  corr=-1.20W  u_ff=91.3W  PCAP→89W  power=108.1W
[PID] perf=6.819Hz  target=6.934Hz  err=+0.116Hz  corr=+11.97W  u_ff=91.3W  PCAP→101W  power=89.9W
[PID] perf=7.238Hz  target=6.934Hz  err=-0.304Hz  corr=+1.20W  u_ff=91.3W  PCAP→95W  power=99.9W
[PID] perf=7.052Hz  target=6.934Hz  err=-0.118Hz  corr=+4.84W  u_ff=91.3W  PCAP→95W  power=94.7W
[PID] perf=7.044Hz  target=6.934Hz  err=-0.110Hz  corr=+4.54W  u_ff=91.3W  PCAP→95W  power=93.6W
[PID] perf=7.038Hz  target=6.934Hz  err=-0.104Hz  corr=+4.20W  u_ff=91.3W  PCAP→95W  power=94.9W
[PID] perf=7.000Hz  target=6.934Hz  err=-0.065Hz  corr=+4.77W  u_ff=91.3W  PCAP→95W  power=93.9W
[PID] perf=6.971Hz  target=6.934Hz  err=-0.037Hz  corr=+5.25W  u_ff=91.3W  PCAP→95W  power=93.4W
[PID] perf=6.947Hz  target=6.934Hz  err=-0.013Hz  corr=+5.72W  u_ff=91.3W  PCAP→95W  power=95.7W
[PID] perf=6.958Hz  target=6.934Hz  err=-0.024Hz  corr=+5.38W  u_ff=91.3W  PCAP→95W  power=94.0W
[PID] perf=6.950Hz  target=6.934Hz  err=-0.016Hz  corr=+5.47W  u_ff=91.3W  PCAP→95W  power=94.1W
[PID] perf=6.941Hz  target=6.934Hz  err=-0.007Hz  corr=+5.65W  u_ff=91.3W  PCAP→95W  power=94.4W
[PID] perf=6.929Hz  target=6.934Hz  err=+0.006Hz  corr=+5.96W  u_ff=91.3W  PCAP→95W  power=96.4W
[PID] perf=6.951Hz  target=6.934Hz  err=-0.016Hz  corr=+5.39W  u_ff=91.3W  PCAP→95W  power=95.0W
[PID] perf=6.955Hz  target=6.934Hz  err=-0.021Hz  corr=+5.19W  u_ff=91.3W  PCAP→95W  power=93.7W
[PID] perf=6.944Hz  target=6.934Hz  err=-0.010Hz  corr=+5.39W  u_ff=91.3W  PCAP→95W  power=94.3W
[PID] perf=6.934Hz  target=6.934Hz  err=-0.000Hz  corr=+5.61W  u_ff=91.3W  PCAP→95W  power=95.6W
[PID] perf=6.933Hz  target=6.934Hz  err=+0.001Hz  corr=+5.65W  u_ff=91.3W  PCAP→95W  power=94.0W
[PID] perf=6.946Hz  target=6.934Hz  err=-0.012Hz  corr=+5.30W  u_ff=91.3W  PCAP→95W  power=95.7W
[PID] perf=6.956Hz  target=6.934Hz  err=-0.022Hz  corr=+4.99W  u_ff=91.3W  PCAP→95W  power=95.0W
[PID] perf=6.952Hz  target=6.934Hz  err=-0.018Hz  corr=+4.98W  u_ff=91.3W  PCAP→95W  power=94.6W
[PID] perf=6.944Hz  target=6.934Hz  err=-0.010Hz  corr=+5.13W  u_ff=91.3W  PCAP→95W  power=96.2W
[PID] perf=6.943Hz  target=6.934Hz  err=-0.008Hz  corr=+5.12W  u_ff=91.3W  PCAP→95W  power=95.7W
[PID] perf=6.951Hz  target=6.934Hz  err=-0.017Hz  corr=+4.85W  u_ff=91.3W  PCAP→95W  power=96.1W
[PID] perf=6.935Hz  target=6.934Hz  err=-0.000Hz  corr=+5.23W  u_ff=91.3W  PCAP→95W  power=94.7W
[PID] perf=6.916Hz  target=6.934Hz  err=+0.019Hz  corr=+5.73W  u_ff=91.3W  PCAP→95W  power=96.0W
[PID] perf=6.945Hz  target=6.934Hz  err=-0.010Hz  corr=+5.04W  u_ff=91.3W  PCAP→95W  power=94.4W
[PID] perf=6.956Hz  target=6.934Hz  err=-0.022Hz  corr=+4.69W  u_ff=91.3W  PCAP→95W  power=94.8W
[PID] perf=6.940Hz  target=6.934Hz  err=-0.006Hz  corr=+5.01W  u_ff=91.3W  PCAP→95W  power=94.4W
[PID] perf=6.948Hz  target=6.934Hz  err=-0.013Hz  corr=+4.79W  u_ff=91.3W  PCAP→95W  power=95.5W
[PID] perf=6.936Hz  target=6.934Hz  err=-0.002Hz  corr=+5.04W  u_ff=91.3W  PCAP→95W  power=93.9W
[PID] perf=6.939Hz  target=6.934Hz  err=-0.005Hz  corr=+4.94W  u_ff=91.3W  PCAP→95W  power=95.6W
[PID] perf=6.950Hz  target=6.934Hz  err=-0.016Hz  corr=+4.64W  u_ff=91.3W  PCAP→95W  power=94.0W
[PID] perf=6.935Hz  target=6.934Hz  err=-0.001Hz  corr=+4.97W  u_ff=91.3W  PCAP→95W  power=95.1W
[PID] perf=6.935Hz  target=6.934Hz  err=-0.001Hz  corr=+4.96W  u_ff=91.3W  PCAP→95W  power=94.3W
[PID] perf=6.919Hz  target=6.934Hz  err=+0.015Hz  corr=+5.39W  u_ff=91.3W  PCAP→95W  power=96.6W
[PID] perf=6.946Hz  target=6.934Hz  err=-0.011Hz  corr=+4.74W  u_ff=91.3W  PCAP→95W  power=94.4W
[PID] perf=6.946Hz  target=6.934Hz  err=-0.012Hz  corr=+4.67W  u_ff=91.3W  PCAP→95W  power=95.8W
[PID] perf=6.933Hz  target=6.934Hz  err=+0.002Hz  corr=+4.98W  u_ff=91.3W  PCAP→95W  power=95.1W
[PID] perf=6.911Hz  target=6.934Hz  err=+0.023Hz  corr=+5.58W  u_ff=91.3W  PCAP→95W  power=96.7W
[PID] perf=6.938Hz  target=6.934Hz  err=-0.004Hz  corr=+4.95W  u_ff=91.3W  PCAP→95W  power=96.6W
[PID] perf=6.937Hz  target=6.934Hz  err=-0.003Hz  corr=+4.97W  u_ff=91.3W  PCAP→95W  power=94.4W
[PID] perf=6.940Hz  target=6.934Hz  err=-0.006Hz  corr=+4.87W  u_ff=91.3W  PCAP→95W  power=94.3W
[PID] perf=6.923Hz  target=6.934Hz  err=+0.011Hz  corr=+5.30W  u_ff=91.3W  PCAP→95W  power=94.7W
[PID] perf=6.858Hz  target=6.934Hz  err=+0.076Hz  corr=+7.10W  u_ff=91.3W  PCAP→101W  power=95.0W
[PID] perf=7.018Hz  target=6.934Hz  err=-0.084Hz  corr=+3.14W  u_ff=91.3W  PCAP→95W  power=100.9W
[PID] perf=6.854Hz  target=6.934Hz  err=+0.081Hz  corr=+7.18W  u_ff=91.3W  PCAP→101W  power=94.5W
[PID] perf=7.042Hz  target=6.934Hz  err=-0.108Hz  corr=+2.48W  u_ff=91.3W  PCAP→95W  power=101.0W
[PID] perf=6.867Hz  target=6.934Hz  err=+0.067Hz  corr=+6.71W  u_ff=91.3W  PCAP→101W  power=94.1W
[PID] perf=7.034Hz  target=6.934Hz  err=-0.100Hz  corr=+2.51W  u_ff=91.3W  PCAP→95W  power=100.5W
[PID] perf=6.856Hz  target=6.934Hz  err=+0.078Hz  corr=+6.86W  u_ff=91.3W  PCAP→101W  power=95.5W
[PID] perf=7.036Hz  target=6.934Hz  err=-0.102Hz  corr=+2.36W  u_ff=91.3W  PCAP→95W  power=101.5W
[PID] perf=6.859Hz  target=6.934Hz  err=+0.075Hz  corr=+6.67W  u_ff=91.3W  PCAP→95W  power=94.2W
[PID] perf=6.864Hz  target=6.934Hz  err=+0.070Hz  corr=+6.87W  u_ff=91.3W  PCAP→101W  power=94.4W
[PID] perf=7.026Hz  target=6.934Hz  err=-0.092Hz  corr=+2.83W  u_ff=91.3W  PCAP→95W  power=100.6W
[PID] perf=6.850Hz  target=6.934Hz  err=+0.084Hz  corr=+7.16W  u_ff=91.3W  PCAP→101W  power=94.5W
[PID] perf=7.033Hz  target=6.934Hz  err=-0.098Hz  corr=+2.62W  u_ff=91.3W  PCAP→95W  power=100.7W
[PID] perf=6.849Hz  target=6.934Hz  err=+0.085Hz  corr=+7.12W  u_ff=91.3W  PCAP→101W  power=93.5W
[PID] perf=7.030Hz  target=6.934Hz  err=-0.096Hz  corr=+2.63W  u_ff=91.3W  PCAP→95W  power=100.1W
[PID] perf=6.857Hz  target=6.934Hz  err=+0.077Hz  corr=+6.84W  u_ff=91.3W  PCAP→101W  power=94.5W
[PID] perf=7.026Hz  target=6.934Hz  err=-0.092Hz  corr=+2.65W  u_ff=91.3W  PCAP→95W  power=101.0W
[PID] perf=6.854Hz  target=6.934Hz  err=+0.080Hz  corr=+6.87W  u_ff=91.3W  PCAP→101W  power=95.9W
[PID] perf=7.033Hz  target=6.934Hz  err=-0.098Hz  corr=+2.42W  u_ff=91.3W  PCAP→95W  power=100.6W
[PID] perf=6.782Hz  target=6.934Hz  err=+0.152Hz  corr=+8.73W  u_ff=91.3W  PCAP→101W  power=95.2W
[PID] perf=6.951Hz  target=6.934Hz  err=-0.017Hz  corr=+4.85W  u_ff=91.3W  PCAP→95W  power=101.7W
[PID] perf=6.791Hz  target=6.934Hz  err=+0.143Hz  corr=+9.08W  u_ff=91.3W  PCAP→101W  power=93.3W
[PID] perf=6.957Hz  target=6.934Hz  err=-0.023Hz  corr=+5.25W  u_ff=91.3W  PCAP→95W  power=101.2W
[PID] perf=6.784Hz  target=6.934Hz  err=+0.151Hz  corr=+9.83W  u_ff=91.3W  PCAP→101W  power=95.9W
Process completed.
Compressed into /home/cc/summer2024/main_codes/pid_controller/../experiment_data/PID_Control_sweep/ones-npb-is/compressed_iteration_20260512_043353.tar
----------------------------------

>>> Step 3/3

[ones-npb-is]
  target perf      : 6.9343 Hz
  coefficients_perf: [-0.0002928630053090073, 0.09346144861544026, 0.8415796304794382]
  feedforward PCAP : 91.32 W  →  89 W (snapped)
  Perf(u_ff) check : 6.9343 Hz  (should ≈ target)
  PID gains        : Kp=22.4258 W/Hz  Ki=2.24258 W/(Hz·s)  Kd=0.0000
[PID] perf=3.580Hz  target=6.934Hz  err=+3.355Hz  corr=+90.28W  u_ff=91.3W  PCAP→165W  power=nanW
[PID] perf=8.090Hz  target=6.934Hz  err=-1.156Hz  corr=-16.06W  u_ff=91.3W  PCAP→78W  power=162.0W
[PID] perf=6.105Hz  target=6.934Hz  err=+0.829Hz  corr=+32.17W  u_ff=91.3W  PCAP→124W  power=79.3W
[PID] perf=7.504Hz  target=6.934Hz  err=-0.570Hz  corr=-1.76W  u_ff=91.3W  PCAP→89W  power=121.3W
[PID] perf=6.676Hz  target=6.934Hz  err=+0.258Hz  corr=+17.96W  u_ff=91.3W  PCAP→107W  power=90.6W
[PID] perf=7.161Hz  target=6.934Hz  err=-0.227Hz  corr=+6.08W  u_ff=91.3W  PCAP→95W  power=106.2W
[PID] perf=6.878Hz  target=6.934Hz  err=+0.056Hz  corr=+12.68W  u_ff=91.3W  PCAP→101W  power=94.9W
[PID] perf=7.071Hz  target=6.934Hz  err=-0.137Hz  corr=+7.73W  u_ff=91.3W  PCAP→101W  power=99.5W
[PID] perf=7.075Hz  target=6.934Hz  err=-0.140Hz  corr=+7.02W  u_ff=91.3W  PCAP→101W  power=101.6W
[PID] perf=7.035Hz  target=6.934Hz  err=-0.101Hz  corr=+7.46W  u_ff=91.3W  PCAP→101W  power=100.6W
[PID] perf=7.044Hz  target=6.934Hz  err=-0.110Hz  corr=+6.76W  u_ff=91.3W  PCAP→101W  power=101.4W
[PID] perf=7.055Hz  target=6.934Hz  err=-0.120Hz  corr=+5.99W  u_ff=91.3W  PCAP→95W  power=101.1W
[PID] perf=6.863Hz  target=6.934Hz  err=+0.071Hz  corr=+10.61W  u_ff=91.3W  PCAP→101W  power=94.7W
[PID] perf=7.053Hz  target=6.934Hz  err=-0.119Hz  corr=+5.81W  u_ff=91.3W  PCAP→95W  power=99.9W
[PID] perf=6.879Hz  target=6.934Hz  err=+0.055Hz  corr=+9.96W  u_ff=91.3W  PCAP→101W  power=95.1W
[PID] perf=7.056Hz  target=6.934Hz  err=-0.122Hz  corr=+5.45W  u_ff=91.3W  PCAP→95W  power=102.4W
[PID] perf=6.879Hz  target=6.934Hz  err=+0.056Hz  corr=+9.67W  u_ff=91.3W  PCAP→101W  power=94.5W
[PID] perf=7.051Hz  target=6.934Hz  err=-0.117Hz  corr=+5.28W  u_ff=91.3W  PCAP→95W  power=101.6W
[PID] perf=6.895Hz  target=6.934Hz  err=+0.040Hz  corr=+8.97W  u_ff=91.3W  PCAP→101W  power=94.0W
[PID] perf=7.038Hz  target=6.934Hz  err=-0.104Hz  corr=+5.28W  u_ff=91.3W  PCAP→95W  power=101.2W
[PID] perf=6.887Hz  target=6.934Hz  err=+0.047Hz  corr=+8.89W  u_ff=91.3W  PCAP→101W  power=95.1W
[PID] perf=7.059Hz  target=6.934Hz  err=-0.125Hz  corr=+4.47W  u_ff=91.3W  PCAP→95W  power=101.3W
[PID] perf=6.894Hz  target=6.934Hz  err=+0.041Hz  corr=+8.36W  u_ff=91.3W  PCAP→101W  power=96.2W
[PID] perf=7.133Hz  target=6.934Hz  err=-0.198Hz  corr=+2.11W  u_ff=91.3W  PCAP→95W  power=101.9W
[PID] perf=6.955Hz  target=6.934Hz  err=-0.020Hz  corr=+6.01W  u_ff=91.3W  PCAP→95W  power=95.2W
[PID] perf=6.967Hz  target=6.934Hz  err=-0.032Hz  corr=+5.59W  u_ff=91.3W  PCAP→95W  power=96.3W
[PID] perf=6.973Hz  target=6.934Hz  err=-0.038Hz  corr=+5.29W  u_ff=91.3W  PCAP→95W  power=93.6W
[PID] perf=6.964Hz  target=6.934Hz  err=-0.029Hz  corr=+5.36W  u_ff=91.3W  PCAP→95W  power=96.2W
[PID] perf=6.971Hz  target=6.934Hz  err=-0.037Hz  corr=+5.02W  u_ff=91.3W  PCAP→95W  power=95.8W
[PID] perf=6.969Hz  target=6.934Hz  err=-0.035Hz  corr=+4.91W  u_ff=91.3W  PCAP→95W  power=95.0W
[PID] perf=6.966Hz  target=6.934Hz  err=-0.032Hz  corr=+4.83W  u_ff=91.3W  PCAP→95W  power=93.4W
[PID] perf=6.975Hz  target=6.934Hz  err=-0.041Hz  corr=+4.45W  u_ff=91.3W  PCAP→95W  power=95.9W
[PID] perf=6.955Hz  target=6.934Hz  err=-0.020Hz  corr=+4.82W  u_ff=91.3W  PCAP→95W  power=96.0W
[PID] perf=6.969Hz  target=6.934Hz  err=-0.035Hz  corr=+4.33W  u_ff=91.3W  PCAP→95W  power=94.0W
[PID] perf=6.960Hz  target=6.934Hz  err=-0.026Hz  corr=+4.42W  u_ff=91.3W  PCAP→95W  power=95.6W
[PID] perf=6.967Hz  target=6.934Hz  err=-0.033Hz  corr=+4.11W  u_ff=91.3W  PCAP→95W  power=95.8W
[PID] perf=6.976Hz  target=6.934Hz  err=-0.042Hz  corr=+3.73W  u_ff=91.3W  PCAP→95W  power=94.9W
[PID] perf=6.967Hz  target=6.934Hz  err=-0.033Hz  corr=+3.78W  u_ff=91.3W  PCAP→95W  power=94.6W
[PID] perf=6.961Hz  target=6.934Hz  err=-0.026Hz  corr=+3.80W  u_ff=91.3W  PCAP→95W  power=93.9W
[PID] perf=6.954Hz  target=6.934Hz  err=-0.019Hz  corr=+3.88W  u_ff=91.3W  PCAP→95W  power=94.3W
[PID] perf=6.970Hz  target=6.934Hz  err=-0.035Hz  corr=+3.36W  u_ff=91.3W  PCAP→95W  power=95.0W
[PID] perf=6.983Hz  target=6.934Hz  err=-0.049Hz  corr=+2.85W  u_ff=91.3W  PCAP→95W  power=96.2W
[PID] perf=6.976Hz  target=6.934Hz  err=-0.042Hz  corr=+2.81W  u_ff=91.3W  PCAP→95W  power=96.2W
[PID] perf=6.964Hz  target=6.934Hz  err=-0.029Hz  corr=+2.95W  u_ff=91.3W  PCAP→95W  power=94.6W
[PID] perf=6.956Hz  target=6.934Hz  err=-0.022Hz  corr=+3.03W  u_ff=91.3W  PCAP→95W  power=94.4W
[PID] perf=6.966Hz  target=6.934Hz  err=-0.032Hz  corr=+2.65W  u_ff=91.3W  PCAP→95W  power=96.2W
[PID] perf=6.975Hz  target=6.934Hz  err=-0.041Hz  corr=+2.27W  u_ff=91.3W  PCAP→95W  power=96.0W
[PID] perf=6.960Hz  target=6.934Hz  err=-0.025Hz  corr=+2.51W  u_ff=91.3W  PCAP→95W  power=96.2W
[PID] perf=6.974Hz  target=6.934Hz  err=-0.040Hz  corr=+2.01W  u_ff=91.3W  PCAP→95W  power=95.2W
[PID] perf=6.945Hz  target=6.934Hz  err=-0.011Hz  corr=+2.62W  u_ff=91.3W  PCAP→95W  power=93.5W
[PID] perf=6.958Hz  target=6.934Hz  err=-0.024Hz  corr=+2.21W  u_ff=91.3W  PCAP→95W  power=94.1W
[PID] perf=6.982Hz  target=6.934Hz  err=-0.048Hz  corr=+1.46W  u_ff=91.3W  PCAP→95W  power=94.6W
[PID] perf=6.969Hz  target=6.934Hz  err=-0.035Hz  corr=+1.59W  u_ff=91.3W  PCAP→95W  power=96.0W
[PID] perf=6.963Hz  target=6.934Hz  err=-0.029Hz  corr=+1.60W  u_ff=91.3W  PCAP→95W  power=95.0W
[PID] perf=6.955Hz  target=6.934Hz  err=-0.021Hz  corr=+1.68W  u_ff=91.3W  PCAP→95W  power=94.5W
[PID] perf=6.965Hz  target=6.934Hz  err=-0.031Hz  corr=+1.31W  u_ff=91.3W  PCAP→95W  power=96.3W
[PID] perf=6.962Hz  target=6.934Hz  err=-0.028Hz  corr=+1.26W  u_ff=91.3W  PCAP→95W  power=93.8W
[PID] perf=6.963Hz  target=6.934Hz  err=-0.029Hz  corr=+1.11W  u_ff=91.3W  PCAP→95W  power=95.1W
[PID] perf=6.978Hz  target=6.934Hz  err=-0.044Hz  corr=+0.58W  u_ff=91.3W  PCAP→89W  power=94.4W
[PID] perf=6.766Hz  target=6.934Hz  err=+0.168Hz  corr=+6.08W  u_ff=91.3W  PCAP→95W  power=89.3W
[PID] perf=6.985Hz  target=6.934Hz  err=-0.050Hz  corr=+0.96W  u_ff=91.3W  PCAP→95W  power=95.0W
[PID] perf=6.991Hz  target=6.934Hz  err=-0.057Hz  corr=+0.55W  u_ff=91.3W  PCAP→89W  power=95.6W
[PID] perf=6.755Hz  target=6.934Hz  err=+0.179Hz  corr=+6.65W  u_ff=91.3W  PCAP→95W  power=89.6W
[PID] perf=6.987Hz  target=6.934Hz  err=-0.053Hz  corr=+1.22W  u_ff=91.3W  PCAP→95W  power=95.2W
[PID] perf=6.976Hz  target=6.934Hz  err=-0.042Hz  corr=+1.27W  u_ff=91.3W  PCAP→95W  power=95.7W
[PID] perf=6.974Hz  target=6.934Hz  err=-0.040Hz  corr=+1.14W  u_ff=91.3W  PCAP→95W  power=96.1W
[PID] perf=6.964Hz  target=6.934Hz  err=-0.030Hz  corr=+1.23W  u_ff=91.3W  PCAP→95W  power=95.1W
[PID] perf=6.980Hz  target=6.934Hz  err=-0.046Hz  corr=+0.66W  u_ff=91.3W  PCAP→89W  power=96.6W
[PID] perf=6.760Hz  target=6.934Hz  err=+0.174Hz  corr=+6.37W  u_ff=91.3W  PCAP→95W  power=89.1W
[PID] perf=6.969Hz  target=6.934Hz  err=-0.034Hz  corr=+1.55W  u_ff=91.3W  PCAP→95W  power=96.2W
[PID] perf=6.977Hz  target=6.934Hz  err=-0.043Hz  corr=+1.17W  u_ff=91.3W  PCAP→95W  power=96.4W
[PID] perf=6.978Hz  target=6.934Hz  err=-0.044Hz  corr=+0.94W  u_ff=91.3W  PCAP→95W  power=94.2W
[PID] perf=6.979Hz  target=6.934Hz  err=-0.045Hz  corr=+0.73W  u_ff=91.3W  PCAP→95W  power=95.3W
Process completed.
Compressed into /home/cc/summer2024/main_codes/pid_controller/../experiment_data/PID_Control_sweep/ones-npb-is/compressed_iteration_20260512_043618.tar
----------------------------------
