
>>> Step 1/3

[ones-npb-ft]
  target perf      : 11.6717 Hz
  coefficients_perf: [-0.0005522560062416729, 0.2000532994178523, -2.29133973770495]
  feedforward PCAP : 94.39 W  →  95 W (snapped)
  Perf(u_ff) check : 11.6717 Hz  (should ≈ target)
  PID gains        : Kp=7.5924 W/Hz  Ki=0.75924 W/(Hz·s)  Kd=0.0000
[PID] perf=6.497Hz  target=11.672Hz  err=+5.175Hz  corr=+47.15W  u_ff=94.4W  PCAP→141W  power=nanW
[PID] perf=18.471Hz  target=11.672Hz  err=-6.800Hz  corr=-54.09W  u_ff=94.4W  PCAP→78W  power=138.7W
[PID] perf=12.996Hz  target=11.672Hz  err=-1.324Hz  corr=-14.53W  u_ff=94.4W  PCAP→78W  power=78.2W
[PID] perf=12.924Hz  target=11.672Hz  err=-1.252Hz  corr=-15.89W  u_ff=94.4W  PCAP→78W  power=76.9W
[PID] perf=12.930Hz  target=11.672Hz  err=-1.258Hz  corr=-17.84W  u_ff=94.4W  PCAP→78W  power=77.9W
[PID] perf=13.041Hz  target=11.672Hz  err=-1.369Hz  corr=-20.77W  u_ff=94.4W  PCAP→78W  power=73.7W
[PID] perf=12.530Hz  target=11.672Hz  err=-0.859Hz  corr=-18.19W  u_ff=94.4W  PCAP→78W  power=82.3W
[PID] perf=12.824Hz  target=11.672Hz  err=-1.152Hz  corr=-22.17W  u_ff=94.4W  PCAP→78W  power=75.4W
[PID] perf=12.828Hz  target=11.672Hz  err=-1.156Hz  corr=-23.96W  u_ff=94.4W  PCAP→78W  power=79.0W
[PID] perf=12.846Hz  target=11.672Hz  err=-1.175Hz  corr=-25.88W  u_ff=94.4W  PCAP→78W  power=78.3W
[PID] perf=12.510Hz  target=11.672Hz  err=-0.838Hz  corr=-24.60W  u_ff=94.4W  PCAP→78W  power=77.8W
[PID] perf=11.949Hz  target=11.672Hz  err=-0.277Hz  corr=-20.76W  u_ff=94.4W  PCAP→78W  power=77.2W
[PID] perf=11.366Hz  target=11.672Hz  err=+0.306Hz  corr=-15.87W  u_ff=94.4W  PCAP→78W  power=77.6W
[PID] perf=11.414Hz  target=11.672Hz  err=+0.258Hz  corr=-15.84W  u_ff=94.4W  PCAP→78W  power=75.5W
[PID] perf=11.474Hz  target=11.672Hz  err=+0.198Hz  corr=-16.00W  u_ff=94.4W  PCAP→78W  power=79.7W
[PID] perf=11.519Hz  target=11.672Hz  err=+0.152Hz  corr=-16.11W  u_ff=94.4W  PCAP→78W  power=78.6W
[PID] perf=11.718Hz  target=11.672Hz  err=-0.047Hz  corr=-17.69W  u_ff=94.4W  PCAP→78W  power=79.4W
[PID] perf=11.751Hz  target=11.672Hz  err=-0.079Hz  corr=-18.06W  u_ff=94.4W  PCAP→78W  power=77.7W
[PID] perf=11.694Hz  target=11.672Hz  err=-0.023Hz  corr=-17.67W  u_ff=94.4W  PCAP→78W  power=76.8W
[PID] perf=11.762Hz  target=11.672Hz  err=-0.090Hz  corr=-18.32W  u_ff=94.4W  PCAP→78W  power=76.5W
[PID] perf=11.872Hz  target=11.672Hz  err=-0.200Hz  corr=-19.45W  u_ff=94.4W  PCAP→78W  power=77.8W
Process completed.
Compressed into /home/cc/summer2024/main_codes/pid_controller/../experiment_data/PID_Control_sweep/ones-npb-ft/compressed_iteration_20260512_141133.tar
----------------------------------

>>> Step 2/3

[ones-npb-ft]
  target perf      : 11.6717 Hz
  coefficients_perf: [-0.0005522560062416729, 0.2000532994178523, -2.29133973770495]
  feedforward PCAP : 94.39 W  →  95 W (snapped)
  Perf(u_ff) check : 11.6717 Hz  (should ≈ target)
  PID gains        : Kp=7.5924 W/Hz  Ki=0.75924 W/(Hz·s)  Kd=0.0000
[PID] Awaiting data — feedforward PCAP=95W
[PID] perf=15.447Hz  target=11.672Hz  err=-3.775Hz  corr=-34.39W  u_ff=94.4W  PCAP→78W  power=96.3W
[PID] perf=13.033Hz  target=11.672Hz  err=-1.361Hz  corr=-18.14W  u_ff=94.4W  PCAP→78W  power=84.3W
[PID] perf=13.061Hz  target=11.672Hz  err=-1.389Hz  corr=-20.46W  u_ff=94.4W  PCAP→78W  power=78.5W
[PID] perf=12.987Hz  target=11.672Hz  err=-1.316Hz  corr=-21.90W  u_ff=94.4W  PCAP→78W  power=77.5W
[PID] perf=13.037Hz  target=11.672Hz  err=-1.365Hz  corr=-24.34W  u_ff=94.4W  PCAP→78W  power=78.6W
[PID] perf=13.071Hz  target=11.672Hz  err=-1.399Hz  corr=-26.73W  u_ff=94.4W  PCAP→78W  power=77.9W
[PID] perf=13.055Hz  target=11.672Hz  err=-1.383Hz  corr=-28.71W  u_ff=94.4W  PCAP→78W  power=77.9W
[PID] perf=13.040Hz  target=11.672Hz  err=-1.369Hz  corr=-30.67W  u_ff=94.4W  PCAP→78W  power=81.6W
[PID] perf=12.896Hz  target=11.672Hz  err=-1.224Hz  corr=-31.44W  u_ff=94.4W  PCAP→78W  power=74.6W
[PID] perf=12.508Hz  target=11.672Hz  err=-0.836Hz  corr=-29.76W  u_ff=94.4W  PCAP→78W  power=80.0W
[PID] perf=11.988Hz  target=11.672Hz  err=-0.317Hz  corr=-26.30W  u_ff=94.4W  PCAP→78W  power=75.4W
[PID] perf=11.440Hz  target=11.672Hz  err=+0.232Hz  corr=-21.78W  u_ff=94.4W  PCAP→78W  power=76.8W
[PID] perf=11.461Hz  target=11.672Hz  err=+0.210Hz  corr=-21.62W  u_ff=94.4W  PCAP→78W  power=77.4W
[PID] perf=11.551Hz  target=11.672Hz  err=+0.120Hz  corr=-22.12W  u_ff=94.4W  PCAP→78W  power=77.3W
[PID] perf=11.596Hz  target=11.672Hz  err=+0.076Hz  corr=-22.35W  u_ff=94.4W  PCAP→78W  power=76.9W
[PID] perf=11.649Hz  target=11.672Hz  err=+0.023Hz  corr=-22.71W  u_ff=94.4W  PCAP→78W  power=78.4W
[PID] perf=11.719Hz  target=11.672Hz  err=-0.047Hz  corr=-23.32W  u_ff=94.4W  PCAP→78W  power=81.1W
[PID] perf=11.698Hz  target=11.672Hz  err=-0.027Hz  corr=-23.20W  u_ff=94.4W  PCAP→78W  power=79.0W
[PID] perf=11.699Hz  target=11.672Hz  err=-0.027Hz  corr=-23.25W  u_ff=94.4W  PCAP→78W  power=76.1W
[PID] perf=11.749Hz  target=11.672Hz  err=-0.077Hz  corr=-23.74W  u_ff=94.4W  PCAP→78W  power=76.1W
Process completed.
Compressed into /home/cc/summer2024/main_codes/pid_controller/../experiment_data/PID_Control_sweep/ones-npb-ft/compressed_iteration_20260512_141214.tar
----------------------------------

>>> Step 3/3

[ones-npb-ft]
  target perf      : 11.6717 Hz
  coefficients_perf: [-0.0005522560062416729, 0.2000532994178523, -2.29133973770495]
  feedforward PCAP : 94.39 W  →  95 W (snapped)
  Perf(u_ff) check : 11.6717 Hz  (should ≈ target)
  PID gains        : Kp=7.5924 W/Hz  Ki=0.75924 W/(Hz·s)  Kd=0.0000
[PID] Awaiting data — feedforward PCAP=95W
[PID] perf=15.499Hz  target=11.672Hz  err=-3.828Hz  corr=-34.87W  u_ff=94.4W  PCAP→78W  power=96.7W
[PID] perf=13.058Hz  target=11.672Hz  err=-1.386Hz  corr=-18.44W  u_ff=94.4W  PCAP→78W  power=79.1W
[PID] perf=13.133Hz  target=11.672Hz  err=-1.462Hz  corr=-21.23W  u_ff=94.4W  PCAP→78W  power=83.2W
[PID] perf=13.049Hz  target=11.672Hz  err=-1.378Hz  corr=-22.69W  u_ff=94.4W  PCAP→78W  power=78.4W
[PID] perf=12.984Hz  target=11.672Hz  err=-1.312Hz  corr=-24.18W  u_ff=94.4W  PCAP→78W  power=74.9W
[PID] perf=12.655Hz  target=11.672Hz  err=-0.983Hz  corr=-23.18W  u_ff=94.4W  PCAP→78W  power=78.5W
[PID] perf=12.764Hz  target=11.672Hz  err=-1.092Hz  corr=-25.67W  u_ff=94.4W  PCAP→78W  power=79.0W
[PID] perf=12.850Hz  target=11.672Hz  err=-1.178Hz  corr=-28.11W  u_ff=94.4W  PCAP→78W  power=75.6W
[PID] perf=12.866Hz  target=11.672Hz  err=-1.194Hz  corr=-30.04W  u_ff=94.4W  PCAP→78W  power=81.7W
[PID] perf=12.721Hz  target=11.672Hz  err=-1.049Hz  corr=-30.53W  u_ff=94.4W  PCAP→78W  power=80.7W
[PID] perf=11.787Hz  target=11.672Hz  err=-0.115Hz  corr=-23.62W  u_ff=94.4W  PCAP→78W  power=78.3W
[PID] perf=11.253Hz  target=11.672Hz  err=+0.419Hz  corr=-18.93W  u_ff=94.4W  PCAP→78W  power=78.4W
[PID] perf=11.116Hz  target=11.672Hz  err=+0.555Hz  corr=-17.05W  u_ff=94.4W  PCAP→78W  power=79.6W
[PID] perf=11.242Hz  target=11.672Hz  err=+0.430Hz  corr=-17.35W  u_ff=94.4W  PCAP→78W  power=78.5W
[PID] perf=11.375Hz  target=11.672Hz  err=+0.297Hz  corr=-17.91W  u_ff=94.4W  PCAP→78W  power=76.4W
[PID] perf=11.440Hz  target=11.672Hz  err=+0.231Hz  corr=-18.05W  u_ff=94.4W  PCAP→78W  power=77.8W
[PID] perf=11.389Hz  target=11.672Hz  err=+0.283Hz  corr=-17.23W  u_ff=94.4W  PCAP→78W  power=76.9W
[PID] perf=11.504Hz  target=11.672Hz  err=+0.167Hz  corr=-17.86W  u_ff=94.4W  PCAP→78W  power=78.4W
[PID] perf=11.542Hz  target=11.672Hz  err=+0.129Hz  corr=-17.95W  u_ff=94.4W  PCAP→78W  power=77.6W
[PID] perf=11.545Hz  target=11.672Hz  err=+0.127Hz  corr=-17.77W  u_ff=94.4W  PCAP→78W  power=79.2W
Process completed.
Compressed into /home/cc/summer2024/main_codes/pid_controller/../experiment_data/PID_Control_sweep/ones-npb-ft/compressed_iteration_20260512_141256.tar
----------------------------------
