
>>> Step 1/3

[ones-npb-is]
  target perf      : 7.5188 Hz
  coefficients_perf: [-0.0002928630053090073, 0.09346144861544026, 0.8415796304794382]
  feedforward PCAP : 107.98 W  →  107 W (snapped)
  Perf(u_ff) check : 7.5188 Hz  (should ≈ target)
  PID gains        : Kp=22.4258 W/Hz  Ki=2.24258 W/(Hz·s)  Kd=0.0000
[PID] perf=4.111Hz  target=7.519Hz  err=+3.408Hz  corr=+91.71W  u_ff=108.0W  PCAP→165W  power=nanW
[PID] perf=8.033Hz  target=7.519Hz  err=-0.514Hz  corr=+1.46W  u_ff=108.0W  PCAP→107W  power=162.0W
[PID] perf=7.194Hz  target=7.519Hz  err=+0.325Hz  corr=+21.72W  u_ff=108.0W  PCAP→130W  power=107.9W
[PID] perf=7.618Hz  target=7.519Hz  err=-0.099Hz  corr=+11.78W  u_ff=108.0W  PCAP→118W  power=128.6W
[PID] perf=7.428Hz  target=7.519Hz  err=+0.091Hz  corr=+16.44W  u_ff=108.0W  PCAP→124W  power=119.6W
[PID] perf=7.702Hz  target=7.519Hz  err=-0.183Hz  corr=+9.48W  u_ff=108.0W  PCAP→118W  power=125.9W
[PID] perf=7.572Hz  target=7.519Hz  err=-0.053Hz  corr=+12.15W  u_ff=108.0W  PCAP→118W  power=117.4W
[PID] perf=7.573Hz  target=7.519Hz  err=-0.054Hz  corr=+11.88W  u_ff=108.0W  PCAP→118W  power=116.6W
[PID] perf=7.545Hz  target=7.519Hz  err=-0.026Hz  corr=+12.39W  u_ff=108.0W  PCAP→118W  power=117.3W
[PID] perf=7.455Hz  target=7.519Hz  err=+0.063Hz  corr=+14.69W  u_ff=108.0W  PCAP→124W  power=118.0W
[PID] perf=7.575Hz  target=7.519Hz  err=-0.056Hz  corr=+11.76W  u_ff=108.0W  PCAP→118W  power=124.1W
[PID] perf=7.493Hz  target=7.519Hz  err=+0.025Hz  corr=+13.70W  u_ff=108.0W  PCAP→124W  power=114.9W
[PID] perf=7.508Hz  target=7.519Hz  err=+0.011Hz  corr=+13.43W  u_ff=108.0W  PCAP→124W  power=125.6W
[PID] perf=7.508Hz  target=7.519Hz  err=+0.010Hz  corr=+13.46W  u_ff=108.0W  PCAP→124W  power=122.6W
[PID] perf=7.508Hz  target=7.519Hz  err=+0.010Hz  corr=+13.51W  u_ff=108.0W  PCAP→124W  power=125.6W
[PID] perf=7.506Hz  target=7.519Hz  err=+0.013Hz  corr=+13.63W  u_ff=108.0W  PCAP→124W  power=122.6W
[PID] perf=7.511Hz  target=7.519Hz  err=+0.008Hz  corr=+13.55W  u_ff=108.0W  PCAP→124W  power=124.5W
[PID] perf=7.511Hz  target=7.519Hz  err=+0.008Hz  corr=+13.58W  u_ff=108.0W  PCAP→124W  power=124.3W
[PID] perf=7.506Hz  target=7.519Hz  err=+0.013Hz  corr=+13.76W  u_ff=108.0W  PCAP→124W  power=126.2W
[PID] perf=7.509Hz  target=7.519Hz  err=+0.010Hz  corr=+13.72W  u_ff=108.0W  PCAP→124W  power=123.6W
[PID] perf=7.504Hz  target=7.519Hz  err=+0.015Hz  corr=+13.90W  u_ff=108.0W  PCAP→124W  power=124.6W
[PID] perf=7.504Hz  target=7.519Hz  err=+0.015Hz  corr=+13.97W  u_ff=108.0W  PCAP→124W  power=122.9W
[PID] perf=7.508Hz  target=7.519Hz  err=+0.011Hz  corr=+13.93W  u_ff=108.0W  PCAP→124W  power=124.9W
[PID] perf=7.503Hz  target=7.519Hz  err=+0.016Hz  corr=+14.12W  u_ff=108.0W  PCAP→124W  power=123.0W
[PID] perf=7.509Hz  target=7.519Hz  err=+0.010Hz  corr=+14.02W  u_ff=108.0W  PCAP→124W  power=125.4W
[PID] perf=7.512Hz  target=7.519Hz  err=+0.007Hz  corr=+13.99W  u_ff=108.0W  PCAP→124W  power=125.4W
[PID] perf=7.508Hz  target=7.519Hz  err=+0.011Hz  corr=+14.13W  u_ff=108.0W  PCAP→124W  power=124.1W
[PID] perf=7.506Hz  target=7.519Hz  err=+0.013Hz  corr=+14.22W  u_ff=108.0W  PCAP→124W  power=123.3W
[PID] perf=7.501Hz  target=7.519Hz  err=+0.018Hz  corr=+14.42W  u_ff=108.0W  PCAP→124W  power=124.6W
[PID] perf=7.503Hz  target=7.519Hz  err=+0.016Hz  corr=+14.45W  u_ff=108.0W  PCAP→124W  power=121.5W
[PID] perf=7.502Hz  target=7.519Hz  err=+0.017Hz  corr=+14.55W  u_ff=108.0W  PCAP→124W  power=124.5W
[PID] perf=7.493Hz  target=7.519Hz  err=+0.026Hz  corr=+14.86W  u_ff=108.0W  PCAP→124W  power=125.0W
[PID] perf=7.497Hz  target=7.519Hz  err=+0.022Hz  corr=+14.87W  u_ff=108.0W  PCAP→124W  power=123.2W
[PID] perf=7.503Hz  target=7.519Hz  err=+0.016Hz  corr=+14.81W  u_ff=108.0W  PCAP→124W  power=123.7W
[PID] perf=7.488Hz  target=7.519Hz  err=+0.030Hz  corr=+15.27W  u_ff=108.0W  PCAP→124W  power=125.1W
[PID] perf=7.498Hz  target=7.519Hz  err=+0.021Hz  corr=+15.15W  u_ff=108.0W  PCAP→124W  power=121.9W
[PID] perf=7.495Hz  target=7.519Hz  err=+0.024Hz  corr=+15.32W  u_ff=108.0W  PCAP→124W  power=124.2W
[PID] perf=7.490Hz  target=7.519Hz  err=+0.029Hz  corr=+15.56W  u_ff=108.0W  PCAP→124W  power=123.3W
[PID] perf=7.496Hz  target=7.519Hz  err=+0.023Hz  corr=+15.53W  u_ff=108.0W  PCAP→124W  power=123.7W
[PID] perf=7.495Hz  target=7.519Hz  err=+0.024Hz  corr=+15.67W  u_ff=108.0W  PCAP→124W  power=124.0W
[PID] perf=7.498Hz  target=7.519Hz  err=+0.021Hz  corr=+15.70W  u_ff=108.0W  PCAP→124W  power=124.5W
[PID] perf=7.500Hz  target=7.519Hz  err=+0.019Hz  corr=+15.73W  u_ff=108.0W  PCAP→124W  power=125.6W
[PID] perf=7.496Hz  target=7.519Hz  err=+0.023Hz  corr=+15.93W  u_ff=108.0W  PCAP→124W  power=125.0W
[PID] perf=7.492Hz  target=7.519Hz  err=+0.027Hz  corr=+16.14W  u_ff=108.0W  PCAP→124W  power=124.5W
[PID] perf=7.496Hz  target=7.519Hz  err=+0.022Hz  corr=+16.14W  u_ff=108.0W  PCAP→124W  power=124.9W
[PID] perf=7.497Hz  target=7.519Hz  err=+0.022Hz  corr=+16.23W  u_ff=108.0W  PCAP→124W  power=124.1W
[PID] perf=7.490Hz  target=7.519Hz  err=+0.029Hz  corr=+16.52W  u_ff=108.0W  PCAP→124W  power=123.5W
[PID] perf=7.491Hz  target=7.519Hz  err=+0.028Hz  corr=+16.61W  u_ff=108.0W  PCAP→124W  power=124.9W
[PID] perf=7.487Hz  target=7.519Hz  err=+0.032Hz  corr=+16.84W  u_ff=108.0W  PCAP→124W  power=121.7W
[PID] perf=7.496Hz  target=7.519Hz  err=+0.023Hz  corr=+16.74W  u_ff=108.0W  PCAP→124W  power=122.7W
[PID] perf=7.493Hz  target=7.519Hz  err=+0.026Hz  corr=+16.93W  u_ff=108.0W  PCAP→124W  power=124.8W
[PID] perf=7.497Hz  target=7.519Hz  err=+0.022Hz  corr=+16.94W  u_ff=108.0W  PCAP→124W  power=125.9W
[PID] perf=7.499Hz  target=7.519Hz  err=+0.020Hz  corr=+16.97W  u_ff=108.0W  PCAP→124W  power=123.9W
[PID] perf=7.488Hz  target=7.519Hz  err=+0.030Hz  corr=+17.35W  u_ff=108.0W  PCAP→124W  power=120.8W
[PID] perf=7.497Hz  target=7.519Hz  err=+0.022Hz  corr=+17.26W  u_ff=108.0W  PCAP→124W  power=123.0W
[PID] perf=7.499Hz  target=7.519Hz  err=+0.020Hz  corr=+17.30W  u_ff=108.0W  PCAP→124W  power=124.0W
[PID] perf=7.489Hz  target=7.519Hz  err=+0.030Hz  corr=+17.66W  u_ff=108.0W  PCAP→124W  power=125.2W
[PID] perf=7.469Hz  target=7.519Hz  err=+0.050Hz  corr=+18.32W  u_ff=108.0W  PCAP→124W  power=124.5W
[PID] perf=7.468Hz  target=7.519Hz  err=+0.051Hz  corr=+18.59W  u_ff=108.0W  PCAP→124W  power=127.9W
[PID] perf=7.692Hz  target=7.519Hz  err=-0.173Hz  corr=+12.79W  u_ff=108.0W  PCAP→118W  power=124.1W
[PID] perf=7.548Hz  target=7.519Hz  err=-0.029Hz  corr=+15.89W  u_ff=108.0W  PCAP→124W  power=117.5W
[PID] perf=7.676Hz  target=7.519Hz  err=-0.157Hz  corr=+12.30W  u_ff=108.0W  PCAP→118W  power=122.1W
[PID] perf=7.549Hz  target=7.519Hz  err=-0.030Hz  corr=+15.03W  u_ff=108.0W  PCAP→124W  power=117.3W
[PID] perf=7.687Hz  target=7.519Hz  err=-0.168Hz  corr=+11.17W  u_ff=108.0W  PCAP→118W  power=123.4W
[PID] perf=7.553Hz  target=7.519Hz  err=-0.034Hz  corr=+14.02W  u_ff=108.0W  PCAP→124W  power=116.8W
[PID] perf=7.684Hz  target=7.519Hz  err=-0.165Hz  corr=+10.36W  u_ff=108.0W  PCAP→118W  power=125.8W
[PID] perf=7.539Hz  target=7.519Hz  err=-0.021Hz  corr=+13.50W  u_ff=108.0W  PCAP→124W  power=117.3W
Process completed.
Compressed into /home/cc/summer2024/main_codes/pid_controller/../experiment_data/PID_Control_sweep/ones-npb-is/compressed_iteration_20260512_065926.tar
----------------------------------

>>> Step 2/3

[ones-npb-is]
  target perf      : 7.5188 Hz
  coefficients_perf: [-0.0002928630053090073, 0.09346144861544026, 0.8415796304794382]
  feedforward PCAP : 107.98 W  →  107 W (snapped)
  Perf(u_ff) check : 7.5188 Hz  (should ≈ target)
  PID gains        : Kp=22.4258 W/Hz  Ki=2.24258 W/(Hz·s)  Kd=0.0000
[PID] perf=4.042Hz  target=7.519Hz  err=+3.476Hz  corr=+93.55W  u_ff=108.0W  PCAP→165W  power=nanW
[PID] perf=8.161Hz  target=7.519Hz  err=-0.642Hz  corr=-1.68W  u_ff=108.0W  PCAP→107W  power=162.1W
[PID] perf=7.304Hz  target=7.519Hz  err=+0.214Hz  corr=+18.48W  u_ff=108.0W  PCAP→124W  power=106.1W
[PID] perf=7.577Hz  target=7.519Hz  err=-0.058Hz  corr=+12.11W  u_ff=108.0W  PCAP→118W  power=125.9W
[PID] perf=7.492Hz  target=7.519Hz  err=+0.027Hz  corr=+14.14W  u_ff=108.0W  PCAP→124W  power=117.0W
[PID] perf=7.559Hz  target=7.519Hz  err=-0.040Hz  corr=+12.45W  u_ff=108.0W  PCAP→118W  power=123.6W
[PID] perf=7.432Hz  target=7.519Hz  err=+0.086Hz  corr=+15.68W  u_ff=108.0W  PCAP→124W  power=118.4W
[PID] perf=7.560Hz  target=7.519Hz  err=-0.042Hz  corr=+12.62W  u_ff=108.0W  PCAP→118W  power=122.4W
[PID] perf=7.427Hz  target=7.519Hz  err=+0.092Hz  corr=+16.03W  u_ff=108.0W  PCAP→124W  power=117.2W
[PID] perf=7.497Hz  target=7.519Hz  err=+0.022Hz  corr=+14.57W  u_ff=108.0W  PCAP→124W  power=123.4W
[PID] perf=7.491Hz  target=7.519Hz  err=+0.028Hz  corr=+14.81W  u_ff=108.0W  PCAP→124W  power=123.0W
[PID] perf=7.493Hz  target=7.519Hz  err=+0.026Hz  corr=+14.89W  u_ff=108.0W  PCAP→124W  power=125.5W
[PID] perf=7.476Hz  target=7.519Hz  err=+0.043Hz  corr=+15.46W  u_ff=108.0W  PCAP→124W  power=122.7W
[PID] perf=7.483Hz  target=7.519Hz  err=+0.036Hz  corr=+15.47W  u_ff=108.0W  PCAP→124W  power=125.1W
[PID] perf=7.478Hz  target=7.519Hz  err=+0.041Hz  corr=+15.75W  u_ff=108.0W  PCAP→124W  power=123.7W
[PID] perf=7.479Hz  target=7.519Hz  err=+0.040Hz  corr=+15.92W  u_ff=108.0W  PCAP→124W  power=124.8W
[PID] perf=7.465Hz  target=7.519Hz  err=+0.054Hz  corr=+16.48W  u_ff=108.0W  PCAP→124W  power=124.7W
[PID] perf=7.497Hz  target=7.519Hz  err=+0.021Hz  corr=+15.84W  u_ff=108.0W  PCAP→124W  power=121.7W
[PID] perf=7.482Hz  target=7.519Hz  err=+0.037Hz  corr=+16.36W  u_ff=108.0W  PCAP→124W  power=123.2W
[PID] perf=7.465Hz  target=7.519Hz  err=+0.054Hz  corr=+16.97W  u_ff=108.0W  PCAP→124W  power=122.8W
[PID] perf=7.486Hz  target=7.519Hz  err=+0.033Hz  corr=+16.66W  u_ff=108.0W  PCAP→124W  power=123.0W
[PID] perf=7.485Hz  target=7.519Hz  err=+0.034Hz  corr=+16.83W  u_ff=108.0W  PCAP→124W  power=125.9W
[PID] perf=7.492Hz  target=7.519Hz  err=+0.027Hz  corr=+16.79W  u_ff=108.0W  PCAP→124W  power=123.5W
[PID] perf=7.488Hz  target=7.519Hz  err=+0.031Hz  corr=+17.03W  u_ff=108.0W  PCAP→124W  power=122.4W
[PID] perf=7.472Hz  target=7.519Hz  err=+0.047Hz  corr=+17.59W  u_ff=108.0W  PCAP→124W  power=126.0W
[PID] perf=7.487Hz  target=7.519Hz  err=+0.032Hz  corr=+17.39W  u_ff=108.0W  PCAP→124W  power=122.0W
[PID] perf=7.489Hz  target=7.519Hz  err=+0.030Hz  corr=+17.50W  u_ff=108.0W  PCAP→124W  power=123.8W
[PID] perf=7.495Hz  target=7.519Hz  err=+0.024Hz  corr=+17.47W  u_ff=108.0W  PCAP→124W  power=125.0W
[PID] perf=7.482Hz  target=7.519Hz  err=+0.037Hz  corr=+17.92W  u_ff=108.0W  PCAP→124W  power=124.4W
[PID] perf=7.492Hz  target=7.519Hz  err=+0.027Hz  corr=+17.82W  u_ff=108.0W  PCAP→124W  power=120.9W
[PID] perf=7.493Hz  target=7.519Hz  err=+0.026Hz  corr=+17.91W  u_ff=108.0W  PCAP→124W  power=121.8W
[PID] perf=7.478Hz  target=7.519Hz  err=+0.041Hz  corr=+18.43W  u_ff=108.0W  PCAP→124W  power=121.3W
[PID] perf=7.492Hz  target=7.519Hz  err=+0.027Hz  corr=+18.23W  u_ff=108.0W  PCAP→124W  power=120.9W
[PID] perf=7.492Hz  target=7.519Hz  err=+0.027Hz  corr=+18.36W  u_ff=108.0W  PCAP→124W  power=124.6W
[PID] perf=7.489Hz  target=7.519Hz  err=+0.030Hz  corr=+18.55W  u_ff=108.0W  PCAP→124W  power=122.4W
[PID] perf=7.481Hz  target=7.519Hz  err=+0.038Hz  corr=+18.90W  u_ff=108.0W  PCAP→124W  power=123.1W
[PID] perf=7.493Hz  target=7.519Hz  err=+0.026Hz  corr=+18.75W  u_ff=108.0W  PCAP→124W  power=125.2W
[PID] perf=7.486Hz  target=7.519Hz  err=+0.032Hz  corr=+19.04W  u_ff=108.0W  PCAP→130W  power=124.4W
[PID] perf=7.571Hz  target=7.519Hz  err=-0.052Hz  corr=+16.92W  u_ff=108.0W  PCAP→124W  power=127.1W
[PID] perf=7.479Hz  target=7.519Hz  err=+0.039Hz  corr=+19.14W  u_ff=108.0W  PCAP→130W  power=125.0W
[PID] perf=7.574Hz  target=7.519Hz  err=-0.055Hz  corr=+16.79W  u_ff=108.0W  PCAP→124W  power=129.0W
[PID] perf=7.476Hz  target=7.519Hz  err=+0.043Hz  corr=+19.17W  u_ff=108.0W  PCAP→130W  power=123.8W
[PID] perf=7.570Hz  target=7.519Hz  err=-0.051Hz  corr=+16.84W  u_ff=108.0W  PCAP→124W  power=130.0W
[PID] perf=7.477Hz  target=7.519Hz  err=+0.042Hz  corr=+19.12W  u_ff=108.0W  PCAP→130W  power=125.2W
[PID] perf=7.579Hz  target=7.519Hz  err=-0.060Hz  corr=+16.54W  u_ff=108.0W  PCAP→124W  power=130.5W
[PID] perf=7.468Hz  target=7.519Hz  err=+0.051Hz  corr=+19.27W  u_ff=108.0W  PCAP→130W  power=124.4W
[PID] perf=7.560Hz  target=7.519Hz  err=-0.041Hz  corr=+17.02W  u_ff=108.0W  PCAP→124W  power=128.0W
[PID] perf=7.481Hz  target=7.519Hz  err=+0.038Hz  corr=+18.97W  u_ff=108.0W  PCAP→124W  power=124.8W
[PID] perf=7.468Hz  target=7.519Hz  err=+0.051Hz  corr=+19.48W  u_ff=108.0W  PCAP→130W  power=124.1W
[PID] perf=7.581Hz  target=7.519Hz  err=-0.062Hz  corr=+16.68W  u_ff=108.0W  PCAP→124W  power=129.5W
[PID] perf=7.495Hz  target=7.519Hz  err=+0.024Hz  corr=+18.72W  u_ff=108.0W  PCAP→124W  power=122.2W
[PID] perf=7.490Hz  target=7.519Hz  err=+0.029Hz  corr=+18.95W  u_ff=108.0W  PCAP→124W  power=125.1W
[PID] perf=7.477Hz  target=7.519Hz  err=+0.042Hz  corr=+19.44W  u_ff=108.0W  PCAP→130W  power=125.7W
[PID] perf=7.583Hz  target=7.519Hz  err=-0.064Hz  corr=+16.76W  u_ff=108.0W  PCAP→124W  power=130.9W
[PID] perf=7.488Hz  target=7.519Hz  err=+0.031Hz  corr=+19.05W  u_ff=108.0W  PCAP→130W  power=123.2W
[PID] perf=7.580Hz  target=7.519Hz  err=-0.061Hz  corr=+16.69W  u_ff=108.0W  PCAP→124W  power=130.4W
[PID] perf=7.448Hz  target=7.519Hz  err=+0.071Hz  corr=+19.98W  u_ff=108.0W  PCAP→130W  power=124.6W
[PID] perf=7.559Hz  target=7.519Hz  err=-0.040Hz  corr=+17.31W  u_ff=108.0W  PCAP→124W  power=127.3W
[PID] perf=7.469Hz  target=7.519Hz  err=+0.050Hz  corr=+19.56W  u_ff=108.0W  PCAP→130W  power=124.3W
[PID] perf=7.554Hz  target=7.519Hz  err=-0.035Hz  corr=+17.48W  u_ff=108.0W  PCAP→124W  power=130.3W
[PID] perf=7.457Hz  target=7.519Hz  err=+0.061Hz  corr=+19.92W  u_ff=108.0W  PCAP→130W  power=120.9W
[PID] perf=7.559Hz  target=7.519Hz  err=-0.041Hz  corr=+17.46W  u_ff=108.0W  PCAP→124W  power=129.1W
[PID] perf=7.463Hz  target=7.519Hz  err=+0.056Hz  corr=+19.87W  u_ff=108.0W  PCAP→130W  power=121.7W
[PID] perf=7.547Hz  target=7.519Hz  err=-0.028Hz  corr=+17.85W  u_ff=108.0W  PCAP→124W  power=130.7W
[PID] perf=7.465Hz  target=7.519Hz  err=+0.054Hz  corr=+19.95W  u_ff=108.0W  PCAP→130W  power=124.0W
[PID] perf=7.557Hz  target=7.519Hz  err=-0.038Hz  corr=+17.71W  u_ff=108.0W  PCAP→124W  power=129.5W
[PID] perf=7.467Hz  target=7.519Hz  err=+0.052Hz  corr=+19.97W  u_ff=108.0W  PCAP→130W  power=123.8W
Process completed.
Compressed into /home/cc/summer2024/main_codes/pid_controller/../experiment_data/PID_Control_sweep/ones-npb-is/compressed_iteration_20260512_070140.tar
----------------------------------

>>> Step 3/3

[ones-npb-is]
  target perf      : 7.5188 Hz
  coefficients_perf: [-0.0002928630053090073, 0.09346144861544026, 0.8415796304794382]
  feedforward PCAP : 107.98 W  →  107 W (snapped)
  Perf(u_ff) check : 7.5188 Hz  (should ≈ target)
  PID gains        : Kp=22.4258 W/Hz  Ki=2.24258 W/(Hz·s)  Kd=0.0000
[PID] perf=3.714Hz  target=7.519Hz  err=+3.805Hz  corr=+102.40W  u_ff=108.0W  PCAP→165W  power=nanW
[PID] perf=8.140Hz  target=7.519Hz  err=-0.622Hz  corr=+0.34W  u_ff=108.0W  PCAP→107W  power=160.0W
[PID] perf=7.189Hz  target=7.519Hz  err=+0.329Hz  corr=+23.15W  u_ff=108.0W  PCAP→130W  power=108.1W
[PID] perf=7.601Hz  target=7.519Hz  err=-0.082Hz  corr=+13.55W  u_ff=108.0W  PCAP→124W  power=128.7W
[PID] perf=7.579Hz  target=7.519Hz  err=-0.060Hz  corr=+13.77W  u_ff=108.0W  PCAP→124W  power=123.5W
[PID] perf=7.543Hz  target=7.519Hz  err=-0.024Hz  corr=+14.47W  u_ff=108.0W  PCAP→124W  power=123.3W
[PID] perf=7.546Hz  target=7.519Hz  err=-0.027Hz  corr=+14.29W  u_ff=108.0W  PCAP→124W  power=122.4W
[PID] perf=7.541Hz  target=7.519Hz  err=-0.022Hz  corr=+14.29W  u_ff=108.0W  PCAP→124W  power=124.3W
[PID] perf=7.481Hz  target=7.519Hz  err=+0.037Hz  corr=+15.80W  u_ff=108.0W  PCAP→124W  power=123.5W
[PID] perf=7.478Hz  target=7.519Hz  err=+0.040Hz  corr=+16.04W  u_ff=108.0W  PCAP→124W  power=124.1W
[PID] perf=7.473Hz  target=7.519Hz  err=+0.046Hz  corr=+16.37W  u_ff=108.0W  PCAP→124W  power=123.8W
[PID] perf=7.473Hz  target=7.519Hz  err=+0.045Hz  corr=+16.57W  u_ff=108.0W  PCAP→124W  power=122.8W
[PID] perf=7.477Hz  target=7.519Hz  err=+0.042Hz  corr=+16.66W  u_ff=108.0W  PCAP→124W  power=121.1W
[PID] perf=7.475Hz  target=7.519Hz  err=+0.043Hz  corr=+16.90W  u_ff=108.0W  PCAP→124W  power=123.1W
[PID] perf=7.481Hz  target=7.519Hz  err=+0.038Hz  corr=+16.94W  u_ff=108.0W  PCAP→124W  power=123.4W
[PID] perf=7.475Hz  target=7.519Hz  err=+0.044Hz  corr=+17.28W  u_ff=108.0W  PCAP→124W  power=122.4W
[PID] perf=7.481Hz  target=7.519Hz  err=+0.037Hz  corr=+17.30W  u_ff=108.0W  PCAP→124W  power=123.9W
[PID] perf=7.469Hz  target=7.519Hz  err=+0.050Hz  corr=+17.81W  u_ff=108.0W  PCAP→124W  power=124.6W
[PID] perf=7.472Hz  target=7.519Hz  err=+0.047Hz  corr=+17.94W  u_ff=108.0W  PCAP→124W  power=125.8W
[PID] perf=7.475Hz  target=7.519Hz  err=+0.043Hz  corr=+18.06W  u_ff=108.0W  PCAP→124W  power=123.7W
[PID] perf=7.482Hz  target=7.519Hz  err=+0.037Hz  corr=+18.09W  u_ff=108.0W  PCAP→124W  power=124.3W
[PID] perf=7.473Hz  target=7.519Hz  err=+0.046Hz  corr=+18.49W  u_ff=108.0W  PCAP→124W  power=121.0W
[PID] perf=7.461Hz  target=7.519Hz  err=+0.057Hz  corr=+19.01W  u_ff=108.0W  PCAP→124W  power=124.2W
[PID] perf=7.466Hz  target=7.519Hz  err=+0.053Hz  corr=+19.14W  u_ff=108.0W  PCAP→130W  power=123.8W
[PID] perf=7.557Hz  target=7.519Hz  err=-0.038Hz  corr=+16.94W  u_ff=108.0W  PCAP→124W  power=129.4W
[PID] perf=7.469Hz  target=7.519Hz  err=+0.050Hz  corr=+19.14W  u_ff=108.0W  PCAP→130W  power=124.8W
[PID] perf=7.561Hz  target=7.519Hz  err=-0.042Hz  corr=+16.87W  u_ff=108.0W  PCAP→124W  power=130.8W
[PID] perf=7.467Hz  target=7.519Hz  err=+0.051Hz  corr=+19.21W  u_ff=108.0W  PCAP→130W  power=124.0W
[PID] perf=7.559Hz  target=7.519Hz  err=-0.041Hz  corr=+16.96W  u_ff=108.0W  PCAP→124W  power=131.2W
[PID] perf=7.474Hz  target=7.519Hz  err=+0.045Hz  corr=+19.08W  u_ff=108.0W  PCAP→130W  power=123.0W
[PID] perf=7.555Hz  target=7.519Hz  err=-0.036Hz  corr=+17.10W  u_ff=108.0W  PCAP→124W  power=131.3W
[PID] perf=7.474Hz  target=7.519Hz  err=+0.045Hz  corr=+19.11W  u_ff=108.0W  PCAP→130W  power=122.6W
[PID] perf=7.552Hz  target=7.519Hz  err=-0.033Hz  corr=+17.22W  u_ff=108.0W  PCAP→124W  power=131.5W
[PID] perf=7.463Hz  target=7.519Hz  err=+0.056Hz  corr=+19.47W  u_ff=108.0W  PCAP→130W  power=125.9W
[PID] perf=7.559Hz  target=7.519Hz  err=-0.040Hz  corr=+17.12W  u_ff=108.0W  PCAP→124W  power=129.5W
[PID] perf=7.468Hz  target=7.519Hz  err=+0.051Hz  corr=+19.41W  u_ff=108.0W  PCAP→130W  power=125.6W
[PID] perf=7.551Hz  target=7.519Hz  err=-0.032Hz  corr=+17.39W  u_ff=108.0W  PCAP→124W  power=127.1W
[PID] perf=7.406Hz  target=7.519Hz  err=+0.113Hz  corr=+21.16W  u_ff=108.0W  PCAP→130W  power=123.7W
[PID] perf=7.521Hz  target=7.519Hz  err=-0.002Hz  corr=+18.58W  u_ff=108.0W  PCAP→124W  power=131.6W
[PID] perf=7.435Hz  target=7.519Hz  err=+0.084Hz  corr=+20.87W  u_ff=108.0W  PCAP→130W  power=123.5W
[PID] perf=7.544Hz  target=7.519Hz  err=-0.026Hz  corr=+18.30W  u_ff=108.0W  PCAP→124W  power=129.1W
[PID] perf=7.459Hz  target=7.519Hz  err=+0.060Hz  corr=+20.48W  u_ff=108.0W  PCAP→130W  power=123.8W
[PID] perf=7.530Hz  target=7.519Hz  err=-0.011Hz  corr=+18.85W  u_ff=108.0W  PCAP→124W  power=130.3W
[PID] perf=7.451Hz  target=7.519Hz  err=+0.067Hz  corr=+20.91W  u_ff=108.0W  PCAP→130W  power=123.1W
[PID] perf=7.534Hz  target=7.519Hz  err=-0.015Hz  corr=+18.99W  u_ff=108.0W  PCAP→124W  power=129.4W
[PID] perf=7.448Hz  target=7.519Hz  err=+0.071Hz  corr=+21.24W  u_ff=108.0W  PCAP→130W  power=122.3W
[PID] perf=7.531Hz  target=7.519Hz  err=-0.012Hz  corr=+19.32W  u_ff=108.0W  PCAP→130W  power=131.3W
[PID] perf=7.537Hz  target=7.519Hz  err=-0.018Hz  corr=+19.11W  u_ff=108.0W  PCAP→130W  power=129.3W
[PID] perf=7.540Hz  target=7.519Hz  err=-0.021Hz  corr=+18.94W  u_ff=108.0W  PCAP→124W  power=128.9W
[PID] perf=7.444Hz  target=7.519Hz  err=+0.075Hz  corr=+21.42W  u_ff=108.0W  PCAP→130W  power=125.0W
[PID] perf=7.532Hz  target=7.519Hz  err=-0.014Hz  corr=+19.38W  u_ff=108.0W  PCAP→130W  power=130.5W
[PID] perf=7.535Hz  target=7.519Hz  err=-0.016Hz  corr=+19.26W  u_ff=108.0W  PCAP→130W  power=130.0W
[PID] perf=7.545Hz  target=7.519Hz  err=-0.026Hz  corr=+18.91W  u_ff=108.0W  PCAP→124W  power=129.6W
[PID] perf=7.459Hz  target=7.519Hz  err=+0.060Hz  corr=+21.11W  u_ff=108.0W  PCAP→130W  power=121.3W
[PID] perf=7.538Hz  target=7.519Hz  err=-0.019Hz  corr=+19.26W  u_ff=108.0W  PCAP→130W  power=130.8W
[PID] perf=7.542Hz  target=7.519Hz  err=-0.023Hz  corr=+19.07W  u_ff=108.0W  PCAP→130W  power=128.3W
[PID] perf=7.538Hz  target=7.519Hz  err=-0.019Hz  corr=+19.07W  u_ff=108.0W  PCAP→130W  power=128.1W
[PID] perf=7.545Hz  target=7.519Hz  err=-0.026Hz  corr=+18.79W  u_ff=108.0W  PCAP→124W  power=127.8W
[PID] perf=7.450Hz  target=7.519Hz  err=+0.069Hz  corr=+21.22W  u_ff=108.0W  PCAP→130W  power=123.2W
[PID] perf=7.547Hz  target=7.519Hz  err=-0.029Hz  corr=+18.92W  u_ff=108.0W  PCAP→124W  power=129.3W
[PID] perf=7.458Hz  target=7.519Hz  err=+0.061Hz  corr=+21.20W  u_ff=108.0W  PCAP→130W  power=123.5W
[PID] perf=7.552Hz  target=7.519Hz  err=-0.033Hz  corr=+18.93W  u_ff=108.0W  PCAP→124W  power=129.0W
[PID] perf=7.447Hz  target=7.519Hz  err=+0.072Hz  corr=+21.62W  u_ff=108.0W  PCAP→130W  power=125.5W
[PID] perf=7.540Hz  target=7.519Hz  err=-0.021Hz  corr=+19.44W  u_ff=108.0W  PCAP→130W  power=129.0W
[PID] perf=7.544Hz  target=7.519Hz  err=-0.025Hz  corr=+19.23W  u_ff=108.0W  PCAP→130W  power=129.3W
[PID] perf=7.522Hz  target=7.519Hz  err=-0.004Hz  corr=+19.70W  u_ff=108.0W  PCAP→130W  power=127.8W
[PID] perf=7.548Hz  target=7.519Hz  err=-0.029Hz  corr=+18.99W  u_ff=108.0W  PCAP→124W  power=131.6W
Process completed.
Compressed into /home/cc/summer2024/main_codes/pid_controller/../experiment_data/PID_Control_sweep/ones-npb-is/compressed_iteration_20260512_070355.tar
----------------------------------
