
>>> Step 1/3

[ones-stream-scale]
  target perf      : 246.5264 Hz
  coefficients_perf: [-0.007896790674324024, 2.478117841878759, 84.0686381205835]
  feedforward PCAP : 93.29 W  →  95 W (snapped)
  Perf(u_ff) check : 246.5264 Hz  (should ≈ target)
  PID gains        : Kp=0.8941 W/Hz  Ki=0.08941 W/(Hz·s)  Kd=0.0000
[PID] perf=239.080Hz  target=246.526Hz  err=+7.446Hz  corr=+7.99W  u_ff=93.3W  PCAP→101W  power=nanW
[PID] perf=259.690Hz  target=246.526Hz  err=-13.164Hz  corr=-12.79W  u_ff=93.3W  PCAP→78W  power=100.0W
[PID] perf=234.513Hz  target=246.526Hz  err=+12.013Hz  corr=+11.87W  u_ff=93.3W  PCAP→107W  power=77.8W
[PID] perf=254.021Hz  target=246.526Hz  err=-7.494Hz  corr=-6.92W  u_ff=93.3W  PCAP→89W  power=107.3W
[PID] perf=248.404Hz  target=246.526Hz  err=-1.878Hz  corr=-2.23W  u_ff=93.3W  PCAP→89W  power=89.5W
[PID] perf=250.118Hz  target=246.526Hz  err=-3.591Hz  corr=-4.40W  u_ff=93.3W  PCAP→89W  power=89.6W
[PID] perf=248.992Hz  target=246.526Hz  err=-2.465Hz  corr=-3.84W  u_ff=93.3W  PCAP→89W  power=88.7W
[PID] perf=250.566Hz  target=246.526Hz  err=-4.039Hz  corr=-5.97W  u_ff=93.3W  PCAP→89W  power=89.9W
[PID] perf=252.507Hz  target=246.526Hz  err=-5.980Hz  corr=-8.77W  u_ff=93.3W  PCAP→83W  power=88.9W
[PID] perf=244.685Hz  target=246.526Hz  err=+1.842Hz  corr=-1.45W  u_ff=93.3W  PCAP→89W  power=83.3W
[PID] perf=251.590Hz  target=246.526Hz  err=-5.064Hz  corr=-8.53W  u_ff=93.3W  PCAP→83W  power=89.3W
[PID] perf=243.153Hz  target=246.526Hz  err=+3.374Hz  corr=-0.38W  u_ff=93.3W  PCAP→95W  power=82.1W
[PID] perf=255.314Hz  target=246.526Hz  err=-8.788Hz  corr=-12.83W  u_ff=93.3W  PCAP→78W  power=95.0W
[PID] perf=235.851Hz  target=246.526Hz  err=+10.675Hz  corr=+6.48W  u_ff=93.3W  PCAP→101W  power=78.3W
[PID] perf=258.575Hz  target=246.526Hz  err=-12.049Hz  corr=-15.99W  u_ff=93.3W  PCAP→78W  power=100.4W
[PID] perf=237.665Hz  target=246.526Hz  err=+8.862Hz  corr=+4.29W  u_ff=93.3W  PCAP→95W  power=78.4W
[PID] perf=254.272Hz  target=246.526Hz  err=-7.746Hz  corr=-11.94W  u_ff=93.3W  PCAP→83W  power=95.7W
[PID] perf=244.392Hz  target=246.526Hz  err=+2.134Hz  corr=-2.73W  u_ff=93.3W  PCAP→89W  power=82.7W
[PID] perf=251.259Hz  target=246.526Hz  err=-4.732Hz  corr=-9.71W  u_ff=93.3W  PCAP→83W  power=88.4W
[PID] perf=241.867Hz  target=246.526Hz  err=+4.659Hz  corr=-0.48W  u_ff=93.3W  PCAP→95W  power=83.2W
[PID] perf=253.619Hz  target=246.526Hz  err=-7.092Hz  corr=-12.26W  u_ff=93.3W  PCAP→83W  power=95.6W
Process completed.
Compressed into /home/cc/summer2024/main_codes/pid_controller/../experiment_data/PID_Control_sweep/ones-stream-scale/compressed_iteration_20260512_032417.tar
----------------------------------

>>> Step 2/3

[ones-stream-scale]
  target perf      : 246.5264 Hz
  coefficients_perf: [-0.007896790674324024, 2.478117841878759, 84.0686381205835]
  feedforward PCAP : 93.29 W  →  95 W (snapped)
  Perf(u_ff) check : 246.5264 Hz  (should ≈ target)
  PID gains        : Kp=0.8941 W/Hz  Ki=0.08941 W/(Hz·s)  Kd=0.0000
[PID] perf=242.749Hz  target=246.526Hz  err=+3.777Hz  corr=+4.05W  u_ff=93.3W  PCAP→95W  power=nanW
[PID] perf=256.491Hz  target=246.526Hz  err=-9.964Hz  corr=-10.02W  u_ff=93.3W  PCAP→83W  power=94.3W
[PID] perf=245.532Hz  target=246.526Hz  err=+0.994Hz  corr=-0.04W  u_ff=93.3W  PCAP→95W  power=82.5W
[PID] perf=253.864Hz  target=246.526Hz  err=-7.338Hz  corr=-8.80W  u_ff=93.3W  PCAP→83W  power=94.4W
[PID] perf=244.362Hz  target=246.526Hz  err=+2.165Hz  corr=+0.08W  u_ff=93.3W  PCAP→95W  power=82.3W
[PID] perf=256.826Hz  target=246.526Hz  err=-10.299Hz  corr=-12.90W  u_ff=93.3W  PCAP→78W  power=95.4W
[PID] perf=242.415Hz  target=246.526Hz  err=+4.111Hz  corr=+0.72W  u_ff=93.3W  PCAP→95W  power=78.0W
[PID] perf=256.702Hz  target=246.526Hz  err=-10.176Hz  corr=-13.88W  u_ff=93.3W  PCAP→78W  power=94.5W
[PID] perf=241.318Hz  target=246.526Hz  err=+5.209Hz  corr=+0.81W  u_ff=93.3W  PCAP→95W  power=78.6W
[PID] perf=256.907Hz  target=246.526Hz  err=-10.380Hz  corr=-14.99W  u_ff=93.3W  PCAP→78W  power=94.8W
[PID] perf=242.710Hz  target=246.526Hz  err=+3.817Hz  corr=-1.61W  u_ff=93.3W  PCAP→89W  power=77.6W
[PID] perf=255.797Hz  target=246.526Hz  err=-9.271Hz  corr=-14.97W  u_ff=93.3W  PCAP→78W  power=88.9W
[PID] perf=241.577Hz  target=246.526Hz  err=+4.949Hz  corr=-1.37W  u_ff=93.3W  PCAP→89W  power=78.3W
[PID] perf=255.361Hz  target=246.526Hz  err=-8.835Hz  corr=-15.27W  u_ff=93.3W  PCAP→78W  power=88.5W
[PID] perf=241.223Hz  target=246.526Hz  err=+5.303Hz  corr=-1.68W  u_ff=93.3W  PCAP→89W  power=77.6W
[PID] perf=254.808Hz  target=246.526Hz  err=-8.281Hz  corr=-15.31W  u_ff=93.3W  PCAP→78W  power=89.0W
[PID] perf=240.444Hz  target=246.526Hz  err=+6.082Hz  corr=-1.38W  u_ff=93.3W  PCAP→89W  power=78.4W
[PID] perf=254.880Hz  target=246.526Hz  err=-8.354Hz  corr=-15.78W  u_ff=93.3W  PCAP→78W  power=88.9W
[PID] perf=240.784Hz  target=246.526Hz  err=+5.742Hz  corr=-2.15W  u_ff=93.3W  PCAP→89W  power=77.7W
[PID] perf=254.963Hz  target=246.526Hz  err=-8.436Hz  corr=-16.34W  u_ff=93.3W  PCAP→78W  power=88.9W
[PID] perf=242.044Hz  target=246.526Hz  err=+4.482Hz  corr=-3.99W  u_ff=93.3W  PCAP→89W  power=78.1W
Process completed.
Compressed into /home/cc/summer2024/main_codes/pid_controller/../experiment_data/PID_Control_sweep/ones-stream-scale/compressed_iteration_20260512_032458.tar
----------------------------------

>>> Step 3/3

[ones-stream-scale]
  target perf      : 246.5264 Hz
  coefficients_perf: [-0.007896790674324024, 2.478117841878759, 84.0686381205835]
  feedforward PCAP : 93.29 W  →  95 W (snapped)
  Perf(u_ff) check : 246.5264 Hz  (should ≈ target)
  PID gains        : Kp=0.8941 W/Hz  Ki=0.08941 W/(Hz·s)  Kd=0.0000
[PID] perf=253.091Hz  target=246.526Hz  err=-6.564Hz  corr=-7.04W  u_ff=93.3W  PCAP→89W  power=nanW
[PID] perf=250.558Hz  target=246.526Hz  err=-4.032Hz  corr=-5.50W  u_ff=93.3W  PCAP→89W  power=89.5W
[PID] perf=253.711Hz  target=246.526Hz  err=-7.184Hz  corr=-9.60W  u_ff=93.3W  PCAP→83W  power=89.2W
[PID] perf=245.183Hz  target=246.526Hz  err=+1.343Hz  corr=-1.74W  u_ff=93.3W  PCAP→89W  power=83.1W
[PID] perf=254.016Hz  target=246.526Hz  err=-7.489Hz  corr=-10.98W  u_ff=93.3W  PCAP→83W  power=88.9W
[PID] perf=244.923Hz  target=246.526Hz  err=+1.604Hz  corr=-2.56W  u_ff=93.3W  PCAP→89W  power=83.3W
[PID] perf=254.357Hz  target=246.526Hz  err=-7.831Hz  corr=-12.39W  u_ff=93.3W  PCAP→83W  power=88.0W
[PID] perf=245.076Hz  target=246.526Hz  err=+1.451Hz  corr=-3.84W  u_ff=93.3W  PCAP→89W  power=83.2W
[PID] perf=253.949Hz  target=246.526Hz  err=-7.422Hz  corr=-13.10W  u_ff=93.3W  PCAP→78W  power=88.1W
[PID] perf=241.001Hz  target=246.526Hz  err=+5.525Hz  corr=-0.53W  u_ff=93.3W  PCAP→95W  power=78.4W
[PID] perf=253.455Hz  target=246.526Hz  err=-6.929Hz  corr=-12.91W  u_ff=93.3W  PCAP→78W  power=95.1W
[PID] perf=237.306Hz  target=246.526Hz  err=+9.220Hz  corr=+3.18W  u_ff=93.3W  PCAP→95W  power=78.4W
[PID] perf=254.082Hz  target=246.526Hz  err=-7.556Hz  corr=-13.17W  u_ff=93.3W  PCAP→78W  power=95.1W
[PID] perf=236.757Hz  target=246.526Hz  err=+9.770Hz  corr=+4.07W  u_ff=93.3W  PCAP→95W  power=76.9W
[PID] perf=253.918Hz  target=246.526Hz  err=-7.392Hz  corr=-12.60W  u_ff=93.3W  PCAP→83W  power=94.1W
[PID] perf=242.684Hz  target=246.526Hz  err=+3.843Hz  corr=-1.87W  u_ff=93.3W  PCAP→89W  power=82.6W
[PID] perf=251.754Hz  target=246.526Hz  err=-5.228Hz  corr=-10.91W  u_ff=93.3W  PCAP→83W  power=89.4W
[PID] perf=242.338Hz  target=246.526Hz  err=+4.188Hz  corr=-1.74W  u_ff=93.3W  PCAP→89W  power=83.5W
[PID] perf=252.476Hz  target=246.526Hz  err=-5.950Hz  corr=-11.87W  u_ff=93.3W  PCAP→83W  power=89.2W
[PID] perf=242.841Hz  target=246.526Hz  err=+3.686Hz  corr=-2.60W  u_ff=93.3W  PCAP→89W  power=83.0W
[PID] perf=250.466Hz  target=246.526Hz  err=-3.940Hz  corr=-10.12W  u_ff=93.3W  PCAP→83W  power=88.9W
Process completed.
Compressed into /home/cc/summer2024/main_codes/pid_controller/../experiment_data/PID_Control_sweep/ones-stream-scale/compressed_iteration_20260512_032539.tar
----------------------------------
