
>>> Step 1/3

[ones-stream-copy]
  target perf      : 274.7411 Hz
  coefficients_perf: [-0.009145850389641445, 2.8207784567410488, 59.899822180263264]
  feedforward PCAP : 137.17 W  →  136 W (snapped)
  Perf(u_ff) check : 274.7411 Hz  (should ≈ target)
  PID gains        : Kp=0.8356 W/Hz  Ki=0.08356 W/(Hz·s)  Kd=0.0000
[PID] perf=285.101Hz  target=274.741Hz  err=-10.359Hz  corr=-10.39W  u_ff=137.2W  PCAP→124W  power=nanW
[PID] perf=273.762Hz  target=274.741Hz  err=+0.979Hz  corr=-0.75W  u_ff=137.2W  PCAP→136W  power=123.8W
[PID] perf=277.016Hz  target=274.741Hz  err=-2.275Hz  corr=-3.85W  u_ff=137.2W  PCAP→136W  power=135.7W
[PID] perf=274.173Hz  target=274.741Hz  err=+0.568Hz  corr=-1.38W  u_ff=137.2W  PCAP→136W  power=134.9W
[PID] perf=275.283Hz  target=274.741Hz  err=-0.542Hz  corr=-2.40W  u_ff=137.2W  PCAP→136W  power=135.9W
[PID] perf=276.925Hz  target=274.741Hz  err=-2.184Hz  corr=-4.13W  u_ff=137.2W  PCAP→136W  power=133.8W
[PID] perf=276.907Hz  target=274.741Hz  err=-2.165Hz  corr=-4.48W  u_ff=137.2W  PCAP→130W  power=135.7W
[PID] perf=276.402Hz  target=274.741Hz  err=-1.661Hz  corr=-4.34W  u_ff=137.2W  PCAP→130W  power=128.9W
[PID] perf=274.466Hz  target=274.741Hz  err=+0.275Hz  corr=-2.67W  u_ff=137.2W  PCAP→136W  power=130.5W
[PID] perf=274.910Hz  target=274.741Hz  err=-0.169Hz  corr=-3.07W  u_ff=137.2W  PCAP→136W  power=136.2W
[PID] perf=274.853Hz  target=274.741Hz  err=-0.112Hz  corr=-3.04W  u_ff=137.2W  PCAP→136W  power=134.1W
[PID] perf=274.862Hz  target=274.741Hz  err=-0.121Hz  corr=-3.07W  u_ff=137.2W  PCAP→136W  power=136.3W
[PID] perf=274.808Hz  target=274.741Hz  err=-0.067Hz  corr=-3.04W  u_ff=137.2W  PCAP→136W  power=135.8W
[PID] perf=274.934Hz  target=274.741Hz  err=-0.193Hz  corr=-3.17W  u_ff=137.2W  PCAP→136W  power=135.9W
[PID] perf=274.817Hz  target=274.741Hz  err=-0.076Hz  corr=-3.09W  u_ff=137.2W  PCAP→136W  power=136.5W
[PID] perf=274.820Hz  target=274.741Hz  err=-0.079Hz  corr=-3.10W  u_ff=137.2W  PCAP→136W  power=136.4W
[PID] perf=274.847Hz  target=274.741Hz  err=-0.106Hz  corr=-3.14W  u_ff=137.2W  PCAP→136W  power=136.6W
[PID] perf=274.850Hz  target=274.741Hz  err=-0.109Hz  corr=-3.17W  u_ff=137.2W  PCAP→136W  power=135.0W
[PID] perf=274.868Hz  target=274.741Hz  err=-0.127Hz  corr=-3.20W  u_ff=137.2W  PCAP→136W  power=135.6W
Process completed.
Compressed into /home/cc/summer2024/main_codes/pid_controller/../experiment_data/PID_Control_sweep/ones-stream-copy/compressed_iteration_20260512_193403.tar
----------------------------------

>>> Step 2/3

[ones-stream-copy]
  target perf      : 274.7411 Hz
  coefficients_perf: [-0.009145850389641445, 2.8207784567410488, 59.899822180263264]
  feedforward PCAP : 137.17 W  →  136 W (snapped)
  Perf(u_ff) check : 274.7411 Hz  (should ≈ target)
  PID gains        : Kp=0.8356 W/Hz  Ki=0.08356 W/(Hz·s)  Kd=0.0000
[PID] perf=278.969Hz  target=274.741Hz  err=-4.228Hz  corr=-4.24W  u_ff=137.2W  PCAP→130W  power=nanW
[PID] perf=275.391Hz  target=274.741Hz  err=-0.650Hz  corr=-1.36W  u_ff=137.2W  PCAP→136W  power=130.1W
[PID] perf=275.790Hz  target=274.741Hz  err=-1.049Hz  corr=-1.87W  u_ff=137.2W  PCAP→136W  power=136.6W
[PID] perf=276.068Hz  target=274.741Hz  err=-1.327Hz  corr=-2.32W  u_ff=137.2W  PCAP→136W  power=136.9W
[PID] perf=275.823Hz  target=274.741Hz  err=-1.082Hz  corr=-2.30W  u_ff=137.2W  PCAP→136W  power=135.7W
[PID] perf=275.784Hz  target=274.741Hz  err=-1.043Hz  corr=-2.44W  u_ff=137.2W  PCAP→136W  power=135.5W
[PID] perf=272.818Hz  target=274.741Hz  err=+1.923Hz  corr=+0.36W  u_ff=137.2W  PCAP→136W  power=136.3W
[PID] perf=275.301Hz  target=274.741Hz  err=-0.560Hz  corr=-1.81W  u_ff=137.2W  PCAP→136W  power=139.5W
[PID] perf=274.772Hz  target=274.741Hz  err=-0.031Hz  corr=-1.37W  u_ff=137.2W  PCAP→136W  power=135.7W
[PID] perf=275.754Hz  target=274.741Hz  err=-1.012Hz  corr=-2.36W  u_ff=137.2W  PCAP→136W  power=134.2W
[PID] perf=274.422Hz  target=274.741Hz  err=+0.320Hz  corr=-1.19W  u_ff=137.2W  PCAP→136W  power=135.8W
[PID] perf=273.792Hz  target=274.741Hz  err=+0.950Hz  corr=-0.51W  u_ff=137.2W  PCAP→136W  power=136.1W
[PID] perf=273.824Hz  target=274.741Hz  err=+0.917Hz  corr=-0.38W  u_ff=137.2W  PCAP→136W  power=136.4W
[PID] perf=275.609Hz  target=274.741Hz  err=-0.868Hz  corr=-2.02W  u_ff=137.2W  PCAP→136W  power=136.0W
[PID] perf=275.072Hz  target=274.741Hz  err=-0.331Hz  corr=-1.63W  u_ff=137.2W  PCAP→136W  power=136.0W
[PID] perf=274.386Hz  target=274.741Hz  err=+0.356Hz  corr=-0.99W  u_ff=137.2W  PCAP→136W  power=136.4W
[PID] perf=274.281Hz  target=274.741Hz  err=+0.460Hz  corr=-0.83W  u_ff=137.2W  PCAP→136W  power=136.5W
[PID] perf=274.245Hz  target=274.741Hz  err=+0.496Hz  corr=-0.72W  u_ff=137.2W  PCAP→136W  power=136.8W
[PID] perf=274.257Hz  target=274.741Hz  err=+0.484Hz  corr=-0.64W  u_ff=137.2W  PCAP→136W  power=136.4W
Process completed.
Compressed into /home/cc/summer2024/main_codes/pid_controller/../experiment_data/PID_Control_sweep/ones-stream-copy/compressed_iteration_20260512_193440.tar
----------------------------------

>>> Step 3/3

[ones-stream-copy]
  target perf      : 274.7411 Hz
  coefficients_perf: [-0.009145850389641445, 2.8207784567410488, 59.899822180263264]
  feedforward PCAP : 137.17 W  →  136 W (snapped)
  Perf(u_ff) check : 274.7411 Hz  (should ≈ target)
  PID gains        : Kp=0.8356 W/Hz  Ki=0.08356 W/(Hz·s)  Kd=0.0000
[PID] perf=285.042Hz  target=274.741Hz  err=-10.301Hz  corr=-10.33W  u_ff=137.2W  PCAP→124W  power=nanW
[PID] perf=271.972Hz  target=274.741Hz  err=+2.769Hz  corr=+1.06W  u_ff=137.2W  PCAP→136W  power=124.5W
[PID] perf=276.493Hz  target=274.741Hz  err=-1.752Hz  corr=-3.02W  u_ff=137.2W  PCAP→136W  power=136.8W
[PID] perf=274.892Hz  target=274.741Hz  err=-0.151Hz  corr=-1.70W  u_ff=137.2W  PCAP→136W  power=136.3W
[PID] perf=276.423Hz  target=274.741Hz  err=-1.682Hz  corr=-3.26W  u_ff=137.2W  PCAP→136W  power=135.4W
[PID] perf=274.778Hz  target=274.741Hz  err=-0.037Hz  corr=-1.89W  u_ff=137.2W  PCAP→136W  power=136.0W
[PID] perf=274.742Hz  target=274.741Hz  err=-0.001Hz  corr=-1.87W  u_ff=137.2W  PCAP→136W  power=135.2W
[PID] perf=274.754Hz  target=274.741Hz  err=-0.013Hz  corr=-1.88W  u_ff=137.2W  PCAP→136W  power=136.2W
[PID] perf=275.992Hz  target=274.741Hz  err=-1.251Hz  corr=-3.12W  u_ff=137.2W  PCAP→136W  power=136.5W
[PID] perf=276.138Hz  target=274.741Hz  err=-1.397Hz  corr=-3.48W  u_ff=137.2W  PCAP→136W  power=135.4W
[PID] perf=277.450Hz  target=274.741Hz  err=-2.709Hz  corr=-5.03W  u_ff=137.2W  PCAP→130W  power=136.2W
[PID] perf=278.472Hz  target=274.741Hz  err=-3.731Hz  corr=-6.50W  u_ff=137.2W  PCAP→130W  power=129.6W
[PID] perf=278.648Hz  target=274.741Hz  err=-3.907Hz  corr=-7.30W  u_ff=137.2W  PCAP→130W  power=129.8W
[PID] perf=278.753Hz  target=274.741Hz  err=-4.012Hz  corr=-8.06W  u_ff=137.2W  PCAP→130W  power=129.9W
[PID] perf=275.829Hz  target=274.741Hz  err=-1.088Hz  corr=-5.80W  u_ff=137.2W  PCAP→130W  power=131.5W
[PID] perf=276.029Hz  target=274.741Hz  err=-1.288Hz  corr=-6.18W  u_ff=137.2W  PCAP→130W  power=130.7W
[PID] perf=277.729Hz  target=274.741Hz  err=-2.988Hz  corr=-8.10W  u_ff=137.2W  PCAP→130W  power=129.2W
[PID] perf=277.044Hz  target=274.741Hz  err=-2.303Hz  corr=-7.91W  u_ff=137.2W  PCAP→130W  power=129.4W
Process completed.
Compressed into /home/cc/summer2024/main_codes/pid_controller/../experiment_data/PID_Control_sweep/ones-stream-copy/compressed_iteration_20260512_193516.tar
----------------------------------
