
>>> Step 1/3

[ones-stream-full]
  target perf      : 56.9180 Hz
  coefficients_perf: [-0.001454368618345514, 0.4666906429990306, 19.97332976225342]
  feedforward PCAP : 142.01 W  →  141 W (snapped)
  Perf(u_ff) check : 56.9180 Hz  (should ≈ target)
  PID gains        : Kp=4.4139 W/Hz  Ki=0.44139 W/(Hz·s)  Kd=0.0000
[PID] perf=58.599Hz  target=56.918Hz  err=-1.681Hz  corr=-8.91W  u_ff=142.0W  PCAP→136W  power=nanW
[PID] perf=56.914Hz  target=56.918Hz  err=+0.004Hz  corr=-1.46W  u_ff=142.0W  PCAP→141W  power=136.4W
[PID] perf=56.967Hz  target=56.918Hz  err=-0.049Hz  corr=-1.74W  u_ff=142.0W  PCAP→141W  power=140.8W
[PID] perf=57.023Hz  target=56.918Hz  err=-0.105Hz  corr=-2.08W  u_ff=142.0W  PCAP→141W  power=139.8W
[PID] perf=57.045Hz  target=56.918Hz  err=-0.127Hz  corr=-2.29W  u_ff=142.0W  PCAP→141W  power=140.2W
[PID] perf=57.053Hz  target=56.918Hz  err=-0.135Hz  corr=-2.44W  u_ff=142.0W  PCAP→141W  power=140.9W
[PID] perf=57.128Hz  target=56.918Hz  err=-0.210Hz  corr=-2.96W  u_ff=142.0W  PCAP→141W  power=139.8W
[PID] perf=57.302Hz  target=56.918Hz  err=-0.384Hz  corr=-4.07W  u_ff=142.0W  PCAP→136W  power=139.6W
[PID] perf=56.866Hz  target=56.918Hz  err=+0.052Hz  corr=-2.10W  u_ff=142.0W  PCAP→141W  power=134.9W
[PID] perf=57.176Hz  target=56.918Hz  err=-0.258Hz  corr=-3.69W  u_ff=142.0W  PCAP→136W  power=141.0W
[PID] perf=56.857Hz  target=56.918Hz  err=+0.061Hz  corr=-2.23W  u_ff=142.0W  PCAP→141W  power=136.2W
[PID] perf=57.155Hz  target=56.918Hz  err=-0.237Hz  corr=-3.76W  u_ff=142.0W  PCAP→136W  power=141.7W
[PID] perf=56.826Hz  target=56.918Hz  err=+0.092Hz  corr=-2.22W  u_ff=142.0W  PCAP→141W  power=137.3W
[PID] perf=57.147Hz  target=56.918Hz  err=-0.229Hz  corr=-3.84W  u_ff=142.0W  PCAP→136W  power=141.4W
[PID] perf=56.788Hz  target=56.918Hz  err=+0.130Hz  corr=-2.14W  u_ff=142.0W  PCAP→141W  power=136.0W
[PID] perf=57.108Hz  target=56.918Hz  err=-0.190Hz  corr=-3.72W  u_ff=142.0W  PCAP→136W  power=140.5W
[PID] perf=56.776Hz  target=56.918Hz  err=+0.142Hz  corr=-2.13W  u_ff=142.0W  PCAP→141W  power=134.4W
[PID] perf=57.154Hz  target=56.918Hz  err=-0.236Hz  corr=-4.01W  u_ff=142.0W  PCAP→136W  power=140.2W
[PID] perf=57.010Hz  target=56.918Hz  err=-0.092Hz  corr=-3.45W  u_ff=142.0W  PCAP→141W  power=136.1W
[PID] perf=57.044Hz  target=56.918Hz  err=-0.126Hz  corr=-3.71W  u_ff=142.0W  PCAP→136W  power=140.6W
[PID] perf=56.780Hz  target=56.918Hz  err=+0.138Hz  corr=-2.43W  u_ff=142.0W  PCAP→141W  power=136.0W
[PID] perf=57.103Hz  target=56.918Hz  err=-0.185Hz  corr=-4.02W  u_ff=142.0W  PCAP→136W  power=140.6W
[PID] perf=56.824Hz  target=56.918Hz  err=+0.094Hz  corr=-2.70W  u_ff=142.0W  PCAP→141W  power=135.7W
[PID] perf=57.184Hz  target=56.918Hz  err=-0.266Hz  corr=-4.53W  u_ff=142.0W  PCAP→136W  power=141.1W
[PID] perf=56.823Hz  target=56.918Hz  err=+0.095Hz  corr=-2.85W  u_ff=142.0W  PCAP→141W  power=135.8W
[PID] perf=57.153Hz  target=56.918Hz  err=-0.235Hz  corr=-4.51W  u_ff=142.0W  PCAP→136W  power=140.4W
[PID] perf=56.781Hz  target=56.918Hz  err=+0.137Hz  corr=-2.75W  u_ff=142.0W  PCAP→141W  power=137.0W
[PID] perf=57.138Hz  target=56.918Hz  err=-0.220Hz  corr=-4.52W  u_ff=142.0W  PCAP→136W  power=140.7W
[PID] perf=56.838Hz  target=56.918Hz  err=+0.080Hz  corr=-3.12W  u_ff=142.0W  PCAP→141W  power=134.5W
[PID] perf=57.031Hz  target=56.918Hz  err=-0.113Hz  corr=-4.08W  u_ff=142.0W  PCAP→136W  power=139.9W
[PID] perf=56.812Hz  target=56.918Hz  err=+0.106Hz  corr=-3.02W  u_ff=142.0W  PCAP→141W  power=133.9W
[PID] perf=57.225Hz  target=56.918Hz  err=-0.307Hz  corr=-5.11W  u_ff=142.0W  PCAP→136W  power=141.9W
[PID] perf=56.836Hz  target=56.918Hz  err=+0.082Hz  corr=-3.32W  u_ff=142.0W  PCAP→141W  power=136.1W
[PID] perf=57.232Hz  target=56.918Hz  err=-0.314Hz  corr=-5.35W  u_ff=142.0W  PCAP→136W  power=139.0W
[PID] perf=56.850Hz  target=56.918Hz  err=+0.068Hz  corr=-3.60W  u_ff=142.0W  PCAP→136W  power=135.5W
[PID] perf=56.837Hz  target=56.918Hz  err=+0.081Hz  corr=-3.47W  u_ff=142.0W  PCAP→141W  power=137.2W
[PID] perf=57.245Hz  target=56.918Hz  err=-0.327Hz  corr=-5.56W  u_ff=142.0W  PCAP→136W  power=139.4W
[PID] perf=56.850Hz  target=56.918Hz  err=+0.068Hz  corr=-3.76W  u_ff=142.0W  PCAP→136W  power=134.6W
[PID] perf=56.853Hz  target=56.918Hz  err=+0.065Hz  corr=-3.72W  u_ff=142.0W  PCAP→136W  power=137.1W
[PID] perf=56.805Hz  target=56.918Hz  err=+0.113Hz  corr=-3.40W  u_ff=142.0W  PCAP→141W  power=136.6W
[PID] perf=57.189Hz  target=56.918Hz  err=-0.271Hz  corr=-5.33W  u_ff=142.0W  PCAP→136W  power=141.4W
[PID] perf=56.811Hz  target=56.918Hz  err=+0.107Hz  corr=-3.57W  u_ff=142.0W  PCAP→136W  power=134.9W
[PID] perf=56.811Hz  target=56.918Hz  err=+0.107Hz  corr=-3.48W  u_ff=142.0W  PCAP→141W  power=135.9W
[PID] perf=57.204Hz  target=56.918Hz  err=-0.285Hz  corr=-5.46W  u_ff=142.0W  PCAP→136W  power=141.2W
[PID] perf=56.819Hz  target=56.918Hz  err=+0.099Hz  corr=-3.68W  u_ff=142.0W  PCAP→136W  power=136.4W
[PID] perf=56.852Hz  target=56.918Hz  err=+0.066Hz  corr=-3.76W  u_ff=142.0W  PCAP→136W  power=135.0W
[PID] perf=56.811Hz  target=56.918Hz  err=+0.107Hz  corr=-3.49W  u_ff=142.0W  PCAP→141W  power=137.1W
[PID] perf=57.189Hz  target=56.918Hz  err=-0.271Hz  corr=-5.40W  u_ff=142.0W  PCAP→136W  power=140.8W
[PID] perf=56.838Hz  target=56.918Hz  err=+0.080Hz  corr=-3.78W  u_ff=142.0W  PCAP→136W  power=136.5W
[PID] perf=56.847Hz  target=56.918Hz  err=+0.071Hz  corr=-3.75W  u_ff=142.0W  PCAP→136W  power=136.7W
[PID] perf=56.834Hz  target=56.918Hz  err=+0.084Hz  corr=-3.62W  u_ff=142.0W  PCAP→136W  power=136.1W
[PID] perf=56.845Hz  target=56.918Hz  err=+0.073Hz  corr=-3.61W  u_ff=142.0W  PCAP→136W  power=137.7W
[PID] perf=56.848Hz  target=56.918Hz  err=+0.070Hz  corr=-3.56W  u_ff=142.0W  PCAP→136W  power=135.7W
[PID] perf=56.833Hz  target=56.918Hz  err=+0.085Hz  corr=-3.42W  u_ff=142.0W  PCAP→141W  power=135.5W
[PID] perf=57.215Hz  target=56.918Hz  err=-0.297Hz  corr=-5.37W  u_ff=142.0W  PCAP→136W  power=140.2W
[PID] perf=56.843Hz  target=56.918Hz  err=+0.075Hz  corr=-3.66W  u_ff=142.0W  PCAP→136W  power=136.1W
[PID] perf=56.854Hz  target=56.918Hz  err=+0.064Hz  corr=-3.65W  u_ff=142.0W  PCAP→136W  power=136.6W
[PID] perf=56.859Hz  target=56.918Hz  err=+0.059Hz  corr=-3.62W  u_ff=142.0W  PCAP→136W  power=135.3W
[PID] perf=56.848Hz  target=56.918Hz  err=+0.070Hz  corr=-3.51W  u_ff=142.0W  PCAP→136W  power=134.6W
[PID] perf=56.774Hz  target=56.918Hz  err=+0.144Hz  corr=-3.06W  u_ff=142.0W  PCAP→141W  power=135.8W
[PID] perf=57.212Hz  target=56.918Hz  err=-0.294Hz  corr=-5.25W  u_ff=142.0W  PCAP→136W  power=139.3W
[PID] perf=56.617Hz  target=56.918Hz  err=+0.301Hz  corr=-2.36W  u_ff=142.0W  PCAP→141W  power=137.4W
[PID] perf=57.080Hz  target=56.918Hz  err=-0.162Hz  corr=-4.54W  u_ff=142.0W  PCAP→136W  power=140.6W
[PID] perf=56.446Hz  target=56.918Hz  err=+0.472Hz  corr=-1.33W  u_ff=142.0W  PCAP→141W  power=136.8W
[PID] perf=57.266Hz  target=56.918Hz  err=-0.348Hz  corr=-5.26W  u_ff=142.0W  PCAP→136W  power=141.2W
[PID] perf=56.858Hz  target=56.918Hz  err=+0.060Hz  corr=-3.40W  u_ff=142.0W  PCAP→141W  power=135.8W
[PID] perf=57.266Hz  target=56.918Hz  err=-0.348Hz  corr=-5.51W  u_ff=142.0W  PCAP→136W  power=140.3W
[PID] perf=56.867Hz  target=56.918Hz  err=+0.051Hz  corr=-3.70W  u_ff=142.0W  PCAP→136W  power=134.8W
[PID] perf=56.853Hz  target=56.918Hz  err=+0.065Hz  corr=-3.59W  u_ff=142.0W  PCAP→136W  power=136.1W
[PID] perf=56.853Hz  target=56.918Hz  err=+0.065Hz  corr=-3.53W  u_ff=142.0W  PCAP→136W  power=136.0W
[PID] perf=56.821Hz  target=56.918Hz  err=+0.097Hz  corr=-3.30W  u_ff=142.0W  PCAP→141W  power=135.7W
[PID] perf=57.199Hz  target=56.918Hz  err=-0.281Hz  corr=-5.22W  u_ff=142.0W  PCAP→136W  power=140.6W
[PID] perf=56.937Hz  target=56.918Hz  err=-0.019Hz  corr=-4.08W  u_ff=142.0W  PCAP→136W  power=134.9W
[PID] perf=56.985Hz  target=56.918Hz  err=-0.067Hz  corr=-4.35W  u_ff=142.0W  PCAP→136W  power=136.4W
[PID] perf=57.006Hz  target=56.918Hz  err=-0.088Hz  corr=-4.52W  u_ff=142.0W  PCAP→136W  power=136.9W
[PID] perf=56.810Hz  target=56.918Hz  err=+0.108Hz  corr=-3.56W  u_ff=142.0W  PCAP→136W  power=135.5W
[PID] perf=56.829Hz  target=56.918Hz  err=+0.089Hz  corr=-3.56W  u_ff=142.0W  PCAP→136W  power=136.7W
[PID] perf=56.831Hz  target=56.918Hz  err=+0.087Hz  corr=-3.50W  u_ff=142.0W  PCAP→141W  power=135.2W
[PID] perf=57.561Hz  target=56.918Hz  err=-0.643Hz  corr=-7.29W  u_ff=142.0W  PCAP→136W  power=141.8W
[PID] perf=57.197Hz  target=56.918Hz  err=-0.279Hz  corr=-5.92W  u_ff=142.0W  PCAP→136W  power=134.8W
[PID] perf=57.075Hz  target=56.918Hz  err=-0.157Hz  corr=-5.53W  u_ff=142.0W  PCAP→136W  power=136.2W
[PID] perf=57.041Hz  target=56.918Hz  err=-0.123Hz  corr=-5.48W  u_ff=142.0W  PCAP→136W  power=136.8W
[PID] perf=57.051Hz  target=56.918Hz  err=-0.133Hz  corr=-5.64W  u_ff=142.0W  PCAP→136W  power=136.1W
[PID] perf=57.041Hz  target=56.918Hz  err=-0.123Hz  corr=-5.71W  u_ff=142.0W  PCAP→136W  power=136.0W
[PID] perf=56.932Hz  target=56.918Hz  err=-0.014Hz  corr=-5.24W  u_ff=142.0W  PCAP→136W  power=135.5W
[PID] perf=56.603Hz  target=56.918Hz  err=+0.315Hz  corr=-3.51W  u_ff=142.0W  PCAP→141W  power=135.5W
[PID] perf=57.247Hz  target=56.918Hz  err=-0.329Hz  corr=-6.64W  u_ff=142.0W  PCAP→136W  power=139.9W
[PID] perf=56.911Hz  target=56.918Hz  err=+0.008Hz  corr=-5.15W  u_ff=142.0W  PCAP→136W  power=137.4W
[PID] perf=57.122Hz  target=56.918Hz  err=-0.204Hz  corr=-6.27W  u_ff=142.0W  PCAP→136W  power=137.0W
Process completed.
Compressed into /home/cc/summer2024/main_codes/pid_controller/../experiment_data/PID_Control_sweep/ones-stream-full/compressed_iteration_20260512_223302.tar
----------------------------------

>>> Step 2/3

[ones-stream-full]
  target perf      : 56.9180 Hz
  coefficients_perf: [-0.001454368618345514, 0.4666906429990306, 19.97332976225342]
  feedforward PCAP : 142.01 W  →  141 W (snapped)
  Perf(u_ff) check : 56.9180 Hz  (should ≈ target)
  PID gains        : Kp=4.4139 W/Hz  Ki=0.44139 W/(Hz·s)  Kd=0.0000
[PID] perf=58.111Hz  target=56.918Hz  err=-1.193Hz  corr=-6.32W  u_ff=142.0W  PCAP→136W  power=nanW
[PID] perf=56.823Hz  target=56.918Hz  err=+0.095Hz  corr=-0.55W  u_ff=142.0W  PCAP→141W  power=135.7W
[PID] perf=57.099Hz  target=56.918Hz  err=-0.181Hz  corr=-1.93W  u_ff=142.0W  PCAP→141W  power=141.1W
[PID] perf=57.144Hz  target=56.918Hz  err=-0.226Hz  corr=-2.32W  u_ff=142.0W  PCAP→141W  power=142.3W
[PID] perf=57.483Hz  target=56.918Hz  err=-0.565Hz  corr=-4.32W  u_ff=142.0W  PCAP→136W  power=139.0W
[PID] perf=57.435Hz  target=56.918Hz  err=-0.517Hz  corr=-4.56W  u_ff=142.0W  PCAP→136W  power=134.8W
[PID] perf=57.204Hz  target=56.918Hz  err=-0.286Hz  corr=-3.80W  u_ff=142.0W  PCAP→136W  power=136.0W
[PID] perf=57.129Hz  target=56.918Hz  err=-0.211Hz  corr=-3.66W  u_ff=142.0W  PCAP→136W  power=135.8W
[PID] perf=56.999Hz  target=56.918Hz  err=-0.081Hz  corr=-3.15W  u_ff=142.0W  PCAP→141W  power=136.6W
[PID] perf=57.368Hz  target=56.918Hz  err=-0.450Hz  corr=-5.18W  u_ff=142.0W  PCAP→136W  power=141.1W
[PID] perf=56.862Hz  target=56.918Hz  err=+0.056Hz  corr=-2.89W  u_ff=142.0W  PCAP→141W  power=136.6W
[PID] perf=57.206Hz  target=56.918Hz  err=-0.288Hz  corr=-4.66W  u_ff=142.0W  PCAP→136W  power=140.0W
[PID] perf=56.872Hz  target=56.918Hz  err=+0.046Hz  corr=-3.15W  u_ff=142.0W  PCAP→141W  power=135.2W
[PID] perf=57.284Hz  target=56.918Hz  err=-0.366Hz  corr=-5.29W  u_ff=142.0W  PCAP→136W  power=141.0W
[PID] perf=56.869Hz  target=56.918Hz  err=+0.049Hz  corr=-3.42W  u_ff=142.0W  PCAP→141W  power=136.7W
[PID] perf=57.266Hz  target=56.918Hz  err=-0.348Hz  corr=-5.48W  u_ff=142.0W  PCAP→136W  power=141.3W
[PID] perf=56.861Hz  target=56.918Hz  err=+0.057Hz  corr=-3.64W  u_ff=142.0W  PCAP→136W  power=134.1W
[PID] perf=56.892Hz  target=56.918Hz  err=+0.026Hz  corr=-3.75W  u_ff=142.0W  PCAP→136W  power=134.3W
[PID] perf=56.920Hz  target=56.918Hz  err=-0.002Hz  corr=-3.88W  u_ff=142.0W  PCAP→136W  power=136.2W
[PID] perf=56.970Hz  target=56.918Hz  err=-0.052Hz  corr=-4.14W  u_ff=142.0W  PCAP→136W  power=134.5W
[PID] perf=56.923Hz  target=56.918Hz  err=-0.005Hz  corr=-3.94W  u_ff=142.0W  PCAP→136W  power=136.2W
[PID] perf=56.911Hz  target=56.918Hz  err=+0.008Hz  corr=-3.88W  u_ff=142.0W  PCAP→136W  power=134.7W
[PID] perf=56.890Hz  target=56.918Hz  err=+0.028Hz  corr=-3.76W  u_ff=142.0W  PCAP→136W  power=135.4W
[PID] perf=56.873Hz  target=56.918Hz  err=+0.045Hz  corr=-3.65W  u_ff=142.0W  PCAP→136W  power=135.0W
[PID] perf=56.901Hz  target=56.918Hz  err=+0.017Hz  corr=-3.76W  u_ff=142.0W  PCAP→136W  power=135.9W
[PID] perf=56.906Hz  target=56.918Hz  err=+0.012Hz  corr=-3.77W  u_ff=142.0W  PCAP→136W  power=135.9W
[PID] perf=56.905Hz  target=56.918Hz  err=+0.013Hz  corr=-3.75W  u_ff=142.0W  PCAP→136W  power=135.3W
[PID] perf=56.923Hz  target=56.918Hz  err=-0.005Hz  corr=-3.84W  u_ff=142.0W  PCAP→136W  power=136.5W
[PID] perf=56.913Hz  target=56.918Hz  err=+0.005Hz  corr=-3.79W  u_ff=142.0W  PCAP→136W  power=134.9W
[PID] perf=56.941Hz  target=56.918Hz  err=-0.023Hz  corr=-3.94W  u_ff=142.0W  PCAP→136W  power=134.3W
[PID] perf=56.928Hz  target=56.918Hz  err=-0.010Hz  corr=-3.89W  u_ff=142.0W  PCAP→136W  power=135.8W
[PID] perf=56.896Hz  target=56.918Hz  err=+0.022Hz  corr=-3.72W  u_ff=142.0W  PCAP→136W  power=136.2W
[PID] perf=56.929Hz  target=56.918Hz  err=-0.011Hz  corr=-3.88W  u_ff=142.0W  PCAP→136W  power=135.9W
[PID] perf=56.931Hz  target=56.918Hz  err=-0.013Hz  corr=-3.90W  u_ff=142.0W  PCAP→136W  power=135.0W
[PID] perf=56.904Hz  target=56.918Hz  err=+0.014Hz  corr=-3.77W  u_ff=142.0W  PCAP→136W  power=135.2W
[PID] perf=56.927Hz  target=56.918Hz  err=-0.009Hz  corr=-3.88W  u_ff=142.0W  PCAP→136W  power=135.9W
[PID] perf=56.890Hz  target=56.918Hz  err=+0.028Hz  corr=-3.69W  u_ff=142.0W  PCAP→136W  power=135.7W
[PID] perf=56.888Hz  target=56.918Hz  err=+0.030Hz  corr=-3.66W  u_ff=142.0W  PCAP→136W  power=135.6W
[PID] perf=56.898Hz  target=56.918Hz  err=+0.020Hz  corr=-3.68W  u_ff=142.0W  PCAP→136W  power=135.7W
[PID] perf=56.916Hz  target=56.918Hz  err=+0.002Hz  corr=-3.76W  u_ff=142.0W  PCAP→136W  power=135.5W
[PID] perf=56.905Hz  target=56.918Hz  err=+0.013Hz  corr=-3.70W  u_ff=142.0W  PCAP→136W  power=134.7W
[PID] perf=56.898Hz  target=56.918Hz  err=+0.020Hz  corr=-3.65W  u_ff=142.0W  PCAP→136W  power=135.4W
[PID] perf=56.867Hz  target=56.918Hz  err=+0.051Hz  corr=-3.47W  u_ff=142.0W  PCAP→141W  power=137.7W
[PID] perf=57.362Hz  target=56.918Hz  err=-0.444Hz  corr=-6.05W  u_ff=142.0W  PCAP→136W  power=140.7W
[PID] perf=56.929Hz  target=56.918Hz  err=-0.011Hz  corr=-4.15W  u_ff=142.0W  PCAP→136W  power=135.5W
[PID] perf=56.893Hz  target=56.918Hz  err=+0.025Hz  corr=-3.96W  u_ff=142.0W  PCAP→136W  power=135.3W
[PID] perf=56.890Hz  target=56.918Hz  err=+0.028Hz  corr=-3.93W  u_ff=142.0W  PCAP→136W  power=134.7W
[PID] perf=56.815Hz  target=56.918Hz  err=+0.103Hz  corr=-3.50W  u_ff=142.0W  PCAP→141W  power=136.9W
[PID] perf=57.337Hz  target=56.918Hz  err=-0.419Hz  corr=-6.18W  u_ff=142.0W  PCAP→136W  power=141.0W
[PID] perf=56.956Hz  target=56.918Hz  err=-0.038Hz  corr=-4.53W  u_ff=142.0W  PCAP→136W  power=137.2W
[PID] perf=56.980Hz  target=56.918Hz  err=-0.062Hz  corr=-4.69W  u_ff=142.0W  PCAP→136W  power=135.8W
[PID] perf=56.962Hz  target=56.918Hz  err=-0.044Hz  corr=-4.65W  u_ff=142.0W  PCAP→136W  power=136.2W
[PID] perf=56.928Hz  target=56.918Hz  err=-0.010Hz  corr=-4.51W  u_ff=142.0W  PCAP→136W  power=134.4W
[PID] perf=56.899Hz  target=56.918Hz  err=+0.019Hz  corr=-4.36W  u_ff=142.0W  PCAP→136W  power=136.5W
[PID] perf=56.898Hz  target=56.918Hz  err=+0.020Hz  corr=-4.34W  u_ff=142.0W  PCAP→136W  power=135.5W
[PID] perf=56.899Hz  target=56.918Hz  err=+0.019Hz  corr=-4.33W  u_ff=142.0W  PCAP→136W  power=134.2W
[PID] perf=56.897Hz  target=56.918Hz  err=+0.021Hz  corr=-4.30W  u_ff=142.0W  PCAP→136W  power=136.2W
[PID] perf=56.887Hz  target=56.918Hz  err=+0.031Hz  corr=-4.23W  u_ff=142.0W  PCAP→136W  power=135.5W
[PID] perf=56.894Hz  target=56.918Hz  err=+0.024Hz  corr=-4.24W  u_ff=142.0W  PCAP→136W  power=135.8W
[PID] perf=56.896Hz  target=56.918Hz  err=+0.022Hz  corr=-4.23W  u_ff=142.0W  PCAP→136W  power=135.8W
[PID] perf=56.843Hz  target=56.918Hz  err=+0.075Hz  corr=-3.93W  u_ff=142.0W  PCAP→136W  power=136.0W
[PID] perf=56.840Hz  target=56.918Hz  err=+0.078Hz  corr=-3.84W  u_ff=142.0W  PCAP→136W  power=136.6W
[PID] perf=56.869Hz  target=56.918Hz  err=+0.049Hz  corr=-3.93W  u_ff=142.0W  PCAP→136W  power=136.9W
[PID] perf=56.881Hz  target=56.918Hz  err=+0.037Hz  corr=-3.95W  u_ff=142.0W  PCAP→136W  power=136.6W
[PID] perf=56.936Hz  target=56.918Hz  err=-0.018Hz  corr=-4.21W  u_ff=142.0W  PCAP→136W  power=136.6W
[PID] perf=56.940Hz  target=56.918Hz  err=-0.022Hz  corr=-4.25W  u_ff=142.0W  PCAP→136W  power=135.2W
[PID] perf=56.846Hz  target=56.918Hz  err=+0.072Hz  corr=-3.77W  u_ff=142.0W  PCAP→136W  power=135.8W
[PID] perf=56.875Hz  target=56.918Hz  err=+0.043Hz  corr=-3.86W  u_ff=142.0W  PCAP→136W  power=135.9W
[PID] perf=56.860Hz  target=56.918Hz  err=+0.058Hz  corr=-3.74W  u_ff=142.0W  PCAP→136W  power=135.2W
[PID] perf=56.872Hz  target=56.918Hz  err=+0.046Hz  corr=-3.75W  u_ff=142.0W  PCAP→136W  power=134.5W
[PID] perf=56.863Hz  target=56.918Hz  err=+0.055Hz  corr=-3.67W  u_ff=142.0W  PCAP→136W  power=136.1W
[PID] perf=56.843Hz  target=56.918Hz  err=+0.075Hz  corr=-3.51W  u_ff=142.0W  PCAP→136W  power=135.7W
[PID] perf=56.886Hz  target=56.918Hz  err=+0.032Hz  corr=-3.67W  u_ff=142.0W  PCAP→136W  power=135.6W
[PID] perf=56.908Hz  target=56.918Hz  err=+0.010Hz  corr=-3.76W  u_ff=142.0W  PCAP→136W  power=133.8W
[PID] perf=56.924Hz  target=56.918Hz  err=-0.006Hz  corr=-3.84W  u_ff=142.0W  PCAP→136W  power=133.9W
[PID] perf=56.920Hz  target=56.918Hz  err=-0.002Hz  corr=-3.82W  u_ff=142.0W  PCAP→136W  power=135.8W
[PID] perf=56.914Hz  target=56.918Hz  err=+0.004Hz  corr=-3.79W  u_ff=142.0W  PCAP→136W  power=136.5W
[PID] perf=56.876Hz  target=56.918Hz  err=+0.042Hz  corr=-3.59W  u_ff=142.0W  PCAP→136W  power=135.9W
[PID] perf=56.899Hz  target=56.918Hz  err=+0.019Hz  corr=-3.67W  u_ff=142.0W  PCAP→136W  power=136.6W
[PID] perf=56.861Hz  target=56.918Hz  err=+0.057Hz  corr=-3.45W  u_ff=142.0W  PCAP→141W  power=136.4W
[PID] perf=57.262Hz  target=56.918Hz  err=-0.344Hz  corr=-5.52W  u_ff=142.0W  PCAP→136W  power=140.8W
[PID] perf=56.803Hz  target=56.918Hz  err=+0.115Hz  corr=-3.40W  u_ff=142.0W  PCAP→141W  power=135.2W
[PID] perf=57.227Hz  target=56.918Hz  err=-0.309Hz  corr=-5.54W  u_ff=142.0W  PCAP→136W  power=141.0W
[PID] perf=56.851Hz  target=56.918Hz  err=+0.067Hz  corr=-3.82W  u_ff=142.0W  PCAP→136W  power=136.2W
[PID] perf=56.867Hz  target=56.918Hz  err=+0.051Hz  corr=-3.85W  u_ff=142.0W  PCAP→136W  power=136.1W
[PID] perf=56.850Hz  target=56.918Hz  err=+0.068Hz  corr=-3.71W  u_ff=142.0W  PCAP→136W  power=135.9W
[PID] perf=56.850Hz  target=56.918Hz  err=+0.068Hz  corr=-3.65W  u_ff=142.0W  PCAP→136W  power=137.2W
[PID] perf=56.850Hz  target=56.918Hz  err=+0.068Hz  corr=-3.60W  u_ff=142.0W  PCAP→136W  power=134.6W
Process completed.
Compressed into /home/cc/summer2024/main_codes/pid_controller/../experiment_data/PID_Control_sweep/ones-stream-full/compressed_iteration_20260512_223558.tar
----------------------------------

>>> Step 3/3

[ones-stream-full]
  target perf      : 56.9180 Hz
  coefficients_perf: [-0.001454368618345514, 0.4666906429990306, 19.97332976225342]
  feedforward PCAP : 142.01 W  →  141 W (snapped)
  Perf(u_ff) check : 56.9180 Hz  (should ≈ target)
  PID gains        : Kp=4.4139 W/Hz  Ki=0.44139 W/(Hz·s)  Kd=0.0000
[PID] perf=58.202Hz  target=56.918Hz  err=-1.284Hz  corr=-6.80W  u_ff=142.0W  PCAP→136W  power=nanW
[PID] perf=56.675Hz  target=56.918Hz  err=+0.243Hz  corr=+0.15W  u_ff=142.0W  PCAP→141W  power=135.9W
[PID] perf=57.193Hz  target=56.918Hz  err=-0.275Hz  corr=-2.37W  u_ff=142.0W  PCAP→141W  power=140.9W
[PID] perf=56.878Hz  target=56.918Hz  err=+0.040Hz  corr=-0.95W  u_ff=142.0W  PCAP→141W  power=141.6W
[PID] perf=57.307Hz  target=56.918Hz  err=-0.389Hz  corr=-3.19W  u_ff=142.0W  PCAP→141W  power=142.1W
[PID] perf=57.405Hz  target=56.918Hz  err=-0.487Hz  corr=-4.05W  u_ff=142.0W  PCAP→136W  power=140.7W
[PID] perf=57.089Hz  target=56.918Hz  err=-0.171Hz  corr=-2.81W  u_ff=142.0W  PCAP→141W  power=136.3W
[PID] perf=57.300Hz  target=56.918Hz  err=-0.382Hz  corr=-4.07W  u_ff=142.0W  PCAP→136W  power=141.1W
[PID] perf=56.911Hz  target=56.918Hz  err=+0.007Hz  corr=-2.35W  u_ff=142.0W  PCAP→141W  power=136.1W
[PID] perf=57.268Hz  target=56.918Hz  err=-0.350Hz  corr=-4.24W  u_ff=142.0W  PCAP→136W  power=140.5W
[PID] perf=56.847Hz  target=56.918Hz  err=+0.071Hz  corr=-2.32W  u_ff=142.0W  PCAP→141W  power=136.1W
[PID] perf=57.259Hz  target=56.918Hz  err=-0.341Hz  corr=-4.43W  u_ff=142.0W  PCAP→136W  power=139.9W
[PID] perf=56.766Hz  target=56.918Hz  err=+0.152Hz  corr=-2.12W  u_ff=142.0W  PCAP→141W  power=135.2W
[PID] perf=57.240Hz  target=56.918Hz  err=-0.322Hz  corr=-4.50W  u_ff=142.0W  PCAP→136W  power=139.7W
[PID] perf=56.860Hz  target=56.918Hz  err=+0.058Hz  corr=-2.77W  u_ff=142.0W  PCAP→141W  power=136.1W
[PID] perf=57.225Hz  target=56.918Hz  err=-0.307Hz  corr=-4.65W  u_ff=142.0W  PCAP→136W  power=141.0W
[PID] perf=56.892Hz  target=56.918Hz  err=+0.026Hz  corr=-3.16W  u_ff=142.0W  PCAP→141W  power=135.6W
[PID] perf=57.169Hz  target=56.918Hz  err=-0.251Hz  corr=-4.60W  u_ff=142.0W  PCAP→136W  power=141.8W
[PID] perf=56.793Hz  target=56.918Hz  err=+0.125Hz  corr=-2.83W  u_ff=142.0W  PCAP→141W  power=136.3W
[PID] perf=56.960Hz  target=56.918Hz  err=-0.042Hz  corr=-3.61W  u_ff=142.0W  PCAP→136W  power=139.7W
[PID] perf=56.773Hz  target=56.918Hz  err=+0.145Hz  corr=-2.65W  u_ff=142.0W  PCAP→141W  power=134.4W
[PID] perf=57.351Hz  target=56.918Hz  err=-0.433Hz  corr=-5.59W  u_ff=142.0W  PCAP→136W  power=140.4W
[PID] perf=56.714Hz  target=56.918Hz  err=+0.205Hz  corr=-2.59W  u_ff=142.0W  PCAP→141W  power=134.6W
[PID] perf=57.311Hz  target=56.918Hz  err=-0.393Hz  corr=-5.58W  u_ff=142.0W  PCAP→136W  power=141.5W
[PID] perf=56.908Hz  target=56.918Hz  err=+0.010Hz  corr=-3.79W  u_ff=142.0W  PCAP→136W  power=136.6W
[PID] perf=56.928Hz  target=56.918Hz  err=-0.010Hz  corr=-3.89W  u_ff=142.0W  PCAP→136W  power=136.0W
[PID] perf=56.926Hz  target=56.918Hz  err=-0.008Hz  corr=-3.89W  u_ff=142.0W  PCAP→136W  power=136.1W
[PID] perf=56.914Hz  target=56.918Hz  err=+0.004Hz  corr=-3.83W  u_ff=142.0W  PCAP→136W  power=134.8W
[PID] perf=56.921Hz  target=56.918Hz  err=-0.003Hz  corr=-3.86W  u_ff=142.0W  PCAP→136W  power=135.0W
[PID] perf=56.917Hz  target=56.918Hz  err=+0.001Hz  corr=-3.85W  u_ff=142.0W  PCAP→136W  power=135.7W
[PID] perf=56.846Hz  target=56.918Hz  err=+0.072Hz  corr=-3.47W  u_ff=142.0W  PCAP→141W  power=136.6W
[PID] perf=57.336Hz  target=56.918Hz  err=-0.418Hz  corr=-6.00W  u_ff=142.0W  PCAP→136W  power=141.3W
[PID] perf=56.908Hz  target=56.918Hz  err=+0.010Hz  corr=-4.10W  u_ff=142.0W  PCAP→136W  power=135.9W
[PID] perf=56.909Hz  target=56.918Hz  err=+0.009Hz  corr=-4.10W  u_ff=142.0W  PCAP→136W  power=135.7W
[PID] perf=56.941Hz  target=56.918Hz  err=-0.023Hz  corr=-4.26W  u_ff=142.0W  PCAP→136W  power=136.1W
[PID] perf=56.937Hz  target=56.918Hz  err=-0.019Hz  corr=-4.26W  u_ff=142.0W  PCAP→136W  power=136.5W
[PID] perf=56.922Hz  target=56.918Hz  err=-0.004Hz  corr=-4.20W  u_ff=142.0W  PCAP→136W  power=135.6W
[PID] perf=56.963Hz  target=56.918Hz  err=-0.045Hz  corr=-4.42W  u_ff=142.0W  PCAP→136W  power=134.9W
[PID] perf=56.935Hz  target=56.918Hz  err=-0.017Hz  corr=-4.31W  u_ff=142.0W  PCAP→136W  power=136.2W
[PID] perf=56.921Hz  target=56.918Hz  err=-0.003Hz  corr=-4.25W  u_ff=142.0W  PCAP→136W  power=136.9W
[PID] perf=56.950Hz  target=56.918Hz  err=-0.032Hz  corr=-4.40W  u_ff=142.0W  PCAP→136W  power=136.4W
[PID] perf=56.934Hz  target=56.918Hz  err=-0.016Hz  corr=-4.35W  u_ff=142.0W  PCAP→136W  power=136.1W
[PID] perf=56.935Hz  target=56.918Hz  err=-0.017Hz  corr=-4.37W  u_ff=142.0W  PCAP→136W  power=133.9W
[PID] perf=56.932Hz  target=56.918Hz  err=-0.014Hz  corr=-4.37W  u_ff=142.0W  PCAP→136W  power=136.1W
[PID] perf=56.931Hz  target=56.918Hz  err=-0.013Hz  corr=-4.37W  u_ff=142.0W  PCAP→136W  power=136.1W
[PID] perf=56.941Hz  target=56.918Hz  err=-0.023Hz  corr=-4.44W  u_ff=142.0W  PCAP→136W  power=136.6W
[PID] perf=56.905Hz  target=56.918Hz  err=+0.013Hz  corr=-4.27W  u_ff=142.0W  PCAP→136W  power=136.2W
[PID] perf=56.897Hz  target=56.918Hz  err=+0.021Hz  corr=-4.21W  u_ff=142.0W  PCAP→136W  power=134.6W
[PID] perf=56.911Hz  target=56.918Hz  err=+0.008Hz  corr=-4.27W  u_ff=142.0W  PCAP→136W  power=135.6W
[PID] perf=56.911Hz  target=56.918Hz  err=+0.007Hz  corr=-4.26W  u_ff=142.0W  PCAP→136W  power=135.8W
[PID] perf=56.929Hz  target=56.918Hz  err=-0.011Hz  corr=-4.35W  u_ff=142.0W  PCAP→136W  power=134.9W
[PID] perf=56.931Hz  target=56.918Hz  err=-0.013Hz  corr=-4.37W  u_ff=142.0W  PCAP→136W  power=136.8W
[PID] perf=56.928Hz  target=56.918Hz  err=-0.010Hz  corr=-4.37W  u_ff=142.0W  PCAP→136W  power=135.0W
[PID] perf=56.932Hz  target=56.918Hz  err=-0.014Hz  corr=-4.40W  u_ff=142.0W  PCAP→136W  power=136.5W
[PID] perf=56.967Hz  target=56.918Hz  err=-0.049Hz  corr=-4.60W  u_ff=142.0W  PCAP→136W  power=137.7W
[PID] perf=56.880Hz  target=56.918Hz  err=+0.038Hz  corr=-4.18W  u_ff=142.0W  PCAP→136W  power=136.9W
[PID] perf=57.034Hz  target=56.918Hz  err=-0.116Hz  corr=-4.96W  u_ff=142.0W  PCAP→136W  power=136.6W
[PID] perf=57.084Hz  target=56.918Hz  err=-0.166Hz  corr=-5.33W  u_ff=142.0W  PCAP→136W  power=135.5W
[PID] perf=57.082Hz  target=56.918Hz  err=-0.164Hz  corr=-5.46W  u_ff=142.0W  PCAP→136W  power=135.6W
[PID] perf=57.094Hz  target=56.918Hz  err=-0.176Hz  corr=-5.68W  u_ff=142.0W  PCAP→136W  power=136.8W
[PID] perf=57.065Hz  target=56.918Hz  err=-0.147Hz  corr=-5.68W  u_ff=142.0W  PCAP→136W  power=134.7W
[PID] perf=56.984Hz  target=56.918Hz  err=-0.066Hz  corr=-5.37W  u_ff=142.0W  PCAP→136W  power=134.5W
[PID] perf=56.909Hz  target=56.918Hz  err=+0.009Hz  corr=-5.04W  u_ff=142.0W  PCAP→136W  power=135.6W
[PID] perf=56.950Hz  target=56.918Hz  err=-0.032Hz  corr=-5.25W  u_ff=142.0W  PCAP→136W  power=135.7W
[PID] perf=56.956Hz  target=56.918Hz  err=-0.038Hz  corr=-5.31W  u_ff=142.0W  PCAP→136W  power=136.1W
[PID] perf=56.938Hz  target=56.918Hz  err=-0.020Hz  corr=-5.24W  u_ff=142.0W  PCAP→136W  power=135.4W
[PID] perf=56.944Hz  target=56.918Hz  err=-0.026Hz  corr=-5.29W  u_ff=142.0W  PCAP→136W  power=136.9W
[PID] perf=56.886Hz  target=56.918Hz  err=+0.032Hz  corr=-5.01W  u_ff=142.0W  PCAP→136W  power=136.4W
[PID] perf=56.954Hz  target=56.918Hz  err=-0.036Hz  corr=-5.34W  u_ff=142.0W  PCAP→136W  power=134.6W
[PID] perf=56.940Hz  target=56.918Hz  err=-0.022Hz  corr=-5.30W  u_ff=142.0W  PCAP→136W  power=136.1W
[PID] perf=56.907Hz  target=56.918Hz  err=+0.011Hz  corr=-5.14W  u_ff=142.0W  PCAP→136W  power=135.7W
[PID] perf=56.981Hz  target=56.918Hz  err=-0.063Hz  corr=-5.52W  u_ff=142.0W  PCAP→136W  power=136.7W
[PID] perf=56.810Hz  target=56.918Hz  err=+0.108Hz  corr=-4.68W  u_ff=142.0W  PCAP→136W  power=137.0W
[PID] perf=57.048Hz  target=56.918Hz  err=-0.130Hz  corr=-5.84W  u_ff=142.0W  PCAP→136W  power=135.1W
[PID] perf=56.955Hz  target=56.918Hz  err=-0.037Hz  corr=-5.46W  u_ff=142.0W  PCAP→136W  power=135.9W
[PID] perf=56.979Hz  target=56.918Hz  err=-0.061Hz  corr=-5.62W  u_ff=142.0W  PCAP→136W  power=135.6W
[PID] perf=56.945Hz  target=56.918Hz  err=-0.027Hz  corr=-5.50W  u_ff=142.0W  PCAP→136W  power=135.0W
[PID] perf=56.952Hz  target=56.918Hz  err=-0.034Hz  corr=-5.56W  u_ff=142.0W  PCAP→136W  power=135.8W
[PID] perf=56.635Hz  target=56.918Hz  err=+0.283Hz  corr=-3.91W  u_ff=142.0W  PCAP→136W  power=135.1W
[PID] perf=57.084Hz  target=56.918Hz  err=-0.166Hz  corr=-6.03W  u_ff=142.0W  PCAP→136W  power=136.3W
[PID] perf=57.093Hz  target=56.918Hz  err=-0.175Hz  corr=-6.23W  u_ff=142.0W  PCAP→136W  power=136.3W
[PID] perf=57.096Hz  target=56.918Hz  err=-0.178Hz  corr=-6.40W  u_ff=142.0W  PCAP→136W  power=135.5W
[PID] perf=56.984Hz  target=56.918Hz  err=-0.066Hz  corr=-5.96W  u_ff=142.0W  PCAP→136W  power=135.0W
[PID] perf=57.094Hz  target=56.918Hz  err=-0.176Hz  corr=-6.61W  u_ff=142.0W  PCAP→136W  power=135.4W
[PID] perf=56.948Hz  target=56.918Hz  err=-0.030Hz  corr=-5.99W  u_ff=142.0W  PCAP→136W  power=136.1W
[PID] perf=56.950Hz  target=56.918Hz  err=-0.032Hz  corr=-6.02W  u_ff=142.0W  PCAP→136W  power=136.4W
[PID] perf=56.950Hz  target=56.918Hz  err=-0.032Hz  corr=-6.05W  u_ff=142.0W  PCAP→136W  power=136.4W
[PID] perf=56.980Hz  target=56.918Hz  err=-0.062Hz  corr=-6.24W  u_ff=142.0W  PCAP→136W  power=135.0W
Process completed.
Compressed into /home/cc/summer2024/main_codes/pid_controller/../experiment_data/PID_Control_sweep/ones-stream-full/compressed_iteration_20260512_223854.tar
----------------------------------
