
>>> Step 1/3

[ones-npb-ep]
  target perf      : 13.9166 Hz
  coefficients_perf: [-0.0006394025930687709, 0.20079489995546235, -1.448354481994224]
  feedforward PCAP : 132.03 W  →  130 W (snapped)
  Perf(u_ff) check : 13.9166 Hz  (should ≈ target)
  PID gains        : Kp=11.0083 W/Hz  Ki=1.10083 W/(Hz·s)  Kd=0.0000
[PID] perf=15.219Hz  target=13.917Hz  err=-1.302Hz  corr=-17.21W  u_ff=132.0W  PCAP→112W  power=nanW
[PID] perf=13.748Hz  target=13.917Hz  err=+0.169Hz  corr=-0.64W  u_ff=132.0W  PCAP→130W  power=112.1W
[PID] perf=14.784Hz  target=13.917Hz  err=-0.867Hz  corr=-13.95W  u_ff=132.0W  PCAP→118W  power=129.4W
[PID] perf=14.156Hz  target=13.917Hz  err=-0.239Hz  corr=-7.57W  u_ff=132.0W  PCAP→124W  power=118.0W
[PID] perf=14.533Hz  target=13.917Hz  err=-0.616Hz  corr=-13.07W  u_ff=132.0W  PCAP→118W  power=124.4W
[PID] perf=14.157Hz  target=13.917Hz  err=-0.241Hz  corr=-9.47W  u_ff=132.0W  PCAP→124W  power=117.5W
[PID] perf=14.517Hz  target=13.917Hz  err=-0.600Hz  corr=-14.75W  u_ff=132.0W  PCAP→118W  power=122.3W
[PID] perf=14.186Hz  target=13.917Hz  err=-0.269Hz  corr=-11.70W  u_ff=132.0W  PCAP→118W  power=119.6W
[PID] perf=14.192Hz  target=13.917Hz  err=-0.275Hz  corr=-12.37W  u_ff=132.0W  PCAP→118W  power=118.0W
[PID] perf=14.170Hz  target=13.917Hz  err=-0.253Hz  corr=-12.68W  u_ff=132.0W  PCAP→118W  power=116.9W
[PID] perf=14.211Hz  target=13.917Hz  err=-0.295Hz  corr=-13.79W  u_ff=132.0W  PCAP→118W  power=117.0W
[PID] perf=14.186Hz  target=13.917Hz  err=-0.270Hz  corr=-14.11W  u_ff=132.0W  PCAP→118W  power=118.1W
[PID] perf=14.173Hz  target=13.917Hz  err=-0.257Hz  corr=-14.53W  u_ff=132.0W  PCAP→118W  power=117.5W
[PID] perf=14.164Hz  target=13.917Hz  err=-0.247Hz  corr=-14.97W  u_ff=132.0W  PCAP→118W  power=118.1W
[PID] perf=14.195Hz  target=13.917Hz  err=-0.278Hz  corr=-15.93W  u_ff=132.0W  PCAP→118W  power=118.3W
[PID] perf=14.082Hz  target=13.917Hz  err=-0.165Hz  corr=-15.05W  u_ff=132.0W  PCAP→118W  power=113.0W
[PID] perf=14.181Hz  target=13.917Hz  err=-0.264Hz  corr=-16.71W  u_ff=132.0W  PCAP→118W  power=117.3W
[PID] perf=14.221Hz  target=13.917Hz  err=-0.305Hz  corr=-17.83W  u_ff=132.0W  PCAP→112W  power=118.2W
[PID] perf=13.755Hz  target=13.917Hz  err=+0.162Hz  corr=-12.34W  u_ff=132.0W  PCAP→118W  power=111.9W
[PID] perf=14.171Hz  target=13.917Hz  err=-0.254Hz  corr=-17.48W  u_ff=132.0W  PCAP→112W  power=118.1W
[PID] perf=13.760Hz  target=13.917Hz  err=+0.157Hz  corr=-12.61W  u_ff=132.0W  PCAP→118W  power=112.0W
[PID] perf=14.144Hz  target=13.917Hz  err=-0.228Hz  corr=-17.35W  u_ff=132.0W  PCAP→112W  power=118.4W
[PID] perf=13.734Hz  target=13.917Hz  err=+0.182Hz  corr=-12.43W  u_ff=132.0W  PCAP→118W  power=111.9W
[PID] perf=14.177Hz  target=13.917Hz  err=-0.260Hz  corr=-17.87W  u_ff=132.0W  PCAP→112W  power=117.0W
[PID] perf=13.770Hz  target=13.917Hz  err=+0.147Hz  corr=-13.07W  u_ff=132.0W  PCAP→118W  power=111.2W
[PID] perf=14.169Hz  target=13.917Hz  err=-0.253Hz  corr=-18.03W  u_ff=132.0W  PCAP→112W  power=117.5W
[PID] perf=13.786Hz  target=13.917Hz  err=+0.131Hz  corr=-13.51W  u_ff=132.0W  PCAP→118W  power=111.8W
[PID] perf=14.176Hz  target=13.917Hz  err=-0.259Hz  corr=-18.38W  u_ff=132.0W  PCAP→112W  power=117.8W
[PID] perf=13.775Hz  target=13.917Hz  err=+0.142Hz  corr=-13.65W  u_ff=132.0W  PCAP→118W  power=111.6W
[PID] perf=14.183Hz  target=13.917Hz  err=-0.267Hz  corr=-18.73W  u_ff=132.0W  PCAP→112W  power=118.0W
[PID] perf=13.747Hz  target=13.917Hz  err=+0.170Hz  corr=-13.55W  u_ff=132.0W  PCAP→118W  power=112.3W
[PID] perf=14.174Hz  target=13.917Hz  err=-0.257Hz  corr=-18.82W  u_ff=132.0W  PCAP→112W  power=118.3W
[PID] perf=13.747Hz  target=13.917Hz  err=+0.169Hz  corr=-13.75W  u_ff=132.0W  PCAP→118W  power=110.1W
[PID] perf=14.145Hz  target=13.917Hz  err=-0.229Hz  corr=-18.64W  u_ff=132.0W  PCAP→112W  power=118.6W
[PID] perf=13.754Hz  target=13.917Hz  err=+0.163Hz  corr=-13.97W  u_ff=132.0W  PCAP→118W  power=112.0W
[PID] perf=14.165Hz  target=13.917Hz  err=-0.248Hz  corr=-19.04W  u_ff=132.0W  PCAP→112W  power=117.2W
Process completed.
Compressed into /home/cc/summer2024/main_codes/pid_controller/../experiment_data/PID_Control_sweep/ones-npb-ep/compressed_iteration_20260512_125421.tar
----------------------------------

>>> Step 2/3

[ones-npb-ep]
  target perf      : 13.9166 Hz
  coefficients_perf: [-0.0006394025930687709, 0.20079489995546235, -1.448354481994224]
  feedforward PCAP : 132.03 W  →  130 W (snapped)
  Perf(u_ff) check : 13.9166 Hz  (should ≈ target)
  PID gains        : Kp=11.0083 W/Hz  Ki=1.10083 W/(Hz·s)  Kd=0.0000
[PID] perf=14.761Hz  target=13.917Hz  err=-0.844Hz  corr=-11.15W  u_ff=132.0W  PCAP→118W  power=nanW
[PID] perf=14.244Hz  target=13.917Hz  err=-0.328Hz  corr=-6.19W  u_ff=132.0W  PCAP→124W  power=117.6W
[PID] perf=14.528Hz  target=13.917Hz  err=-0.611Hz  corr=-10.65W  u_ff=132.0W  PCAP→124W  power=124.1W
[PID] perf=14.541Hz  target=13.917Hz  err=-0.624Hz  corr=-12.17W  u_ff=132.0W  PCAP→118W  power=123.4W
[PID] perf=14.192Hz  target=13.917Hz  err=-0.275Hz  corr=-8.93W  u_ff=132.0W  PCAP→124W  power=117.9W
[PID] perf=14.507Hz  target=13.917Hz  err=-0.590Hz  corr=-13.70W  u_ff=132.0W  PCAP→118W  power=123.2W
[PID] perf=14.143Hz  target=13.917Hz  err=-0.227Hz  corr=-10.20W  u_ff=132.0W  PCAP→124W  power=116.9W
[PID] perf=14.570Hz  target=13.917Hz  err=-0.653Hz  corr=-16.33W  u_ff=132.0W  PCAP→118W  power=124.5W
[PID] perf=14.203Hz  target=13.917Hz  err=-0.287Hz  corr=-12.93W  u_ff=132.0W  PCAP→118W  power=117.6W
[PID] perf=14.215Hz  target=13.917Hz  err=-0.299Hz  corr=-13.72W  u_ff=132.0W  PCAP→118W  power=118.3W
[PID] perf=14.175Hz  target=13.917Hz  err=-0.259Hz  corr=-13.85W  u_ff=132.0W  PCAP→118W  power=118.3W
[PID] perf=14.188Hz  target=13.917Hz  err=-0.271Hz  corr=-14.58W  u_ff=132.0W  PCAP→118W  power=118.1W
[PID] perf=14.201Hz  target=13.917Hz  err=-0.284Hz  corr=-15.35W  u_ff=132.0W  PCAP→118W  power=117.2W
[PID] perf=14.202Hz  target=13.917Hz  err=-0.286Hz  corr=-16.00W  u_ff=132.0W  PCAP→118W  power=117.4W
[PID] perf=14.185Hz  target=13.917Hz  err=-0.269Hz  corr=-16.40W  u_ff=132.0W  PCAP→118W  power=117.3W
[PID] perf=14.208Hz  target=13.917Hz  err=-0.292Hz  corr=-17.30W  u_ff=132.0W  PCAP→112W  power=118.2W
[PID] perf=13.792Hz  target=13.917Hz  err=+0.125Hz  corr=-12.44W  u_ff=132.0W  PCAP→118W  power=112.1W
[PID] perf=14.208Hz  target=13.917Hz  err=-0.291Hz  corr=-17.66W  u_ff=132.0W  PCAP→112W  power=116.1W
[PID] perf=13.812Hz  target=13.917Hz  err=+0.105Hz  corr=-13.07W  u_ff=132.0W  PCAP→118W  power=110.4W
[PID] perf=14.211Hz  target=13.917Hz  err=-0.295Hz  corr=-18.12W  u_ff=132.0W  PCAP→112W  power=117.6W
[PID] perf=13.823Hz  target=13.917Hz  err=+0.094Hz  corr=-13.64W  u_ff=132.0W  PCAP→118W  power=111.8W
[PID] perf=14.197Hz  target=13.917Hz  err=-0.280Hz  corr=-18.37W  u_ff=132.0W  PCAP→112W  power=118.5W
[PID] perf=13.802Hz  target=13.917Hz  err=+0.115Hz  corr=-13.77W  u_ff=132.0W  PCAP→118W  power=110.4W
[PID] perf=14.221Hz  target=13.917Hz  err=-0.304Hz  corr=-19.05W  u_ff=132.0W  PCAP→112W  power=115.6W
[PID] perf=13.809Hz  target=13.917Hz  err=+0.107Hz  corr=-14.28W  u_ff=132.0W  PCAP→118W  power=111.7W
[PID] perf=14.156Hz  target=13.917Hz  err=-0.240Hz  corr=-18.63W  u_ff=132.0W  PCAP→112W  power=117.1W
[PID] perf=13.806Hz  target=13.917Hz  err=+0.110Hz  corr=-14.54W  u_ff=132.0W  PCAP→118W  power=112.6W
[PID] perf=14.205Hz  target=13.917Hz  err=-0.289Hz  corr=-19.56W  u_ff=132.0W  PCAP→112W  power=117.1W
[PID] perf=13.802Hz  target=13.917Hz  err=+0.114Hz  corr=-14.87W  u_ff=132.0W  PCAP→118W  power=111.4W
[PID] perf=14.207Hz  target=13.917Hz  err=-0.291Hz  corr=-19.98W  u_ff=132.0W  PCAP→112W  power=119.1W
[PID] perf=13.799Hz  target=13.917Hz  err=+0.118Hz  corr=-15.22W  u_ff=132.0W  PCAP→118W  power=110.6W
[PID] perf=14.190Hz  target=13.917Hz  err=-0.273Hz  corr=-20.13W  u_ff=132.0W  PCAP→112W  power=118.2W
[PID] perf=13.803Hz  target=13.917Hz  err=+0.114Hz  corr=-15.62W  u_ff=132.0W  PCAP→118W  power=111.3W
[PID] perf=14.187Hz  target=13.917Hz  err=-0.270Hz  corr=-20.44W  u_ff=132.0W  PCAP→112W  power=117.1W
[PID] perf=13.804Hz  target=13.917Hz  err=+0.112Hz  corr=-15.98W  u_ff=132.0W  PCAP→118W  power=115.8W
[PID] perf=14.197Hz  target=13.917Hz  err=-0.280Hz  corr=-20.92W  u_ff=132.0W  PCAP→112W  power=117.8W
Process completed.
Compressed into /home/cc/summer2024/main_codes/pid_controller/../experiment_data/PID_Control_sweep/ones-npb-ep/compressed_iteration_20260512_125532.tar
----------------------------------

>>> Step 3/3

[ones-npb-ep]
  target perf      : 13.9166 Hz
  coefficients_perf: [-0.0006394025930687709, 0.20079489995546235, -1.448354481994224]
  feedforward PCAP : 132.03 W  →  130 W (snapped)
  Perf(u_ff) check : 13.9166 Hz  (should ≈ target)
  PID gains        : Kp=11.0083 W/Hz  Ki=1.10083 W/(Hz·s)  Kd=0.0000
[PID] perf=13.899Hz  target=13.917Hz  err=+0.018Hz  corr=+0.24W  u_ff=132.0W  PCAP→130W  power=nanW
[PID] perf=14.795Hz  target=13.917Hz  err=-0.878Hz  corr=-11.56W  u_ff=132.0W  PCAP→118W  power=128.4W
[PID] perf=14.129Hz  target=13.917Hz  err=-0.213Hz  corr=-4.71W  u_ff=132.0W  PCAP→130W  power=118.2W
[PID] perf=14.813Hz  target=13.917Hz  err=-0.896Hz  corr=-14.20W  u_ff=132.0W  PCAP→118W  power=131.5W
[PID] perf=14.155Hz  target=13.917Hz  err=-0.238Hz  corr=-7.48W  u_ff=132.0W  PCAP→124W  power=117.8W
[PID] perf=14.508Hz  target=13.917Hz  err=-0.591Hz  corr=-12.67W  u_ff=132.0W  PCAP→118W  power=122.7W
[PID] perf=14.117Hz  target=13.917Hz  err=-0.201Hz  corr=-8.82W  u_ff=132.0W  PCAP→124W  power=117.7W
[PID] perf=14.528Hz  target=13.917Hz  err=-0.611Hz  corr=-14.68W  u_ff=132.0W  PCAP→118W  power=125.0W
[PID] perf=14.166Hz  target=13.917Hz  err=-0.249Hz  corr=-11.25W  u_ff=132.0W  PCAP→118W  power=117.5W
[PID] perf=14.145Hz  target=13.917Hz  err=-0.228Hz  corr=-11.51W  u_ff=132.0W  PCAP→118W  power=117.3W
[PID] perf=14.163Hz  target=13.917Hz  err=-0.247Hz  corr=-12.26W  u_ff=132.0W  PCAP→118W  power=118.1W
[PID] perf=14.141Hz  target=13.917Hz  err=-0.224Hz  corr=-12.50W  u_ff=132.0W  PCAP→118W  power=116.6W
[PID] perf=14.156Hz  target=13.917Hz  err=-0.240Hz  corr=-13.20W  u_ff=132.0W  PCAP→118W  power=118.5W
[PID] perf=14.145Hz  target=13.917Hz  err=-0.228Hz  corr=-13.58W  u_ff=132.0W  PCAP→118W  power=117.5W
[PID] perf=14.168Hz  target=13.917Hz  err=-0.251Hz  corr=-14.39W  u_ff=132.0W  PCAP→118W  power=117.1W
[PID] perf=14.144Hz  target=13.917Hz  err=-0.228Hz  corr=-14.63W  u_ff=132.0W  PCAP→118W  power=118.2W
[PID] perf=14.132Hz  target=13.917Hz  err=-0.216Hz  corr=-14.97W  u_ff=132.0W  PCAP→118W  power=118.2W
[PID] perf=14.147Hz  target=13.917Hz  err=-0.230Hz  corr=-15.64W  u_ff=132.0W  PCAP→118W  power=119.0W
[PID] perf=14.121Hz  target=13.917Hz  err=-0.205Hz  corr=-15.81W  u_ff=132.0W  PCAP→118W  power=118.4W
[PID] perf=14.137Hz  target=13.917Hz  err=-0.221Hz  corr=-16.47W  u_ff=132.0W  PCAP→118W  power=116.9W
[PID] perf=14.137Hz  target=13.917Hz  err=-0.220Hz  corr=-16.95W  u_ff=132.0W  PCAP→118W  power=117.4W
[PID] perf=14.124Hz  target=13.917Hz  err=-0.207Hz  corr=-17.26W  u_ff=132.0W  PCAP→112W  power=118.7W
[PID] perf=13.755Hz  target=13.917Hz  err=+0.161Hz  corr=-12.85W  u_ff=132.0W  PCAP→118W  power=112.1W
[PID] perf=14.173Hz  target=13.917Hz  err=-0.256Hz  corr=-18.01W  u_ff=132.0W  PCAP→112W  power=118.7W
[PID] perf=13.728Hz  target=13.917Hz  err=+0.189Hz  corr=-12.70W  u_ff=132.0W  PCAP→118W  power=111.6W
[PID] perf=14.178Hz  target=13.917Hz  err=-0.261Hz  corr=-18.23W  u_ff=132.0W  PCAP→112W  power=118.4W
[PID] perf=13.814Hz  target=13.917Hz  err=+0.103Hz  corr=-13.99W  u_ff=132.0W  PCAP→118W  power=111.3W
[PID] perf=14.206Hz  target=13.917Hz  err=-0.290Hz  corr=-18.95W  u_ff=132.0W  PCAP→112W  power=116.9W
[PID] perf=13.809Hz  target=13.917Hz  err=+0.108Hz  corr=-14.33W  u_ff=132.0W  PCAP→118W  power=112.9W
[PID] perf=14.210Hz  target=13.917Hz  err=-0.293Hz  corr=-19.39W  u_ff=132.0W  PCAP→112W  power=117.5W
[PID] perf=13.792Hz  target=13.917Hz  err=+0.125Hz  corr=-14.52W  u_ff=132.0W  PCAP→118W  power=113.3W
[PID] perf=14.186Hz  target=13.917Hz  err=-0.269Hz  corr=-19.45W  u_ff=132.0W  PCAP→112W  power=118.1W
[PID] perf=13.814Hz  target=13.917Hz  err=+0.102Hz  corr=-15.13W  u_ff=132.0W  PCAP→118W  power=112.2W
[PID] perf=14.201Hz  target=13.917Hz  err=-0.284Hz  corr=-20.01W  u_ff=132.0W  PCAP→112W  power=118.5W
[PID] perf=13.800Hz  target=13.917Hz  err=+0.117Hz  corr=-15.34W  u_ff=132.0W  PCAP→118W  power=110.2W
[PID] perf=13.570Hz  target=13.917Hz  err=+0.347Hz  corr=-12.04W  u_ff=132.0W  PCAP→118W  power=117.8W
Process completed.
Compressed into /home/cc/summer2024/main_codes/pid_controller/../experiment_data/PID_Control_sweep/ones-npb-ep/compressed_iteration_20260512_125644.tar
----------------------------------
