
>>> Step 1/3

[ones-stream-triad]
  target perf      : 183.1670 Hz
  coefficients_perf: [-0.004198996979306703, 1.4113888522213032, 83.31648448855799]
  feedforward PCAP : 101.24 W  →  101 W (snapped)
  Perf(u_ff) check : 183.1670 Hz  (should ≈ target)
  PID gains        : Kp=1.2787 W/Hz  Ki=0.12787 W/(Hz·s)  Kd=0.0000
[PID] perf=203.963Hz  target=183.167Hz  err=-20.796Hz  corr=-31.91W  u_ff=101.2W  PCAP→78W  power=nanW
[PID] perf=172.192Hz  target=183.167Hz  err=+10.975Hz  corr=+11.52W  u_ff=101.2W  PCAP→112W  power=nanW
[PID] perf=192.997Hz  target=183.167Hz  err=-9.830Hz  corr=-17.59W  u_ff=101.2W  PCAP→83W  power=111.8W
[PID] perf=179.795Hz  target=183.167Hz  err=+3.372Hz  corr=+0.15W  u_ff=101.2W  PCAP→101W  power=nanW
[PID] perf=186.974Hz  target=183.167Hz  err=-3.807Hz  corr=-10.01W  u_ff=101.2W  PCAP→89W  power=nanW
[PID] perf=181.697Hz  target=183.167Hz  err=+1.470Hz  corr=-2.88W  u_ff=101.2W  PCAP→101W  power=89.6W
[PID] perf=190.037Hz  target=183.167Hz  err=-6.870Hz  corr=-15.30W  u_ff=101.2W  PCAP→83W  power=100.3W
[PID] perf=177.642Hz  target=183.167Hz  err=+5.525Hz  corr=+1.96W  u_ff=101.2W  PCAP→101W  power=82.5W
[PID] perf=187.045Hz  target=183.167Hz  err=-3.878Hz  corr=-11.06W  u_ff=101.2W  PCAP→89W  power=104.0W
[PID] perf=182.167Hz  target=183.167Hz  err=+1.000Hz  corr=-4.56W  u_ff=101.2W  PCAP→95W  power=nanW
[PID] perf=183.635Hz  target=183.167Hz  err=-0.467Hz  corr=-6.56W  u_ff=101.2W  PCAP→95W  power=95.1W
[PID] perf=183.669Hz  target=183.167Hz  err=-0.502Hz  corr=-6.73W  u_ff=101.2W  PCAP→95W  power=94.1W
[PID] perf=183.582Hz  target=183.167Hz  err=-0.415Hz  corr=-6.73W  u_ff=101.2W  PCAP→95W  power=94.7W
[PID] perf=183.241Hz  target=183.167Hz  err=-0.074Hz  corr=-6.31W  u_ff=101.2W  PCAP→95W  power=94.5W
[PID] perf=183.370Hz  target=183.167Hz  err=-0.203Hz  corr=-6.52W  u_ff=101.2W  PCAP→95W  power=95.4W
[PID] perf=183.602Hz  target=183.167Hz  err=-0.435Hz  corr=-6.93W  u_ff=101.2W  PCAP→95W  power=95.4W
[PID] perf=183.689Hz  target=183.167Hz  err=-0.522Hz  corr=-7.18W  u_ff=101.2W  PCAP→95W  power=95.7W
[PID] perf=184.098Hz  target=183.167Hz  err=-0.931Hz  corr=-7.94W  u_ff=101.2W  PCAP→95W  power=93.9W
[PID] perf=184.254Hz  target=183.167Hz  err=-1.087Hz  corr=-8.42W  u_ff=101.2W  PCAP→95W  power=94.6W
[PID] perf=183.370Hz  target=183.167Hz  err=-0.203Hz  corr=-7.34W  u_ff=101.2W  PCAP→95W  power=94.7W
[PID] perf=183.265Hz  target=183.167Hz  err=-0.098Hz  corr=-7.23W  u_ff=101.2W  PCAP→95W  power=nanW
[PID] perf=183.129Hz  target=183.167Hz  err=+0.038Hz  corr=-7.05W  u_ff=101.2W  PCAP→95W  power=94.6W
[PID] perf=184.487Hz  target=183.167Hz  err=-1.320Hz  corr=-9.12W  u_ff=101.2W  PCAP→95W  power=94.9W
[PID] perf=184.684Hz  target=183.167Hz  err=-1.517Hz  corr=-9.76W  u_ff=101.2W  PCAP→89W  power=94.5W
[PID] perf=181.755Hz  target=183.167Hz  err=+1.413Hz  corr=-5.65W  u_ff=101.2W  PCAP→95W  power=88.6W
[PID] perf=183.372Hz  target=183.167Hz  err=-0.205Hz  corr=-7.77W  u_ff=101.2W  PCAP→95W  power=95.0W
[PID] perf=184.159Hz  target=183.167Hz  err=-0.992Hz  corr=-9.03W  u_ff=101.2W  PCAP→95W  power=94.7W
[PID] perf=184.045Hz  target=183.167Hz  err=-0.878Hz  corr=-9.11W  u_ff=101.2W  PCAP→95W  power=95.0W
Process completed.
Compressed into /home/cc/summer2024/main_codes/pid_controller/../experiment_data/PID_Control_sweep/ones-stream-triad/compressed_iteration_20260512_004626.tar
----------------------------------

>>> Step 2/3

[ones-stream-triad]
  target perf      : 183.1670 Hz
  coefficients_perf: [-0.004198996979306703, 1.4113888522213032, 83.31648448855799]
  feedforward PCAP : 101.24 W  →  101 W (snapped)
  Perf(u_ff) check : 183.1670 Hz  (should ≈ target)
  PID gains        : Kp=1.2787 W/Hz  Ki=0.12787 W/(Hz·s)  Kd=0.0000
[PID] perf=186.099Hz  target=183.167Hz  err=-2.932Hz  corr=-4.50W  u_ff=101.2W  PCAP→95W  power=nanW
[PID] perf=181.823Hz  target=183.167Hz  err=+1.344Hz  corr=+1.31W  u_ff=101.2W  PCAP→101W  power=94.0W
[PID] perf=183.651Hz  target=183.167Hz  err=-0.484Hz  corr=-1.15W  u_ff=101.2W  PCAP→101W  power=100.7W
[PID] perf=182.516Hz  target=183.167Hz  err=+0.651Hz  corr=+0.47W  u_ff=101.2W  PCAP→101W  power=101.5W
[PID] perf=184.840Hz  target=183.167Hz  err=-1.673Hz  corr=-2.93W  u_ff=101.2W  PCAP→101W  power=100.3W
[PID] perf=186.360Hz  target=183.167Hz  err=-3.193Hz  corr=-5.69W  u_ff=101.2W  PCAP→95W  power=101.0W
[PID] perf=182.942Hz  target=183.167Hz  err=+0.225Hz  corr=-1.26W  u_ff=101.2W  PCAP→101W  power=94.5W
[PID] perf=186.991Hz  target=183.167Hz  err=-3.824Hz  corr=-7.42W  u_ff=101.2W  PCAP→95W  power=101.3W
[PID] perf=183.350Hz  target=183.167Hz  err=-0.182Hz  corr=-2.81W  u_ff=101.2W  PCAP→101W  power=95.3W
[PID] perf=188.153Hz  target=183.167Hz  err=-4.986Hz  corr=-10.22W  u_ff=101.2W  PCAP→89W  power=101.3W
[PID] perf=183.265Hz  target=183.167Hz  err=-0.098Hz  corr=-4.00W  u_ff=101.2W  PCAP→95W  power=88.5W
[PID] perf=185.120Hz  target=183.167Hz  err=-1.953Hz  corr=-6.87W  u_ff=101.2W  PCAP→95W  power=95.4W
[PID] perf=184.621Hz  target=183.167Hz  err=-1.454Hz  corr=-6.60W  u_ff=101.2W  PCAP→95W  power=94.2W
[PID] perf=184.523Hz  target=183.167Hz  err=-1.356Hz  corr=-6.83W  u_ff=101.2W  PCAP→95W  power=94.4W
[PID] perf=184.857Hz  target=183.167Hz  err=-1.690Hz  corr=-7.69W  u_ff=101.2W  PCAP→95W  power=94.5W
[PID] perf=183.743Hz  target=183.167Hz  err=-0.576Hz  corr=-6.41W  u_ff=101.2W  PCAP→95W  power=95.2W
[PID] perf=183.598Hz  target=183.167Hz  err=-0.431Hz  corr=-6.33W  u_ff=101.2W  PCAP→95W  power=94.7W
[PID] perf=183.779Hz  target=183.167Hz  err=-0.612Hz  corr=-6.72W  u_ff=101.2W  PCAP→95W  power=95.3W
[PID] perf=183.852Hz  target=183.167Hz  err=-0.685Hz  corr=-6.99W  u_ff=101.2W  PCAP→95W  power=94.9W
[PID] perf=183.474Hz  target=183.167Hz  err=-0.307Hz  corr=-6.59W  u_ff=101.2W  PCAP→95W  power=94.8W
[PID] perf=185.609Hz  target=183.167Hz  err=-2.442Hz  corr=-9.94W  u_ff=101.2W  PCAP→89W  power=94.6W
[PID] perf=183.872Hz  target=183.167Hz  err=-0.705Hz  corr=-7.90W  u_ff=101.2W  PCAP→95W  power=87.5W
[PID] perf=184.942Hz  target=183.167Hz  err=-1.775Hz  corr=-9.72W  u_ff=101.2W  PCAP→89W  power=95.5W
[PID] perf=183.941Hz  target=183.167Hz  err=-0.773Hz  corr=-8.64W  u_ff=101.2W  PCAP→95W  power=89.0W
[PID] perf=184.889Hz  target=183.167Hz  err=-1.722Hz  corr=-10.29W  u_ff=101.2W  PCAP→89W  power=95.4W
[PID] perf=183.926Hz  target=183.167Hz  err=-0.759Hz  corr=-9.25W  u_ff=101.2W  PCAP→89W  power=88.5W
[PID] perf=183.779Hz  target=183.167Hz  err=-0.612Hz  corr=-9.22W  u_ff=101.2W  PCAP→95W  power=89.2W
[PID] perf=184.712Hz  target=183.167Hz  err=-1.545Hz  corr=-10.81W  u_ff=101.2W  PCAP→89W  power=95.4W
Process completed.
Compressed into /home/cc/summer2024/main_codes/pid_controller/../experiment_data/PID_Control_sweep/ones-stream-triad/compressed_iteration_20260512_004721.tar
----------------------------------

>>> Step 3/3

[ones-stream-triad]
  target perf      : 183.1670 Hz
  coefficients_perf: [-0.004198996979306703, 1.4113888522213032, 83.31648448855799]
  feedforward PCAP : 101.24 W  →  101 W (snapped)
  Perf(u_ff) check : 183.1670 Hz  (should ≈ target)
  PID gains        : Kp=1.2787 W/Hz  Ki=0.12787 W/(Hz·s)  Kd=0.0000
[PID] perf=181.635Hz  target=183.167Hz  err=+1.533Hz  corr=+2.35W  u_ff=101.2W  PCAP→101W  power=nanW
[PID] perf=186.949Hz  target=183.167Hz  err=-3.782Hz  corr=-5.41W  u_ff=101.2W  PCAP→95W  power=100.5W
[PID] perf=183.362Hz  target=183.167Hz  err=-0.195Hz  corr=-0.87W  u_ff=101.2W  PCAP→101W  power=94.3W
[PID] perf=187.677Hz  target=183.167Hz  err=-4.510Hz  corr=-7.55W  u_ff=101.2W  PCAP→95W  power=101.6W
[PID] perf=181.993Hz  target=183.167Hz  err=+1.174Hz  corr=+0.02W  u_ff=101.2W  PCAP→101W  power=95.3W
[PID] perf=187.923Hz  target=183.167Hz  err=-4.756Hz  corr=-8.78W  u_ff=101.2W  PCAP→95W  power=102.0W
[PID] perf=183.973Hz  target=183.167Hz  err=-0.806Hz  corr=-3.93W  u_ff=101.2W  PCAP→95W  power=95.4W
[PID] perf=183.628Hz  target=183.167Hz  err=-0.461Hz  corr=-3.61W  u_ff=101.2W  PCAP→95W  power=95.3W
[PID] perf=183.430Hz  target=183.167Hz  err=-0.263Hz  corr=-3.42W  u_ff=101.2W  PCAP→95W  power=94.4W
[PID] perf=183.840Hz  target=183.167Hz  err=-0.673Hz  corr=-4.12W  u_ff=101.2W  PCAP→95W  power=95.1W
[PID] perf=183.973Hz  target=183.167Hz  err=-0.806Hz  corr=-4.49W  u_ff=101.2W  PCAP→95W  power=94.6W
[PID] perf=184.387Hz  target=183.167Hz  err=-1.220Hz  corr=-5.34W  u_ff=101.2W  PCAP→95W  power=94.4W
[PID] perf=184.312Hz  target=183.167Hz  err=-1.145Hz  corr=-5.53W  u_ff=101.2W  PCAP→95W  power=94.8W
[PID] perf=183.699Hz  target=183.167Hz  err=-0.532Hz  corr=-4.88W  u_ff=101.2W  PCAP→95W  power=94.5W
[PID] perf=182.984Hz  target=183.167Hz  err=+0.183Hz  corr=-3.92W  u_ff=101.2W  PCAP→95W  power=93.9W
[PID] perf=182.643Hz  target=183.167Hz  err=+0.524Hz  corr=-3.35W  u_ff=101.2W  PCAP→95W  power=93.7W
[PID] perf=182.732Hz  target=183.167Hz  err=+0.435Hz  corr=-3.36W  u_ff=101.2W  PCAP→95W  power=94.1W
[PID] perf=182.723Hz  target=183.167Hz  err=+0.445Hz  corr=-3.23W  u_ff=101.2W  PCAP→101W  power=94.7W
[PID] perf=186.868Hz  target=183.167Hz  err=-3.701Hz  corr=-9.48W  u_ff=101.2W  PCAP→89W  power=100.9W
[PID] perf=183.362Hz  target=183.167Hz  err=-0.195Hz  corr=-5.04W  u_ff=101.2W  PCAP→95W  power=88.6W
[PID] perf=183.711Hz  target=183.167Hz  err=-0.544Hz  corr=-5.63W  u_ff=101.2W  PCAP→95W  power=94.8W
[PID] perf=183.552Hz  target=183.167Hz  err=-0.385Hz  corr=-5.53W  u_ff=101.2W  PCAP→95W  power=95.2W
[PID] perf=183.806Hz  target=183.167Hz  err=-0.638Hz  corr=-6.01W  u_ff=101.2W  PCAP→95W  power=95.4W
[PID] perf=183.681Hz  target=183.167Hz  err=-0.514Hz  corr=-5.98W  u_ff=101.2W  PCAP→95W  power=96.1W
[PID] perf=183.751Hz  target=183.167Hz  err=-0.584Hz  corr=-6.22W  u_ff=101.2W  PCAP→95W  power=94.5W
[PID] perf=183.801Hz  target=183.167Hz  err=-0.634Hz  corr=-6.45W  u_ff=101.2W  PCAP→95W  power=94.7W
[PID] perf=183.820Hz  target=183.167Hz  err=-0.653Hz  corr=-6.64W  u_ff=101.2W  PCAP→95W  power=95.2W
[PID] perf=183.342Hz  target=183.167Hz  err=-0.174Hz  corr=-6.07W  u_ff=101.2W  PCAP→95W  power=95.4W
Process completed.
Compressed into /home/cc/summer2024/main_codes/pid_controller/../experiment_data/PID_Control_sweep/ones-stream-triad/compressed_iteration_20260512_004816.tar
----------------------------------
