
>>> Step 1/3

[ones-stream-full]
  target perf      : 56.4237 Hz
  coefficients_perf: [-0.001454368618345514, 0.4666906429990306, 19.97332976225342]
  feedforward PCAP : 134.37 W  →  136 W (snapped)
  Perf(u_ff) check : 56.4237 Hz  (should ≈ target)
  PID gains        : Kp=4.4139 W/Hz  Ki=0.44139 W/(Hz·s)  Kd=0.0000
[PID] perf=58.344Hz  target=56.424Hz  err=-1.920Hz  corr=-10.17W  u_ff=134.4W  PCAP→124W  power=nanW
[PID] perf=56.335Hz  target=56.424Hz  err=+0.088Hz  corr=-1.23W  u_ff=134.4W  PCAP→136W  power=122.7W
[PID] perf=56.282Hz  target=56.424Hz  err=+0.142Hz  corr=-0.87W  u_ff=134.4W  PCAP→136W  power=134.6W
[PID] perf=56.239Hz  target=56.424Hz  err=+0.184Hz  corr=-0.52W  u_ff=134.4W  PCAP→136W  power=134.9W
[PID] perf=56.157Hz  target=56.424Hz  err=+0.266Hz  corr=+0.08W  u_ff=134.4W  PCAP→136W  power=135.4W
[PID] perf=55.959Hz  target=56.424Hz  err=+0.465Hz  corr=+1.37W  u_ff=134.4W  PCAP→136W  power=135.3W
[PID] perf=56.012Hz  target=56.424Hz  err=+0.412Hz  corr=+1.50W  u_ff=134.4W  PCAP→136W  power=135.6W
[PID] perf=56.176Hz  target=56.424Hz  err=+0.247Hz  corr=+0.99W  u_ff=134.4W  PCAP→136W  power=136.8W
[PID] perf=56.167Hz  target=56.424Hz  err=+0.257Hz  corr=+1.26W  u_ff=134.4W  PCAP→136W  power=135.6W
[PID] perf=56.165Hz  target=56.424Hz  err=+0.259Hz  corr=+1.49W  u_ff=134.4W  PCAP→136W  power=136.3W
[PID] perf=56.899Hz  target=56.424Hz  err=-0.476Hz  corr=-2.17W  u_ff=134.4W  PCAP→130W  power=135.0W
[PID] perf=56.882Hz  target=56.424Hz  err=-0.458Hz  corr=-2.49W  u_ff=134.4W  PCAP→130W  power=131.5W
[PID] perf=56.867Hz  target=56.424Hz  err=-0.443Hz  corr=-2.82W  u_ff=134.4W  PCAP→130W  power=130.2W
[PID] perf=56.712Hz  target=56.424Hz  err=-0.288Hz  corr=-2.39W  u_ff=134.4W  PCAP→130W  power=130.3W
[PID] perf=56.743Hz  target=56.424Hz  err=-0.320Hz  corr=-2.81W  u_ff=134.4W  PCAP→130W  power=130.5W
[PID] perf=56.843Hz  target=56.424Hz  err=-0.420Hz  corr=-3.62W  u_ff=134.4W  PCAP→130W  power=130.0W
[PID] perf=56.618Hz  target=56.424Hz  err=-0.194Hz  corr=-2.80W  u_ff=134.4W  PCAP→130W  power=129.7W
[PID] perf=56.672Hz  target=56.424Hz  err=-0.248Hz  corr=-3.25W  u_ff=134.4W  PCAP→130W  power=129.6W
[PID] perf=56.494Hz  target=56.424Hz  err=-0.070Hz  corr=-2.53W  u_ff=134.4W  PCAP→130W  power=129.3W
[PID] perf=56.697Hz  target=56.424Hz  err=-0.273Hz  corr=-3.67W  u_ff=134.4W  PCAP→130W  power=129.6W
[PID] perf=56.704Hz  target=56.424Hz  err=-0.280Hz  corr=-3.94W  u_ff=134.4W  PCAP→130W  power=129.3W
[PID] perf=56.697Hz  target=56.424Hz  err=-0.274Hz  corr=-4.16W  u_ff=134.4W  PCAP→130W  power=130.1W
[PID] perf=57.193Hz  target=56.424Hz  err=-0.770Hz  corr=-7.03W  u_ff=134.4W  PCAP→130W  power=127.9W
[PID] perf=56.612Hz  target=56.424Hz  err=-0.188Hz  corr=-4.63W  u_ff=134.4W  PCAP→130W  power=130.9W
[PID] perf=57.293Hz  target=56.424Hz  err=-0.869Hz  corr=-8.40W  u_ff=134.4W  PCAP→124W  power=130.8W
[PID] perf=56.195Hz  target=56.424Hz  err=+0.228Hz  corr=-3.35W  u_ff=134.4W  PCAP→130W  power=123.2W
[PID] perf=57.067Hz  target=56.424Hz  err=-0.643Hz  corr=-7.77W  u_ff=134.4W  PCAP→124W  power=130.3W
[PID] perf=55.880Hz  target=56.424Hz  err=+0.543Hz  corr=-2.05W  u_ff=134.4W  PCAP→130W  power=124.2W
[PID] perf=56.617Hz  target=56.424Hz  err=-0.193Hz  corr=-5.47W  u_ff=134.4W  PCAP→130W  power=128.1W
[PID] perf=56.798Hz  target=56.424Hz  err=-0.374Hz  corr=-6.60W  u_ff=134.4W  PCAP→130W  power=129.1W
[PID] perf=56.844Hz  target=56.424Hz  err=-0.420Hz  corr=-7.18W  u_ff=134.4W  PCAP→130W  power=129.0W
[PID] perf=56.646Hz  target=56.424Hz  err=-0.222Hz  corr=-6.50W  u_ff=134.4W  PCAP→130W  power=129.0W
[PID] perf=56.878Hz  target=56.424Hz  err=-0.454Hz  corr=-7.93W  u_ff=134.4W  PCAP→124W  power=128.8W
[PID] perf=55.973Hz  target=56.424Hz  err=+0.450Hz  corr=-3.53W  u_ff=134.4W  PCAP→130W  power=123.2W
[PID] perf=57.004Hz  target=56.424Hz  err=-0.580Hz  corr=-8.60W  u_ff=134.4W  PCAP→124W  power=129.6W
[PID] perf=56.240Hz  target=56.424Hz  err=+0.184Hz  corr=-5.06W  u_ff=134.4W  PCAP→130W  power=123.9W
[PID] perf=57.026Hz  target=56.424Hz  err=-0.602Hz  corr=-9.06W  u_ff=134.4W  PCAP→124W  power=127.9W
[PID] perf=56.314Hz  target=56.424Hz  err=+0.110Hz  corr=-5.82W  u_ff=134.4W  PCAP→130W  power=124.0W
[PID] perf=56.851Hz  target=56.424Hz  err=-0.427Hz  corr=-8.57W  u_ff=134.4W  PCAP→124W  power=130.0W
[PID] perf=56.084Hz  target=56.424Hz  err=+0.340Hz  corr=-4.88W  u_ff=134.4W  PCAP→130W  power=123.2W
[PID] perf=56.596Hz  target=56.424Hz  err=-0.173Hz  corr=-7.30W  u_ff=134.4W  PCAP→130W  power=128.3W
[PID] perf=56.786Hz  target=56.424Hz  err=-0.362Hz  corr=-8.45W  u_ff=134.4W  PCAP→124W  power=131.0W
[PID] perf=55.875Hz  target=56.424Hz  err=+0.548Hz  corr=-3.95W  u_ff=134.4W  PCAP→130W  power=124.2W
[PID] perf=56.635Hz  target=56.424Hz  err=-0.212Hz  corr=-7.49W  u_ff=134.4W  PCAP→124W  power=129.2W
[PID] perf=55.860Hz  target=56.424Hz  err=+0.564Hz  corr=-3.57W  u_ff=134.4W  PCAP→130W  power=123.3W
[PID] perf=56.666Hz  target=56.424Hz  err=-0.242Hz  corr=-7.34W  u_ff=134.4W  PCAP→130W  power=127.8W
[PID] perf=56.649Hz  target=56.424Hz  err=-0.225Hz  corr=-7.47W  u_ff=134.4W  PCAP→124W  power=130.2W
[PID] perf=55.891Hz  target=56.424Hz  err=+0.532Hz  corr=-3.65W  u_ff=134.4W  PCAP→130W  power=123.5W
[PID] perf=56.900Hz  target=56.424Hz  err=-0.477Hz  corr=-8.53W  u_ff=134.4W  PCAP→124W  power=130.3W
[PID] perf=56.146Hz  target=56.424Hz  err=+0.277Hz  corr=-4.96W  u_ff=134.4W  PCAP→130W  power=122.3W
[PID] perf=56.927Hz  target=56.424Hz  err=-0.503Hz  corr=-8.84W  u_ff=134.4W  PCAP→124W  power=129.8W
[PID] perf=55.792Hz  target=56.424Hz  err=+0.632Hz  corr=-3.28W  u_ff=134.4W  PCAP→130W  power=123.1W
[PID] perf=57.016Hz  target=56.424Hz  err=-0.593Hz  corr=-9.21W  u_ff=134.4W  PCAP→124W  power=129.4W
[PID] perf=55.856Hz  target=56.424Hz  err=+0.568Hz  corr=-3.58W  u_ff=134.4W  PCAP→130W  power=123.9W
[PID] perf=56.568Hz  target=56.424Hz  err=-0.144Hz  corr=-6.85W  u_ff=134.4W  PCAP→130W  power=129.5W
[PID] perf=56.602Hz  target=56.424Hz  err=-0.178Hz  corr=-7.16W  u_ff=134.4W  PCAP→130W  power=130.4W
[PID] perf=56.411Hz  target=56.424Hz  err=+0.012Hz  corr=-6.31W  u_ff=134.4W  PCAP→130W  power=130.9W
[PID] perf=56.890Hz  target=56.424Hz  err=-0.466Hz  corr=-8.83W  u_ff=134.4W  PCAP→124W  power=130.1W
[PID] perf=56.044Hz  target=56.424Hz  err=+0.380Hz  corr=-4.76W  u_ff=134.4W  PCAP→130W  power=124.2W
[PID] perf=56.452Hz  target=56.424Hz  err=-0.029Hz  corr=-6.59W  u_ff=134.4W  PCAP→130W  power=128.5W
[PID] perf=56.669Hz  target=56.424Hz  err=-0.245Hz  corr=-7.76W  u_ff=134.4W  PCAP→124W  power=129.9W
[PID] perf=56.145Hz  target=56.424Hz  err=+0.279Hz  corr=-5.20W  u_ff=134.4W  PCAP→130W  power=125.1W
[PID] perf=56.912Hz  target=56.424Hz  err=-0.488Hz  corr=-9.02W  u_ff=134.4W  PCAP→124W  power=129.1W
[PID] perf=56.056Hz  target=56.424Hz  err=+0.368Hz  corr=-4.92W  u_ff=134.4W  PCAP→130W  power=123.8W
[PID] perf=56.718Hz  target=56.424Hz  err=-0.294Hz  corr=-8.10W  u_ff=134.4W  PCAP→124W  power=129.7W
[PID] perf=56.203Hz  target=56.424Hz  err=+0.221Hz  corr=-5.63W  u_ff=134.4W  PCAP→130W  power=123.4W
[PID] perf=56.866Hz  target=56.424Hz  err=-0.442Hz  corr=-8.95W  u_ff=134.4W  PCAP→124W  power=129.1W
[PID] perf=56.031Hz  target=56.424Hz  err=+0.393Hz  corr=-4.91W  u_ff=134.4W  PCAP→130W  power=123.1W
[PID] perf=56.823Hz  target=56.424Hz  err=-0.400Hz  corr=-8.76W  u_ff=134.4W  PCAP→124W  power=128.3W
[PID] perf=56.079Hz  target=56.424Hz  err=+0.345Hz  corr=-5.18W  u_ff=134.4W  PCAP→130W  power=123.3W
[PID] perf=57.022Hz  target=56.424Hz  err=-0.598Hz  corr=-9.86W  u_ff=134.4W  PCAP→124W  power=129.4W
[PID] perf=55.988Hz  target=56.424Hz  err=+0.435Hz  corr=-4.92W  u_ff=134.4W  PCAP→130W  power=124.9W
[PID] perf=56.797Hz  target=56.424Hz  err=-0.373Hz  corr=-8.82W  u_ff=134.4W  PCAP→124W  power=130.4W
[PID] perf=56.018Hz  target=56.424Hz  err=+0.406Hz  corr=-5.02W  u_ff=134.4W  PCAP→130W  power=124.3W
[PID] perf=56.719Hz  target=56.424Hz  err=-0.295Hz  corr=-8.37W  u_ff=134.4W  PCAP→124W  power=130.1W
[PID] perf=55.891Hz  target=56.424Hz  err=+0.533Hz  corr=-4.25W  u_ff=134.4W  PCAP→130W  power=122.9W
[PID] perf=56.811Hz  target=56.424Hz  err=-0.387Hz  corr=-8.65W  u_ff=134.4W  PCAP→124W  power=129.8W
[PID] perf=55.893Hz  target=56.424Hz  err=+0.530Hz  corr=-4.13W  u_ff=134.4W  PCAP→130W  power=123.6W
[PID] perf=56.649Hz  target=56.424Hz  err=-0.225Hz  corr=-7.67W  u_ff=134.4W  PCAP→124W  power=131.0W
[PID] perf=55.892Hz  target=56.424Hz  err=+0.532Hz  corr=-3.86W  u_ff=134.4W  PCAP→130W  power=124.5W
[PID] perf=56.705Hz  target=56.424Hz  err=-0.281Hz  corr=-7.69W  u_ff=134.4W  PCAP→124W  power=129.7W
[PID] perf=55.924Hz  target=56.424Hz  err=+0.500Hz  corr=-3.80W  u_ff=134.4W  PCAP→130W  power=123.8W
[PID] perf=57.035Hz  target=56.424Hz  err=-0.611Hz  corr=-9.25W  u_ff=134.4W  PCAP→124W  power=130.3W
[PID] perf=56.254Hz  target=56.424Hz  err=+0.170Hz  corr=-5.65W  u_ff=134.4W  PCAP→130W  power=123.7W
[PID] perf=56.872Hz  target=56.424Hz  err=-0.449Hz  corr=-8.78W  u_ff=134.4W  PCAP→124W  power=130.4W
[PID] perf=56.060Hz  target=56.424Hz  err=+0.364Hz  corr=-4.87W  u_ff=134.4W  PCAP→130W  power=124.1W
[PID] perf=56.911Hz  target=56.424Hz  err=-0.487Hz  corr=-9.05W  u_ff=134.4W  PCAP→124W  power=130.5W
[PID] perf=55.913Hz  target=56.424Hz  err=+0.511Hz  corr=-4.20W  u_ff=134.4W  PCAP→130W  power=124.0W
[PID] perf=56.463Hz  target=56.424Hz  err=-0.040Hz  corr=-6.67W  u_ff=134.4W  PCAP→130W  power=129.2W
Process completed.
Compressed into /home/cc/summer2024/main_codes/pid_controller/../experiment_data/PID_Control_sweep/ones-stream-full/compressed_iteration_20260512_222408.tar
----------------------------------

>>> Step 2/3

[ones-stream-full]
  target perf      : 56.4237 Hz
  coefficients_perf: [-0.001454368618345514, 0.4666906429990306, 19.97332976225342]
  feedforward PCAP : 134.37 W  →  136 W (snapped)
  Perf(u_ff) check : 56.4237 Hz  (should ≈ target)
  PID gains        : Kp=4.4139 W/Hz  Ki=0.44139 W/(Hz·s)  Kd=0.0000
[PID] perf=57.163Hz  target=56.424Hz  err=-0.739Hz  corr=-3.91W  u_ff=134.4W  PCAP→130W  power=nanW
[PID] perf=56.381Hz  target=56.424Hz  err=+0.043Hz  corr=-0.43W  u_ff=134.4W  PCAP→136W  power=129.9W
[PID] perf=56.986Hz  target=56.424Hz  err=-0.562Hz  corr=-3.59W  u_ff=134.4W  PCAP→130W  power=135.5W
[PID] perf=56.471Hz  target=56.424Hz  err=-0.048Hz  corr=-1.36W  u_ff=134.4W  PCAP→136W  power=130.3W
[PID] perf=55.761Hz  target=56.424Hz  err=+0.663Hz  corr=+2.36W  u_ff=134.4W  PCAP→136W  power=136.1W
[PID] perf=56.697Hz  target=56.424Hz  err=-0.274Hz  corr=-2.02W  u_ff=134.4W  PCAP→130W  power=136.5W
[PID] perf=56.896Hz  target=56.424Hz  err=-0.472Hz  corr=-3.31W  u_ff=134.4W  PCAP→130W  power=128.9W
[PID] perf=56.845Hz  target=56.424Hz  err=-0.421Hz  corr=-3.46W  u_ff=134.4W  PCAP→130W  power=129.9W
[PID] perf=56.792Hz  target=56.424Hz  err=-0.368Hz  corr=-3.55W  u_ff=134.4W  PCAP→130W  power=130.3W
[PID] perf=56.797Hz  target=56.424Hz  err=-0.373Hz  corr=-3.90W  u_ff=134.4W  PCAP→130W  power=130.0W
[PID] perf=56.863Hz  target=56.424Hz  err=-0.440Hz  corr=-4.58W  u_ff=134.4W  PCAP→130W  power=nanW
[PID] perf=56.827Hz  target=56.424Hz  err=-0.403Hz  corr=-4.78W  u_ff=134.4W  PCAP→130W  power=130.6W
[PID] perf=56.816Hz  target=56.424Hz  err=-0.392Hz  corr=-5.07W  u_ff=134.4W  PCAP→130W  power=129.5W
[PID] perf=56.855Hz  target=56.424Hz  err=-0.431Hz  corr=-5.63W  u_ff=134.4W  PCAP→130W  power=128.8W
[PID] perf=56.632Hz  target=56.424Hz  err=-0.209Hz  corr=-4.83W  u_ff=134.4W  PCAP→130W  power=nanW
[PID] perf=56.707Hz  target=56.424Hz  err=-0.284Hz  corr=-5.41W  u_ff=134.4W  PCAP→130W  power=129.6W
[PID] perf=56.890Hz  target=56.424Hz  err=-0.466Hz  corr=-6.63W  u_ff=134.4W  PCAP→130W  power=130.6W
[PID] perf=57.025Hz  target=56.424Hz  err=-0.602Hz  corr=-7.76W  u_ff=134.4W  PCAP→124W  power=130.7W
[PID] perf=56.193Hz  target=56.424Hz  err=+0.231Hz  corr=-3.88W  u_ff=134.4W  PCAP→130W  power=124.8W
[PID] perf=56.979Hz  target=56.424Hz  err=-0.555Hz  corr=-7.84W  u_ff=134.4W  PCAP→124W  power=129.7W
[PID] perf=56.137Hz  target=56.424Hz  err=+0.287Hz  corr=-3.87W  u_ff=134.4W  PCAP→130W  power=125.6W
[PID] perf=56.998Hz  target=56.424Hz  err=-0.574Hz  corr=-8.17W  u_ff=134.4W  PCAP→124W  power=129.7W
[PID] perf=56.154Hz  target=56.424Hz  err=+0.270Hz  corr=-4.21W  u_ff=134.4W  PCAP→130W  power=123.1W
[PID] perf=56.636Hz  target=56.424Hz  err=-0.212Hz  corr=-6.53W  u_ff=134.4W  PCAP→130W  power=130.4W
[PID] perf=56.443Hz  target=56.424Hz  err=-0.019Hz  corr=-5.69W  u_ff=134.4W  PCAP→130W  power=129.4W
[PID] perf=56.479Hz  target=56.424Hz  err=-0.055Hz  corr=-5.90W  u_ff=134.4W  PCAP→130W  power=128.0W
[PID] perf=56.729Hz  target=56.424Hz  err=-0.305Hz  corr=-7.27W  u_ff=134.4W  PCAP→130W  power=128.6W
[PID] perf=56.488Hz  target=56.424Hz  err=-0.064Hz  corr=-6.27W  u_ff=134.4W  PCAP→130W  power=129.5W
[PID] perf=56.734Hz  target=56.424Hz  err=-0.310Hz  corr=-7.63W  u_ff=134.4W  PCAP→124W  power=129.2W
[PID] perf=55.905Hz  target=56.424Hz  err=+0.518Hz  corr=-3.51W  u_ff=134.4W  PCAP→130W  power=123.1W
[PID] perf=56.721Hz  target=56.424Hz  err=-0.297Hz  corr=-7.37W  u_ff=134.4W  PCAP→130W  power=129.3W
[PID] perf=56.748Hz  target=56.424Hz  err=-0.324Hz  corr=-7.78W  u_ff=134.4W  PCAP→124W  power=129.8W
[PID] perf=55.775Hz  target=56.424Hz  err=+0.649Hz  corr=-2.91W  u_ff=134.4W  PCAP→130W  power=123.5W
[PID] perf=56.648Hz  target=56.424Hz  err=-0.225Hz  corr=-6.96W  u_ff=134.4W  PCAP→130W  power=130.1W
[PID] perf=56.653Hz  target=56.424Hz  err=-0.229Hz  corr=-7.19W  u_ff=134.4W  PCAP→130W  power=128.5W
[PID] perf=56.692Hz  target=56.424Hz  err=-0.268Hz  corr=-7.60W  u_ff=134.4W  PCAP→124W  power=130.3W
[PID] perf=55.902Hz  target=56.424Hz  err=+0.522Hz  corr=-3.65W  u_ff=134.4W  PCAP→130W  power=123.2W
[PID] perf=56.860Hz  target=56.424Hz  err=-0.436Hz  corr=-8.26W  u_ff=134.4W  PCAP→124W  power=131.6W
[PID] perf=55.841Hz  target=56.424Hz  err=+0.583Hz  corr=-3.25W  u_ff=134.4W  PCAP→130W  power=123.6W
[PID] perf=56.727Hz  target=56.424Hz  err=-0.303Hz  corr=-7.42W  u_ff=134.4W  PCAP→124W  power=129.8W
[PID] perf=55.921Hz  target=56.424Hz  err=+0.503Hz  corr=-3.42W  u_ff=134.4W  PCAP→130W  power=124.4W
[PID] perf=56.745Hz  target=56.424Hz  err=-0.321Hz  corr=-7.35W  u_ff=134.4W  PCAP→130W  power=130.6W
[PID] perf=56.760Hz  target=56.424Hz  err=-0.336Hz  corr=-7.71W  u_ff=134.4W  PCAP→124W  power=131.2W
[PID] perf=55.930Hz  target=56.424Hz  err=+0.494Hz  corr=-3.61W  u_ff=134.4W  PCAP→130W  power=123.3W
[PID] perf=56.755Hz  target=56.424Hz  err=-0.331Hz  corr=-7.54W  u_ff=134.4W  PCAP→124W  power=130.3W
[PID] perf=55.936Hz  target=56.424Hz  err=+0.488Hz  corr=-3.50W  u_ff=134.4W  PCAP→130W  power=122.8W
[PID] perf=56.761Hz  target=56.424Hz  err=-0.337Hz  corr=-7.44W  u_ff=134.4W  PCAP→124W  power=130.9W
[PID] perf=55.896Hz  target=56.424Hz  err=+0.527Hz  corr=-3.15W  u_ff=134.4W  PCAP→130W  power=123.5W
[PID] perf=56.747Hz  target=56.424Hz  err=-0.324Hz  corr=-7.20W  u_ff=134.4W  PCAP→130W  power=130.1W
[PID] perf=56.784Hz  target=56.424Hz  err=-0.360Hz  corr=-7.68W  u_ff=134.4W  PCAP→124W  power=130.0W
[PID] perf=55.959Hz  target=56.424Hz  err=+0.465Hz  corr=-3.62W  u_ff=134.4W  PCAP→130W  power=122.7W
[PID] perf=56.743Hz  target=56.424Hz  err=-0.319Hz  corr=-7.37W  u_ff=134.4W  PCAP→130W  power=nanW
[PID] perf=56.664Hz  target=56.424Hz  err=-0.240Hz  corr=-7.23W  u_ff=134.4W  PCAP→130W  power=130.5W
[PID] perf=56.729Hz  target=56.424Hz  err=-0.305Hz  corr=-7.79W  u_ff=134.4W  PCAP→124W  power=129.5W
[PID] perf=55.509Hz  target=56.424Hz  err=+0.915Hz  corr=-1.59W  u_ff=134.4W  PCAP→130W  power=124.1W
[PID] perf=56.032Hz  target=56.424Hz  err=+0.391Hz  corr=-3.56W  u_ff=134.4W  PCAP→130W  power=130.2W
[PID] perf=56.300Hz  target=56.424Hz  err=+0.124Hz  corr=-4.63W  u_ff=134.4W  PCAP→130W  power=129.8W
[PID] perf=56.275Hz  target=56.424Hz  err=+0.149Hz  corr=-4.39W  u_ff=134.4W  PCAP→130W  power=129.5W
[PID] perf=56.535Hz  target=56.424Hz  err=-0.111Hz  corr=-5.63W  u_ff=134.4W  PCAP→130W  power=130.9W
[PID] perf=56.541Hz  target=56.424Hz  err=-0.118Hz  corr=-5.77W  u_ff=134.4W  PCAP→130W  power=130.5W
[PID] perf=56.374Hz  target=56.424Hz  err=+0.049Hz  corr=-4.99W  u_ff=134.4W  PCAP→130W  power=129.8W
[PID] perf=56.055Hz  target=56.424Hz  err=+0.369Hz  corr=-3.25W  u_ff=134.4W  PCAP→130W  power=130.5W
[PID] perf=56.139Hz  target=56.424Hz  err=+0.285Hz  corr=-3.37W  u_ff=134.4W  PCAP→130W  power=129.3W
[PID] perf=56.148Hz  target=56.424Hz  err=+0.275Hz  corr=-3.17W  u_ff=134.4W  PCAP→130W  power=nanW
[PID] perf=56.114Hz  target=56.424Hz  err=+0.310Hz  corr=-2.74W  u_ff=134.4W  PCAP→130W  power=129.0W
[PID] perf=56.128Hz  target=56.424Hz  err=+0.296Hz  corr=-2.54W  u_ff=134.4W  PCAP→130W  power=129.8W
[PID] perf=56.018Hz  target=56.424Hz  err=+0.406Hz  corr=-1.70W  u_ff=134.4W  PCAP→130W  power=129.5W
[PID] perf=56.433Hz  target=56.424Hz  err=-0.009Hz  corr=-3.54W  u_ff=134.4W  PCAP→130W  power=130.0W
[PID] perf=56.580Hz  target=56.424Hz  err=-0.157Hz  corr=-4.33W  u_ff=134.4W  PCAP→130W  power=128.9W
[PID] perf=56.572Hz  target=56.424Hz  err=-0.148Hz  corr=-4.42W  u_ff=134.4W  PCAP→130W  power=130.6W
[PID] perf=56.575Hz  target=56.424Hz  err=-0.151Hz  corr=-4.57W  u_ff=134.4W  PCAP→130W  power=130.2W
[PID] perf=56.568Hz  target=56.424Hz  err=-0.144Hz  corr=-4.67W  u_ff=134.4W  PCAP→130W  power=129.7W
[PID] perf=56.458Hz  target=56.424Hz  err=-0.034Hz  corr=-4.21W  u_ff=134.4W  PCAP→130W  power=130.0W
[PID] perf=56.455Hz  target=56.424Hz  err=-0.032Hz  corr=-4.23W  u_ff=134.4W  PCAP→130W  power=129.5W
[PID] perf=56.574Hz  target=56.424Hz  err=-0.150Hz  corr=-4.88W  u_ff=134.4W  PCAP→130W  power=130.7W
[PID] perf=56.574Hz  target=56.424Hz  err=-0.150Hz  corr=-5.01W  u_ff=134.4W  PCAP→130W  power=129.7W
[PID] perf=56.458Hz  target=56.424Hz  err=-0.034Hz  corr=-4.53W  u_ff=134.4W  PCAP→130W  power=129.4W
[PID] perf=56.567Hz  target=56.424Hz  err=-0.144Hz  corr=-5.14W  u_ff=134.4W  PCAP→130W  power=130.3W
[PID] perf=56.582Hz  target=56.424Hz  err=-0.158Hz  corr=-5.35W  u_ff=134.4W  PCAP→130W  power=129.6W
[PID] perf=56.593Hz  target=56.424Hz  err=-0.170Hz  corr=-5.55W  u_ff=134.4W  PCAP→130W  power=130.1W
[PID] perf=56.449Hz  target=56.424Hz  err=-0.026Hz  corr=-4.93W  u_ff=134.4W  PCAP→130W  power=129.1W
[PID] perf=56.590Hz  target=56.424Hz  err=-0.167Hz  corr=-5.70W  u_ff=134.4W  PCAP→130W  power=129.7W
[PID] perf=56.783Hz  target=56.424Hz  err=-0.359Hz  corr=-6.87W  u_ff=134.4W  PCAP→130W  power=130.3W
[PID] perf=56.789Hz  target=56.424Hz  err=-0.365Hz  corr=-7.22W  u_ff=134.4W  PCAP→130W  power=129.7W
[PID] perf=56.789Hz  target=56.424Hz  err=-0.365Hz  corr=-7.54W  u_ff=134.4W  PCAP→124W  power=129.4W
[PID] perf=55.894Hz  target=56.424Hz  err=+0.529Hz  corr=-3.12W  u_ff=134.4W  PCAP→130W  power=123.2W
[PID] perf=56.806Hz  target=56.424Hz  err=-0.383Hz  corr=-7.49W  u_ff=134.4W  PCAP→124W  power=130.5W
[PID] perf=55.923Hz  target=56.424Hz  err=+0.501Hz  corr=-3.14W  u_ff=134.4W  PCAP→130W  power=123.6W
[PID] perf=56.805Hz  target=56.424Hz  err=-0.381Hz  corr=-7.38W  u_ff=134.4W  PCAP→124W  power=129.5W
Process completed.
Compressed into /home/cc/summer2024/main_codes/pid_controller/../experiment_data/PID_Control_sweep/ones-stream-full/compressed_iteration_20260512_222706.tar
----------------------------------

>>> Step 3/3

[ones-stream-full]
  target perf      : 56.4237 Hz
  coefficients_perf: [-0.001454368618345514, 0.4666906429990306, 19.97332976225342]
  feedforward PCAP : 134.37 W  →  136 W (snapped)
  Perf(u_ff) check : 56.4237 Hz  (should ≈ target)
  PID gains        : Kp=4.4139 W/Hz  Ki=0.44139 W/(Hz·s)  Kd=0.0000
[PID] perf=58.093Hz  target=56.424Hz  err=-1.669Hz  corr=-8.84W  u_ff=134.4W  PCAP→124W  power=nanW
[PID] perf=55.891Hz  target=56.424Hz  err=+0.532Hz  corr=+1.35W  u_ff=134.4W  PCAP→136W  power=124.5W
[PID] perf=56.655Hz  target=56.424Hz  err=-0.232Hz  corr=-2.23W  u_ff=134.4W  PCAP→130W  power=137.1W
[PID] perf=56.441Hz  target=56.424Hz  err=-0.017Hz  corr=-1.30W  u_ff=134.4W  PCAP→136W  power=131.2W
[PID] perf=56.760Hz  target=56.424Hz  err=-0.336Hz  corr=-3.00W  u_ff=134.4W  PCAP→130W  power=135.8W
[PID] perf=56.499Hz  target=56.424Hz  err=-0.075Hz  corr=-1.92W  u_ff=134.4W  PCAP→130W  power=128.4W
[PID] perf=56.760Hz  target=56.424Hz  err=-0.337Hz  corr=-3.37W  u_ff=134.4W  PCAP→130W  power=130.4W
[PID] perf=56.816Hz  target=56.424Hz  err=-0.393Hz  corr=-3.96W  u_ff=134.4W  PCAP→130W  power=128.3W
[PID] perf=56.678Hz  target=56.424Hz  err=-0.255Hz  corr=-3.58W  u_ff=134.4W  PCAP→130W  power=130.0W
[PID] perf=56.631Hz  target=56.424Hz  err=-0.207Hz  corr=-3.55W  u_ff=134.4W  PCAP→130W  power=130.3W
[PID] perf=56.644Hz  target=56.424Hz  err=-0.220Hz  corr=-3.80W  u_ff=134.4W  PCAP→130W  power=127.6W
[PID] perf=56.676Hz  target=56.424Hz  err=-0.252Hz  corr=-4.17W  u_ff=134.4W  PCAP→130W  power=129.1W
[PID] perf=56.661Hz  target=56.424Hz  err=-0.238Hz  corr=-4.31W  u_ff=134.4W  PCAP→130W  power=130.0W
[PID] perf=56.624Hz  target=56.424Hz  err=-0.200Hz  corr=-4.32W  u_ff=134.4W  PCAP→130W  power=129.6W
[PID] perf=56.580Hz  target=56.424Hz  err=-0.156Hz  corr=-4.27W  u_ff=134.4W  PCAP→130W  power=130.4W
[PID] perf=56.611Hz  target=56.424Hz  err=-0.188Hz  corr=-4.57W  u_ff=134.4W  PCAP→130W  power=130.2W
[PID] perf=56.597Hz  target=56.424Hz  err=-0.173Hz  corr=-4.66W  u_ff=134.4W  PCAP→130W  power=129.6W
[PID] perf=56.724Hz  target=56.424Hz  err=-0.301Hz  corr=-5.49W  u_ff=134.4W  PCAP→130W  power=129.5W
[PID] perf=56.723Hz  target=56.424Hz  err=-0.300Hz  corr=-5.75W  u_ff=134.4W  PCAP→130W  power=130.4W
[PID] perf=56.701Hz  target=56.424Hz  err=-0.278Hz  corr=-5.90W  u_ff=134.4W  PCAP→130W  power=128.8W
[PID] perf=56.790Hz  target=56.424Hz  err=-0.367Hz  corr=-6.61W  u_ff=134.4W  PCAP→130W  power=130.1W
[PID] perf=56.798Hz  target=56.424Hz  err=-0.374Hz  corr=-6.98W  u_ff=134.4W  PCAP→130W  power=130.0W
[PID] perf=56.798Hz  target=56.424Hz  err=-0.374Hz  corr=-7.31W  u_ff=134.4W  PCAP→130W  power=130.1W
[PID] perf=56.488Hz  target=56.424Hz  err=-0.064Hz  corr=-6.00W  u_ff=134.4W  PCAP→130W  power=130.2W
[PID] perf=56.201Hz  target=56.424Hz  err=+0.223Hz  corr=-4.53W  u_ff=134.4W  PCAP→130W  power=128.9W
[PID] perf=56.195Hz  target=56.424Hz  err=+0.228Hz  corr=-4.31W  u_ff=134.4W  PCAP→130W  power=129.6W
[PID] perf=56.451Hz  target=56.424Hz  err=-0.028Hz  corr=-5.46W  u_ff=134.4W  PCAP→130W  power=128.1W
[PID] perf=56.443Hz  target=56.424Hz  err=-0.019Hz  corr=-5.44W  u_ff=134.4W  PCAP→130W  power=130.5W
[PID] perf=56.690Hz  target=56.424Hz  err=-0.266Hz  corr=-6.76W  u_ff=134.4W  PCAP→130W  power=129.5W
[PID] perf=56.741Hz  target=56.424Hz  err=-0.317Hz  corr=-7.27W  u_ff=134.4W  PCAP→130W  power=129.8W
[PID] perf=56.722Hz  target=56.424Hz  err=-0.298Hz  corr=-7.45W  u_ff=134.4W  PCAP→124W  power=130.5W
[PID] perf=55.861Hz  target=56.424Hz  err=+0.562Hz  corr=-3.16W  u_ff=134.4W  PCAP→130W  power=123.4W
[PID] perf=56.730Hz  target=56.424Hz  err=-0.307Hz  corr=-7.26W  u_ff=134.4W  PCAP→130W  power=129.9W
[PID] perf=56.733Hz  target=56.424Hz  err=-0.310Hz  corr=-7.55W  u_ff=134.4W  PCAP→124W  power=130.0W
[PID] perf=55.861Hz  target=56.424Hz  err=+0.563Hz  corr=-3.20W  u_ff=134.4W  PCAP→130W  power=124.0W
[PID] perf=56.688Hz  target=56.424Hz  err=-0.264Hz  corr=-7.08W  u_ff=134.4W  PCAP→130W  power=128.8W
[PID] perf=56.558Hz  target=56.424Hz  err=-0.134Hz  corr=-6.63W  u_ff=134.4W  PCAP→130W  power=129.0W
[PID] perf=56.530Hz  target=56.424Hz  err=-0.106Hz  corr=-6.60W  u_ff=134.4W  PCAP→130W  power=128.8W
[PID] perf=56.299Hz  target=56.424Hz  err=+0.125Hz  corr=-5.47W  u_ff=134.4W  PCAP→130W  power=129.8W
[PID] perf=56.290Hz  target=56.424Hz  err=+0.134Hz  corr=-5.31W  u_ff=134.4W  PCAP→130W  power=129.4W
[PID] perf=56.585Hz  target=56.424Hz  err=-0.161Hz  corr=-6.76W  u_ff=134.4W  PCAP→130W  power=128.9W
[PID] perf=56.641Hz  target=56.424Hz  err=-0.217Hz  corr=-7.19W  u_ff=134.4W  PCAP→130W  power=130.2W
[PID] perf=56.743Hz  target=56.424Hz  err=-0.320Hz  corr=-7.93W  u_ff=134.4W  PCAP→124W  power=131.3W
[PID] perf=56.039Hz  target=56.424Hz  err=+0.385Hz  corr=-4.48W  u_ff=134.4W  PCAP→130W  power=123.9W
[PID] perf=56.964Hz  target=56.424Hz  err=-0.540Hz  corr=-9.04W  u_ff=134.4W  PCAP→124W  power=130.2W
[PID] perf=56.097Hz  target=56.424Hz  err=+0.327Hz  corr=-4.92W  u_ff=134.4W  PCAP→130W  power=124.0W
[PID] perf=56.934Hz  target=56.424Hz  err=-0.511Hz  corr=-9.07W  u_ff=134.4W  PCAP→124W  power=129.2W
[PID] perf=55.672Hz  target=56.424Hz  err=+0.751Hz  corr=-2.84W  u_ff=134.4W  PCAP→130W  power=124.4W
[PID] perf=56.686Hz  target=56.424Hz  err=-0.262Hz  corr=-7.54W  u_ff=134.4W  PCAP→124W  power=130.8W
[PID] perf=55.955Hz  target=56.424Hz  err=+0.468Hz  corr=-3.90W  u_ff=134.4W  PCAP→130W  power=123.4W
[PID] perf=56.596Hz  target=56.424Hz  err=-0.173Hz  corr=-6.89W  u_ff=134.4W  PCAP→130W  power=130.4W
[PID] perf=56.737Hz  target=56.424Hz  err=-0.314Hz  corr=-7.79W  u_ff=134.4W  PCAP→124W  power=130.0W
[PID] perf=55.861Hz  target=56.424Hz  err=+0.563Hz  corr=-3.42W  u_ff=134.4W  PCAP→130W  power=123.4W
[PID] perf=56.729Hz  target=56.424Hz  err=-0.305Hz  corr=-7.52W  u_ff=134.4W  PCAP→124W  power=130.3W
[PID] perf=55.920Hz  target=56.424Hz  err=+0.504Hz  corr=-3.50W  u_ff=134.4W  PCAP→130W  power=124.3W
[PID] perf=56.792Hz  target=56.424Hz  err=-0.368Hz  corr=-7.68W  u_ff=134.4W  PCAP→124W  power=129.1W
[PID] perf=55.922Hz  target=56.424Hz  err=+0.502Hz  corr=-3.39W  u_ff=134.4W  PCAP→130W  power=123.5W
[PID] perf=56.748Hz  target=56.424Hz  err=-0.324Hz  corr=-7.33W  u_ff=134.4W  PCAP→130W  power=129.2W
[PID] perf=56.763Hz  target=56.424Hz  err=-0.340Hz  corr=-7.70W  u_ff=134.4W  PCAP→124W  power=129.5W
[PID] perf=55.910Hz  target=56.424Hz  err=+0.514Hz  corr=-3.47W  u_ff=134.4W  PCAP→130W  power=123.1W
[PID] perf=56.776Hz  target=56.424Hz  err=-0.352Hz  corr=-7.61W  u_ff=134.4W  PCAP→124W  power=129.2W
[PID] perf=55.960Hz  target=56.424Hz  err=+0.463Hz  corr=-3.60W  u_ff=134.4W  PCAP→130W  power=123.3W
[PID] perf=56.803Hz  target=56.424Hz  err=-0.379Hz  corr=-7.65W  u_ff=134.4W  PCAP→124W  power=130.4W
[PID] perf=55.928Hz  target=56.424Hz  err=+0.496Hz  corr=-3.35W  u_ff=134.4W  PCAP→130W  power=123.5W
[PID] perf=56.780Hz  target=56.424Hz  err=-0.357Hz  corr=-7.43W  u_ff=134.4W  PCAP→124W  power=128.3W
[PID] perf=55.906Hz  target=56.424Hz  err=+0.518Hz  corr=-3.11W  u_ff=134.4W  PCAP→130W  power=123.1W
[PID] perf=56.767Hz  target=56.424Hz  err=-0.343Hz  corr=-7.22W  u_ff=134.4W  PCAP→130W  power=129.9W
[PID] perf=56.780Hz  target=56.424Hz  err=-0.356Hz  corr=-7.59W  u_ff=134.4W  PCAP→124W  power=129.9W
[PID] perf=55.724Hz  target=56.424Hz  err=+0.700Hz  corr=-2.31W  u_ff=134.4W  PCAP→130W  power=124.5W
[PID] perf=56.752Hz  target=56.424Hz  err=-0.328Hz  corr=-7.14W  u_ff=134.4W  PCAP→130W  power=130.2W
[PID] perf=56.807Hz  target=56.424Hz  err=-0.383Hz  corr=-7.72W  u_ff=134.4W  PCAP→124W  power=129.8W
[PID] perf=55.922Hz  target=56.424Hz  err=+0.502Hz  corr=-3.37W  u_ff=134.4W  PCAP→130W  power=123.8W
[PID] perf=56.773Hz  target=56.424Hz  err=-0.350Hz  corr=-7.44W  u_ff=134.4W  PCAP→124W  power=130.1W
[PID] perf=55.912Hz  target=56.424Hz  err=+0.511Hz  corr=-3.19W  u_ff=134.4W  PCAP→130W  power=124.1W
[PID] perf=56.755Hz  target=56.424Hz  err=-0.331Hz  corr=-7.20W  u_ff=134.4W  PCAP→130W  power=130.3W
[PID] perf=56.768Hz  target=56.424Hz  err=-0.344Hz  corr=-7.56W  u_ff=134.4W  PCAP→124W  power=129.5W
[PID] perf=55.935Hz  target=56.424Hz  err=+0.488Hz  corr=-3.45W  u_ff=134.4W  PCAP→130W  power=123.7W
[PID] perf=56.939Hz  target=56.424Hz  err=-0.515Hz  corr=-8.34W  u_ff=134.4W  PCAP→124W  power=129.7W
[PID] perf=56.098Hz  target=56.424Hz  err=+0.325Hz  corr=-4.34W  u_ff=134.4W  PCAP→130W  power=124.8W
[PID] perf=56.653Hz  target=56.424Hz  err=-0.229Hz  corr=-6.99W  u_ff=134.4W  PCAP→130W  power=130.9W
[PID] perf=56.391Hz  target=56.424Hz  err=+0.033Hz  corr=-5.80W  u_ff=134.4W  PCAP→130W  power=130.3W
[PID] perf=56.768Hz  target=56.424Hz  err=-0.344Hz  corr=-7.77W  u_ff=134.4W  PCAP→124W  power=129.0W
[PID] perf=55.920Hz  target=56.424Hz  err=+0.503Hz  corr=-3.59W  u_ff=134.4W  PCAP→130W  power=123.3W
[PID] perf=56.773Hz  target=56.424Hz  err=-0.349Hz  corr=-7.66W  u_ff=134.4W  PCAP→124W  power=130.1W
[PID] perf=55.916Hz  target=56.424Hz  err=+0.508Hz  corr=-3.43W  u_ff=134.4W  PCAP→130W  power=122.9W
[PID] perf=56.785Hz  target=56.424Hz  err=-0.361Hz  corr=-7.58W  u_ff=134.4W  PCAP→124W  power=130.5W
[PID] perf=55.812Hz  target=56.424Hz  err=+0.611Hz  corr=-2.75W  u_ff=134.4W  PCAP→130W  power=123.7W
[PID] perf=56.691Hz  target=56.424Hz  err=-0.268Hz  corr=-6.86W  u_ff=134.4W  PCAP→130W  power=130.7W
[PID] perf=56.606Hz  target=56.424Hz  err=-0.183Hz  corr=-6.65W  u_ff=134.4W  PCAP→130W  power=130.3W
Process completed.
Compressed into /home/cc/summer2024/main_codes/pid_controller/../experiment_data/PID_Control_sweep/ones-stream-full/compressed_iteration_20260512_223004.tar
----------------------------------
