
>>> Step 1/3

[ones-stream-triad]
  target perf      : 193.3730 Hz
  coefficients_perf: [-0.004198996979306703, 1.4113888522213032, 83.31648448855799]
  feedforward PCAP : 122.95 W  →  124 W (snapped)
  Perf(u_ff) check : 193.3730 Hz  (should ≈ target)
  PID gains        : Kp=1.2787 W/Hz  Ki=0.12787 W/(Hz·s)  Kd=0.0000
[PID] perf=205.284Hz  target=193.373Hz  err=-11.911Hz  corr=-18.28W  u_ff=123.0W  PCAP→107W  power=nanW
[PID] perf=187.597Hz  target=193.373Hz  err=+5.776Hz  corr=+5.82W  u_ff=123.0W  PCAP→130W  power=103.5W
[PID] perf=196.216Hz  target=193.373Hz  err=-2.843Hz  corr=-5.93W  u_ff=123.0W  PCAP→118W  power=129.5W
[PID] perf=191.748Hz  target=193.373Hz  err=+1.625Hz  corr=+0.20W  u_ff=123.0W  PCAP→124W  power=116.8W
[PID] perf=193.956Hz  target=193.373Hz  err=-0.583Hz  corr=-2.78W  u_ff=123.0W  PCAP→118W  power=124.9W
[PID] perf=193.090Hz  target=193.373Hz  err=+0.283Hz  corr=-1.60W  u_ff=123.0W  PCAP→124W  power=117.0W
[PID] perf=195.025Hz  target=193.373Hz  err=-1.652Hz  corr=-4.49W  u_ff=123.0W  PCAP→118W  power=125.0W
[PID] perf=192.362Hz  target=193.373Hz  err=+1.011Hz  corr=-0.83W  u_ff=123.0W  PCAP→124W  power=116.8W
[PID] perf=195.840Hz  target=193.373Hz  err=-2.467Hz  corr=-5.91W  u_ff=123.0W  PCAP→118W  power=124.6W
[PID] perf=192.837Hz  target=193.373Hz  err=+0.536Hz  corr=-1.93W  u_ff=123.0W  PCAP→124W  power=116.9W
[PID] perf=193.952Hz  target=193.373Hz  err=-0.579Hz  corr=-3.50W  u_ff=123.0W  PCAP→118W  power=123.3W
[PID] perf=192.691Hz  target=193.373Hz  err=+0.682Hz  corr=-1.72W  u_ff=123.0W  PCAP→124W  power=117.7W
[PID] perf=194.573Hz  target=193.373Hz  err=-1.200Hz  corr=-4.43W  u_ff=123.0W  PCAP→118W  power=123.2W
[PID] perf=193.019Hz  target=193.373Hz  err=+0.354Hz  corr=-2.35W  u_ff=123.0W  PCAP→118W  power=117.3W
[PID] perf=192.205Hz  target=193.373Hz  err=+1.168Hz  corr=-1.01W  u_ff=123.0W  PCAP→124W  power=118.1W
[PID] perf=193.099Hz  target=193.373Hz  err=+0.274Hz  corr=-2.09W  u_ff=123.0W  PCAP→118W  power=124.5W
[PID] perf=192.320Hz  target=193.373Hz  err=+1.053Hz  corr=-0.82W  u_ff=123.0W  PCAP→124W  power=118.0W
[PID] perf=194.241Hz  target=193.373Hz  err=-0.868Hz  corr=-3.50W  u_ff=123.0W  PCAP→118W  power=123.2W
[PID] perf=192.479Hz  target=193.373Hz  err=+0.894Hz  corr=-1.02W  u_ff=123.0W  PCAP→124W  power=118.3W
[PID] perf=195.102Hz  target=193.373Hz  err=-1.729Hz  corr=-4.81W  u_ff=123.0W  PCAP→118W  power=123.2W
[PID] perf=193.616Hz  target=193.373Hz  err=-0.243Hz  corr=-2.98W  u_ff=123.0W  PCAP→118W  power=119.0W
[PID] perf=193.833Hz  target=193.373Hz  err=-0.460Hz  corr=-3.37W  u_ff=123.0W  PCAP→118W  power=117.5W
[PID] perf=193.335Hz  target=193.373Hz  err=+0.038Hz  corr=-2.72W  u_ff=123.0W  PCAP→118W  power=117.4W
[PID] perf=193.179Hz  target=193.373Hz  err=+0.194Hz  corr=-2.48W  u_ff=123.0W  PCAP→118W  power=117.5W
[PID] perf=193.375Hz  target=193.373Hz  err=-0.002Hz  corr=-2.73W  u_ff=123.0W  PCAP→118W  power=117.4W
[PID] perf=193.337Hz  target=193.373Hz  err=+0.036Hz  corr=-2.67W  u_ff=123.0W  PCAP→118W  power=117.9W
[PID] perf=193.429Hz  target=193.373Hz  err=-0.056Hz  corr=-2.80W  u_ff=123.0W  PCAP→118W  power=117.5W
Process completed.
Compressed into /home/cc/summer2024/main_codes/pid_controller/../experiment_data/PID_Control_sweep/ones-stream-triad/compressed_iteration_20260512_010244.tar
----------------------------------

>>> Step 2/3

[ones-stream-triad]
  target perf      : 193.3730 Hz
  coefficients_perf: [-0.004198996979306703, 1.4113888522213032, 83.31648448855799]
  feedforward PCAP : 122.95 W  →  124 W (snapped)
  Perf(u_ff) check : 193.3730 Hz  (should ≈ target)
  PID gains        : Kp=1.2787 W/Hz  Ki=0.12787 W/(Hz·s)  Kd=0.0000
[PID] perf=202.849Hz  target=193.373Hz  err=-9.476Hz  corr=-14.54W  u_ff=123.0W  PCAP→107W  power=nanW
[PID] perf=188.436Hz  target=193.373Hz  err=+4.937Hz  corr=+5.15W  u_ff=123.0W  PCAP→130W  power=106.6W
[PID] perf=196.823Hz  target=193.373Hz  err=-3.450Hz  corr=-6.45W  u_ff=123.0W  PCAP→118W  power=130.3W
[PID] perf=194.803Hz  target=193.373Hz  err=-1.430Hz  corr=-4.24W  u_ff=123.0W  PCAP→118W  power=118.4W
[PID] perf=194.785Hz  target=193.373Hz  err=-1.412Hz  corr=-4.58W  u_ff=123.0W  PCAP→118W  power=117.4W
[PID] perf=193.197Hz  target=193.373Hz  err=+0.176Hz  corr=-2.50W  u_ff=123.0W  PCAP→118W  power=117.8W
[PID] perf=195.911Hz  target=193.373Hz  err=-2.538Hz  corr=-6.62W  u_ff=123.0W  PCAP→118W  power=119.0W
[PID] perf=192.984Hz  target=193.373Hz  err=+0.389Hz  corr=-2.78W  u_ff=123.0W  PCAP→118W  power=115.8W
[PID] perf=193.004Hz  target=193.373Hz  err=+0.369Hz  corr=-2.71W  u_ff=123.0W  PCAP→118W  power=118.6W
[PID] perf=192.671Hz  target=193.373Hz  err=+0.702Hz  corr=-2.10W  u_ff=123.0W  PCAP→118W  power=117.5W
[PID] perf=192.505Hz  target=193.373Hz  err=+0.868Hz  corr=-1.67W  u_ff=123.0W  PCAP→124W  power=117.6W
[PID] perf=195.170Hz  target=193.373Hz  err=-1.797Hz  corr=-5.54W  u_ff=123.0W  PCAP→118W  power=123.8W
[PID] perf=191.342Hz  target=193.373Hz  err=+2.031Hz  corr=-0.12W  u_ff=123.0W  PCAP→124W  power=118.0W
[PID] perf=195.525Hz  target=193.373Hz  err=-2.152Hz  corr=-6.02W  u_ff=123.0W  PCAP→118W  power=123.2W
[PID] perf=192.780Hz  target=193.373Hz  err=+0.593Hz  corr=-2.36W  u_ff=123.0W  PCAP→118W  power=117.3W
[PID] perf=192.069Hz  target=193.373Hz  err=+1.304Hz  corr=-1.12W  u_ff=123.0W  PCAP→124W  power=118.4W
[PID] perf=197.298Hz  target=193.373Hz  err=-3.925Hz  corr=-8.81W  u_ff=123.0W  PCAP→112W  power=123.2W
[PID] perf=191.735Hz  target=193.373Hz  err=+1.638Hz  corr=-1.27W  u_ff=123.0W  PCAP→124W  power=111.6W
[PID] perf=197.493Hz  target=193.373Hz  err=-4.120Hz  corr=-9.69W  u_ff=123.0W  PCAP→112W  power=124.1W
[PID] perf=191.678Hz  target=193.373Hz  err=+1.695Hz  corr=-1.82W  u_ff=123.0W  PCAP→124W  power=111.9W
[PID] perf=196.307Hz  target=193.373Hz  err=-2.934Hz  corr=-8.49W  u_ff=123.0W  PCAP→112W  power=121.7W
[PID] perf=191.919Hz  target=193.373Hz  err=+1.454Hz  corr=-2.51W  u_ff=123.0W  PCAP→118W  power=112.0W
[PID] perf=195.785Hz  target=193.373Hz  err=-2.412Hz  corr=-8.07W  u_ff=123.0W  PCAP→112W  power=118.1W
[PID] perf=192.404Hz  target=193.373Hz  err=+0.969Hz  corr=-3.50W  u_ff=123.0W  PCAP→118W  power=111.8W
[PID] perf=193.275Hz  target=193.373Hz  err=+0.098Hz  corr=-4.59W  u_ff=123.0W  PCAP→118W  power=117.8W
[PID] perf=192.536Hz  target=193.373Hz  err=+0.837Hz  corr=-3.43W  u_ff=123.0W  PCAP→118W  power=119.2W
Process completed.
Compressed into /home/cc/summer2024/main_codes/pid_controller/../experiment_data/PID_Control_sweep/ones-stream-triad/compressed_iteration_20260512_010336.tar
----------------------------------

>>> Step 3/3

[ones-stream-triad]
  target perf      : 193.3730 Hz
  coefficients_perf: [-0.004198996979306703, 1.4113888522213032, 83.31648448855799]
  feedforward PCAP : 122.95 W  →  124 W (snapped)
  Perf(u_ff) check : 193.3730 Hz  (should ≈ target)
  PID gains        : Kp=1.2787 W/Hz  Ki=0.12787 W/(Hz·s)  Kd=0.0000
[PID] perf=194.627Hz  target=193.373Hz  err=-1.254Hz  corr=-1.92W  u_ff=123.0W  PCAP→124W  power=nanW
[PID] perf=195.639Hz  target=193.373Hz  err=-2.266Hz  corr=-3.80W  u_ff=123.0W  PCAP→118W  power=123.8W
[PID] perf=193.250Hz  target=193.373Hz  err=+0.123Hz  corr=-0.71W  u_ff=123.0W  PCAP→124W  power=117.6W
[PID] perf=190.945Hz  target=193.373Hz  err=+2.428Hz  corr=+2.86W  u_ff=123.0W  PCAP→124W  power=123.9W
[PID] perf=193.406Hz  target=193.373Hz  err=-0.033Hz  corr=-0.30W  u_ff=123.0W  PCAP→124W  power=124.0W
[PID] perf=196.507Hz  target=193.373Hz  err=-3.134Hz  corr=-5.07W  u_ff=123.0W  PCAP→118W  power=123.1W
[PID] perf=192.291Hz  target=193.373Hz  err=+1.082Hz  corr=+0.60W  u_ff=123.0W  PCAP→124W  power=117.9W
[PID] perf=195.141Hz  target=193.373Hz  err=-1.768Hz  corr=-3.49W  u_ff=123.0W  PCAP→118W  power=123.4W
[PID] perf=192.067Hz  target=193.373Hz  err=+1.306Hz  corr=+0.77W  u_ff=123.0W  PCAP→124W  power=118.2W
[PID] perf=195.007Hz  target=193.373Hz  err=-1.634Hz  corr=-3.41W  u_ff=123.0W  PCAP→118W  power=122.5W
[PID] perf=191.224Hz  target=193.373Hz  err=+2.149Hz  corr=+1.98W  u_ff=123.0W  PCAP→124W  power=116.9W
[PID] perf=194.828Hz  target=193.373Hz  err=-1.455Hz  corr=-3.00W  u_ff=123.0W  PCAP→118W  power=123.4W
[PID] perf=191.893Hz  target=193.373Hz  err=+1.480Hz  corr=+1.13W  u_ff=123.0W  PCAP→124W  power=116.7W
[PID] perf=194.582Hz  target=193.373Hz  err=-1.209Hz  corr=-2.62W  u_ff=123.0W  PCAP→118W  power=123.9W
[PID] perf=191.777Hz  target=193.373Hz  err=+1.596Hz  corr=+1.38W  u_ff=123.0W  PCAP→124W  power=117.9W
[PID] perf=194.442Hz  target=193.373Hz  err=-1.069Hz  corr=-2.30W  u_ff=123.0W  PCAP→118W  power=125.1W
[PID] perf=191.865Hz  target=193.373Hz  err=+1.508Hz  corr=+1.38W  u_ff=123.0W  PCAP→124W  power=117.5W
[PID] perf=194.663Hz  target=193.373Hz  err=-1.290Hz  corr=-2.53W  u_ff=123.0W  PCAP→118W  power=125.0W
[PID] perf=190.501Hz  target=193.373Hz  err=+2.872Hz  corr=+3.53W  u_ff=123.0W  PCAP→124W  power=118.2W
[PID] perf=193.083Hz  target=193.373Hz  err=+0.290Hz  corr=+0.30W  u_ff=123.0W  PCAP→124W  power=125.4W
[PID] perf=193.075Hz  target=193.373Hz  err=+0.298Hz  corr=+0.39W  u_ff=123.0W  PCAP→124W  power=122.8W
[PID] perf=193.330Hz  target=193.373Hz  err=+0.043Hz  corr=+0.07W  u_ff=123.0W  PCAP→124W  power=124.2W
[PID] perf=193.284Hz  target=193.373Hz  err=+0.089Hz  corr=+0.15W  u_ff=123.0W  PCAP→124W  power=123.9W
[PID] perf=194.491Hz  target=193.373Hz  err=-1.118Hz  corr=-1.68W  u_ff=123.0W  PCAP→124W  power=125.4W
[PID] perf=193.576Hz  target=193.373Hz  err=-0.203Hz  corr=-0.56W  u_ff=123.0W  PCAP→124W  power=123.4W
[PID] perf=193.491Hz  target=193.373Hz  err=-0.118Hz  corr=-0.48W  u_ff=123.0W  PCAP→124W  power=123.8W
Process completed.
Compressed into /home/cc/summer2024/main_codes/pid_controller/../experiment_data/PID_Control_sweep/ones-stream-triad/compressed_iteration_20260512_010429.tar
----------------------------------
