
>>> Step 1/3

[ones-npb-ft]
  target perf      : 11.3852 Hz
  coefficients_perf: [-0.0005522560062416729, 0.2000532994178523, -2.29133973770495]
  feedforward PCAP : 91.45 W  →  89 W (snapped)
  Perf(u_ff) check : 11.3852 Hz  (should ≈ target)
  PID gains        : Kp=7.5924 W/Hz  Ki=0.75924 W/(Hz·s)  Kd=0.0000
[PID] perf=6.376Hz  target=11.385Hz  err=+5.009Hz  corr=+45.64W  u_ff=91.5W  PCAP→136W  power=nanW
[PID] perf=18.110Hz  target=11.385Hz  err=-6.725Hz  corr=-53.66W  u_ff=91.5W  PCAP→78W  power=136.8W
[PID] perf=12.747Hz  target=11.385Hz  err=-1.361Hz  corr=-15.01W  u_ff=91.5W  PCAP→78W  power=81.3W
[PID] perf=12.664Hz  target=11.385Hz  err=-1.279Hz  corr=-16.33W  u_ff=91.5W  PCAP→78W  power=80.3W
[PID] perf=12.684Hz  target=11.385Hz  err=-1.299Hz  corr=-18.45W  u_ff=91.5W  PCAP→78W  power=79.1W
[PID] perf=12.649Hz  target=11.385Hz  err=-1.264Hz  corr=-20.10W  u_ff=91.5W  PCAP→78W  power=78.8W
[PID] perf=12.709Hz  target=11.385Hz  err=-1.323Hz  corr=-22.56W  u_ff=91.5W  PCAP→78W  power=77.3W
[PID] perf=12.590Hz  target=11.385Hz  err=-1.205Hz  corr=-23.49W  u_ff=91.5W  PCAP→78W  power=73.8W
[PID] perf=11.748Hz  target=11.385Hz  err=-0.363Hz  corr=-17.65W  u_ff=91.5W  PCAP→78W  power=76.3W
[PID] perf=12.625Hz  target=11.385Hz  err=-1.240Hz  corr=-26.19W  u_ff=91.5W  PCAP→78W  power=79.7W
[PID] perf=12.580Hz  target=11.385Hz  err=-1.195Hz  corr=-27.67W  u_ff=91.5W  PCAP→78W  power=75.7W
[PID] perf=12.120Hz  target=11.385Hz  err=-0.735Hz  corr=-25.29W  u_ff=91.5W  PCAP→78W  power=75.6W
[PID] perf=11.522Hz  target=11.385Hz  err=-0.136Hz  corr=-20.95W  u_ff=91.5W  PCAP→78W  power=79.7W
[PID] perf=11.480Hz  target=11.385Hz  err=-0.094Hz  corr=-20.78W  u_ff=91.5W  PCAP→78W  power=77.6W
[PID] perf=11.510Hz  target=11.385Hz  err=-0.125Hz  corr=-21.20W  u_ff=91.5W  PCAP→78W  power=77.4W
[PID] perf=11.529Hz  target=11.385Hz  err=-0.144Hz  corr=-21.56W  u_ff=91.5W  PCAP→78W  power=76.8W
[PID] perf=11.588Hz  target=11.385Hz  err=-0.203Hz  corr=-22.32W  u_ff=91.5W  PCAP→78W  power=76.3W
[PID] perf=11.680Hz  target=11.385Hz  err=-0.295Hz  corr=-23.46W  u_ff=91.5W  PCAP→78W  power=76.3W
[PID] perf=11.703Hz  target=11.385Hz  err=-0.317Hz  corr=-24.12W  u_ff=91.5W  PCAP→78W  power=80.9W
[PID] perf=11.747Hz  target=11.385Hz  err=-0.362Hz  corr=-25.00W  u_ff=91.5W  PCAP→78W  power=80.2W
[PID] perf=11.793Hz  target=11.385Hz  err=-0.408Hz  corr=-25.97W  u_ff=91.5W  PCAP→78W  power=78.0W
Process completed.
Compressed into /home/cc/summer2024/main_codes/pid_controller/../experiment_data/PID_Control_sweep/ones-npb-ft/compressed_iteration_20260512_140929.tar
----------------------------------

>>> Step 2/3

[ones-npb-ft]
  target perf      : 11.3852 Hz
  coefficients_perf: [-0.0005522560062416729, 0.2000532994178523, -2.29133973770495]
  feedforward PCAP : 91.45 W  →  89 W (snapped)
  Perf(u_ff) check : 11.3852 Hz  (should ≈ target)
  PID gains        : Kp=7.5924 W/Hz  Ki=0.75924 W/(Hz·s)  Kd=0.0000
[PID] Awaiting data — feedforward PCAP=89W
[PID] perf=14.790Hz  target=11.385Hz  err=-3.404Hz  corr=-31.02W  u_ff=91.5W  PCAP→78W  power=92.3W
[PID] perf=13.217Hz  target=11.385Hz  err=-1.832Hz  corr=-21.86W  u_ff=91.5W  PCAP→78W  power=77.0W
[PID] perf=13.257Hz  target=11.385Hz  err=-1.872Hz  corr=-25.00W  u_ff=91.5W  PCAP→78W  power=77.6W
[PID] perf=13.281Hz  target=11.385Hz  err=-1.896Hz  corr=-28.07W  u_ff=91.5W  PCAP→78W  power=79.7W
[PID] perf=13.225Hz  target=11.385Hz  err=-1.840Hz  corr=-30.44W  u_ff=91.5W  PCAP→78W  power=78.0W
[PID] perf=12.781Hz  target=11.385Hz  err=-1.396Hz  corr=-29.19W  u_ff=91.5W  PCAP→78W  power=77.2W
[PID] perf=13.248Hz  target=11.385Hz  err=-1.863Hz  corr=-35.56W  u_ff=91.5W  PCAP→78W  power=78.6W
[PID] perf=13.175Hz  target=11.385Hz  err=-1.790Hz  corr=-37.72W  u_ff=91.5W  PCAP→78W  power=78.4W
[PID] perf=13.173Hz  target=11.385Hz  err=-1.788Hz  corr=-40.43W  u_ff=91.5W  PCAP→78W  power=76.2W
[PID] perf=12.762Hz  target=11.385Hz  err=-1.377Hz  corr=-39.40W  u_ff=91.5W  PCAP→78W  power=78.1W
[PID] perf=12.093Hz  target=11.385Hz  err=-0.708Hz  corr=-35.39W  u_ff=91.5W  PCAP→78W  power=77.4W
[PID] perf=11.543Hz  target=11.385Hz  err=-0.158Hz  corr=-31.45W  u_ff=91.5W  PCAP→78W  power=80.4W
[PID] perf=11.579Hz  target=11.385Hz  err=-0.193Hz  corr=-32.02W  u_ff=91.5W  PCAP→78W  power=77.7W
[PID] perf=11.608Hz  target=11.385Hz  err=-0.222Hz  corr=-32.57W  u_ff=91.5W  PCAP→78W  power=79.7W
[PID] perf=11.662Hz  target=11.385Hz  err=-0.277Hz  corr=-33.41W  u_ff=91.5W  PCAP→78W  power=79.2W
[PID] perf=11.646Hz  target=11.385Hz  err=-0.261Hz  corr=-33.68W  u_ff=91.5W  PCAP→78W  power=78.5W
[PID] perf=11.660Hz  target=11.385Hz  err=-0.274Hz  corr=-34.20W  u_ff=91.5W  PCAP→78W  power=80.3W
[PID] perf=11.939Hz  target=11.385Hz  err=-0.553Hz  corr=-37.16W  u_ff=91.5W  PCAP→78W  power=77.8W
[PID] perf=12.032Hz  target=11.385Hz  err=-0.647Hz  corr=-38.85W  u_ff=91.5W  PCAP→78W  power=78.6W
[PID] perf=12.103Hz  target=11.385Hz  err=-0.718Hz  corr=-40.48W  u_ff=91.5W  PCAP→78W  power=79.4W
Process completed.
Compressed into /home/cc/summer2024/main_codes/pid_controller/../experiment_data/PID_Control_sweep/ones-npb-ft/compressed_iteration_20260512_141010.tar
----------------------------------

>>> Step 3/3

[ones-npb-ft]
  target perf      : 11.3852 Hz
  coefficients_perf: [-0.0005522560062416729, 0.2000532994178523, -2.29133973770495]
  feedforward PCAP : 91.45 W  →  89 W (snapped)
  Perf(u_ff) check : 11.3852 Hz  (should ≈ target)
  PID gains        : Kp=7.5924 W/Hz  Ki=0.75924 W/(Hz·s)  Kd=0.0000
[PID] Awaiting data — feedforward PCAP=89W
[PID] perf=14.670Hz  target=11.385Hz  err=-3.285Hz  corr=-29.93W  u_ff=91.5W  PCAP→78W  power=88.5W
[PID] perf=13.059Hz  target=11.385Hz  err=-1.674Hz  corr=-20.24W  u_ff=91.5W  PCAP→78W  power=78.7W
[PID] perf=13.064Hz  target=11.385Hz  err=-1.679Hz  corr=-22.83W  u_ff=91.5W  PCAP→78W  power=77.3W
[PID] perf=12.951Hz  target=11.385Hz  err=-1.566Hz  corr=-24.35W  u_ff=91.5W  PCAP→78W  power=78.5W
[PID] perf=12.986Hz  target=11.385Hz  err=-1.601Hz  corr=-27.04W  u_ff=91.5W  PCAP→78W  power=76.3W
[PID] perf=12.911Hz  target=11.385Hz  err=-1.526Hz  corr=-28.79W  u_ff=91.5W  PCAP→78W  power=76.4W
[PID] perf=13.123Hz  target=11.385Hz  err=-1.738Hz  corr=-33.04W  u_ff=91.5W  PCAP→78W  power=77.6W
[PID] perf=13.069Hz  target=11.385Hz  err=-1.684Hz  corr=-35.19W  u_ff=91.5W  PCAP→78W  power=77.6W
[PID] perf=13.096Hz  target=11.385Hz  err=-1.711Hz  corr=-37.99W  u_ff=91.5W  PCAP→78W  power=80.6W
[PID] perf=12.505Hz  target=11.385Hz  err=-1.120Hz  corr=-35.20W  u_ff=91.5W  PCAP→78W  power=76.5W
[PID] perf=12.108Hz  target=11.385Hz  err=-0.723Hz  corr=-33.29W  u_ff=91.5W  PCAP→78W  power=80.6W
[PID] perf=11.419Hz  target=11.385Hz  err=-0.034Hz  corr=-28.11W  u_ff=91.5W  PCAP→78W  power=76.2W
[PID] perf=11.439Hz  target=11.385Hz  err=-0.054Hz  corr=-28.34W  u_ff=91.5W  PCAP→78W  power=76.8W
[PID] perf=11.536Hz  target=11.385Hz  err=-0.151Hz  corr=-29.31W  u_ff=91.5W  PCAP→78W  power=75.7W
[PID] perf=11.565Hz  target=11.385Hz  err=-0.180Hz  corr=-29.80W  u_ff=91.5W  PCAP→78W  power=81.1W
[PID] perf=11.627Hz  target=11.385Hz  err=-0.242Hz  corr=-30.64W  u_ff=91.5W  PCAP→78W  power=76.9W
[PID] perf=11.681Hz  target=11.385Hz  err=-0.295Hz  corr=-31.49W  u_ff=91.5W  PCAP→78W  power=78.7W
[PID] perf=11.736Hz  target=11.385Hz  err=-0.350Hz  corr=-32.44W  u_ff=91.5W  PCAP→78W  power=76.2W
[PID] perf=11.825Hz  target=11.385Hz  err=-0.439Hz  corr=-33.79W  u_ff=91.5W  PCAP→78W  power=79.8W
[PID] perf=11.822Hz  target=11.385Hz  err=-0.436Hz  corr=-34.43W  u_ff=91.5W  PCAP→78W  power=75.8W
Process completed.
Compressed into /home/cc/summer2024/main_codes/pid_controller/../experiment_data/PID_Control_sweep/ones-npb-ft/compressed_iteration_20260512_141051.tar
----------------------------------
