
>>> Step 1/3

[ones-stream-full]
  target perf      : 52.4696 Hz
  coefficients_perf: [-0.001454368618345514, 0.4666906429990306, 19.97332976225342]
  feedforward PCAP : 102.15 W  →  101 W (snapped)
  Perf(u_ff) check : 52.4696 Hz  (should ≈ target)
  PID gains        : Kp=4.4139 W/Hz  Ki=0.44139 W/(Hz·s)  Kd=0.0000
[PID] perf=58.267Hz  target=52.470Hz  err=-5.798Hz  corr=-30.71W  u_ff=102.1W  PCAP→78W  power=nanW
[PID] perf=48.872Hz  target=52.470Hz  err=+3.598Hz  corr=+13.94W  u_ff=102.1W  PCAP→118W  power=80.0W
[PID] perf=55.612Hz  target=52.470Hz  err=-3.142Hz  corr=-18.59W  u_ff=102.1W  PCAP→83W  power=117.4W
[PID] perf=50.447Hz  target=52.470Hz  err=+2.022Hz  corr=+5.99W  u_ff=102.1W  PCAP→107W  power=82.8W
[PID] perf=54.552Hz  target=52.470Hz  err=-2.083Hz  corr=-13.96W  u_ff=102.1W  PCAP→89W  power=108.5W
[PID] perf=52.583Hz  target=52.470Hz  err=-0.113Hz  corr=-5.37W  u_ff=102.1W  PCAP→95W  power=90.9W
[PID] perf=52.992Hz  target=52.470Hz  err=-0.522Hz  corr=-7.63W  u_ff=102.1W  PCAP→95W  power=94.7W
[PID] perf=52.979Hz  target=52.470Hz  err=-0.510Hz  corr=-8.03W  u_ff=102.1W  PCAP→95W  power=94.3W
[PID] perf=53.323Hz  target=52.470Hz  err=-0.854Hz  corr=-10.30W  u_ff=102.1W  PCAP→89W  power=93.8W
[PID] perf=52.601Hz  target=52.470Hz  err=-0.132Hz  corr=-7.23W  u_ff=102.1W  PCAP→95W  power=88.2W
[PID] perf=53.193Hz  target=52.470Hz  err=-0.724Hz  corr=-10.48W  u_ff=102.1W  PCAP→89W  power=94.6W
[PID] perf=52.435Hz  target=52.470Hz  err=+0.034Hz  corr=-7.11W  u_ff=102.1W  PCAP→95W  power=89.4W
[PID] perf=53.164Hz  target=52.470Hz  err=-0.695Hz  corr=-10.94W  u_ff=102.1W  PCAP→89W  power=94.1W
[PID] perf=52.398Hz  target=52.470Hz  err=+0.072Hz  corr=-7.49W  u_ff=102.1W  PCAP→95W  power=89.6W
[PID] perf=53.024Hz  target=52.470Hz  err=-0.554Hz  corr=-10.74W  u_ff=102.1W  PCAP→89W  power=93.7W
[PID] perf=52.393Hz  target=52.470Hz  err=+0.076Hz  corr=-7.89W  u_ff=102.1W  PCAP→95W  power=88.9W
[PID] perf=53.077Hz  target=52.470Hz  err=-0.607Hz  corr=-11.45W  u_ff=102.1W  PCAP→89W  power=93.7W
[PID] perf=52.388Hz  target=52.470Hz  err=+0.082Hz  corr=-8.33W  u_ff=102.1W  PCAP→95W  power=89.2W
[PID] perf=53.000Hz  target=52.470Hz  err=-0.530Hz  corr=-11.50W  u_ff=102.1W  PCAP→89W  power=95.4W
[PID] perf=52.508Hz  target=52.470Hz  err=-0.038Hz  corr=-9.36W  u_ff=102.1W  PCAP→95W  power=88.2W
[PID] perf=53.118Hz  target=52.470Hz  err=-0.648Hz  corr=-12.63W  u_ff=102.1W  PCAP→89W  power=94.2W
[PID] perf=52.385Hz  target=52.470Hz  err=+0.085Hz  corr=-9.32W  u_ff=102.1W  PCAP→95W  power=88.8W
[PID] perf=52.969Hz  target=52.470Hz  err=-0.500Hz  corr=-12.34W  u_ff=102.1W  PCAP→89W  power=94.7W
[PID] perf=52.226Hz  target=52.470Hz  err=+0.243Hz  corr=-8.85W  u_ff=102.1W  PCAP→95W  power=89.0W
[PID] perf=53.142Hz  target=52.470Hz  err=-0.672Hz  corr=-13.48W  u_ff=102.1W  PCAP→89W  power=94.8W
[PID] perf=52.271Hz  target=52.470Hz  err=+0.199Hz  corr=-9.46W  u_ff=102.1W  PCAP→95W  power=88.7W
[PID] perf=52.978Hz  target=52.470Hz  err=-0.509Hz  corr=-13.03W  u_ff=102.1W  PCAP→89W  power=94.4W
[PID] perf=52.533Hz  target=52.470Hz  err=-0.063Hz  corr=-11.12W  u_ff=102.1W  PCAP→89W  power=87.5W
[PID] perf=52.639Hz  target=52.470Hz  err=-0.170Hz  corr=-11.74W  u_ff=102.1W  PCAP→89W  power=89.3W
[PID] perf=52.506Hz  target=52.470Hz  err=-0.037Hz  corr=-11.19W  u_ff=102.1W  PCAP→89W  power=88.8W
[PID] perf=52.482Hz  target=52.470Hz  err=-0.012Hz  corr=-11.09W  u_ff=102.1W  PCAP→89W  power=88.4W
[PID] perf=52.379Hz  target=52.470Hz  err=+0.091Hz  corr=-10.56W  u_ff=102.1W  PCAP→89W  power=88.8W
[PID] perf=52.299Hz  target=52.470Hz  err=+0.170Hz  corr=-10.05W  u_ff=102.1W  PCAP→95W  power=89.3W
[PID] perf=52.992Hz  target=52.470Hz  err=-0.522Hz  corr=-13.57W  u_ff=102.1W  PCAP→89W  power=94.4W
[PID] perf=52.320Hz  target=52.470Hz  err=+0.149Hz  corr=-10.48W  u_ff=102.1W  PCAP→89W  power=88.7W
[PID] perf=52.295Hz  target=52.470Hz  err=+0.175Hz  corr=-10.21W  u_ff=102.1W  PCAP→89W  power=89.2W
[PID] perf=52.339Hz  target=52.470Hz  err=+0.131Hz  corr=-10.29W  u_ff=102.1W  PCAP→89W  power=88.6W
[PID] perf=52.306Hz  target=52.470Hz  err=+0.164Hz  corr=-10.00W  u_ff=102.1W  PCAP→95W  power=89.2W
[PID] perf=53.029Hz  target=52.470Hz  err=-0.559Hz  corr=-13.68W  u_ff=102.1W  PCAP→89W  power=95.2W
[PID] perf=52.344Hz  target=52.470Hz  err=+0.125Hz  corr=-10.55W  u_ff=102.1W  PCAP→89W  power=88.9W
[PID] perf=52.301Hz  target=52.470Hz  err=+0.168Hz  corr=-10.21W  u_ff=102.1W  PCAP→89W  power=89.0W
[PID] perf=52.318Hz  target=52.470Hz  err=+0.152Hz  corr=-10.15W  u_ff=102.1W  PCAP→89W  power=88.3W
[PID] perf=52.356Hz  target=52.470Hz  err=+0.113Hz  corr=-10.22W  u_ff=102.1W  PCAP→89W  power=89.3W
[PID] perf=52.393Hz  target=52.470Hz  err=+0.076Hz  corr=-10.32W  u_ff=102.1W  PCAP→89W  power=88.9W
[PID] perf=52.393Hz  target=52.470Hz  err=+0.077Hz  corr=-10.25W  u_ff=102.1W  PCAP→89W  power=89.5W
[PID] perf=52.389Hz  target=52.470Hz  err=+0.080Hz  corr=-10.16W  u_ff=102.1W  PCAP→89W  power=89.1W
[PID] perf=52.342Hz  target=52.470Hz  err=+0.128Hz  corr=-9.84W  u_ff=102.1W  PCAP→95W  power=88.4W
[PID] perf=53.376Hz  target=52.470Hz  err=-0.907Hz  corr=-15.20W  u_ff=102.1W  PCAP→89W  power=94.6W
[PID] perf=52.372Hz  target=52.470Hz  err=+0.098Hz  corr=-10.68W  u_ff=102.1W  PCAP→89W  power=89.0W
[PID] perf=52.398Hz  target=52.470Hz  err=+0.072Hz  corr=-10.74W  u_ff=102.1W  PCAP→89W  power=87.9W
[PID] perf=52.432Hz  target=52.470Hz  err=+0.037Hz  corr=-10.85W  u_ff=102.1W  PCAP→89W  power=88.9W
[PID] perf=52.430Hz  target=52.470Hz  err=+0.040Hz  corr=-10.81W  u_ff=102.1W  PCAP→89W  power=88.5W
[PID] perf=52.519Hz  target=52.470Hz  err=-0.049Hz  corr=-11.25W  u_ff=102.1W  PCAP→89W  power=89.2W
[PID] perf=52.268Hz  target=52.470Hz  err=+0.201Hz  corr=-9.96W  u_ff=102.1W  PCAP→95W  power=88.4W
[PID] perf=53.270Hz  target=52.470Hz  err=-0.801Hz  corr=-15.09W  u_ff=102.1W  PCAP→89W  power=95.0W
[PID] perf=52.537Hz  target=52.470Hz  err=-0.068Hz  corr=-11.92W  u_ff=102.1W  PCAP→89W  power=88.8W
[PID] perf=52.715Hz  target=52.470Hz  err=-0.245Hz  corr=-12.92W  u_ff=102.1W  PCAP→89W  power=89.3W
[PID] perf=52.763Hz  target=52.470Hz  err=-0.293Hz  corr=-13.39W  u_ff=102.1W  PCAP→89W  power=88.4W
[PID] perf=52.356Hz  target=52.470Hz  err=+0.113Hz  corr=-11.49W  u_ff=102.1W  PCAP→89W  power=89.1W
[PID] perf=52.499Hz  target=52.470Hz  err=-0.029Hz  corr=-12.15W  u_ff=102.1W  PCAP→89W  power=87.5W
[PID] perf=52.254Hz  target=52.470Hz  err=+0.216Hz  corr=-10.88W  u_ff=102.1W  PCAP→89W  power=89.7W
[PID] perf=52.420Hz  target=52.470Hz  err=+0.049Hz  corr=-11.57W  u_ff=102.1W  PCAP→89W  power=88.4W
[PID] perf=52.491Hz  target=52.470Hz  err=-0.022Hz  corr=-11.90W  u_ff=102.1W  PCAP→89W  power=88.0W
[PID] perf=52.415Hz  target=52.470Hz  err=+0.054Hz  corr=-11.52W  u_ff=102.1W  PCAP→89W  power=89.0W
[PID] perf=52.416Hz  target=52.470Hz  err=+0.053Hz  corr=-11.47W  u_ff=102.1W  PCAP→89W  power=88.3W
[PID] perf=52.488Hz  target=52.470Hz  err=-0.018Hz  corr=-11.81W  u_ff=102.1W  PCAP→89W  power=88.5W
[PID] perf=52.428Hz  target=52.470Hz  err=+0.042Hz  corr=-11.50W  u_ff=102.1W  PCAP→89W  power=89.0W
[PID] perf=52.464Hz  target=52.470Hz  err=+0.006Hz  corr=-11.66W  u_ff=102.1W  PCAP→89W  power=89.1W
[PID] perf=52.647Hz  target=52.470Hz  err=-0.177Hz  corr=-12.62W  u_ff=102.1W  PCAP→89W  power=88.2W
[PID] perf=52.653Hz  target=52.470Hz  err=-0.183Hz  corr=-12.81W  u_ff=102.1W  PCAP→89W  power=89.6W
[PID] perf=52.662Hz  target=52.470Hz  err=-0.193Hz  corr=-13.02W  u_ff=102.1W  PCAP→89W  power=88.2W
[PID] perf=52.685Hz  target=52.470Hz  err=-0.215Hz  corr=-13.31W  u_ff=102.1W  PCAP→89W  power=89.0W
[PID] perf=52.445Hz  target=52.470Hz  err=+0.024Hz  corr=-12.23W  u_ff=102.1W  PCAP→89W  power=89.8W
[PID] perf=52.382Hz  target=52.470Hz  err=+0.088Hz  corr=-11.88W  u_ff=102.1W  PCAP→89W  power=88.3W
[PID] perf=52.381Hz  target=52.470Hz  err=+0.089Hz  corr=-11.79W  u_ff=102.1W  PCAP→89W  power=88.2W
[PID] perf=52.467Hz  target=52.470Hz  err=+0.002Hz  corr=-12.17W  u_ff=102.1W  PCAP→89W  power=88.3W
[PID] perf=52.427Hz  target=52.470Hz  err=+0.042Hz  corr=-11.96W  u_ff=102.1W  PCAP→89W  power=89.1W
[PID] perf=52.170Hz  target=52.470Hz  err=+0.300Hz  corr=-10.56W  u_ff=102.1W  PCAP→89W  power=89.7W
[PID] perf=52.813Hz  target=52.470Hz  err=-0.343Hz  corr=-13.70W  u_ff=102.1W  PCAP→89W  power=88.8W
[PID] perf=52.523Hz  target=52.470Hz  err=-0.053Hz  corr=-12.47W  u_ff=102.1W  PCAP→89W  power=89.2W
[PID] perf=52.241Hz  target=52.470Hz  err=+0.228Hz  corr=-11.02W  u_ff=102.1W  PCAP→89W  power=89.3W
[PID] perf=52.153Hz  target=52.470Hz  err=+0.317Hz  corr=-10.35W  u_ff=102.1W  PCAP→89W  power=90.2W
[PID] perf=52.381Hz  target=52.470Hz  err=+0.089Hz  corr=-11.28W  u_ff=102.1W  PCAP→89W  power=88.4W
[PID] perf=52.521Hz  target=52.470Hz  err=-0.052Hz  corr=-11.95W  u_ff=102.1W  PCAP→89W  power=89.2W
[PID] perf=52.583Hz  target=52.470Hz  err=-0.113Hz  corr=-12.32W  u_ff=102.1W  PCAP→89W  power=88.3W
[PID] perf=52.751Hz  target=52.470Hz  err=-0.281Hz  corr=-13.31W  u_ff=102.1W  PCAP→89W  power=88.5W
[PID] perf=52.359Hz  target=52.470Hz  err=+0.110Hz  corr=-11.48W  u_ff=102.1W  PCAP→89W  power=89.1W
[PID] perf=52.179Hz  target=52.470Hz  err=+0.291Hz  corr=-10.43W  u_ff=102.1W  PCAP→89W  power=88.4W
[PID] perf=52.285Hz  target=52.470Hz  err=+0.185Hz  corr=-10.73W  u_ff=102.1W  PCAP→89W  power=88.7W
[PID] perf=52.173Hz  target=52.470Hz  err=+0.296Hz  corr=-9.98W  u_ff=102.1W  PCAP→95W  power=89.5W
[PID] perf=53.032Hz  target=52.470Hz  err=-0.562Hz  corr=-14.26W  u_ff=102.1W  PCAP→89W  power=95.1W
[PID] perf=52.226Hz  target=52.470Hz  err=+0.243Hz  corr=-10.49W  u_ff=102.1W  PCAP→89W  power=88.7W
[PID] perf=52.213Hz  target=52.470Hz  err=+0.256Hz  corr=-10.21W  u_ff=102.1W  PCAP→89W  power=89.1W
[PID] perf=52.173Hz  target=52.470Hz  err=+0.296Hz  corr=-9.77W  u_ff=102.1W  PCAP→95W  power=87.8W
[PID] perf=52.931Hz  target=52.470Hz  err=-0.461Hz  corr=-13.52W  u_ff=102.1W  PCAP→89W  power=95.2W
[PID] perf=52.261Hz  target=52.470Hz  err=+0.209Hz  corr=-10.38W  u_ff=102.1W  PCAP→89W  power=89.3W
Process completed.
Compressed into /home/cc/summer2024/main_codes/pid_controller/../experiment_data/PID_Control_sweep/ones-stream-full/compressed_iteration_20260512_211011.tar
----------------------------------

>>> Step 2/3

[ones-stream-full]
  target perf      : 52.4696 Hz
  coefficients_perf: [-0.001454368618345514, 0.4666906429990306, 19.97332976225342]
  feedforward PCAP : 102.15 W  →  101 W (snapped)
  Perf(u_ff) check : 52.4696 Hz  (should ≈ target)
  PID gains        : Kp=4.4139 W/Hz  Ki=0.44139 W/(Hz·s)  Kd=0.0000
[PID] perf=52.846Hz  target=52.470Hz  err=-0.376Hz  corr=-1.99W  u_ff=102.1W  PCAP→101W  power=nanW
[PID] perf=54.016Hz  target=52.470Hz  err=-1.547Hz  corr=-8.52W  u_ff=102.1W  PCAP→95W  power=101.0W
[PID] perf=53.268Hz  target=52.470Hz  err=-0.799Hz  corr=-5.93W  u_ff=102.1W  PCAP→95W  power=95.4W
[PID] perf=53.127Hz  target=52.470Hz  err=-0.657Hz  corr=-5.88W  u_ff=102.1W  PCAP→95W  power=95.0W
[PID] perf=53.084Hz  target=52.470Hz  err=-0.614Hz  corr=-6.24W  u_ff=102.1W  PCAP→95W  power=97.9W
[PID] perf=53.180Hz  target=52.470Hz  err=-0.710Hz  corr=-7.29W  u_ff=102.1W  PCAP→95W  power=91.7W
[PID] perf=53.285Hz  target=52.470Hz  err=-0.815Hz  corr=-8.47W  u_ff=102.1W  PCAP→95W  power=95.0W
[PID] perf=53.134Hz  target=52.470Hz  err=-0.665Hz  corr=-8.39W  u_ff=102.1W  PCAP→95W  power=94.6W
[PID] perf=53.084Hz  target=52.470Hz  err=-0.615Hz  corr=-8.71W  u_ff=102.1W  PCAP→95W  power=95.0W
[PID] perf=52.906Hz  target=52.470Hz  err=-0.436Hz  corr=-8.31W  u_ff=102.1W  PCAP→95W  power=95.9W
[PID] perf=53.303Hz  target=52.470Hz  err=-0.833Hz  corr=-10.80W  u_ff=102.1W  PCAP→89W  power=95.3W
[PID] perf=52.404Hz  target=52.470Hz  err=+0.065Hz  corr=-6.78W  u_ff=102.1W  PCAP→95W  power=89.1W
[PID] perf=53.154Hz  target=52.470Hz  err=-0.684Hz  corr=-10.69W  u_ff=102.1W  PCAP→89W  power=95.3W
[PID] perf=52.508Hz  target=52.470Hz  err=-0.038Hz  corr=-7.87W  u_ff=102.1W  PCAP→95W  power=89.6W
[PID] perf=53.243Hz  target=52.470Hz  err=-0.774Hz  corr=-11.80W  u_ff=102.1W  PCAP→89W  power=94.2W
[PID] perf=52.444Hz  target=52.470Hz  err=+0.026Hz  corr=-8.25W  u_ff=102.1W  PCAP→95W  power=88.5W
[PID] perf=53.050Hz  target=52.470Hz  err=-0.581Hz  corr=-11.44W  u_ff=102.1W  PCAP→89W  power=95.3W
[PID] perf=52.485Hz  target=52.470Hz  err=-0.016Hz  corr=-8.96W  u_ff=102.1W  PCAP→95W  power=88.8W
[PID] perf=53.133Hz  target=52.470Hz  err=-0.664Hz  corr=-12.41W  u_ff=102.1W  PCAP→89W  power=95.9W
[PID] perf=52.434Hz  target=52.470Hz  err=+0.036Hz  corr=-9.28W  u_ff=102.1W  PCAP→95W  power=89.1W
[PID] perf=53.129Hz  target=52.470Hz  err=-0.660Hz  corr=-12.94W  u_ff=102.1W  PCAP→89W  power=95.8W
[PID] perf=52.386Hz  target=52.470Hz  err=+0.084Hz  corr=-9.58W  u_ff=102.1W  PCAP→95W  power=89.2W
[PID] perf=53.115Hz  target=52.470Hz  err=-0.645Hz  corr=-13.37W  u_ff=102.1W  PCAP→89W  power=95.3W
[PID] perf=52.211Hz  target=52.470Hz  err=+0.259Hz  corr=-9.15W  u_ff=102.1W  PCAP→95W  power=88.9W
[PID] perf=52.825Hz  target=52.470Hz  err=-0.355Hz  corr=-12.17W  u_ff=102.1W  PCAP→89W  power=94.3W
[PID] perf=52.169Hz  target=52.470Hz  err=+0.301Hz  corr=-9.01W  u_ff=102.1W  PCAP→95W  power=89.2W
[PID] perf=53.255Hz  target=52.470Hz  err=-0.785Hz  corr=-14.50W  u_ff=102.1W  PCAP→89W  power=94.7W
[PID] perf=52.300Hz  target=52.470Hz  err=+0.169Hz  corr=-10.14W  u_ff=102.1W  PCAP→95W  power=88.3W
[PID] perf=53.508Hz  target=52.470Hz  err=-1.039Hz  corr=-16.39W  u_ff=102.1W  PCAP→83W  power=95.0W
[PID] perf=50.977Hz  target=52.470Hz  err=+1.492Hz  corr=-3.90W  u_ff=102.1W  PCAP→101W  power=82.8W
[PID] perf=54.498Hz  target=52.470Hz  err=-2.028Hz  corr=-21.23W  u_ff=102.1W  PCAP→83W  power=100.5W
[PID] perf=51.085Hz  target=52.470Hz  err=+1.385Hz  corr=-4.94W  u_ff=102.1W  PCAP→95W  power=82.8W
[PID] perf=53.391Hz  target=52.470Hz  err=-0.922Hz  corr=-15.93W  u_ff=102.1W  PCAP→89W  power=94.6W
[PID] perf=52.655Hz  target=52.470Hz  err=-0.185Hz  corr=-12.85W  u_ff=102.1W  PCAP→89W  power=89.1W
[PID] perf=52.651Hz  target=52.470Hz  err=-0.182Hz  corr=-12.99W  u_ff=102.1W  PCAP→89W  power=88.6W
[PID] perf=52.657Hz  target=52.470Hz  err=-0.188Hz  corr=-13.18W  u_ff=102.1W  PCAP→89W  power=88.6W
[PID] perf=52.481Hz  target=52.470Hz  err=-0.012Hz  corr=-12.42W  u_ff=102.1W  PCAP→89W  power=89.7W
[PID] perf=52.430Hz  target=52.470Hz  err=+0.039Hz  corr=-12.16W  u_ff=102.1W  PCAP→89W  power=89.1W
[PID] perf=52.346Hz  target=52.470Hz  err=+0.123Hz  corr=-11.68W  u_ff=102.1W  PCAP→89W  power=88.6W
[PID] perf=52.266Hz  target=52.470Hz  err=+0.203Hz  corr=-11.14W  u_ff=102.1W  PCAP→89W  power=88.7W
[PID] perf=52.289Hz  target=52.470Hz  err=+0.181Hz  corr=-11.08W  u_ff=102.1W  PCAP→89W  power=88.6W
[PID] perf=52.591Hz  target=52.470Hz  err=-0.121Hz  corr=-12.52W  u_ff=102.1W  PCAP→89W  power=89.1W
[PID] perf=52.431Hz  target=52.470Hz  err=+0.038Hz  corr=-11.79W  u_ff=102.1W  PCAP→89W  power=88.9W
[PID] perf=52.307Hz  target=52.470Hz  err=+0.163Hz  corr=-11.09W  u_ff=102.1W  PCAP→89W  power=89.0W
[PID] perf=52.251Hz  target=52.470Hz  err=+0.219Hz  corr=-10.65W  u_ff=102.1W  PCAP→89W  power=88.6W
[PID] perf=52.270Hz  target=52.470Hz  err=+0.200Hz  corr=-10.56W  u_ff=102.1W  PCAP→89W  power=88.3W
[PID] perf=52.284Hz  target=52.470Hz  err=+0.185Hz  corr=-10.46W  u_ff=102.1W  PCAP→89W  power=89.1W
[PID] perf=52.313Hz  target=52.470Hz  err=+0.156Hz  corr=-10.45W  u_ff=102.1W  PCAP→89W  power=89.2W
[PID] perf=52.527Hz  target=52.470Hz  err=-0.058Hz  corr=-11.45W  u_ff=102.1W  PCAP→89W  power=89.8W
[PID] perf=52.485Hz  target=52.470Hz  err=-0.015Hz  corr=-11.27W  u_ff=102.1W  PCAP→89W  power=87.8W
[PID] perf=52.490Hz  target=52.470Hz  err=-0.021Hz  corr=-11.32W  u_ff=102.1W  PCAP→89W  power=88.8W
[PID] perf=52.473Hz  target=52.470Hz  err=-0.004Hz  corr=-11.24W  u_ff=102.1W  PCAP→89W  power=88.8W
[PID] perf=52.450Hz  target=52.470Hz  err=+0.019Hz  corr=-11.13W  u_ff=102.1W  PCAP→89W  power=88.9W
[PID] perf=52.275Hz  target=52.470Hz  err=+0.195Hz  corr=-10.18W  u_ff=102.1W  PCAP→89W  power=88.9W
[PID] perf=52.333Hz  target=52.470Hz  err=+0.137Hz  corr=-10.32W  u_ff=102.1W  PCAP→89W  power=89.5W
[PID] perf=52.260Hz  target=52.470Hz  err=+0.209Hz  corr=-9.81W  u_ff=102.1W  PCAP→95W  power=88.5W
[PID] perf=52.938Hz  target=52.470Hz  err=-0.468Hz  corr=-13.21W  u_ff=102.1W  PCAP→89W  power=95.1W
[PID] perf=52.431Hz  target=52.470Hz  err=+0.039Hz  corr=-10.94W  u_ff=102.1W  PCAP→89W  power=89.5W
[PID] perf=52.307Hz  target=52.470Hz  err=+0.163Hz  corr=-10.25W  u_ff=102.1W  PCAP→89W  power=89.0W
[PID] perf=52.275Hz  target=52.470Hz  err=+0.195Hz  corr=-9.94W  u_ff=102.1W  PCAP→95W  power=88.9W
[PID] perf=53.018Hz  target=52.470Hz  err=-0.548Hz  corr=-13.70W  u_ff=102.1W  PCAP→89W  power=93.6W
[PID] perf=52.264Hz  target=52.470Hz  err=+0.206Hz  corr=-10.19W  u_ff=102.1W  PCAP→89W  power=89.2W
[PID] perf=52.276Hz  target=52.470Hz  err=+0.193Hz  corr=-10.07W  u_ff=102.1W  PCAP→95W  power=88.4W
[PID] perf=52.981Hz  target=52.470Hz  err=-0.511Hz  corr=-13.64W  u_ff=102.1W  PCAP→89W  power=95.2W
[PID] perf=52.307Hz  target=52.470Hz  err=+0.163Hz  corr=-10.52W  u_ff=102.1W  PCAP→89W  power=89.1W
[PID] perf=52.731Hz  target=52.470Hz  err=-0.262Hz  corr=-12.62W  u_ff=102.1W  PCAP→89W  power=89.3W
[PID] perf=52.773Hz  target=52.470Hz  err=-0.304Hz  corr=-13.07W  u_ff=102.1W  PCAP→89W  power=88.4W
[PID] perf=52.668Hz  target=52.470Hz  err=-0.198Hz  corr=-12.78W  u_ff=102.1W  PCAP→89W  power=89.4W
[PID] perf=52.432Hz  target=52.470Hz  err=+0.037Hz  corr=-11.71W  u_ff=102.1W  PCAP→89W  power=89.1W
[PID] perf=52.334Hz  target=52.470Hz  err=+0.136Hz  corr=-11.16W  u_ff=102.1W  PCAP→89W  power=88.9W
[PID] perf=52.517Hz  target=52.470Hz  err=-0.048Hz  corr=-12.01W  u_ff=102.1W  PCAP→89W  power=89.8W
[PID] perf=52.688Hz  target=52.470Hz  err=-0.218Hz  corr=-12.95W  u_ff=102.1W  PCAP→89W  power=89.5W
[PID] perf=52.374Hz  target=52.470Hz  err=+0.095Hz  corr=-11.49W  u_ff=102.1W  PCAP→89W  power=88.4W
[PID] perf=52.435Hz  target=52.470Hz  err=+0.035Hz  corr=-11.73W  u_ff=102.1W  PCAP→89W  power=89.4W
[PID] perf=52.519Hz  target=52.470Hz  err=-0.050Hz  corr=-12.14W  u_ff=102.1W  PCAP→89W  power=89.0W
[PID] perf=52.579Hz  target=52.470Hz  err=-0.110Hz  corr=-12.50W  u_ff=102.1W  PCAP→89W  power=88.6W
[PID] perf=52.554Hz  target=52.470Hz  err=-0.085Hz  corr=-12.47W  u_ff=102.1W  PCAP→89W  power=88.4W
[PID] perf=52.600Hz  target=52.470Hz  err=-0.130Hz  corr=-12.78W  u_ff=102.1W  PCAP→89W  power=89.3W
[PID] perf=52.611Hz  target=52.470Hz  err=-0.141Hz  corr=-12.96W  u_ff=102.1W  PCAP→89W  power=88.3W
[PID] perf=52.608Hz  target=52.470Hz  err=-0.139Hz  corr=-13.07W  u_ff=102.1W  PCAP→89W  power=88.0W
[PID] perf=52.692Hz  target=52.470Hz  err=-0.222Hz  corr=-13.63W  u_ff=102.1W  PCAP→89W  power=89.2W
[PID] perf=52.739Hz  target=52.470Hz  err=-0.269Hz  corr=-14.08W  u_ff=102.1W  PCAP→89W  power=89.4W
[PID] perf=52.542Hz  target=52.470Hz  err=-0.073Hz  corr=-13.27W  u_ff=102.1W  PCAP→89W  power=89.2W
[PID] perf=52.406Hz  target=52.470Hz  err=+0.064Hz  corr=-12.62W  u_ff=102.1W  PCAP→89W  power=89.1W
[PID] perf=52.409Hz  target=52.470Hz  err=+0.060Hz  corr=-12.58W  u_ff=102.1W  PCAP→89W  power=88.6W
[PID] perf=52.225Hz  target=52.470Hz  err=+0.244Hz  corr=-11.55W  u_ff=102.1W  PCAP→89W  power=88.6W
[PID] perf=51.962Hz  target=52.470Hz  err=+0.507Hz  corr=-9.94W  u_ff=102.1W  PCAP→95W  power=88.1W
[PID] perf=52.968Hz  target=52.470Hz  err=-0.498Hz  corr=-14.82W  u_ff=102.1W  PCAP→89W  power=94.4W
[PID] perf=52.250Hz  target=52.470Hz  err=+0.220Hz  corr=-11.46W  u_ff=102.1W  PCAP→89W  power=89.3W
[PID] perf=52.337Hz  target=52.470Hz  err=+0.133Hz  corr=-11.72W  u_ff=102.1W  PCAP→89W  power=88.4W
[PID] perf=52.420Hz  target=52.470Hz  err=+0.050Hz  corr=-12.05W  u_ff=102.1W  PCAP→89W  power=89.4W
[PID] perf=52.594Hz  target=52.470Hz  err=-0.124Hz  corr=-12.92W  u_ff=102.1W  PCAP→89W  power=89.4W
[PID] perf=52.610Hz  target=52.470Hz  err=-0.141Hz  corr=-13.12W  u_ff=102.1W  PCAP→89W  power=88.8W
[PID] perf=52.545Hz  target=52.470Hz  err=-0.075Hz  corr=-12.90W  u_ff=102.1W  PCAP→89W  power=89.0W
[PID] perf=52.341Hz  target=52.470Hz  err=+0.129Hz  corr=-11.88W  u_ff=102.1W  PCAP→89W  power=88.8W
[PID] perf=52.292Hz  target=52.470Hz  err=+0.178Hz  corr=-11.51W  u_ff=102.1W  PCAP→89W  power=88.5W
Process completed.
Compressed into /home/cc/summer2024/main_codes/pid_controller/../experiment_data/PID_Control_sweep/ones-stream-full/compressed_iteration_20260512_211322.tar
----------------------------------

>>> Step 3/3

[ones-stream-full]
  target perf      : 52.4696 Hz
  coefficients_perf: [-0.001454368618345514, 0.4666906429990306, 19.97332976225342]
  feedforward PCAP : 102.15 W  →  101 W (snapped)
  Perf(u_ff) check : 52.4696 Hz  (should ≈ target)
  PID gains        : Kp=4.4139 W/Hz  Ki=0.44139 W/(Hz·s)  Kd=0.0000
[PID] perf=52.207Hz  target=52.470Hz  err=+0.263Hz  corr=+1.39W  u_ff=102.1W  PCAP→101W  power=nanW
[PID] perf=54.004Hz  target=52.470Hz  err=-1.534Hz  corr=-7.89W  u_ff=102.1W  PCAP→95W  power=101.6W
[PID] perf=53.181Hz  target=52.470Hz  err=-0.712Hz  corr=-4.89W  u_ff=102.1W  PCAP→95W  power=95.2W
[PID] perf=52.625Hz  target=52.470Hz  err=-0.156Hz  corr=-2.58W  u_ff=102.1W  PCAP→101W  power=96.0W
[PID] perf=53.698Hz  target=52.470Hz  err=-1.228Hz  corr=-8.39W  u_ff=102.1W  PCAP→95W  power=100.4W
[PID] perf=52.767Hz  target=52.470Hz  err=-0.298Hz  corr=-4.55W  u_ff=102.1W  PCAP→95W  power=95.6W
[PID] perf=53.304Hz  target=52.470Hz  err=-0.835Hz  corr=-7.66W  u_ff=102.1W  PCAP→95W  power=94.9W
[PID] perf=53.415Hz  target=52.470Hz  err=-0.945Hz  corr=-8.98W  u_ff=102.1W  PCAP→95W  power=98.6W
[PID] perf=53.155Hz  target=52.470Hz  err=-0.686Hz  corr=-8.44W  u_ff=102.1W  PCAP→95W  power=94.8W
[PID] perf=53.025Hz  target=52.470Hz  err=-0.556Hz  corr=-8.36W  u_ff=102.1W  PCAP→95W  power=94.7W
[PID] perf=53.041Hz  target=52.470Hz  err=-0.571Hz  corr=-8.93W  u_ff=102.1W  PCAP→95W  power=95.1W
[PID] perf=52.998Hz  target=52.470Hz  err=-0.528Hz  corr=-9.21W  u_ff=102.1W  PCAP→95W  power=94.2W
[PID] perf=53.049Hz  target=52.470Hz  err=-0.580Hz  corr=-9.95W  u_ff=102.1W  PCAP→95W  power=95.0W
[PID] perf=53.062Hz  target=52.470Hz  err=-0.592Hz  corr=-10.52W  u_ff=102.1W  PCAP→89W  power=93.6W
[PID] perf=52.348Hz  target=52.470Hz  err=+0.121Hz  corr=-7.27W  u_ff=102.1W  PCAP→95W  power=88.5W
[PID] perf=53.072Hz  target=52.470Hz  err=-0.602Hz  corr=-10.99W  u_ff=102.1W  PCAP→89W  power=94.1W
[PID] perf=52.283Hz  target=52.470Hz  err=+0.186Hz  corr=-7.35W  u_ff=102.1W  PCAP→95W  power=89.2W
[PID] perf=53.085Hz  target=52.470Hz  err=-0.616Hz  corr=-11.43W  u_ff=102.1W  PCAP→89W  power=95.2W
[PID] perf=52.278Hz  target=52.470Hz  err=+0.192Hz  corr=-7.70W  u_ff=102.1W  PCAP→95W  power=89.3W
[PID] perf=53.041Hz  target=52.470Hz  err=-0.572Hz  corr=-11.57W  u_ff=102.1W  PCAP→89W  power=94.8W
[PID] perf=52.296Hz  target=52.470Hz  err=+0.173Hz  corr=-8.13W  u_ff=102.1W  PCAP→95W  power=89.2W
[PID] perf=53.190Hz  target=52.470Hz  err=-0.721Hz  corr=-12.71W  u_ff=102.1W  PCAP→89W  power=95.2W
[PID] perf=52.420Hz  target=52.470Hz  err=+0.049Hz  corr=-9.27W  u_ff=102.1W  PCAP→95W  power=89.4W
[PID] perf=53.124Hz  target=52.470Hz  err=-0.655Hz  corr=-12.95W  u_ff=102.1W  PCAP→89W  power=94.8W
[PID] perf=52.196Hz  target=52.470Hz  err=+0.274Hz  corr=-8.62W  u_ff=102.1W  PCAP→95W  power=88.5W
[PID] perf=53.000Hz  target=52.470Hz  err=-0.531Hz  corr=-12.63W  u_ff=102.1W  PCAP→89W  power=94.9W
[PID] perf=52.218Hz  target=52.470Hz  err=+0.251Hz  corr=-8.96W  u_ff=102.1W  PCAP→95W  power=88.7W
[PID] perf=52.999Hz  target=52.470Hz  err=-0.529Hz  corr=-12.87W  u_ff=102.1W  PCAP→89W  power=94.6W
[PID] perf=52.268Hz  target=52.470Hz  err=+0.201Hz  corr=-9.47W  u_ff=102.1W  PCAP→95W  power=87.7W
[PID] perf=53.019Hz  target=52.470Hz  err=-0.549Hz  corr=-13.27W  u_ff=102.1W  PCAP→89W  power=94.9W
[PID] perf=52.264Hz  target=52.470Hz  err=+0.206Hz  corr=-9.75W  u_ff=102.1W  PCAP→95W  power=88.6W
[PID] perf=53.039Hz  target=52.470Hz  err=-0.570Hz  corr=-13.68W  u_ff=102.1W  PCAP→89W  power=95.5W
[PID] perf=52.282Hz  target=52.470Hz  err=+0.187Hz  corr=-10.17W  u_ff=102.1W  PCAP→89W  power=89.1W
[PID] perf=52.304Hz  target=52.470Hz  err=+0.166Hz  corr=-10.12W  u_ff=102.1W  PCAP→95W  power=89.1W
[PID] perf=53.147Hz  target=52.470Hz  err=-0.678Hz  corr=-14.44W  u_ff=102.1W  PCAP→89W  power=94.8W
[PID] perf=52.723Hz  target=52.470Hz  err=-0.254Hz  corr=-12.80W  u_ff=102.1W  PCAP→89W  power=89.0W
[PID] perf=52.468Hz  target=52.470Hz  err=+0.001Hz  corr=-11.67W  u_ff=102.1W  PCAP→89W  power=88.9W
[PID] perf=52.385Hz  target=52.470Hz  err=+0.085Hz  corr=-11.23W  u_ff=102.1W  PCAP→89W  power=88.7W
[PID] perf=52.391Hz  target=52.470Hz  err=+0.078Hz  corr=-11.19W  u_ff=102.1W  PCAP→89W  power=89.5W
[PID] perf=52.386Hz  target=52.470Hz  err=+0.083Hz  corr=-11.09W  u_ff=102.1W  PCAP→89W  power=87.6W
[PID] perf=52.427Hz  target=52.470Hz  err=+0.042Hz  corr=-11.24W  u_ff=102.1W  PCAP→89W  power=88.7W
[PID] perf=52.350Hz  target=52.470Hz  err=+0.119Hz  corr=-10.79W  u_ff=102.1W  PCAP→89W  power=89.8W
[PID] perf=52.340Hz  target=52.470Hz  err=+0.130Hz  corr=-10.63W  u_ff=102.1W  PCAP→89W  power=87.8W
[PID] perf=52.393Hz  target=52.470Hz  err=+0.076Hz  corr=-10.80W  u_ff=102.1W  PCAP→89W  power=89.6W
[PID] perf=52.517Hz  target=52.470Hz  err=-0.047Hz  corr=-11.38W  u_ff=102.1W  PCAP→89W  power=88.4W
[PID] perf=52.591Hz  target=52.470Hz  err=-0.121Hz  corr=-11.82W  u_ff=102.1W  PCAP→89W  power=87.9W
[PID] perf=52.539Hz  target=52.470Hz  err=-0.070Hz  corr=-11.65W  u_ff=102.1W  PCAP→89W  power=88.4W
[PID] perf=52.575Hz  target=52.470Hz  err=-0.105Hz  corr=-11.90W  u_ff=102.1W  PCAP→89W  power=88.7W
[PID] perf=52.562Hz  target=52.470Hz  err=-0.092Hz  corr=-11.92W  u_ff=102.1W  PCAP→89W  power=88.1W
[PID] perf=52.580Hz  target=52.470Hz  err=-0.110Hz  corr=-12.10W  u_ff=102.1W  PCAP→89W  power=88.4W
[PID] perf=52.439Hz  target=52.470Hz  err=+0.031Hz  corr=-11.45W  u_ff=102.1W  PCAP→89W  power=88.2W
[PID] perf=52.448Hz  target=52.470Hz  err=+0.021Hz  corr=-11.47W  u_ff=102.1W  PCAP→89W  power=90.2W
[PID] perf=52.452Hz  target=52.470Hz  err=+0.018Hz  corr=-11.47W  u_ff=102.1W  PCAP→89W  power=89.2W
[PID] perf=52.433Hz  target=52.470Hz  err=+0.037Hz  corr=-11.36W  u_ff=102.1W  PCAP→89W  power=88.5W
[PID] perf=52.459Hz  target=52.470Hz  err=+0.011Hz  corr=-11.46W  u_ff=102.1W  PCAP→89W  power=88.5W
[PID] perf=52.428Hz  target=52.470Hz  err=+0.041Hz  corr=-11.29W  u_ff=102.1W  PCAP→89W  power=88.3W
[PID] perf=52.418Hz  target=52.470Hz  err=+0.052Hz  corr=-11.20W  u_ff=102.1W  PCAP→89W  power=89.3W
[PID] perf=52.434Hz  target=52.470Hz  err=+0.036Hz  corr=-11.24W  u_ff=102.1W  PCAP→89W  power=88.7W
[PID] perf=52.471Hz  target=52.470Hz  err=-0.002Hz  corr=-11.41W  u_ff=102.1W  PCAP→89W  power=89.9W
[PID] perf=52.429Hz  target=52.470Hz  err=+0.040Hz  corr=-11.19W  u_ff=102.1W  PCAP→89W  power=89.3W
[PID] perf=52.252Hz  target=52.470Hz  err=+0.217Hz  corr=-10.21W  u_ff=102.1W  PCAP→89W  power=89.6W
[PID] perf=52.249Hz  target=52.470Hz  err=+0.220Hz  corr=-10.01W  u_ff=102.1W  PCAP→95W  power=88.8W
[PID] perf=52.973Hz  target=52.470Hz  err=-0.504Hz  corr=-13.64W  u_ff=102.1W  PCAP→89W  power=94.3W
[PID] perf=52.274Hz  target=52.470Hz  err=+0.195Hz  corr=-10.39W  u_ff=102.1W  PCAP→89W  power=88.7W
[PID] perf=52.416Hz  target=52.470Hz  err=+0.053Hz  corr=-10.97W  u_ff=102.1W  PCAP→89W  power=88.2W
[PID] perf=52.298Hz  target=52.470Hz  err=+0.171Hz  corr=-10.30W  u_ff=102.1W  PCAP→89W  power=88.7W
[PID] perf=52.333Hz  target=52.470Hz  err=+0.137Hz  corr=-10.33W  u_ff=102.1W  PCAP→89W  power=88.5W
[PID] perf=52.403Hz  target=52.470Hz  err=+0.066Hz  corr=-10.58W  u_ff=102.1W  PCAP→89W  power=89.0W
[PID] perf=52.349Hz  target=52.470Hz  err=+0.120Hz  corr=-10.24W  u_ff=102.1W  PCAP→89W  power=89.5W
[PID] perf=52.323Hz  target=52.470Hz  err=+0.147Hz  corr=-9.99W  u_ff=102.1W  PCAP→95W  power=88.8W
[PID] perf=52.961Hz  target=52.470Hz  err=-0.492Hz  corr=-13.24W  u_ff=102.1W  PCAP→89W  power=94.3W
[PID] perf=52.206Hz  target=52.470Hz  err=+0.264Hz  corr=-9.67W  u_ff=102.1W  PCAP→95W  power=89.3W
[PID] perf=52.928Hz  target=52.470Hz  err=-0.458Hz  corr=-13.27W  u_ff=102.1W  PCAP→89W  power=95.2W
[PID] perf=52.195Hz  target=52.470Hz  err=+0.275Hz  corr=-9.79W  u_ff=102.1W  PCAP→95W  power=89.5W
[PID] perf=53.158Hz  target=52.470Hz  err=-0.688Hz  corr=-14.64W  u_ff=102.1W  PCAP→89W  power=95.2W
[PID] perf=52.335Hz  target=52.470Hz  err=+0.135Hz  corr=-10.89W  u_ff=102.1W  PCAP→89W  power=88.9W
[PID] perf=52.364Hz  target=52.470Hz  err=+0.106Hz  corr=-10.93W  u_ff=102.1W  PCAP→89W  power=89.8W
[PID] perf=52.142Hz  target=52.470Hz  err=+0.327Hz  corr=-9.66W  u_ff=102.1W  PCAP→95W  power=88.4W
[PID] perf=53.015Hz  target=52.470Hz  err=-0.545Hz  corr=-13.99W  u_ff=102.1W  PCAP→89W  power=95.4W
[PID] perf=52.256Hz  target=52.470Hz  err=+0.214Hz  corr=-10.46W  u_ff=102.1W  PCAP→89W  power=87.9W
[PID] perf=52.221Hz  target=52.470Hz  err=+0.248Hz  corr=-10.08W  u_ff=102.1W  PCAP→95W  power=89.7W
[PID] perf=53.020Hz  target=52.470Hz  err=-0.550Hz  corr=-14.10W  u_ff=102.1W  PCAP→89W  power=93.4W
[PID] perf=52.248Hz  target=52.470Hz  err=+0.222Hz  corr=-10.49W  u_ff=102.1W  PCAP→89W  power=89.7W
[PID] perf=52.250Hz  target=52.470Hz  err=+0.220Hz  corr=-10.30W  u_ff=102.1W  PCAP→89W  power=88.5W
[PID] perf=52.287Hz  target=52.470Hz  err=+0.182Hz  corr=-10.31W  u_ff=102.1W  PCAP→89W  power=88.8W
[PID] perf=52.382Hz  target=52.470Hz  err=+0.088Hz  corr=-10.65W  u_ff=102.1W  PCAP→89W  power=87.2W
[PID] perf=52.337Hz  target=52.470Hz  err=+0.132Hz  corr=-10.34W  u_ff=102.1W  PCAP→89W  power=88.9W
[PID] perf=52.329Hz  target=52.470Hz  err=+0.141Hz  corr=-10.17W  u_ff=102.1W  PCAP→89W  power=88.1W
[PID] perf=52.270Hz  target=52.470Hz  err=+0.200Hz  corr=-9.74W  u_ff=102.1W  PCAP→95W  power=89.4W
[PID] perf=53.020Hz  target=52.470Hz  err=-0.550Hz  corr=-13.53W  u_ff=102.1W  PCAP→89W  power=95.1W
[PID] perf=52.301Hz  target=52.470Hz  err=+0.169Hz  corr=-10.21W  u_ff=102.1W  PCAP→89W  power=88.1W
[PID] perf=52.269Hz  target=52.470Hz  err=+0.201Hz  corr=-9.89W  u_ff=102.1W  PCAP→95W  power=89.1W
[PID] perf=53.163Hz  target=52.470Hz  err=-0.694Hz  corr=-14.45W  u_ff=102.1W  PCAP→89W  power=94.4W
[PID] perf=52.423Hz  target=52.470Hz  err=+0.047Hz  corr=-11.14W  u_ff=102.1W  PCAP→89W  power=89.2W
[PID] perf=52.390Hz  target=52.470Hz  err=+0.079Hz  corr=-10.93W  u_ff=102.1W  PCAP→89W  power=89.2W
[PID] perf=52.563Hz  target=52.470Hz  err=-0.094Hz  corr=-11.78W  u_ff=102.1W  PCAP→89W  power=88.6W
Process completed.
Compressed into /home/cc/summer2024/main_codes/pid_controller/../experiment_data/PID_Control_sweep/ones-stream-full/compressed_iteration_20260512_211633.tar
----------------------------------
