
>>> Step 1/3

[ones-stream-triad]
  target perf      : 179.7651 Hz
  coefficients_perf: [-0.004198996979306703, 1.4113888522213032, 83.31648448855799]
  feedforward PCAP : 95.43 W  →  95 W (snapped)
  Perf(u_ff) check : 179.7651 Hz  (should ≈ target)
  PID gains        : Kp=1.2787 W/Hz  Ki=0.12787 W/(Hz·s)  Kd=0.0000
[PID] perf=178.341Hz  target=179.765Hz  err=+1.424Hz  corr=+2.19W  u_ff=95.4W  PCAP→95W  power=nanW
[PID] perf=183.249Hz  target=179.765Hz  err=-3.484Hz  corr=-4.98W  u_ff=95.4W  PCAP→89W  power=95.4W
[PID] perf=182.389Hz  target=179.765Hz  err=-2.624Hz  corr=-4.55W  u_ff=95.4W  PCAP→89W  power=88.9W
[PID] perf=182.557Hz  target=179.765Hz  err=-2.792Hz  corr=-5.48W  u_ff=95.4W  PCAP→89W  power=88.9W
[PID] perf=184.489Hz  target=179.765Hz  err=-4.724Hz  corr=-9.16W  u_ff=95.4W  PCAP→89W  power=89.5W
[PID] perf=181.491Hz  target=179.765Hz  err=-1.726Hz  corr=-5.77W  u_ff=95.4W  PCAP→89W  power=89.0W
[PID] perf=182.214Hz  target=179.765Hz  err=-2.449Hz  corr=-7.32W  u_ff=95.4W  PCAP→89W  power=88.7W
[PID] perf=182.922Hz  target=179.765Hz  err=-3.157Hz  corr=-9.03W  u_ff=95.4W  PCAP→89W  power=88.8W
[PID] perf=182.571Hz  target=179.765Hz  err=-2.806Hz  corr=-9.30W  u_ff=95.4W  PCAP→89W  power=89.0W
[PID] perf=182.711Hz  target=179.765Hz  err=-2.946Hz  corr=-10.23W  u_ff=95.4W  PCAP→83W  power=88.6W
[PID] perf=178.068Hz  target=179.765Hz  err=+1.697Hz  corr=-3.86W  u_ff=95.4W  PCAP→89W  power=83.6W
[PID] perf=183.458Hz  target=179.765Hz  err=-3.693Hz  corr=-11.70W  u_ff=95.4W  PCAP→83W  power=89.0W
[PID] perf=178.965Hz  target=179.765Hz  err=+0.800Hz  corr=-5.75W  u_ff=95.4W  PCAP→89W  power=81.7W
[PID] perf=184.126Hz  target=179.765Hz  err=-4.361Hz  corr=-13.46W  u_ff=95.4W  PCAP→83W  power=88.9W
[PID] perf=177.826Hz  target=179.765Hz  err=+1.939Hz  corr=-4.91W  u_ff=95.4W  PCAP→89W  power=82.9W
[PID] perf=184.327Hz  target=179.765Hz  err=-4.561Hz  corr=-14.39W  u_ff=95.4W  PCAP→83W  power=88.1W
[PID] perf=177.462Hz  target=179.765Hz  err=+2.303Hz  corr=-5.02W  u_ff=95.4W  PCAP→89W  power=82.4W
[PID] perf=183.125Hz  target=179.765Hz  err=-3.360Hz  corr=-13.12W  u_ff=95.4W  PCAP→83W  power=89.4W
[PID] perf=178.083Hz  target=179.765Hz  err=+1.682Hz  corr=-6.25W  u_ff=95.4W  PCAP→89W  power=82.2W
[PID] perf=184.588Hz  target=179.765Hz  err=-4.823Hz  corr=-15.80W  u_ff=95.4W  PCAP→78W  power=89.4W
[PID] perf=172.184Hz  target=179.765Hz  err=+7.582Hz  corr=+2.00W  u_ff=95.4W  PCAP→95W  power=78.1W
[PID] perf=184.074Hz  target=179.765Hz  err=-4.309Hz  corr=-14.30W  u_ff=95.4W  PCAP→83W  power=94.2W
[PID] perf=177.548Hz  target=179.765Hz  err=+2.217Hz  corr=-5.39W  u_ff=95.4W  PCAP→89W  power=83.6W
[PID] perf=183.378Hz  target=179.765Hz  err=-3.613Hz  corr=-13.77W  u_ff=95.4W  PCAP→83W  power=89.4W
[PID] perf=176.919Hz  target=179.765Hz  err=+2.846Hz  corr=-4.78W  u_ff=95.4W  PCAP→89W  power=82.9W
[PID] perf=182.748Hz  target=179.765Hz  err=-2.983Hz  corr=-13.00W  u_ff=95.4W  PCAP→83W  power=88.9W
[PID] perf=176.731Hz  target=179.765Hz  err=+3.034Hz  corr=-4.53W  u_ff=95.4W  PCAP→89W  power=82.9W
[PID] perf=182.496Hz  target=179.765Hz  err=-2.731Hz  corr=-12.60W  u_ff=95.4W  PCAP→83W  power=88.7W
Process completed.
Compressed into /home/cc/summer2024/main_codes/pid_controller/../experiment_data/PID_Control_sweep/ones-stream-triad/compressed_iteration_20260511_234336.tar
----------------------------------

>>> Step 2/3

[ones-stream-triad]
  target perf      : 179.7651 Hz
  coefficients_perf: [-0.004198996979306703, 1.4113888522213032, 83.31648448855799]
  feedforward PCAP : 95.43 W  →  95 W (snapped)
  Perf(u_ff) check : 179.7651 Hz  (should ≈ target)
  PID gains        : Kp=1.2787 W/Hz  Ki=0.12787 W/(Hz·s)  Kd=0.0000
[PID] perf=178.561Hz  target=179.765Hz  err=+1.204Hz  corr=+1.85W  u_ff=95.4W  PCAP→95W  power=nanW
[PID] perf=183.995Hz  target=179.765Hz  err=-4.230Hz  corr=-6.18W  u_ff=95.4W  PCAP→89W  power=96.1W
[PID] perf=182.788Hz  target=179.765Hz  err=-3.023Hz  corr=-5.41W  u_ff=95.4W  PCAP→89W  power=88.1W
[PID] perf=184.272Hz  target=179.765Hz  err=-4.507Hz  corr=-8.46W  u_ff=95.4W  PCAP→89W  power=88.4W
[PID] perf=184.272Hz  target=179.765Hz  err=-4.507Hz  corr=-9.61W  u_ff=95.4W  PCAP→83W  power=91.2W
[PID] perf=178.155Hz  target=179.765Hz  err=+1.610Hz  corr=-1.38W  u_ff=95.4W  PCAP→95W  power=83.7W
[PID] perf=184.110Hz  target=179.765Hz  err=-4.345Hz  corr=-10.11W  u_ff=95.4W  PCAP→83W  power=94.7W
[PID] perf=177.996Hz  target=179.765Hz  err=+1.769Hz  corr=-1.84W  u_ff=95.4W  PCAP→95W  power=82.5W
[PID] perf=183.418Hz  target=179.765Hz  err=-3.653Hz  corr=-9.70W  u_ff=95.4W  PCAP→83W  power=95.3W
[PID] perf=177.925Hz  target=179.765Hz  err=+1.841Hz  corr=-2.21W  u_ff=95.4W  PCAP→95W  power=83.1W
[PID] perf=183.592Hz  target=179.765Hz  err=-3.827Hz  corr=-10.44W  u_ff=95.4W  PCAP→83W  power=95.7W
[PID] perf=176.794Hz  target=179.765Hz  err=+2.971Hz  corr=-0.98W  u_ff=95.4W  PCAP→95W  power=81.9W
[PID] perf=183.943Hz  target=179.765Hz  err=-4.177Hz  corr=-11.19W  u_ff=95.4W  PCAP→83W  power=94.8W
[PID] perf=177.201Hz  target=179.765Hz  err=+2.564Hz  corr=-1.92W  u_ff=95.4W  PCAP→95W  power=83.4W
[PID] perf=182.984Hz  target=179.765Hz  err=-3.219Hz  corr=-10.13W  u_ff=95.4W  PCAP→83W  power=94.8W
[PID] perf=176.194Hz  target=179.765Hz  err=+3.571Hz  corr=-0.54W  u_ff=95.4W  PCAP→95W  power=82.8W
[PID] perf=184.560Hz  target=179.765Hz  err=-4.795Hz  corr=-12.46W  u_ff=95.4W  PCAP→83W  power=94.9W
[PID] perf=176.439Hz  target=179.765Hz  err=+3.326Hz  corr=-1.23W  u_ff=95.4W  PCAP→95W  power=82.8W
[PID] perf=183.193Hz  target=179.765Hz  err=-3.428Hz  corr=-10.74W  u_ff=95.4W  PCAP→83W  power=95.3W
[PID] perf=176.515Hz  target=179.765Hz  err=+3.250Hz  corr=-1.37W  u_ff=95.4W  PCAP→95W  power=83.6W
[PID] perf=183.035Hz  target=179.765Hz  err=-3.270Hz  corr=-10.54W  u_ff=95.4W  PCAP→83W  power=95.2W
[PID] perf=177.229Hz  target=179.765Hz  err=+2.536Hz  corr=-2.47W  u_ff=95.4W  PCAP→95W  power=82.9W
[PID] perf=183.707Hz  target=179.765Hz  err=-3.942Hz  corr=-11.76W  u_ff=95.4W  PCAP→83W  power=93.9W
[PID] perf=176.554Hz  target=179.765Hz  err=+3.211Hz  corr=-1.79W  u_ff=95.4W  PCAP→95W  power=83.1W
[PID] perf=182.790Hz  target=179.765Hz  err=-3.025Hz  corr=-10.54W  u_ff=95.4W  PCAP→83W  power=94.2W
[PID] perf=176.065Hz  target=179.765Hz  err=+3.700Hz  corr=-1.00W  u_ff=95.4W  PCAP→95W  power=83.5W
[PID] perf=182.742Hz  target=179.765Hz  err=-2.977Hz  corr=-10.30W  u_ff=95.4W  PCAP→83W  power=94.7W
[PID] perf=176.729Hz  target=179.765Hz  err=+3.036Hz  corr=-1.83W  u_ff=95.4W  PCAP→95W  power=83.8W
Process completed.
Compressed into /home/cc/summer2024/main_codes/pid_controller/../experiment_data/PID_Control_sweep/ones-stream-triad/compressed_iteration_20260511_234432.tar
----------------------------------

>>> Step 3/3

[ones-stream-triad]
  target perf      : 179.7651 Hz
  coefficients_perf: [-0.004198996979306703, 1.4113888522213032, 83.31648448855799]
  feedforward PCAP : 95.43 W  →  95 W (snapped)
  Perf(u_ff) check : 179.7651 Hz  (should ≈ target)
  PID gains        : Kp=1.2787 W/Hz  Ki=0.12787 W/(Hz·s)  Kd=0.0000
[PID] perf=186.770Hz  target=179.765Hz  err=-7.005Hz  corr=-10.75W  u_ff=95.4W  PCAP→83W  power=nanW
[PID] perf=175.494Hz  target=179.765Hz  err=+4.271Hz  corr=+4.76W  u_ff=95.4W  PCAP→101W  power=82.7W
[PID] perf=189.637Hz  target=179.765Hz  err=-9.872Hz  corr=-15.85W  u_ff=95.4W  PCAP→78W  power=99.8W
[PID] perf=170.771Hz  target=179.765Hz  err=+8.994Hz  corr=+10.58W  u_ff=95.4W  PCAP→107W  power=78.1W
[PID] perf=190.181Hz  target=179.765Hz  err=-10.416Hz  corr=-16.91W  u_ff=95.4W  PCAP→78W  power=106.8W
[PID] perf=171.088Hz  target=179.765Hz  err=+8.677Hz  corr=+9.73W  u_ff=95.4W  PCAP→107W  power=79.8W
[PID] perf=190.388Hz  target=179.765Hz  err=-10.623Hz  corr=-17.67W  u_ff=95.4W  PCAP→78W  power=106.6W
[PID] perf=171.189Hz  target=179.765Hz  err=+8.576Hz  corr=+9.07W  u_ff=95.4W  PCAP→107W  power=77.5W
[PID] perf=190.434Hz  target=179.765Hz  err=-10.669Hz  corr=-18.26W  u_ff=95.4W  PCAP→78W  power=107.3W
[PID] perf=111.068Hz  target=179.765Hz  err=+68.697Hz  corr=+100.79W  u_ff=95.4W  PCAP→165W  power=77.0W
[PID] perf=198.460Hz  target=179.765Hz  err=-18.695Hz  corr=-15.74W  u_ff=95.4W  PCAP→78W  power=149.4W
[PID] perf=169.686Hz  target=179.765Hz  err=+10.079Hz  corr=+23.63W  u_ff=95.4W  PCAP→118W  power=78.7W
[PID] perf=191.089Hz  target=179.765Hz  err=-11.324Hz  corr=-6.63W  u_ff=95.4W  PCAP→89W  power=117.1W
[PID] perf=181.587Hz  target=179.765Hz  err=-1.822Hz  corr=+5.05W  u_ff=95.4W  PCAP→101W  power=89.4W
[PID] perf=186.496Hz  target=179.765Hz  err=-6.731Hz  corr=-2.95W  u_ff=95.4W  PCAP→95W  power=101.2W
[PID] perf=181.166Hz  target=179.765Hz  err=-1.401Hz  corr=+3.51W  u_ff=95.4W  PCAP→101W  power=94.3W
[PID] perf=186.302Hz  target=179.765Hz  err=-6.537Hz  corr=-4.73W  u_ff=95.4W  PCAP→89W  power=101.3W
[PID] perf=181.692Hz  target=179.765Hz  err=-1.926Hz  corr=+0.68W  u_ff=95.4W  PCAP→95W  power=91.3W
[PID] perf=182.278Hz  target=179.765Hz  err=-2.513Hz  corr=-0.72W  u_ff=95.4W  PCAP→95W  power=95.3W
[PID] perf=182.290Hz  target=179.765Hz  err=-2.525Hz  corr=-1.38W  u_ff=95.4W  PCAP→95W  power=95.5W
[PID] perf=182.286Hz  target=179.765Hz  err=-2.521Hz  corr=-2.02W  u_ff=95.4W  PCAP→95W  power=94.8W
[PID] perf=182.353Hz  target=179.765Hz  err=-2.588Hz  corr=-2.77W  u_ff=95.4W  PCAP→95W  power=93.8W
[PID] perf=182.432Hz  target=179.765Hz  err=-2.667Hz  corr=-3.55W  u_ff=95.4W  PCAP→89W  power=95.5W
[PID] perf=181.938Hz  target=179.765Hz  err=-2.173Hz  corr=-3.47W  u_ff=95.4W  PCAP→89W  power=88.9W
[PID] perf=181.636Hz  target=179.765Hz  err=-1.871Hz  corr=-3.57W  u_ff=95.4W  PCAP→89W  power=89.7W
[PID] perf=181.522Hz  target=179.765Hz  err=-1.757Hz  corr=-3.87W  u_ff=95.4W  PCAP→89W  power=89.1W
[PID] perf=181.576Hz  target=179.765Hz  err=-1.810Hz  corr=-4.40W  u_ff=95.4W  PCAP→89W  power=89.0W
[PID] perf=181.642Hz  target=179.765Hz  err=-1.877Hz  corr=-4.97W  u_ff=95.4W  PCAP→89W  power=88.9W
Process completed.
Compressed into /home/cc/summer2024/main_codes/pid_controller/../experiment_data/PID_Control_sweep/ones-stream-triad/compressed_iteration_20260511_234529.tar
----------------------------------
