
>>> Step 1/3

[ones-npb-ft]
  target perf      : 15.6823 Hz
  coefficients_perf: [-0.0005522560062416729, 0.2000532994178523, -2.29133973770495]
  feedforward PCAP : 165.00 W  →  165 W (snapped)
  Perf(u_ff) check : 15.6823 Hz  (should ≈ target)
  PID gains        : Kp=7.5924 W/Hz  Ki=0.75924 W/(Hz·s)  Kd=0.0000
[PID] perf=20.225Hz  target=15.682Hz  err=-4.543Hz  corr=-41.39W  u_ff=165.0W  PCAP→124W  power=nanW
[PID] perf=17.973Hz  target=15.682Hz  err=-2.291Hz  corr=-27.77W  u_ff=165.0W  PCAP→136W  power=120.7W
[PID] perf=18.749Hz  target=15.682Hz  err=-3.066Hz  corr=-38.31W  u_ff=165.0W  PCAP→124W  power=131.0W
[PID] perf=17.490Hz  target=15.682Hz  err=-1.807Hz  corr=-31.50W  u_ff=165.0W  PCAP→136W  power=125.6W
[PID] perf=18.269Hz  target=15.682Hz  err=-2.586Hz  corr=-41.34W  u_ff=165.0W  PCAP→124W  power=134.5W
[PID] perf=17.596Hz  target=15.682Hz  err=-1.914Hz  corr=-39.14W  u_ff=165.0W  PCAP→124W  power=125.6W
[PID] perf=17.190Hz  target=15.682Hz  err=-1.508Hz  corr=-38.35W  u_ff=165.0W  PCAP→124W  power=122.9W
[PID] perf=17.157Hz  target=15.682Hz  err=-1.474Hz  corr=-40.33W  u_ff=165.0W  PCAP→124W  power=124.9W
[PID] perf=16.073Hz  target=15.682Hz  err=-0.390Hz  corr=-32.70W  u_ff=165.0W  PCAP→130W  power=122.8W
[PID] perf=15.481Hz  target=15.682Hz  err=+0.201Hz  corr=-27.90W  u_ff=165.0W  PCAP→136W  power=126.9W
[PID] perf=15.833Hz  target=15.682Hz  err=-0.151Hz  corr=-30.80W  u_ff=165.0W  PCAP→136W  power=131.8W
[PID] perf=15.920Hz  target=15.682Hz  err=-0.238Hz  corr=-31.82W  u_ff=165.0W  PCAP→136W  power=135.8W
[PID] perf=16.030Hz  target=15.682Hz  err=-0.348Hz  corr=-33.19W  u_ff=165.0W  PCAP→130W  power=137.3W
[PID] perf=15.893Hz  target=15.682Hz  err=-0.210Hz  corr=-32.46W  u_ff=165.0W  PCAP→130W  power=129.0W
[PID] perf=16.528Hz  target=15.682Hz  err=-0.846Hz  corr=-38.57W  u_ff=165.0W  PCAP→124W  power=124.5W
Process completed.
Compressed into /home/cc/summer2024/main_codes/pid_controller/../experiment_data/PID_Control_sweep/ones-npb-ft/compressed_iteration_20260512_143648.tar
----------------------------------

>>> Step 2/3

[ones-npb-ft]
  target perf      : 15.6823 Hz
  coefficients_perf: [-0.0005522560062416729, 0.2000532994178523, -2.29133973770495]
  feedforward PCAP : 165.00 W  →  165 W (snapped)
  Perf(u_ff) check : 15.6823 Hz  (should ≈ target)
  PID gains        : Kp=7.5924 W/Hz  Ki=0.75924 W/(Hz·s)  Kd=0.0000
[PID] perf=17.190Hz  target=15.682Hz  err=-1.508Hz  corr=-13.74W  u_ff=165.0W  PCAP→153W  power=nanW
[PID] perf=18.834Hz  target=15.682Hz  err=-3.152Hz  corr=-31.01W  u_ff=165.0W  PCAP→136W  power=151.7W
[PID] perf=18.024Hz  target=15.682Hz  err=-2.342Hz  corr=-28.41W  u_ff=165.0W  PCAP→136W  power=140.2W
[PID] perf=18.122Hz  target=15.682Hz  err=-2.439Hz  corr=-32.86W  u_ff=165.0W  PCAP→130W  power=138.2W
[PID] perf=17.867Hz  target=15.682Hz  err=-2.185Hz  corr=-34.24W  u_ff=165.0W  PCAP→130W  power=130.8W
[PID] perf=18.143Hz  target=15.682Hz  err=-2.461Hz  corr=-40.07W  u_ff=165.0W  PCAP→124W  power=130.8W
[PID] perf=17.402Hz  target=15.682Hz  err=-1.720Hz  corr=-37.06W  u_ff=165.0W  PCAP→130W  power=126.3W
[PID] perf=17.896Hz  target=15.682Hz  err=-2.214Hz  corr=-44.17W  u_ff=165.0W  PCAP→118W  power=130.6W
[PID] perf=15.752Hz  target=15.682Hz  err=-0.069Hz  corr=-28.00W  u_ff=165.0W  PCAP→136W  power=115.9W
[PID] perf=15.783Hz  target=15.682Hz  err=-0.101Hz  corr=-28.39W  u_ff=165.0W  PCAP→136W  power=133.8W
[PID] perf=15.919Hz  target=15.682Hz  err=-0.236Hz  corr=-29.78W  u_ff=165.0W  PCAP→136W  power=134.6W
[PID] perf=16.053Hz  target=15.682Hz  err=-0.371Hz  corr=-31.36W  u_ff=165.0W  PCAP→136W  power=136.0W
[PID] perf=16.154Hz  target=15.682Hz  err=-0.471Hz  corr=-32.84W  u_ff=165.0W  PCAP→130W  power=136.8W
[PID] perf=15.885Hz  target=15.682Hz  err=-0.203Hz  corr=-31.11W  u_ff=165.0W  PCAP→136W  power=131.5W
[PID] perf=16.196Hz  target=15.682Hz  err=-0.514Hz  corr=-34.25W  u_ff=165.0W  PCAP→130W  power=135.1W
Process completed.
Compressed into /home/cc/summer2024/main_codes/pid_controller/../experiment_data/PID_Control_sweep/ones-npb-ft/compressed_iteration_20260512_143718.tar
----------------------------------

>>> Step 3/3

[ones-npb-ft]
  target perf      : 15.6823 Hz
  coefficients_perf: [-0.0005522560062416729, 0.2000532994178523, -2.29133973770495]
  feedforward PCAP : 165.00 W  →  165 W (snapped)
  Perf(u_ff) check : 15.6823 Hz  (should ≈ target)
  PID gains        : Kp=7.5924 W/Hz  Ki=0.75924 W/(Hz·s)  Kd=0.0000
[PID] perf=17.830Hz  target=15.682Hz  err=-2.148Hz  corr=-19.57W  u_ff=165.0W  PCAP→147W  power=nanW
[PID] perf=18.630Hz  target=15.682Hz  err=-2.947Hz  corr=-30.11W  u_ff=165.0W  PCAP→136W  power=147.9W
[PID] perf=18.239Hz  target=15.682Hz  err=-2.556Hz  corr=-31.03W  u_ff=165.0W  PCAP→136W  power=133.1W
[PID] perf=18.367Hz  target=15.682Hz  err=-2.684Hz  corr=-36.07W  u_ff=165.0W  PCAP→130W  power=139.0W
[PID] perf=18.292Hz  target=15.682Hz  err=-2.610Hz  corr=-39.48W  u_ff=165.0W  PCAP→124W  power=125.9W
[PID] perf=17.851Hz  target=15.682Hz  err=-2.168Hz  corr=-39.41W  u_ff=165.0W  PCAP→124W  power=122.3W
[PID] perf=17.636Hz  target=15.682Hz  err=-1.954Hz  corr=-40.75W  u_ff=165.0W  PCAP→124W  power=122.5W
[PID] perf=17.289Hz  target=15.682Hz  err=-1.607Hz  corr=-40.56W  u_ff=165.0W  PCAP→124W  power=125.7W
[PID] perf=16.442Hz  target=15.682Hz  err=-0.760Hz  corr=-35.28W  u_ff=165.0W  PCAP→130W  power=123.3W
[PID] perf=15.718Hz  target=15.682Hz  err=-0.036Hz  corr=-29.84W  u_ff=165.0W  PCAP→136W  power=129.1W
[PID] perf=16.133Hz  target=15.682Hz  err=-0.451Hz  corr=-33.67W  u_ff=165.0W  PCAP→130W  power=136.9W
[PID] perf=16.073Hz  target=15.682Hz  err=-0.390Hz  corr=-33.81W  u_ff=165.0W  PCAP→130W  power=127.3W
[PID] perf=16.488Hz  target=15.682Hz  err=-0.806Hz  corr=-38.19W  u_ff=165.0W  PCAP→124W  power=128.5W
[PID] perf=16.259Hz  target=15.682Hz  err=-0.577Hz  corr=-37.32W  u_ff=165.0W  PCAP→130W  power=122.2W
[PID] perf=16.674Hz  target=15.682Hz  err=-0.992Hz  corr=-41.98W  u_ff=165.0W  PCAP→124W  power=131.4W
Process completed.
Compressed into /home/cc/summer2024/main_codes/pid_controller/../experiment_data/PID_Control_sweep/ones-npb-ft/compressed_iteration_20260512_143748.tar
----------------------------------
