NRM Benchmarks:      phases-stream-full
Version:             0.1.0
Description: one progress per iteration, Stream benchmark
Array size:          33554432 (elements).
Memory per array:    256.0 MiB.
Kernel was executed: 2500 times.
Number of threads:   96
Progress Time (ns):   42160870941
Copy Time (s): avg:    0.003482 min:    0.003382 max:    0.012559
Copy Perf (MiB/s): avg: 154169.437235 best: 158753.849893
Scale Time (s): avg:    0.003522 min:    0.003384 max:    0.012947
Scale Perf (MiB/s): avg: 152440.723387 best: 158647.030681
Add Time (s): avg:    0.004812 min:    0.004721 max:    0.013861
Add Perf (MiB/s): avg: 167359.864386 best: 170590.528773
Triad Time (s): avg:    0.004846 min:    0.004726 max:    0.013562
Triad Perf (MiB/s): avg: 166170.174992 best: 170405.601059
VALIDATION disabled

real	0m42.330s
user	0m0.024s
sys	0m0.142s
