NRM Benchmarks:      ones-stream-full
Version:             0.1.0
Description: one progress per iteration, Stream benchmark
Array size:          33554432 (elements).
Memory per array:    256.0 MiB.
Kernel was executed: 10000 times.
Number of threads:   96
Progress Time (ns):   173265195581
Copy Time (s): avg:    0.003607 min:    0.003422 max:    0.012838
Copy Perf (MiB/s): avg: 148828.428577 best: 156899.972529
Scale Time (s): avg:    0.003725 min:    0.003585 max:    0.012926
Scale Perf (MiB/s): avg: 144143.540350 best: 149765.983064
Add Time (s): avg:    0.004902 min:    0.004771 max:    0.014483
Add Perf (MiB/s): avg: 164272.940181 best: 168794.775012
Triad Time (s): avg:    0.004922 min:    0.004798 max:    0.014261
Triad Perf (MiB/s): avg: 163610.702071 best: 167848.006318
VALIDATION disabled

real	2m53.634s
user	0m0.044s
sys	0m0.572s
