NRM Benchmarks:      ones-stream-full
Version:             0.1.0
Description: one progress per iteration, Stream benchmark
Array size:          33554432 (elements).
Memory per array:    256.0 MiB.
Kernel was executed: 10000 times.
Number of threads:   96
Progress Time (ns):   204863414445
Copy Time (s): avg:    0.004277 min:    0.003448 max:    0.017334
Copy Perf (MiB/s): avg: 125534.293571 best: 155715.588587
Scale Time (s): avg:    0.004364 min:    0.003652 max:    0.023121
Scale Perf (MiB/s): avg: 123014.117350 best: 146998.755276
Add Time (s): avg:    0.005737 min:    0.004796 max:    0.024430
Add Perf (MiB/s): avg: 140373.998313 best: 167912.191772
Triad Time (s): avg:    0.005774 min:    0.004854 max:    0.018657
Triad Perf (MiB/s): avg: 139465.587804 best: 165894.681503
VALIDATION disabled

real	3m25.054s
user	0m0.138s
sys	0m0.605s
