NRM Benchmarks:      ones-stream-full
Version:             0.1.0
Description: one progress per iteration, Stream benchmark
Array size:          33554432 (elements).
Memory per array:    256.0 MiB.
Kernel was executed: 10000 times.
Number of threads:   96
Progress Time (ns):   176094969920
Copy Time (s): avg:    0.003666 min:    0.003448 max:    0.013428
Copy Perf (MiB/s): avg: 146442.344232 best: 155704.072568
Scale Time (s): avg:    0.003794 min:    0.003586 max:    0.012283
Scale Perf (MiB/s): avg: 141495.876669 best: 149708.934892
Add Time (s): avg:    0.004971 min:    0.004779 max:    0.014751
Add Perf (MiB/s): avg: 162000.128213 best: 168507.660834
Triad Time (s): avg:    0.004989 min:    0.004808 max:    0.014610
Triad Perf (MiB/s): avg: 161420.178544 best: 167476.285229
VALIDATION disabled

real	2m56.200s
user	0m0.043s
sys	0m0.600s
