NRM Benchmarks:      ones-stream-full
Version:             0.1.0
Description: one progress per iteration, Stream benchmark
Array size:          33554432 (elements).
Memory per array:    256.0 MiB.
Kernel was executed: 10000 times.
Number of threads:   96
Progress Time (ns):   183255292256
Copy Time (s): avg:    0.003809 min:    0.003411 max:    0.014333
Copy Perf (MiB/s): avg: 140952.958969 best: 157382.966130
Scale Time (s): avg:    0.003938 min:    0.003586 max:    0.013153
Scale Perf (MiB/s): avg: 136318.540006 best: 149727.180567
Add Time (s): avg:    0.005183 min:    0.004782 max:    0.015774
Add Perf (MiB/s): avg: 155372.045466 best: 168394.377224
Triad Time (s): avg:    0.005195 min:    0.004810 max:    0.015902
Triad Perf (MiB/s): avg: 155022.576005 best: 167412.258522
VALIDATION disabled

real	3m3.450s
user	0m0.051s
sys	0m0.652s
