NRM Benchmarks:      ones-stream-full
Version:             0.1.0
Description: one progress per iteration, Stream benchmark
Array size:          33554432 (elements).
Memory per array:    256.0 MiB.
Kernel was executed: 10000 times.
Number of threads:   96
Progress Time (ns):   175053283433
Copy Time (s): avg:    0.003645 min:    0.003447 max:    0.013015
Copy Perf (MiB/s): avg: 147272.085286 best: 155735.734426
Scale Time (s): avg:    0.003755 min:    0.003589 max:    0.014934
Scale Perf (MiB/s): avg: 142968.487934 best: 149601.179932
Add Time (s): avg:    0.004953 min:    0.004778 max:    0.014252
Add Perf (MiB/s): avg: 162582.219353 best: 168545.961532
Triad Time (s): avg:    0.004972 min:    0.004815 max:    0.017752
Triad Perf (MiB/s): avg: 161978.881739 best: 167235.612410
VALIDATION disabled

real	2m55.171s
user	0m0.039s
sys	0m0.616s
