NRM Benchmarks:      ones-stream-full
Version:             0.1.0
Description: one progress per iteration, Stream benchmark
Array size:          33554432 (elements).
Memory per array:    256.0 MiB.
Kernel was executed: 10000 times.
Number of threads:   96
Progress Time (ns):   189302823911
Copy Time (s): avg:    0.003949 min:    0.003486 max:    0.018924
Copy Perf (MiB/s): avg: 135944.512249 best: 153989.962144
Scale Time (s): avg:    0.004014 min:    0.003612 max:    0.015599
Scale Perf (MiB/s): avg: 133735.715058 best: 148623.507317
Add Time (s): avg:    0.005346 min:    0.004806 max:    0.016996
Add Perf (MiB/s): avg: 150644.257124 best: 167559.499069
Triad Time (s): avg:    0.005384 min:    0.004835 max:    0.022855
Triad Perf (MiB/s): avg: 149583.480998 best: 166549.271971
VALIDATION disabled

real	3m9.511s
user	0m0.053s
sys	0m0.613s
