NRM Benchmarks:      ones-stream-full
Version:             0.1.0
Description: one progress per iteration, Stream benchmark
Array size:          33554432 (elements).
Memory per array:    256.0 MiB.
Kernel was executed: 10000 times.
Number of threads:   96
Progress Time (ns):   174042677294
Copy Time (s): avg:    0.003621 min:    0.003416 max:    0.013289
Copy Perf (MiB/s): avg: 148253.457431 best: 157177.189482
Scale Time (s): avg:    0.003677 min:    0.003590 max:    0.013565
Scale Perf (MiB/s): avg: 145989.959663 best: 149552.088815
Add Time (s): avg:    0.004871 min:    0.004773 max:    0.018449
Add Perf (MiB/s): avg: 165322.910569 best: 168730.726286
Triad Time (s): avg:    0.004905 min:    0.004810 max:    0.014820
Triad Perf (MiB/s): avg: 164182.002277 best: 167419.462998
VALIDATION disabled

real	2m54.235s
user	0m0.029s
sys	0m0.537s
