NRM Benchmarks:      ones-stream-full
Version:             0.1.0
Description: one progress per iteration, Stream benchmark
Array size:          33554432 (elements).
Memory per array:    256.0 MiB.
Kernel was executed: 10000 times.
Number of threads:   96
Progress Time (ns):   188059613122
Copy Time (s): avg:    0.003929 min:    0.003434 max:    0.013937
Copy Perf (MiB/s): avg: 136634.404330 best: 156334.348246
Scale Time (s): avg:    0.004044 min:    0.003584 max:    0.027324
Scale Perf (MiB/s): avg: 132760.957158 best: 149815.632793
Add Time (s): avg:    0.005321 min:    0.004782 max:    0.016107
Add Perf (MiB/s): avg: 151352.750968 best: 168406.737638
Triad Time (s): avg:    0.005344 min:    0.004813 max:    0.016735
Triad Perf (MiB/s): avg: 150698.536774 best: 167331.033563
VALIDATION disabled

real	3m8.437s
user	0m0.053s
sys	0m0.689s
