NRM Benchmarks:      ones-stream-full
Version:             0.1.0
Description: one progress per iteration, Stream benchmark
Array size:          33554432 (elements).
Memory per array:    256.0 MiB.
Kernel was executed: 10000 times.
Number of threads:   96
Progress Time (ns):   174863904886
Copy Time (s): avg:    0.003642 min:    0.003436 max:    0.013631
Copy Perf (MiB/s): avg: 147418.049184 best: 156270.231455
Scale Time (s): avg:    0.003758 min:    0.003585 max:    0.013021
Scale Perf (MiB/s): avg: 142860.824451 best: 149742.089374
Add Time (s): avg:    0.004946 min:    0.004784 max:    0.016366
Add Perf (MiB/s): avg: 162834.526255 best: 168321.554541
Triad Time (s): avg:    0.004953 min:    0.004812 max:    0.018194
Triad Perf (MiB/s): avg: 162603.621008 best: 167351.445439
VALIDATION disabled

real	2m54.971s
user	0m0.040s
sys	0m0.583s
