NRM Benchmarks:      ones-stream-full
Version:             0.1.0
Description: one progress per iteration, Stream benchmark
Array size:          33554432 (elements).
Memory per array:    256.0 MiB.
Kernel was executed: 10000 times.
Number of threads:   96
Progress Time (ns):   186089958923
Copy Time (s): avg:    0.003886 min:    0.003492 max:    0.014924
Copy Perf (MiB/s): avg: 138144.070998 best: 153721.795719
Scale Time (s): avg:    0.003990 min:    0.003611 max:    0.015541
Scale Perf (MiB/s): avg: 134542.448972 best: 148697.026618
Add Time (s): avg:    0.005251 min:    0.004800 max:    0.016727
Add Perf (MiB/s): avg: 153361.394434 best: 167778.696378
Triad Time (s): avg:    0.005266 min:    0.004836 max:    0.019398
Triad Perf (MiB/s): avg: 152932.251335 best: 166534.083175
VALIDATION disabled

real	3m6.309s
user	0m0.056s
sys	0m0.609s
