NRM Benchmarks:      ones-stream-full
Version:             0.1.0
Description: one progress per iteration, Stream benchmark
Array size:          33554432 (elements).
Memory per array:    256.0 MiB.
Kernel was executed: 10000 times.
Number of threads:   96
Progress Time (ns):   174625088774
Copy Time (s): avg:    0.003625 min:    0.003466 max:    0.013328
Copy Perf (MiB/s): avg: 148106.717846 best: 154875.082685
Scale Time (s): avg:    0.003752 min:    0.003600 max:    0.013550
Scale Perf (MiB/s): avg: 143100.421671 best: 149110.844604
Add Time (s): avg:    0.004936 min:    0.004796 max:    0.014778
Add Perf (MiB/s): avg: 163158.692490 best: 167918.774080
Triad Time (s): avg:    0.004961 min:    0.004832 max:    0.014977
Triad Perf (MiB/s): avg: 162329.763133 best: 166650.291072
VALIDATION disabled

real	2m54.834s
user	0m0.024s
sys	0m0.535s
