NRM Benchmarks:      ones-stream-full
Version:             0.1.0
Description: one progress per iteration, Stream benchmark
Array size:          33554432 (elements).
Memory per array:    256.0 MiB.
Kernel was executed: 10000 times.
Number of threads:   96
Progress Time (ns):   186899122642
Copy Time (s): avg:    0.003896 min:    0.003545 max:    0.014877
Copy Perf (MiB/s): avg: 137802.763591 best: 151425.878390
Scale Time (s): avg:    0.003974 min:    0.003599 max:    0.019416
Scale Perf (MiB/s): avg: 135104.446081 best: 149178.048604
Add Time (s): avg:    0.005200 min:    0.004767 max:    0.017069
Add Perf (MiB/s): avg: 154871.181382 best: 168943.926920
Triad Time (s): avg:    0.005231 min:    0.004797 max:    0.016149
Triad Perf (MiB/s): avg: 153947.760456 best: 167872.183843
VALIDATION disabled

real	3m7.089s
user	0m0.033s
sys	0m0.618s
