NRM Benchmarks:      ones-stream-full
Version:             0.1.0
Description: one progress per iteration, Stream benchmark
Array size:          33554432 (elements).
Memory per array:    256.0 MiB.
Kernel was executed: 10000 times.
Number of threads:   96
Progress Time (ns):   182527311155
Copy Time (s): avg:    0.003805 min:    0.003486 max:    0.014220
Copy Perf (MiB/s): avg: 141086.524289 best: 154011.519504
Scale Time (s): avg:    0.003912 min:    0.003607 max:    0.014696
Scale Perf (MiB/s): avg: 137250.543024 best: 148858.274199
Add Time (s): avg:    0.005147 min:    0.004803 max:    0.015821
Add Perf (MiB/s): avg: 156475.078472 best: 167657.070407
Triad Time (s): avg:    0.005164 min:    0.004834 max:    0.015755
Triad Perf (MiB/s): avg: 155951.392904 best: 166589.754511
VALIDATION disabled

real	3m2.732s
user	0m0.019s
sys	0m0.610s
