NRM Benchmarks:      phases-stream-full
Version:             0.1.0
Description: one progress per iteration, Stream benchmark
Array size:          33554432 (elements).
Memory per array:    256.0 MiB.
Kernel was executed: 5000 times.
Number of threads:   96
Progress Time (ns):   84346078259
Copy Time (s): avg:    0.003500 min:    0.003386 max:    0.012984
Copy Perf (MiB/s): avg: 153410.378928 best: 158542.649220
Scale Time (s): avg:    0.003511 min:    0.003391 max:    0.014474
Scale Perf (MiB/s): avg: 152911.127844 best: 158316.321885
Add Time (s): avg:    0.004850 min:    0.004737 max:    0.015461
Add Perf (MiB/s): avg: 166048.049382 best: 170001.086749
Triad Time (s): avg:    0.004850 min:    0.004744 max:    0.016863
Triad Perf (MiB/s): avg: 166050.341740 best: 169768.173937
VALIDATION disabled

real	1m24.527s
user	0m0.029s
sys	0m0.300s
