NRM Benchmarks:      ones-stream-full
Version:             0.1.0
Description: one progress per iteration, Stream benchmark
Array size:          33554432 (elements).
Memory per array:    256.0 MiB.
Kernel was executed: 10000 times.
Number of threads:   96
Progress Time (ns):   190154490027
Copy Time (s): avg:    0.003972 min:    0.003475 max:    0.014193
Copy Perf (MiB/s): avg: 135167.694978 best: 154499.672509
Scale Time (s): avg:    0.004116 min:    0.003619 max:    0.014136
Scale Perf (MiB/s): avg: 130435.145758 best: 148333.803124
Add Time (s): avg:    0.005355 min:    0.004801 max:    0.015281
Add Perf (MiB/s): avg: 150393.383754 best: 167743.364056
Triad Time (s): avg:    0.005365 min:    0.004838 max:    0.015111
Triad Perf (MiB/s): avg: 150110.696529 best: 166459.281773
VALIDATION disabled

real	3m10.269s
user	0m0.058s
sys	0m0.716s
