NRM Benchmarks:      ones-stream-full
Version:             0.1.0
Description: one progress per iteration, Stream benchmark
Array size:          33554432 (elements).
Memory per array:    256.0 MiB.
Kernel was executed: 10000 times.
Number of threads:   96
Progress Time (ns):   190604849735
Copy Time (s): avg:    0.004001 min:    0.003560 max:    0.021084
Copy Perf (MiB/s): avg: 134197.925637 best: 150786.528745
Scale Time (s): avg:    0.004140 min:    0.003668 max:    0.121375
Scale Perf (MiB/s): avg: 129678.809157 best: 146347.881957
Add Time (s): avg:    0.005361 min:    0.004858 max:    0.015869
Add Perf (MiB/s): avg: 150203.229251 best: 165752.773244
Triad Time (s): avg:    0.005374 min:    0.004890 max:    0.016832
Triad Perf (MiB/s): avg: 149861.597823 best: 164671.094532
VALIDATION disabled

real	3m10.702s
user	0m0.066s
sys	0m0.728s
