NRM Benchmarks:      phases-stream-full
Version:             0.1.0
Description: one progress per iteration, Stream benchmark
Array size:          33554432 (elements).
Memory per array:    256.0 MiB.
Kernel was executed: 1000 times.
Number of threads:   96
Progress Time (ns):   17118560081
Copy Time (s): avg:    0.003512 min:    0.003433 max:    0.005081
Copy Perf (MiB/s): avg: 152886.203715 best: 156397.241969
Scale Time (s): avg:    0.003550 min:    0.003435 max:    0.011911
Scale Perf (MiB/s): avg: 151236.294620 best: 156315.367108
Add Time (s): avg:    0.004896 min:    0.004799 max:    0.013321
Add Perf (MiB/s): avg: 164477.224092 best: 167820.268477
Triad Time (s): avg:    0.004913 min:    0.004798 max:    0.013561
Triad Perf (MiB/s): avg: 163911.063009 best: 167841.674427
VALIDATION disabled

real	0m17.222s
user	0m0.008s
sys	0m0.075s
