NRM Benchmarks:      ones-stream-full
Version:             0.1.0
Description: one progress per iteration, Stream benchmark
Array size:          33554432 (elements).
Memory per array:    256.0 MiB.
Kernel was executed: 10000 times.
Number of threads:   96
Progress Time (ns):   182920808781
Copy Time (s): avg:    0.003822 min:    0.003449 max:    0.013655
Copy Perf (MiB/s): avg: 140483.849054 best: 155639.163127
Scale Time (s): avg:    0.003929 min:    0.003596 max:    0.013638
Scale Perf (MiB/s): avg: 136629.212126 best: 149276.726889
Add Time (s): avg:    0.005177 min:    0.004786 max:    0.014348
Add Perf (MiB/s): avg: 155563.708403 best: 168265.563710
Triad Time (s): avg:    0.005198 min:    0.004813 max:    0.014612
Triad Perf (MiB/s): avg: 154928.353626 best: 167332.772029
VALIDATION disabled

real	3m3.096s
user	0m0.052s
sys	0m0.655s
