NRM Benchmarks:      ones-stream-full
Version:             0.1.0
Description: one progress per iteration, Stream benchmark
Array size:          33554432 (elements).
Memory per array:    256.0 MiB.
Kernel was executed: 10000 times.
Number of threads:   96
Progress Time (ns):   177697245252
Copy Time (s): avg:    0.003703 min:    0.003483 max:    0.013422
Copy Perf (MiB/s): avg: 144980.333965 best: 154142.318192
Scale Time (s): avg:    0.003780 min:    0.003605 max:    0.018615
Scale Perf (MiB/s): avg: 142030.384494 best: 148904.061094
Add Time (s): avg:    0.005021 min:    0.004802 max:    0.014921
Add Perf (MiB/s): avg: 160380.423361 best: 167693.483807
Triad Time (s): avg:    0.005046 min:    0.004835 max:    0.015971
Triad Perf (MiB/s): avg: 159578.470146 best: 166572.422130
VALIDATION disabled

real	2m57.912s
user	0m0.027s
sys	0m0.565s
