NRM Benchmarks:      phases-stream-full
Version:             0.1.0
Description: one progress per iteration, Stream benchmark
Array size:          33554432 (elements).
Memory per array:    256.0 MiB.
Kernel was executed: 5000 times.
Number of threads:   96
Progress Time (ns):   90050570087
Copy Time (s): avg:    0.003704 min:    0.003387 max:    0.013982
Copy Perf (MiB/s): avg: 144933.535943 best: 158529.494166
Scale Time (s): avg:    0.003717 min:    0.003614 max:    0.016823
Scale Perf (MiB/s): avg: 144455.541320 best: 148548.252160
Add Time (s): avg:    0.005152 min:    0.004977 max:    0.015587
Add Perf (MiB/s): avg: 156317.693744 best: 161815.007907
Triad Time (s): avg:    0.005155 min:    0.004972 max:    0.006736
Triad Perf (MiB/s): avg: 156231.594378 best: 161969.990032
VALIDATION disabled

real	1m30.163s
user	0m0.027s
sys	0m0.310s
