NRM Benchmarks:      phases-stream-full
Version:             0.1.0
Description: one progress per iteration, Stream benchmark
Array size:          33554432 (elements).
Memory per array:    256.0 MiB.
Kernel was executed: 5000 times.
Number of threads:   96
Progress Time (ns):   98732416297
Copy Time (s): avg:    0.003936 min:    0.003388 max:    0.015066
Copy Perf (MiB/s): avg: 136393.936189 best: 158448.224702
Scale Time (s): avg:    0.004306 min:    0.003746 max:    0.015187
Scale Perf (MiB/s): avg: 124671.161792 best: 143322.964258
Add Time (s): avg:    0.005514 min:    0.005210 max:    0.016627
Add Perf (MiB/s): avg: 146049.975721 best: 154579.804240
Triad Time (s): avg:    0.005674 min:    0.005211 max:    0.016418
Triad Perf (MiB/s): avg: 141917.761354 best: 154539.223829
VALIDATION disabled

real	1m38.834s
user	0m0.042s
sys	0m0.395s
