NRM Benchmarks:      ones-stream-full
Version:             0.1.0
Description: one progress per iteration, Stream benchmark
Array size:          33554432 (elements).
Memory per array:    256.0 MiB.
Kernel was executed: 10000 times.
Number of threads:   96
Progress Time (ns):   188643910721
Copy Time (s): avg:    0.003910 min:    0.003374 max:    0.017884
Copy Perf (MiB/s): avg: 137316.108799 best: 159128.451687
Scale Time (s): avg:    0.004029 min:    0.003546 max:    0.017824
Scale Perf (MiB/s): avg: 133251.555288 best: 151391.163060
Add Time (s): avg:    0.005321 min:    0.004722 max:    0.019611
Add Perf (MiB/s): avg: 151342.112658 best: 170533.199076
Triad Time (s): avg:    0.005355 min:    0.004756 max:    0.028595
Triad Perf (MiB/s): avg: 150383.353991 best: 169331.883030
VALIDATION disabled

real	3m8.857s
user	0m0.046s
sys	0m0.584s
