NRM Benchmarks:      ones-stream-full
Version:             0.1.0
Description: one progress per iteration, Stream benchmark
Array size:          33554432 (elements).
Memory per array:    256.0 MiB.
Kernel was executed: 10000 times.
Number of threads:   95
Progress Time (ns):   183642226088
Copy Time (s): avg:    0.003770 min:    0.003444 max:    0.018699
Copy Perf (MiB/s): avg: 142389.921251 best: 155894.825545
Scale Time (s): avg:    0.003957 min:    0.003614 max:    0.044381
Scale Perf (MiB/s): avg: 135668.286608 best: 148573.410975
Add Time (s): avg:    0.005199 min:    0.004812 max:    0.026390
Add Perf (MiB/s): avg: 154897.245439 best: 167365.705411
Triad Time (s): avg:    0.005220 min:    0.004841 max:    0.051553
Triad Perf (MiB/s): avg: 154286.254355 best: 166355.332428
VALIDATION disabled

real	3m3.831s
user	0m0.087s
sys	0m0.920s
