NRM Benchmarks:      ones-stream-full
Version:             0.1.0
Description: one progress per iteration, Stream benchmark
Array size:          33554432 (elements).
Memory per array:    256.0 MiB.
Kernel was executed: 10000 times.
Number of threads:   96
Progress Time (ns):   170869378098
Copy Time (s): avg:    0.003542 min:    0.003410 max:    0.013136
Copy Perf (MiB/s): avg: 151565.009221 best: 157421.038032
Scale Time (s): avg:    0.003689 min:    0.003580 max:    0.013454
Scale Perf (MiB/s): avg: 145547.713156 best: 149973.451389
Add Time (s): avg:    0.004836 min:    0.004764 max:    0.014575
Add Perf (MiB/s): avg: 166508.272757 best: 169046.453296
Triad Time (s): avg:    0.004843 min:    0.004791 max:    0.014271
Triad Perf (MiB/s): avg: 166269.405008 best: 168092.235632
VALIDATION disabled

real	2m50.974s
user	0m0.038s
sys	0m0.537s
