NRM Benchmarks:      phases-stream-full
Version:             0.1.0
Description: one progress per iteration, Stream benchmark
Array size:          33554432 (elements).
Memory per array:    256.0 MiB.
Kernel was executed: 5000 times.
Number of threads:   96
Progress Time (ns):   87339148332
Copy Time (s): avg:    0.003592 min:    0.003397 max:    0.013603
Copy Perf (MiB/s): avg: 149445.752761 best: 158043.635831
Scale Time (s): avg:    0.003613 min:    0.003484 max:    0.014259
Scale Perf (MiB/s): avg: 148609.664962 best: 154081.180414
Add Time (s): avg:    0.004975 min:    0.004849 max:    0.017732
Add Perf (MiB/s): avg: 161861.775013 best: 166066.552712
Triad Time (s): avg:    0.004985 min:    0.004856 max:    0.015202
Triad Perf (MiB/s): avg: 161534.635633 best: 165823.457996
VALIDATION disabled

real	1m27.702s
user	0m0.024s
sys	0m0.311s
