NRM Benchmarks:      phases-stream-full
Version:             0.1.0
Description: one progress per iteration, Stream benchmark
Array size:          33554432 (elements).
Memory per array:    256.0 MiB.
Kernel was executed: 2500 times.
Number of threads:   96
Progress Time (ns):   42241145052
Copy Time (s): avg:    0.003517 min:    0.003384 max:    0.012664
Copy Perf (MiB/s): avg: 152657.544704 best: 158646.936920
Scale Time (s): avg:    0.003548 min:    0.003383 max:    0.012735
Scale Perf (MiB/s): avg: 151334.037233 best: 158707.999003
Add Time (s): avg:    0.004825 min:    0.004723 max:    0.012293
Add Perf (MiB/s): avg: 166910.463756 best: 170511.859299
Triad Time (s): avg:    0.004842 min:    0.004727 max:    0.013953
Triad Perf (MiB/s): avg: 166315.032312 best: 170368.829415
VALIDATION disabled

real	0m42.352s
user	0m0.017s
sys	0m0.160s
