NRM Benchmarks:      ones-stream-full
Version:             0.1.0
Description: one progress per iteration, Stream benchmark
Array size:          33554432 (elements).
Memory per array:    256.0 MiB.
Kernel was executed: 10000 times.
Number of threads:   96
Progress Time (ns):   176481949567
Copy Time (s): avg:    0.003671 min:    0.003437 max:    0.013471
Copy Perf (MiB/s): avg: 146258.025024 best: 156187.717028
Scale Time (s): avg:    0.003736 min:    0.003598 max:    0.013614
Scale Perf (MiB/s): avg: 143697.440794 best: 149209.973069
Add Time (s): avg:    0.004922 min:    0.004777 max:    0.014893
Add Perf (MiB/s): avg: 163622.972330 best: 168565.577101
Triad Time (s): avg:    0.004953 min:    0.004809 max:    0.015019
Triad Perf (MiB/s): avg: 162578.003667 best: 167454.415247
VALIDATION disabled

real	2m56.682s
user	0m0.048s
sys	0m0.529s
