NRM Benchmarks:      ones-stream-full
Version:             0.1.0
Description: one progress per iteration, Stream benchmark
Array size:          33554432 (elements).
Memory per array:    256.0 MiB.
Kernel was executed: 10000 times.
Number of threads:   96
Progress Time (ns):   182704582858
Copy Time (s): avg:    0.003812 min:    0.003451 max:    0.014526
Copy Perf (MiB/s): avg: 140841.342279 best: 155559.386978
Scale Time (s): avg:    0.003978 min:    0.003587 max:    0.014453
Scale Perf (MiB/s): avg: 134953.863179 best: 149654.266256
Add Time (s): avg:    0.005151 min:    0.004794 max:    0.018445
Add Perf (MiB/s): avg: 156349.075426 best: 167978.003045
Triad Time (s): avg:    0.005140 min:    0.004809 max:    0.016122
Triad Perf (MiB/s): avg: 156660.335773 best: 167456.922344
VALIDATION disabled

real	3m3.079s
user	0m0.056s
sys	0m0.626s
