NRM Benchmarks:      ones-stream-full
Version:             0.1.0
Description: one progress per iteration, Stream benchmark
Array size:          33554432 (elements).
Memory per array:    256.0 MiB.
Kernel was executed: 10000 times.
Number of threads:   96
Progress Time (ns):   175397496811
Copy Time (s): avg:    0.003659 min:    0.003449 max:    0.013337
Copy Perf (MiB/s): avg: 146710.486459 best: 155639.794808
Scale Time (s): avg:    0.003780 min:    0.003598 max:    0.013540
Scale Perf (MiB/s): avg: 142012.216339 best: 149214.368935
Add Time (s): avg:    0.004958 min:    0.004780 max:    0.018590
Add Perf (MiB/s): avg: 162412.591460 best: 168467.615375
Triad Time (s): avg:    0.004977 min:    0.004820 max:    0.016885
Triad Perf (MiB/s): avg: 161816.548417 best: 167060.309062
VALIDATION disabled

real	2m55.577s
user	0m0.039s
sys	0m0.557s
