NRM Benchmarks:      ones-stream-full
Version:             0.1.0
Description: one progress per iteration, Stream benchmark
Array size:          33554432 (elements).
Memory per array:    256.0 MiB.
Kernel was executed: 10000 times.
Number of threads:   96
Progress Time (ns):   183140219421
Copy Time (s): avg:    0.003821 min:    0.003470 max:    0.012922
Copy Perf (MiB/s): avg: 140492.095792 best: 154727.874862
Scale Time (s): avg:    0.003929 min:    0.003630 max:    0.013337
Scale Perf (MiB/s): avg: 136650.861724 best: 147913.317934
Add Time (s): avg:    0.005167 min:    0.004802 max:    0.014497
Add Perf (MiB/s): avg: 155854.273153 best: 167718.001062
Triad Time (s): avg:    0.005200 min:    0.004832 max:    0.014662
Triad Perf (MiB/s): avg: 154879.945877 best: 166664.190351
VALIDATION disabled

real	3m3.243s
user	0m0.052s
sys	0m0.662s
