NRM Benchmarks:      ones-stream-full
Version:             0.1.0
Description: one progress per iteration, Stream benchmark
Array size:          33554432 (elements).
Memory per array:    256.0 MiB.
Kernel was executed: 10000 times.
Number of threads:   96
Progress Time (ns):   174414309064
Copy Time (s): avg:    0.003653 min:    0.003469 max:    0.012720
Copy Perf (MiB/s): avg: 146947.892175 best: 154747.409087
Scale Time (s): avg:    0.003748 min:    0.003595 max:    0.012997
Scale Perf (MiB/s): avg: 143238.703642 best: 149328.918588
Add Time (s): avg:    0.004922 min:    0.004785 max:    0.013990
Add Perf (MiB/s): avg: 163614.446424 best: 168302.558501
Triad Time (s): avg:    0.004936 min:    0.004811 max:    0.013897
Triad Perf (MiB/s): avg: 163155.392243 best: 167404.219476
VALIDATION disabled

real	2m54.779s
user	0m0.057s
sys	0m0.600s
