NRM Benchmarks:      ones-stream-full
Version:             0.1.0
Description: one progress per iteration, Stream benchmark
Array size:          33554432 (elements).
Memory per array:    256.0 MiB.
Kernel was executed: 10000 times.
Number of threads:   96
Progress Time (ns):   186177326754
Copy Time (s): avg:    0.003869 min:    0.003501 max:    0.015094
Copy Perf (MiB/s): avg: 138750.745739 best: 153352.168098
Scale Time (s): avg:    0.003966 min:    0.003605 max:    0.020446
Scale Perf (MiB/s): avg: 135367.893391 best: 148941.570349
Add Time (s): avg:    0.005231 min:    0.004810 max:    0.016526
Add Perf (MiB/s): avg: 153941.858868 best: 167429.452839
Triad Time (s): avg:    0.005244 min:    0.004839 max:    0.016441
Triad Perf (MiB/s): avg: 153574.285083 best: 166411.503277
VALIDATION disabled

real	3m6.386s
user	0m0.079s
sys	0m0.548s
