NRM Benchmarks:      phases-stream-full
Version:             0.1.0
Description: one progress per iteration, Stream benchmark
Array size:          33554432 (elements).
Memory per array:    256.0 MiB.
Kernel was executed: 5000 times.
Number of threads:   96
Progress Time (ns):   87841099623
Copy Time (s): avg:    0.003631 min:    0.003390 max:    0.020043
Copy Perf (MiB/s): avg: 147866.055314 best: 158352.511376
Scale Time (s): avg:    0.003640 min:    0.003537 max:    0.015670
Scale Perf (MiB/s): avg: 147483.871117 best: 151797.812116
Add Time (s): avg:    0.005040 min:    0.004863 max:    0.014905
Add Perf (MiB/s): avg: 159792.055035 best: 165612.572060
Triad Time (s): avg:    0.005046 min:    0.004880 max:    0.014954
Triad Perf (MiB/s): avg: 159585.669855 best: 165031.130449
VALIDATION disabled

real	1m28.021s
user	0m0.024s
sys	0m0.295s
