NRM Benchmarks:      ones-stream-full
Version:             0.1.0
Description: one progress per iteration, Stream benchmark
Array size:          33554432 (elements).
Memory per array:    256.0 MiB.
Kernel was executed: 10000 times.
Number of threads:   96
Progress Time (ns):   178874545362
Copy Time (s): avg:    0.003741 min:    0.003423 max:    0.012946
Copy Perf (MiB/s): avg: 143524.776040 best: 156833.100267
Scale Time (s): avg:    0.003835 min:    0.003590 max:    0.012560
Scale Perf (MiB/s): avg: 139974.475550 best: 149536.842956
Add Time (s): avg:    0.005051 min:    0.004780 max:    0.014253
Add Perf (MiB/s): avg: 159431.382916 best: 168489.609820
Triad Time (s): avg:    0.005076 min:    0.004801 max:    0.018706
Triad Perf (MiB/s): avg: 158655.660086 best: 167738.682155
VALIDATION disabled

real	2m59.036s
user	0m0.055s
sys	0m0.613s
