NRM Benchmarks:      phases-stream-full
Version:             0.1.0
Description: one progress per iteration, Stream benchmark
Array size:          33554432 (elements).
Memory per array:    256.0 MiB.
Kernel was executed: 2500 times.
Number of threads:   96
Progress Time (ns):   44170640104
Copy Time (s): avg:    0.003634 min:    0.003385 max:    0.012120
Copy Perf (MiB/s): avg: 147738.388465 best: 158597.305856
Scale Time (s): avg:    0.003695 min:    0.003435 max:    0.012796
Scale Perf (MiB/s): avg: 145277.524975 best: 156284.288051
Add Time (s): avg:    0.005063 min:    0.004846 max:    0.014122
Add Perf (MiB/s): avg: 159071.505995 best: 166184.063543
Triad Time (s): avg:    0.005025 min:    0.004918 max:    0.006361
Triad Perf (MiB/s): avg: 160270.166518 best: 163754.411401
VALIDATION disabled

real	0m44.275s
user	0m0.019s
sys	0m0.175s
