NRM Benchmarks:      phases-stream-full
Version:             0.1.0
Description: one progress per iteration, Stream benchmark
Array size:          33554432 (elements).
Memory per array:    256.0 MiB.
Kernel was executed: 1000 times.
Number of threads:   96
Progress Time (ns):   17173510131
Copy Time (s): avg:    0.003515 min:    0.003431 max:    0.005284
Copy Perf (MiB/s): avg: 152743.303812 best: 156464.153371
Scale Time (s): avg:    0.003553 min:    0.003438 max:    0.011860
Scale Perf (MiB/s): avg: 151083.892994 best: 156140.974816
Add Time (s): avg:    0.004923 min:    0.004797 max:    0.013672
Add Perf (MiB/s): avg: 163588.844063 best: 167877.818102
Triad Time (s): avg:    0.004917 min:    0.004804 max:    0.013721
Triad Perf (MiB/s): avg: 163770.012709 best: 167616.346638
VALIDATION disabled

real	0m17.551s
user	0m0.018s
sys	0m0.078s
