NRM Benchmarks:      ones-stream-full
Version:             0.1.0
Description: one progress per iteration, Stream benchmark
Array size:          33554432 (elements).
Memory per array:    256.0 MiB.
Kernel was executed: 10000 times.
Number of threads:   96
Progress Time (ns):   181545909524
Copy Time (s): avg:    0.003770 min:    0.003419 max:    0.014376
Copy Perf (MiB/s): avg: 142422.304983 best: 157042.248379
Scale Time (s): avg:    0.003883 min:    0.003595 max:    0.014684
Scale Perf (MiB/s): avg: 138250.686842 best: 149341.380235
Add Time (s): avg:    0.005146 min:    0.004783 max:    0.015641
Add Perf (MiB/s): avg: 156482.936830 best: 168356.215772
Triad Time (s): avg:    0.005163 min:    0.004819 max:    0.014522
Triad Perf (MiB/s): avg: 155990.033248 best: 167122.956947
VALIDATION disabled

real	3m1.655s
user	0m0.040s
sys	0m0.672s
