NRM Benchmarks:      ones-stream-full
Version:             0.1.0
Description: one progress per iteration, Stream benchmark
Array size:          33554432 (elements).
Memory per array:    256.0 MiB.
Kernel was executed: 10000 times.
Number of threads:   96
Progress Time (ns):   193387769569
Copy Time (s): avg:    0.004107 min:    0.003501 max:    0.021473
Copy Perf (MiB/s): avg: 130725.784670 best: 153365.003632
Scale Time (s): avg:    0.004170 min:    0.003596 max:    0.021817
Scale Perf (MiB/s): avg: 128746.050837 best: 149277.474007
Add Time (s): avg:    0.005437 min:    0.004752 max:    0.018117
Add Perf (MiB/s): avg: 148117.082400 best: 169471.072192
Triad Time (s): avg:    0.005459 min:    0.004791 max:    0.022053
Triad Perf (MiB/s): avg: 147528.083009 best: 168091.007630
VALIDATION disabled

real	3m13.539s
user	0m0.058s
sys	0m0.622s
