NRM Benchmarks:      ones-stream-full
Version:             0.1.0
Description: one progress per iteration, Stream benchmark
Array size:          33554432 (elements).
Memory per array:    256.0 MiB.
Kernel was executed: 10000 times.
Number of threads:   96
Progress Time (ns):   178580213391
Copy Time (s): avg:    0.003748 min:    0.003425 max:    0.013164
Copy Perf (MiB/s): avg: 143253.637497 best: 156761.753316
Scale Time (s): avg:    0.003853 min:    0.003594 max:    0.015006
Scale Perf (MiB/s): avg: 139353.539303 best: 149363.193124
Add Time (s): avg:    0.005048 min:    0.004788 max:    0.015918
Add Perf (MiB/s): avg: 159526.012134 best: 168178.275498
Triad Time (s): avg:    0.005067 min:    0.004814 max:    0.015990
Triad Perf (MiB/s): avg: 158936.712350 best: 167281.502443
VALIDATION disabled

real	2m58.962s
user	0m0.051s
sys	0m0.576s
