NRM Benchmarks:      ones-stream-full
Version:             0.1.0
Description: one progress per iteration, Stream benchmark
Array size:          33554432 (elements).
Memory per array:    256.0 MiB.
Kernel was executed: 10000 times.
Number of threads:   96
Progress Time (ns):   179226455936
Copy Time (s): avg:    0.003740 min:    0.003484 max:    0.013921
Copy Perf (MiB/s): avg: 143550.812230 best: 154106.125139
Scale Time (s): avg:    0.003816 min:    0.003605 max:    0.019192
Scale Perf (MiB/s): avg: 140691.616730 best: 148943.429780
Add Time (s): avg:    0.005067 min:    0.004808 max:    0.012750
Add Perf (MiB/s): avg: 158944.242744 best: 167493.423029
Triad Time (s): avg:    0.005097 min:    0.004835 max:    0.015645
Triad Perf (MiB/s): avg: 158008.528739 best: 166571.078418
VALIDATION disabled

real	2m59.429s
user	0m0.019s
sys	0m0.605s
