NRM Benchmarks:      ones-stream-full
Version:             0.1.0
Description: one progress per iteration, Stream benchmark
Array size:          33554432 (elements).
Memory per array:    256.0 MiB.
Kernel was executed: 10000 times.
Number of threads:   96
Progress Time (ns):   184058356341
Copy Time (s): avg:    0.003838 min:    0.003458 max:    0.013472
Copy Perf (MiB/s): avg: 139900.437619 best: 155248.011798
Scale Time (s): avg:    0.003952 min:    0.003590 max:    0.017476
Scale Perf (MiB/s): avg: 135847.635851 best: 149567.046107
Add Time (s): avg:    0.005204 min:    0.004782 max:    0.023842
Add Perf (MiB/s): avg: 154762.301704 best: 168397.370320
Triad Time (s): avg:    0.005222 min:    0.004808 max:    0.016438
Triad Perf (MiB/s): avg: 154228.676519 best: 167495.130034
VALIDATION disabled

real	3m4.236s
user	0m0.050s
sys	0m0.650s
