NRM Benchmarks:      phases-stream-full
Version:             0.1.0
Description: one progress per iteration, Stream benchmark
Array size:          33554432 (elements).
Memory per array:    256.0 MiB.
Kernel was executed: 1000 times.
Number of threads:   96
Progress Time (ns):   19073716153
Copy Time (s): avg:    0.003908 min:    0.003432 max:    0.016391
Copy Perf (MiB/s): avg: 137369.272322 best: 156408.951890
Scale Time (s): avg:    0.003952 min:    0.003750 max:    0.013085
Scale Perf (MiB/s): avg: 135841.014883 best: 143171.303385
Add Time (s): avg:    0.005428 min:    0.005218 max:    0.014992
Add Perf (MiB/s): avg: 148349.811335 best: 154341.491985
Triad Time (s): avg:    0.005432 min:    0.005257 max:    0.014001
Triad Perf (MiB/s): avg: 148239.889377 best: 153173.511710
VALIDATION disabled

real	0m19.241s
user	0m0.023s
sys	0m0.080s
