NRM Benchmarks:      phases-stream-full
Version:             0.1.0
Description: one progress per iteration, Stream benchmark
Array size:          33554432 (elements).
Memory per array:    256.0 MiB.
Kernel was executed: 1000 times.
Number of threads:   96
Progress Time (ns):   17976641814
Copy Time (s): avg:    0.003644 min:    0.003446 max:    0.005164
Copy Perf (MiB/s): avg: 147313.601780 best: 155787.071149
Scale Time (s): avg:    0.003727 min:    0.003448 max:    0.012594
Scale Perf (MiB/s): avg: 144057.503457 best: 155698.247466
Add Time (s): avg:    0.005127 min:    0.004964 max:    0.013771
Add Perf (MiB/s): avg: 157086.583748 best: 162227.363892
Triad Time (s): avg:    0.005148 min:    0.004955 max:    0.024017
Triad Perf (MiB/s): avg: 156440.235087 best: 162535.306293
VALIDATION disabled

real	0m18.084s
user	0m0.019s
sys	0m0.083s
