NRM Benchmarks:      ones-stream-full
Version:             0.1.0
Description: one progress per iteration, Stream benchmark
Array size:          33554432 (elements).
Memory per array:    256.0 MiB.
Kernel was executed: 10000 times.
Number of threads:   96
Progress Time (ns):   171741642707
Copy Time (s): avg:    0.003582 min:    0.003454 max:    0.012860
Copy Perf (MiB/s): avg: 149890.741429 best: 155444.984145
Scale Time (s): avg:    0.003685 min:    0.003619 max:    0.021907
Scale Perf (MiB/s): avg: 145685.442224 best: 148348.681673
Add Time (s): avg:    0.004848 min:    0.004808 max:    0.014164
Add Perf (MiB/s): avg: 166102.841606 best: 167500.077062
Triad Time (s): avg:    0.004878 min:    0.004841 max:    0.014018
Triad Perf (MiB/s): avg: 165091.667784 best: 166351.311858
VALIDATION disabled

real	2m51.849s
user	0m0.035s
sys	0m0.568s
