NRM Benchmarks:      phases-stream-full
Version:             0.1.0
Description: one progress per iteration, Stream benchmark
Array size:          33554432 (elements).
Memory per array:    256.0 MiB.
Kernel was executed: 5000 times.
Number of threads:   96
Progress Time (ns):   93399854566
Copy Time (s): avg:    0.003826 min:    0.003392 max:    0.014705
Copy Perf (MiB/s): avg: 140307.391586 best: 158252.668540
Scale Time (s): avg:    0.003909 min:    0.003707 max:    0.021526
Scale Perf (MiB/s): avg: 137346.507566 best: 144839.730701
Add Time (s): avg:    0.005327 min:    0.005188 max:    0.015911
Add Perf (MiB/s): avg: 151166.016580 best: 155225.478597
Triad Time (s): avg:    0.005334 min:    0.005174 max:    0.016089
Triad Perf (MiB/s): avg: 150966.011751 best: 155637.974979
VALIDATION disabled

real	1m33.511s
user	0m0.034s
sys	0m0.367s
