NRM Benchmarks:      ones-stream-full
Version:             0.1.0
Description: one progress per iteration, Stream benchmark
Array size:          33554432 (elements).
Memory per array:    256.0 MiB.
Kernel was executed: 10000 times.
Number of threads:   96
Progress Time (ns):   176555797033
Copy Time (s): avg:    0.003698 min:    0.003437 max:    0.015544
Copy Perf (MiB/s): avg: 145168.482163 best: 156222.485210
Scale Time (s): avg:    0.003844 min:    0.003593 max:    0.015842
Scale Perf (MiB/s): avg: 139660.471227 best: 149429.127539
Add Time (s): avg:    0.004977 min:    0.004787 max:    0.014920
Add Perf (MiB/s): avg: 161809.069519 best: 168211.542567
Triad Time (s): avg:    0.004976 min:    0.004817 max:    0.014782
Triad Perf (MiB/s): avg: 161847.259353 best: 167169.548604
VALIDATION disabled

real	2m56.738s
user	0m0.045s
sys	0m0.617s
