NRM Benchmarks:      ones-stream-full
Version:             0.1.0
Description: one progress per iteration, Stream benchmark
Array size:          33554432 (elements).
Memory per array:    256.0 MiB.
Kernel was executed: 10000 times.
Number of threads:   96
Progress Time (ns):   176160307460
Copy Time (s): avg:    0.003676 min:    0.003498 max:    0.010721
Copy Perf (MiB/s): avg: 146047.184152 best: 153492.292377
Scale Time (s): avg:    0.003742 min:    0.003603 max:    0.011193
Scale Perf (MiB/s): avg: 143479.926896 best: 149017.100562
Add Time (s): avg:    0.004963 min:    0.004803 max:    0.012172
Add Perf (MiB/s): avg: 162276.048841 best: 167663.039305
Triad Time (s): avg:    0.004999 min:    0.004835 max:    0.012062
Triad Perf (MiB/s): avg: 161079.193042 best: 166559.950560
VALIDATION disabled

real	2m56.364s
user	0m0.057s
sys	0m0.530s
