NRM Benchmarks:      ones-stream-full
Version:             0.1.0
Description: one progress per iteration, Stream benchmark
Array size:          33554432 (elements).
Memory per array:    256.0 MiB.
Kernel was executed: 10000 times.
Number of threads:   96
Progress Time (ns):   183352926460
Copy Time (s): avg:    0.003840 min:    0.003445 max:    0.012478
Copy Perf (MiB/s): avg: 139808.943556 best: 155852.194532
Scale Time (s): avg:    0.003923 min:    0.003599 max:    0.021703
Scale Perf (MiB/s): avg: 136846.999654 best: 149192.806789
Add Time (s): avg:    0.005172 min:    0.004772 max:    0.015267
Add Perf (MiB/s): avg: 155695.613092 best: 168771.498234
Triad Time (s): avg:    0.005198 min:    0.004800 max:    0.014962
Triad Perf (MiB/s): avg: 154934.852041 best: 167760.591509
VALIDATION disabled

real	3m3.520s
user	0m0.064s
sys	0m0.643s
