NRM Benchmarks:      phases-stream-full
Version:             0.1.0
Description: one progress per iteration, Stream benchmark
Array size:          33554432 (elements).
Memory per array:    256.0 MiB.
Kernel was executed: 5000 times.
Number of threads:   96
Progress Time (ns):   90219080307
Copy Time (s): avg:    0.003696 min:    0.003396 max:    0.014213
Copy Perf (MiB/s): avg: 145255.460693 best: 158096.598751
Scale Time (s): avg:    0.003706 min:    0.003615 max:    0.013910
Scale Perf (MiB/s): avg: 144884.640810 best: 148501.205030
Add Time (s): avg:    0.005145 min:    0.004969 max:    0.015495
Add Perf (MiB/s): avg: 156532.626152 best: 162076.749265
Triad Time (s): avg:    0.005148 min:    0.004968 max:    0.015447
Triad Perf (MiB/s): avg: 156441.043730 best: 162097.824348
VALIDATION disabled

real	1m30.331s
user	0m0.030s
sys	0m0.341s
