NRM Benchmarks:      ones-stream-full
Version:             0.1.0
Description: one progress per iteration, Stream benchmark
Array size:          33554432 (elements).
Memory per array:    256.0 MiB.
Kernel was executed: 10000 times.
Number of threads:   96
Progress Time (ns):   172049095272
Copy Time (s): avg:    0.003575 min:    0.003438 max:    0.013266
Copy Perf (MiB/s): avg: 150170.766379 best: 156172.405758
Scale Time (s): avg:    0.003664 min:    0.003599 max:    0.013575
Scale Perf (MiB/s): avg: 146520.926489 best: 149171.541007
Add Time (s): avg:    0.004862 min:    0.004795 max:    0.014840
Add Perf (MiB/s): avg: 165635.800239 best: 167964.093970
Triad Time (s): avg:    0.004898 min:    0.004829 max:    0.016311
Triad Perf (MiB/s): avg: 164426.401790 best: 166755.231016
VALIDATION disabled

real	2m52.260s
user	0m0.040s
sys	0m0.519s
