NRM Benchmarks:      ones-stream-full
Version:             0.1.0
Description: one progress per iteration, Stream benchmark
Array size:          33554432 (elements).
Memory per array:    256.0 MiB.
Kernel was executed: 10000 times.
Number of threads:   96
Progress Time (ns):   179145682868
Copy Time (s): avg:    0.003720 min:    0.003413 max:    0.014320
Copy Perf (MiB/s): avg: 144334.432881 best: 157316.004291
Scale Time (s): avg:    0.003875 min:    0.003573 max:    0.013642
Scale Perf (MiB/s): avg: 138554.899622 best: 150240.039447
Add Time (s): avg:    0.005068 min:    0.004770 max:    0.015690
Add Perf (MiB/s): avg: 158911.412599 best: 168829.596037
Triad Time (s): avg:    0.005063 min:    0.004798 max:    0.013847
Triad Perf (MiB/s): avg: 159042.322627 best: 167839.015875
VALIDATION disabled

real	2m59.248s
user	0m0.044s
sys	0m0.651s
