NRM Benchmarks:      phases-stream-full
Version:             0.1.0
Description: one progress per iteration, Stream benchmark
Array size:          33554432 (elements).
Memory per array:    256.0 MiB.
Kernel was executed: 5000 times.
Number of threads:   96
Progress Time (ns):   86169095417
Copy Time (s): avg:    0.003541 min:    0.003388 max:    0.013514
Copy Perf (MiB/s): avg: 151595.689496 best: 158473.901898
Scale Time (s): avg:    0.003567 min:    0.003462 max:    0.015456
Scale Perf (MiB/s): avg: 150496.438420 best: 155078.141781
Add Time (s): avg:    0.004947 min:    0.004766 max:    0.014618
Add Perf (MiB/s): avg: 162798.833758 best: 168967.251288
Triad Time (s): avg:    0.004949 min:    0.004796 max:    0.022634
Triad Perf (MiB/s): avg: 162720.671798 best: 167906.345154
VALIDATION disabled

real	1m26.278s
user	0m0.020s
sys	0m0.305s
