NRM Benchmarks:      ones-stream-full
Version:             0.1.0
Description: one progress per iteration, Stream benchmark
Array size:          33554432 (elements).
Memory per array:    256.0 MiB.
Kernel was executed: 10000 times.
Number of threads:   96
Progress Time (ns):   175868840616
Copy Time (s): avg:    0.003675 min:    0.003451 max:    0.013377
Copy Perf (MiB/s): avg: 146100.061249 best: 155581.070418
Scale Time (s): avg:    0.003769 min:    0.003622 max:    0.013295
Scale Perf (MiB/s): avg: 142455.675736 best: 148239.068537
Add Time (s): avg:    0.004963 min:    0.004811 max:    0.014382
Add Perf (MiB/s): avg: 162255.669970 best: 167377.880480
Triad Time (s): avg:    0.004993 min:    0.004850 max:    0.014569
Triad Perf (MiB/s): avg: 161278.500193 best: 166042.002336
VALIDATION disabled

real	2m55.977s
user	0m0.037s
sys	0m0.609s
