NRM Benchmarks:      ones-stream-full
Version:             0.1.0
Description: one progress per iteration, Stream benchmark
Array size:          33554432 (elements).
Memory per array:    256.0 MiB.
Kernel was executed: 10000 times.
Number of threads:   96
Progress Time (ns):   183272416088
Copy Time (s): avg:    0.003826 min:    0.003458 max:    0.013583
Copy Perf (MiB/s): avg: 140321.052231 best: 155242.086099
Scale Time (s): avg:    0.003934 min:    0.003637 max:    0.017519
Scale Perf (MiB/s): avg: 136467.063816 best: 147620.365510
Add Time (s): avg:    0.005178 min:    0.004836 max:    0.015262
Add Perf (MiB/s): avg: 155513.177886 best: 166513.422596
Triad Time (s): avg:    0.005214 min:    0.004873 max:    0.016133
Triad Perf (MiB/s): avg: 154440.531375 best: 165261.900589
VALIDATION disabled

real	3m3.448s
user	0m0.053s
sys	0m0.669s
