NRM Benchmarks:      phases-stream-full
Version:             0.1.0
Description: one progress per iteration, Stream benchmark
Array size:          33554432 (elements).
Memory per array:    256.0 MiB.
Kernel was executed: 5000 times.
Number of threads:   96
Progress Time (ns):   89552265548
Copy Time (s): avg:    0.003710 min:    0.003398 max:    0.014089
Copy Perf (MiB/s): avg: 144696.270081 best: 158012.191350
Scale Time (s): avg:    0.003717 min:    0.003621 max:    0.016532
Scale Perf (MiB/s): avg: 144425.701509 best: 148284.106640
Add Time (s): avg:    0.005143 min:    0.004967 max:    0.015647
Add Perf (MiB/s): avg: 156582.431767 best: 162119.818745
Triad Time (s): avg:    0.005152 min:    0.005004 max:    0.015601
Triad Perf (MiB/s): avg: 156311.921519 best: 160925.259571
VALIDATION disabled

real	1m29.937s
user	0m0.031s
sys	0m0.332s
