NRM Benchmarks:      ones-stream-full
Version:             0.1.0
Description: one progress per iteration, Stream benchmark
Array size:          33554432 (elements).
Memory per array:    256.0 MiB.
Kernel was executed: 10000 times.
Number of threads:   96
Progress Time (ns):   175837626696
Copy Time (s): avg:    0.003673 min:    0.003493 max:    0.011567
Copy Perf (MiB/s): avg: 146151.422227 best: 153715.545839
Scale Time (s): avg:    0.003750 min:    0.003606 max:    0.012506
Scale Perf (MiB/s): avg: 143178.630561 best: 148898.403298
Add Time (s): avg:    0.004961 min:    0.004806 max:    0.012780
Add Perf (MiB/s): avg: 162343.081030 best: 167559.220158
Triad Time (s): avg:    0.004993 min:    0.004836 max:    0.015460
Triad Perf (MiB/s): avg: 161278.258479 best: 166536.562789
VALIDATION disabled

real	2m56.044s
user	0m0.020s
sys	0m0.531s
