NRM Benchmarks:      ones-stream-full
Version:             0.1.0
Description: one progress per iteration, Stream benchmark
Array size:          33554432 (elements).
Memory per array:    256.0 MiB.
Kernel was executed: 10000 times.
Number of threads:   96
Progress Time (ns):   185748044131
Copy Time (s): avg:    0.003869 min:    0.003426 max:    0.014478
Copy Perf (MiB/s): avg: 138761.341996 best: 156684.389198
Scale Time (s): avg:    0.003987 min:    0.003592 max:    0.013795
Scale Perf (MiB/s): avg: 134658.116294 best: 149471.562532
Add Time (s): avg:    0.005267 min:    0.004777 max:    0.015627
Add Perf (MiB/s): avg: 152886.021536 best: 168575.704190
Triad Time (s): avg:    0.005282 min:    0.004806 max:    0.015657
Triad Perf (MiB/s): avg: 152463.067463 best: 167552.177953
VALIDATION disabled

real	3m5.856s
user	0m0.056s
sys	0m0.647s
