NRM Benchmarks:      ones-stream-full
Version:             0.1.0
Description: one progress per iteration, Stream benchmark
Array size:          33554432 (elements).
Memory per array:    256.0 MiB.
Kernel was executed: 10000 times.
Number of threads:   96
Progress Time (ns):   183872784526
Copy Time (s): avg:    0.003839 min:    0.003454 max:    0.015513
Copy Perf (MiB/s): avg: 139830.472156 best: 155451.870576
Scale Time (s): avg:    0.003946 min:    0.003593 max:    0.015455
Scale Perf (MiB/s): avg: 136065.243656 best: 149403.636530
Add Time (s): avg:    0.005193 min:    0.004786 max:    0.015518
Add Perf (MiB/s): avg: 155078.878707 best: 168266.864582
Triad Time (s): avg:    0.005211 min:    0.004811 max:    0.015344
Triad Perf (MiB/s): avg: 154545.795045 best: 167394.754576
VALIDATION disabled

real	3m3.977s
user	0m0.065s
sys	0m0.655s
