NRM Benchmarks:      ones-stream-full
Version:             0.1.0
Description: one progress per iteration, Stream benchmark
Array size:          33554432 (elements).
Memory per array:    256.0 MiB.
Kernel was executed: 10000 times.
Number of threads:   96
Progress Time (ns):   186217298154
Copy Time (s): avg:    0.003880 min:    0.003510 max:    0.014595
Copy Perf (MiB/s): avg: 138363.233537 best: 152936.680670
Scale Time (s): avg:    0.003944 min:    0.003602 max:    0.018469
Scale Perf (MiB/s): avg: 136128.037899 best: 149032.199250
Add Time (s): avg:    0.005266 min:    0.004807 max:    0.019831
Add Perf (MiB/s): avg: 152920.767632 best: 167512.411068
Triad Time (s): avg:    0.005288 min:    0.004835 max:    0.016123
Triad Perf (MiB/s): avg: 152290.614048 best: 166559.054884
VALIDATION disabled

real	3m6.423s
user	0m0.066s
sys	0m0.588s
