NRM Benchmarks:      ones-stream-full
Version:             0.1.0
Description: one progress per iteration, Stream benchmark
Array size:          33554432 (elements).
Memory per array:    256.0 MiB.
Kernel was executed: 10000 times.
Number of threads:   96
Progress Time (ns):   188881333400
Copy Time (s): avg:    0.003952 min:    0.003530 max:    0.023342
Copy Perf (MiB/s): avg: 135834.150922 best: 152073.085146
Scale Time (s): avg:    0.004058 min:    0.003627 max:    0.017145
Scale Perf (MiB/s): avg: 132314.547604 best: 148012.859538
Add Time (s): avg:    0.005337 min:    0.004838 max:    0.015622
Add Perf (MiB/s): avg: 150897.849658 best: 166462.860245
Triad Time (s): avg:    0.005358 min:    0.004861 max:    0.015547
Triad Perf (MiB/s): avg: 150298.320125 best: 165677.922033
VALIDATION disabled

real	3m8.987s
user	0m0.051s
sys	0m0.698s
