NRM Benchmarks:      phases-stream-full
Version:             0.1.0
Description: one progress per iteration, Stream benchmark
Array size:          33554432 (elements).
Memory per array:    256.0 MiB.
Kernel was executed: 1000 times.
Number of threads:   96
Progress Time (ns):   18005071371
Copy Time (s): avg:    0.003677 min:    0.003484 max:    0.012942
Copy Perf (MiB/s): avg: 146007.549514 best: 154096.128588
Scale Time (s): avg:    0.003779 min:    0.003528 max:    0.013490
Scale Perf (MiB/s): avg: 142062.144098 best: 152192.240355
Add Time (s): avg:    0.005140 min:    0.005012 max:    0.013956
Add Perf (MiB/s): avg: 156682.969603 best: 160680.717389
Triad Time (s): avg:    0.005115 min:    0.005010 max:    0.014872
Triad Perf (MiB/s): avg: 157425.573739 best: 160751.890512
VALIDATION disabled

real	0m18.374s
user	0m0.018s
sys	0m0.085s
