NRM Benchmarks:      ones-stream-full
Version:             0.1.0
Description: one progress per iteration, Stream benchmark
Array size:          33554432 (elements).
Memory per array:    256.0 MiB.
Kernel was executed: 10000 times.
Number of threads:   96
Progress Time (ns):   198014578583
Copy Time (s): avg:    0.004113 min:    0.003491 max:    0.016079
Copy Perf (MiB/s): avg: 130529.199724 best: 153771.108369
Scale Time (s): avg:    0.004229 min:    0.003620 max:    0.015511
Scale Perf (MiB/s): avg: 126942.626942 best: 148309.176054
Add Time (s): avg:    0.005562 min:    0.004806 max:    0.015104
Add Perf (MiB/s): avg: 144796.030527 best: 167568.076047
Triad Time (s): avg:    0.005578 min:    0.004836 max:    0.017241
Triad Perf (MiB/s): avg: 144368.910723 best: 166516.073750
VALIDATION disabled

real	3m18.222s
user	0m0.057s
sys	0m0.638s
