NRM Benchmarks:      ones-stream-full
Version:             0.1.0
Description: one progress per iteration, Stream benchmark
Array size:          33554432 (elements).
Memory per array:    256.0 MiB.
Kernel was executed: 10000 times.
Number of threads:   96
Progress Time (ns):   189005530655
Copy Time (s): avg:    0.003946 min:    0.003426 max:    0.014055
Copy Perf (MiB/s): avg: 136049.406729 best: 156692.712125
Scale Time (s): avg:    0.004061 min:    0.003593 max:    0.014490
Scale Perf (MiB/s): avg: 132213.056733 best: 149407.420126
Add Time (s): avg:    0.005350 min:    0.004781 max:    0.016432
Add Perf (MiB/s): avg: 150519.588309 best: 168443.125115
Triad Time (s): avg:    0.005359 min:    0.004810 max:    0.016056
Triad Perf (MiB/s): avg: 150260.037580 best: 167433.177579
VALIDATION disabled

real	3m9.184s
user	0m0.062s
sys	0m0.661s
