NRM Benchmarks:      ones-stream-full
Version:             0.1.0
Description: one progress per iteration, Stream benchmark
Array size:          33554432 (elements).
Memory per array:    256.0 MiB.
Kernel was executed: 10000 times.
Number of threads:   96
Progress Time (ns):   177716816193
Copy Time (s): avg:    0.003680 min:    0.003409 max:    0.011558
Copy Perf (MiB/s): avg: 145908.180177 best: 157488.181733
Scale Time (s): avg:    0.003808 min:    0.003587 max:    0.013543
Scale Perf (MiB/s): avg: 140991.359105 best: 149662.735194
Add Time (s): avg:    0.005033 min:    0.004784 max:    0.014680
Add Perf (MiB/s): avg: 160002.441278 best: 168340.308541
Triad Time (s): avg:    0.005065 min:    0.004817 max:    0.023310
Triad Perf (MiB/s): avg: 159004.810989 best: 167190.407046
VALIDATION disabled

real	2m57.826s
user	0m0.053s
sys	0m0.622s
