NRM Benchmarks:      phases-stream-full
Version:             0.1.0
Description: one progress per iteration, Stream benchmark
Array size:          33554432 (elements).
Memory per array:    256.0 MiB.
Kernel was executed: 5000 times.
Number of threads:   96
Progress Time (ns):   90424103166
Copy Time (s): avg:    0.003715 min:    0.003395 max:    0.013893
Copy Perf (MiB/s): avg: 144505.444136 best: 158154.582165
Scale Time (s): avg:    0.003751 min:    0.003618 max:    0.016789
Scale Perf (MiB/s): avg: 143124.310528 best: 148382.548670
Add Time (s): avg:    0.005170 min:    0.005047 max:    0.016208
Add Perf (MiB/s): avg: 155760.961196 best: 159564.779360
Triad Time (s): avg:    0.005166 min:    0.005027 max:    0.015447
Triad Perf (MiB/s): avg: 155896.346886 best: 160181.365324
VALIDATION disabled

real	1m30.802s
user	0m0.029s
sys	0m0.341s
