NRM Benchmarks:      ones-stream-full
Version:             0.1.0
Description: one progress per iteration, Stream benchmark
Array size:          33554432 (elements).
Memory per array:    256.0 MiB.
Kernel was executed: 10000 times.
Number of threads:   96
Progress Time (ns):   181858506786
Copy Time (s): avg:    0.003777 min:    0.003422 max:    0.014126
Copy Perf (MiB/s): avg: 142160.693443 best: 156883.879476
Scale Time (s): avg:    0.003889 min:    0.003592 max:    0.016076
Scale Perf (MiB/s): avg: 138047.700447 best: 149455.334542
Add Time (s): avg:    0.005155 min:    0.004782 max:    0.017280
Add Perf (MiB/s): avg: 156223.384307 best: 168410.083362
Triad Time (s): avg:    0.005169 min:    0.004812 max:    0.016442
Triad Perf (MiB/s): avg: 155791.341903 best: 167350.784670
VALIDATION disabled

real	3m1.960s
user	0m0.064s
sys	0m0.666s
