NRM Benchmarks:      ones-stream-full
Version:             0.1.0
Description: one progress per iteration, Stream benchmark
Array size:          33554432 (elements).
Memory per array:    256.0 MiB.
Kernel was executed: 10000 times.
Number of threads:   96
Progress Time (ns):   173289894777
Copy Time (s): avg:    0.003637 min:    0.003400 max:    0.016059
Copy Perf (MiB/s): avg: 147632.633238 best: 157916.446526
Scale Time (s): avg:    0.003741 min:    0.003571 max:    0.020211
Scale Perf (MiB/s): avg: 143525.923073 best: 150346.317100
Add Time (s): avg:    0.004875 min:    0.004726 max:    0.036086
Add Perf (MiB/s): avg: 165175.131778 best: 170394.243416
Triad Time (s): avg:    0.004905 min:    0.004759 max:    0.018803
Triad Perf (MiB/s): avg: 164165.838408 best: 169224.529525
VALIDATION disabled

real	2m53.497s
user	0m0.044s
sys	0m0.585s
