NRM Benchmarks:      ones-stream-full
Version:             0.1.0
Description: one progress per iteration, Stream benchmark
Array size:          33554432 (elements).
Memory per array:    256.0 MiB.
Kernel was executed: 10000 times.
Number of threads:   96
Progress Time (ns):   185085321771
Copy Time (s): avg:    0.003866 min:    0.003441 max:    0.013623
Copy Perf (MiB/s): avg: 138853.385232 best: 156014.198672
Scale Time (s): avg:    0.003984 min:    0.003594 max:    0.024075
Scale Perf (MiB/s): avg: 134770.926714 best: 149364.855319
Add Time (s): avg:    0.005218 min:    0.004789 max:    0.017817
Add Perf (MiB/s): avg: 154338.163175 best: 168157.204967
Triad Time (s): avg:    0.005254 min:    0.004810 max:    0.021039
Triad Perf (MiB/s): avg: 153265.561975 best: 167413.755053
VALIDATION disabled

real	3m5.459s
user	0m0.043s
sys	0m0.649s
