NRM Benchmarks:      ones-stream-full
Version:             0.1.0
Description: one progress per iteration, Stream benchmark
Array size:          33554432 (elements).
Memory per array:    256.0 MiB.
Kernel was executed: 10000 times.
Number of threads:   96
Progress Time (ns):   181291871317
Copy Time (s): avg:    0.003777 min:    0.003444 max:    0.014594
Copy Perf (MiB/s): avg: 142156.719854 best: 155888.126134
Scale Time (s): avg:    0.003949 min:    0.003589 max:    0.014462
Scale Perf (MiB/s): avg: 135954.616654 best: 149576.005249
Add Time (s): avg:    0.005118 min:    0.004782 max:    0.022809
Add Perf (MiB/s): avg: 157334.806361 best: 168417.620531
Triad Time (s): avg:    0.005116 min:    0.004809 max:    0.015951
Triad Perf (MiB/s): avg: 157421.161388 best: 167456.156278
VALIDATION disabled

real	3m1.669s
user	0m0.060s
sys	0m0.628s
