NRM Benchmarks:      ones-stream-full
Version:             0.1.0
Description: one progress per iteration, Stream benchmark
Array size:          33554432 (elements).
Memory per array:    256.0 MiB.
Kernel was executed: 10000 times.
Number of threads:   96
Progress Time (ns):   173364270562
Copy Time (s): avg:    0.003633 min:    0.003427 max:    0.015241
Copy Perf (MiB/s): avg: 147784.356975 best: 156679.816538
Scale Time (s): avg:    0.003707 min:    0.003594 max:    0.018313
Scale Perf (MiB/s): avg: 144843.833867 best: 149385.469619
Add Time (s): avg:    0.004867 min:    0.004777 max:    0.011948
Add Perf (MiB/s): avg: 165465.441857 best: 168596.597361
Triad Time (s): avg:    0.004888 min:    0.004816 max:    0.011889
Triad Perf (MiB/s): avg: 164767.686704 best: 167219.534277
VALIDATION disabled

real	2m53.568s
user	0m0.020s
sys	0m0.541s
