NRM Benchmarks:      ones-stream-full
Version:             0.1.0
Description: one progress per iteration, Stream benchmark
Array size:          33554432 (elements).
Memory per array:    256.0 MiB.
Kernel was executed: 10000 times.
Number of threads:   96
Progress Time (ns):   178299466591
Copy Time (s): avg:    0.003724 min:    0.003457 max:    0.013481
Copy Perf (MiB/s): avg: 144180.691089 best: 155283.440751
Scale Time (s): avg:    0.003844 min:    0.003594 max:    0.013544
Scale Perf (MiB/s): avg: 139660.668835 best: 149376.657972
Add Time (s): avg:    0.005037 min:    0.004794 max:    0.015517
Add Perf (MiB/s): avg: 159871.437785 best: 167975.725582
Triad Time (s): avg:    0.005039 min:    0.004816 max:    0.022014
Triad Perf (MiB/s): avg: 159808.404170 best: 167229.048825
VALIDATION disabled

real	2m58.674s
user	0m0.045s
sys	0m0.620s
