NRM Benchmarks:      phases-stream-full
Version:             0.1.0
Description: one progress per iteration, Stream benchmark
Array size:          33554432 (elements).
Memory per array:    256.0 MiB.
Kernel was executed: 5000 times.
Number of threads:   96
Progress Time (ns):   91961064205
Copy Time (s): avg:    0.003781 min:    0.003395 max:    0.014608
Copy Perf (MiB/s): avg: 141980.201174 best: 158155.513973
Scale Time (s): avg:    0.003845 min:    0.003621 max:    0.020323
Scale Perf (MiB/s): avg: 139623.826578 best: 148276.243472
Add Time (s): avg:    0.005275 min:    0.004992 max:    0.016320
Add Perf (MiB/s): avg: 152660.353702 best: 161331.956356
Triad Time (s): avg:    0.005199 min:    0.005060 max:    0.015373
Triad Perf (MiB/s): avg: 154884.302302 best: 159152.651344
VALIDATION disabled

real	1m32.140s
user	0m0.034s
sys	0m0.343s
