NRM Benchmarks:      ones-stream-full
Version:             0.1.0
Description: one progress per iteration, Stream benchmark
Array size:          33554432 (elements).
Memory per array:    256.0 MiB.
Kernel was executed: 10000 times.
Number of threads:   95
Progress Time (ns):   182610794885
Copy Time (s): avg:    0.003764 min:    0.003443 max:    0.017446
Copy Perf (MiB/s): avg: 142618.564099 best: 155926.836756
Scale Time (s): avg:    0.003927 min:    0.003616 max:    0.017431
Scale Perf (MiB/s): avg: 136705.893683 best: 148468.556644
Add Time (s): avg:    0.005158 min:    0.004797 max:    0.019596
Add Perf (MiB/s): avg: 156118.533067 best: 167876.943192
Triad Time (s): avg:    0.005177 min:    0.004831 max:    0.025506
Triad Perf (MiB/s): avg: 155563.733495 best: 166701.415968
VALIDATION disabled

real	3m2.991s
user	0m0.085s
sys	0m0.899s
