NRM Benchmarks:      phases-stream-full
Version:             0.1.0
Description: one progress per iteration, Stream benchmark
Array size:          33554432 (elements).
Memory per array:    256.0 MiB.
Kernel was executed: 1000 times.
Number of threads:   96
Progress Time (ns):   19073630442
Copy Time (s): avg:    0.003863 min:    0.003443 max:    0.013364
Copy Perf (MiB/s): avg: 138964.002619 best: 155923.440318
Scale Time (s): avg:    0.003989 min:    0.003772 max:    0.018373
Scale Perf (MiB/s): avg: 134585.441536 best: 142335.815662
Add Time (s): avg:    0.005473 min:    0.005186 max:    0.015044
Add Perf (MiB/s): avg: 147140.915018 best: 155290.971675
Triad Time (s): avg:    0.005415 min:    0.005259 max:    0.013994
Triad Perf (MiB/s): avg: 148728.017942 best: 153143.567393
VALIDATION disabled

real	0m19.169s
user	0m0.014s
sys	0m0.086s
