NRM Benchmarks:      ones-stream-full
Version:             0.1.0
Description: one progress per iteration, Stream benchmark
Array size:          33554432 (elements).
Memory per array:    256.0 MiB.
Kernel was executed: 10000 times.
Number of threads:   96
Progress Time (ns):   173285565195
Copy Time (s): avg:    0.003596 min:    0.003414 max:    0.014384
Copy Perf (MiB/s): avg: 149290.238165 best: 157234.131935
Scale Time (s): avg:    0.003716 min:    0.003588 max:    0.011384
Scale Perf (MiB/s): avg: 144474.576172 best: 149614.437558
Add Time (s): avg:    0.004905 min:    0.004778 max:    0.014376
Add Perf (MiB/s): avg: 164190.469829 best: 168531.076504
Triad Time (s): avg:    0.004923 min:    0.004800 max:    0.014335
Triad Perf (MiB/s): avg: 163584.678347 best: 167783.695129
VALIDATION disabled

real	2m53.381s
user	0m0.045s
sys	0m0.597s
