NRM Benchmarks:      ones-stream-full
Version:             0.1.0
Description: one progress per iteration, Stream benchmark
Array size:          33554432 (elements).
Memory per array:    256.0 MiB.
Kernel was executed: 10000 times.
Number of threads:   96
Progress Time (ns):   173012625283
Copy Time (s): avg:    0.003619 min:    0.003417 max:    0.010660
Copy Perf (MiB/s): avg: 148362.017499 best: 157112.011804
Scale Time (s): avg:    0.003665 min:    0.003593 max:    0.017514
Scale Perf (MiB/s): avg: 146467.905354 best: 149433.286767
Add Time (s): avg:    0.004857 min:    0.004776 max:    0.011291
Add Perf (MiB/s): avg: 165796.097506 best: 168604.927839
Triad Time (s): avg:    0.004886 min:    0.004813 max:    0.012301
Triad Perf (MiB/s): avg: 164806.152329 best: 167331.311715
VALIDATION disabled

real	2m53.209s
user	0m0.021s
sys	0m0.554s
