NRM Benchmarks:      ones-stream-full
Version:             0.1.0
Description: one progress per iteration, Stream benchmark
Array size:          33554432 (elements).
Memory per array:    256.0 MiB.
Kernel was executed: 10000 times.
Number of threads:   96
Progress Time (ns):   183086809106
Copy Time (s): avg:    0.003831 min:    0.003418 max:    0.013553
Copy Perf (MiB/s): avg: 140131.964472 best: 157059.063141
Scale Time (s): avg:    0.003911 min:    0.003588 max:    0.014340
Scale Perf (MiB/s): avg: 137284.770302 best: 149620.441785
Add Time (s): avg:    0.005153 min:    0.004751 max:    0.014959
Add Perf (MiB/s): avg: 156275.435473 best: 169500.250365
Triad Time (s): avg:    0.005182 min:    0.004786 max:    0.015213
Triad Perf (MiB/s): avg: 155392.617763 best: 168272.876980
VALIDATION disabled

real	3m3.253s
user	0m0.060s
sys	0m0.698s
