NRM Benchmarks:      ones-stream-full
Version:             0.1.0
Description: one progress per iteration, Stream benchmark
Array size:          33554432 (elements).
Memory per array:    256.0 MiB.
Kernel was executed: 10000 times.
Number of threads:   96
Progress Time (ns):   174708841677
Copy Time (s): avg:    0.003645 min:    0.003415 max:    0.013649
Copy Perf (MiB/s): avg: 147302.557404 best: 157201.213522
Scale Time (s): avg:    0.003759 min:    0.003582 max:    0.013087
Scale Perf (MiB/s): avg: 142811.111084 best: 149876.820764
Add Time (s): avg:    0.004940 min:    0.004783 max:    0.015489
Add Perf (MiB/s): avg: 163012.612214 best: 168373.217308
Triad Time (s): avg:    0.004948 min:    0.004813 max:    0.014138
Triad Perf (MiB/s): avg: 162738.740756 best: 167326.618020
VALIDATION disabled

real	2m54.876s
user	0m0.040s
sys	0m0.619s
