NRM Benchmarks:      ones-stream-full
Version:             0.1.0
Description: one progress per iteration, Stream benchmark
Array size:          33554432 (elements).
Memory per array:    256.0 MiB.
Kernel was executed: 10000 times.
Number of threads:   96
Progress Time (ns):   181346074443
Copy Time (s): avg:    0.003791 min:    0.003497 max:    0.013802
Copy Perf (MiB/s): avg: 141633.335783 best: 153502.035177
Scale Time (s): avg:    0.003862 min:    0.003603 max:    0.014307
Scale Perf (MiB/s): avg: 139016.925362 best: 149006.305842
Add Time (s): avg:    0.005134 min:    0.004802 max:    0.015524
Add Perf (MiB/s): avg: 156846.869959 best: 167703.995314
Triad Time (s): avg:    0.005151 min:    0.004834 max:    0.015609
Triad Perf (MiB/s): avg: 156326.009685 best: 166578.245132
VALIDATION disabled

real	3m1.553s
user	0m0.040s
sys	0m0.588s
