NRM Benchmarks:      phases-stream-full
Version:             0.1.0
Description: one progress per iteration, Stream benchmark
Array size:          33554432 (elements).
Memory per array:    256.0 MiB.
Kernel was executed: 2500 times.
Number of threads:   96
Progress Time (ns):   42878995633
Copy Time (s): avg:    0.003552 min:    0.003385 max:    0.012588
Copy Perf (MiB/s): avg: 151133.210698 best: 158620.031998
Scale Time (s): avg:    0.003572 min:    0.003387 max:    0.012737
Scale Perf (MiB/s): avg: 150292.329178 best: 158520.553721
Add Time (s): avg:    0.004903 min:    0.004733 max:    0.022095
Add Perf (MiB/s): avg: 164248.638529 best: 170150.581546
Triad Time (s): avg:    0.004913 min:    0.004731 max:    0.013499
Triad Perf (MiB/s): avg: 163929.616298 best: 170203.625163
VALIDATION disabled

real	0m43.037s
user	0m0.021s
sys	0m0.142s
