NRM Benchmarks:      ones-stream-full
Version:             0.1.0
Description: one progress per iteration, Stream benchmark
Array size:          33554432 (elements).
Memory per array:    256.0 MiB.
Kernel was executed: 10000 times.
Number of threads:   96
Progress Time (ns):   188280482086
Copy Time (s): avg:    0.003941 min:    0.003443 max:    0.015016
Copy Perf (MiB/s): avg: 136222.161600 best: 155950.344161
Scale Time (s): avg:    0.004016 min:    0.003587 max:    0.014628
Scale Perf (MiB/s): avg: 133690.927836 best: 149653.557078
Add Time (s): avg:    0.005315 min:    0.004790 max:    0.015998
Add Perf (MiB/s): avg: 151504.026953 best: 168109.394450
Triad Time (s): avg:    0.005348 min:    0.004811 max:    0.017038
Triad Perf (MiB/s): avg: 150573.429452 best: 167378.854562
VALIDATION disabled

real	3m8.658s
user	0m0.055s
sys	0m0.697s
