NRM Benchmarks:      ones-stream-full
Version:             0.1.0
Description: one progress per iteration, Stream benchmark
Array size:          33554432 (elements).
Memory per array:    256.0 MiB.
Kernel was executed: 10000 times.
Number of threads:   96
Progress Time (ns):   184375016160
Copy Time (s): avg:    0.003860 min:    0.003419 max:    0.014540
Copy Perf (MiB/s): avg: 139102.059198 best: 157027.458041
Scale Time (s): avg:    0.003978 min:    0.003596 max:    0.021360
Scale Perf (MiB/s): avg: 134950.883017 best: 149292.791568
Add Time (s): avg:    0.005193 min:    0.004773 max:    0.016576
Add Perf (MiB/s): avg: 155088.718749 best: 168717.717357
Triad Time (s): avg:    0.005210 min:    0.004803 max:    0.025272
Triad Perf (MiB/s): avg: 154570.966587 best: 167669.637003
VALIDATION disabled

real	3m4.747s
user	0m0.056s
sys	0m0.662s
