NRM Benchmarks:      ones-stream-full
Version:             0.1.0
Description: one progress per iteration, Stream benchmark
Array size:          33554432 (elements).
Memory per array:    256.0 MiB.
Kernel was executed: 10000 times.
Number of threads:   96
Progress Time (ns):   181290497425
Copy Time (s): avg:    0.003765 min:    0.003417 max:    0.016655
Copy Perf (MiB/s): avg: 142612.346148 best: 157101.667463
Scale Time (s): avg:    0.003948 min:    0.003589 max:    0.016833
Scale Perf (MiB/s): avg: 135976.337711 best: 149598.512015
Add Time (s): avg:    0.005132 min:    0.004787 max:    0.023576
Add Perf (MiB/s): avg: 156931.835692 best: 168210.242550
Triad Time (s): avg:    0.005126 min:    0.004813 max:    0.014966
Triad Perf (MiB/s): avg: 157112.488424 best: 167326.131281
VALIDATION disabled

real	3m1.392s
user	0m0.062s
sys	0m0.627s
