NRM Benchmarks:      ones-stream-full
Version:             0.1.0
Description: one progress per iteration, Stream benchmark
Array size:          33554432 (elements).
Memory per array:    256.0 MiB.
Kernel was executed: 10000 times.
Number of threads:   96
Progress Time (ns):   185128772325
Copy Time (s): avg:    0.003834 min:    0.003398 max:    0.018225
Copy Perf (MiB/s): avg: 140017.438982 best: 157981.456698
Scale Time (s): avg:    0.003970 min:    0.003544 max:    0.018391
Scale Perf (MiB/s): avg: 135242.026283 best: 151485.781602
Add Time (s): avg:    0.005231 min:    0.004709 max:    0.022609
Add Perf (MiB/s): avg: 153954.718987 best: 171010.493077
Triad Time (s): avg:    0.005252 min:    0.004742 max:    0.019052
Triad Perf (MiB/s): avg: 153338.359227 best: 169831.687647
VALIDATION disabled

real	3m5.326s
user	0m0.043s
sys	0m0.604s
