NRM Benchmarks:      phases-stream-full
Version:             0.1.0
Description: one progress per iteration, Stream benchmark
Array size:          33554432 (elements).
Memory per array:    256.0 MiB.
Kernel was executed: 1000 times.
Number of threads:   96
Progress Time (ns):   17509938019
Copy Time (s): avg:    0.003568 min:    0.003432 max:    0.005353
Copy Perf (MiB/s): avg: 150480.389166 best: 156447.693692
Scale Time (s): avg:    0.003620 min:    0.003439 max:    0.011726
Scale Perf (MiB/s): avg: 148316.842432 best: 156106.469857
Add Time (s): avg:    0.004997 min:    0.004802 max:    0.013894
Add Perf (MiB/s): avg: 161172.024214 best: 167716.568946
Triad Time (s): avg:    0.004989 min:    0.004823 max:    0.013368
Triad Perf (MiB/s): avg: 161408.270035 best: 166976.101436
VALIDATION disabled

real	0m17.623s
user	0m0.017s
sys	0m0.066s
