NRM Benchmarks:      ones-stream-full
Version:             0.1.0
Description: one progress per iteration, Stream benchmark
Array size:          33554432 (elements).
Memory per array:    256.0 MiB.
Kernel was executed: 10000 times.
Number of threads:   96
Progress Time (ns):   170536841050
Copy Time (s): avg:    0.003547 min:    0.003403 max:    0.012222
Copy Perf (MiB/s): avg: 151377.999711 best: 157785.009876
Scale Time (s): avg:    0.003664 min:    0.003579 max:    0.012661
Scale Perf (MiB/s): avg: 146506.256769 best: 150021.310384
Add Time (s): avg:    0.004823 min:    0.004761 max:    0.013937
Add Perf (MiB/s): avg: 166977.274986 best: 169155.819362
Triad Time (s): avg:    0.004851 min:    0.004789 max:    0.013677
Triad Perf (MiB/s): avg: 166002.417321 best: 168165.211147
VALIDATION disabled

real	2m50.644s
user	0m0.050s
sys	0m0.537s
