NRM Benchmarks:      phases-stream-full
Version:             0.1.0
Description: one progress per iteration, Stream benchmark
Array size:          33554432 (elements).
Memory per array:    256.0 MiB.
Kernel was executed: 1000 times.
Number of threads:   96
Progress Time (ns):   17974549785
Copy Time (s): avg:    0.003666 min:    0.003437 max:    0.012933
Copy Perf (MiB/s): avg: 146442.545668 best: 156197.532358
Scale Time (s): avg:    0.003722 min:    0.003487 max:    0.012586
Scale Perf (MiB/s): avg: 144248.793655 best: 153971.722618
Add Time (s): avg:    0.005146 min:    0.004978 max:    0.021926
Add Perf (MiB/s): avg: 156486.508575 best: 161778.567412
Triad Time (s): avg:    0.005137 min:    0.004969 max:    0.014752
Triad Perf (MiB/s): avg: 156756.462276 best: 162063.017524
VALIDATION disabled

real	0m18.144s
user	0m0.020s
sys	0m0.084s
