NRM Benchmarks:      ones-stream-full
Version:             0.1.0
Description: one progress per iteration, Stream benchmark
Array size:          33554432 (elements).
Memory per array:    256.0 MiB.
Kernel was executed: 10000 times.
Number of threads:   96
Progress Time (ns):   187752092240
Copy Time (s): avg:    0.003914 min:    0.003451 max:    0.013600
Copy Perf (MiB/s): avg: 137184.329330 best: 155553.167065
Scale Time (s): avg:    0.004040 min:    0.003633 max:    0.013989
Scale Perf (MiB/s): avg: 132903.799657 best: 147775.990399
Add Time (s): avg:    0.005314 min:    0.004809 max:    0.014575
Add Perf (MiB/s): avg: 151531.990920 best: 167458.663427
Triad Time (s): avg:    0.005333 min:    0.004836 max:    0.015182
Triad Perf (MiB/s): avg: 150990.757903 best: 166507.190994
VALIDATION disabled

real	3m7.854s
user	0m0.046s
sys	0m0.735s
