NRM Benchmarks:      ones-stream-full
Version:             0.1.0
Description: one progress per iteration, Stream benchmark
Array size:          33554432 (elements).
Memory per array:    256.0 MiB.
Kernel was executed: 10000 times.
Number of threads:   96
Progress Time (ns):   180134093204
Copy Time (s): avg:    0.003753 min:    0.003432 max:    0.014164
Copy Perf (MiB/s): avg: 143058.984509 best: 156421.256030
Scale Time (s): avg:    0.003911 min:    0.003590 max:    0.014651
Scale Perf (MiB/s): avg: 137259.985994 best: 149558.587995
Add Time (s): avg:    0.005081 min:    0.004776 max:    0.014914
Add Perf (MiB/s): avg: 158500.529653 best: 168632.855066
Triad Time (s): avg:    0.005076 min:    0.004814 max:    0.014574
Triad Perf (MiB/s): avg: 158637.977508 best: 167288.209152
VALIDATION disabled

real	3m0.225s
user	0m0.047s
sys	0m0.656s
