NRM Benchmarks:      phases-stream-full
Version:             0.1.0
Description: one progress per iteration, Stream benchmark
Array size:          33554432 (elements).
Memory per array:    256.0 MiB.
Kernel was executed: 5000 times.
Number of threads:   96
Progress Time (ns):   90457648807
Copy Time (s): avg:    0.003705 min:    0.003392 max:    0.013998
Copy Perf (MiB/s): avg: 144898.161861 best: 158264.984547
Scale Time (s): avg:    0.003735 min:    0.003618 max:    0.017270
Scale Perf (MiB/s): avg: 143734.779083 best: 148381.851493
Add Time (s): avg:    0.005165 min:    0.005022 max:    0.015188
Add Perf (MiB/s): avg: 155923.883918 best: 160344.852798
Triad Time (s): avg:    0.005163 min:    0.005020 max:    0.015425
Triad Perf (MiB/s): avg: 155977.930684 best: 160414.130913
VALIDATION disabled

real	1m30.562s
user	0m0.025s
sys	0m0.346s
