NRM Benchmarks:      ones-stream-full
Version:             0.1.0
Description: one progress per iteration, Stream benchmark
Array size:          33554432 (elements).
Memory per array:    256.0 MiB.
Kernel was executed: 10000 times.
Number of threads:   96
Progress Time (ns):   178870634175
Copy Time (s): avg:    0.003724 min:    0.003461 max:    0.012181
Copy Perf (MiB/s): avg: 144154.933624 best: 155128.283796
Scale Time (s): avg:    0.003879 min:    0.003635 max:    0.022177
Scale Perf (MiB/s): avg: 138394.912362 best: 147691.798466
Add Time (s): avg:    0.005062 min:    0.004844 max:    0.015145
Add Perf (MiB/s): avg: 159095.086247 best: 166241.525785
Triad Time (s): avg:    0.005056 min:    0.004870 max:    0.014807
Triad Perf (MiB/s): avg: 159266.807630 best: 165346.967797
VALIDATION disabled

real	2m59.040s
user	0m0.046s
sys	0m0.672s
