NRM Benchmarks:      phases-stream-full
Version:             0.1.0
Description: one progress per iteration, Stream benchmark
Array size:          33554432 (elements).
Memory per array:    256.0 MiB.
Kernel was executed: 5000 times.
Number of threads:   96
Progress Time (ns):   87895714658
Copy Time (s): avg:    0.003616 min:    0.003389 max:    0.013680
Copy Perf (MiB/s): avg: 148451.784497 best: 158424.846517
Scale Time (s): avg:    0.003622 min:    0.003421 max:    0.013660
Scale Perf (MiB/s): avg: 148223.710373 best: 156956.530713
Add Time (s): avg:    0.005017 min:    0.004836 max:    0.014861
Add Perf (MiB/s): avg: 160501.119915 best: 166508.740244
Triad Time (s): avg:    0.005017 min:    0.004892 max:    0.012350
Triad Perf (MiB/s): avg: 160515.299083 best: 164627.601328
VALIDATION disabled

real	1m28.265s
user	0m0.031s
sys	0m0.310s
