NRM Benchmarks:      ones-stream-full
Version:             0.1.0
Description: one progress per iteration, Stream benchmark
Array size:          33554432 (elements).
Memory per array:    256.0 MiB.
Kernel was executed: 10000 times.
Number of threads:   96
Progress Time (ns):   177547009337
Copy Time (s): avg:    0.003704 min:    0.003479 max:    0.013311
Copy Perf (MiB/s): avg: 144938.369248 best: 154308.102922
Scale Time (s): avg:    0.003791 min:    0.003602 max:    0.013525
Scale Perf (MiB/s): avg: 141599.906858 best: 149054.790946
Add Time (s): avg:    0.005013 min:    0.004801 max:    0.015189
Add Perf (MiB/s): avg: 160643.518331 best: 167748.570357
Triad Time (s): avg:    0.005044 min:    0.004832 max:    0.014937
Triad Perf (MiB/s): avg: 159654.572185 best: 166656.395433
VALIDATION disabled

real	2m57.754s
user	0m0.032s
sys	0m0.552s
