NRM Benchmarks:      ones-stream-full
Version:             0.1.0
Description: one progress per iteration, Stream benchmark
Array size:          33554432 (elements).
Memory per array:    256.0 MiB.
Kernel was executed: 10000 times.
Number of threads:   96
Progress Time (ns):   193022261876
Copy Time (s): avg:    0.004015 min:    0.003451 max:    0.016368
Copy Perf (MiB/s): avg: 133723.563566 best: 155565.787697
Scale Time (s): avg:    0.004145 min:    0.003608 max:    0.021384
Scale Perf (MiB/s): avg: 129508.472004 best: 148812.391707
Add Time (s): avg:    0.005436 min:    0.004807 max:    0.018083
Add Perf (MiB/s): avg: 148153.367658 best: 167537.572495
Triad Time (s): avg:    0.005465 min:    0.004835 max:    0.022994
Triad Perf (MiB/s): avg: 147355.292421 best: 166556.574600
VALIDATION disabled

real	3m13.229s
user	0m0.030s
sys	0m0.679s
