NRM Benchmarks:      ones-stream-full
Version:             0.1.0
Description: one progress per iteration, Stream benchmark
Array size:          33554432 (elements).
Memory per array:    256.0 MiB.
Kernel was executed: 10000 times.
Number of threads:   96
Progress Time (ns):   171609895850
Copy Time (s): avg:    0.003611 min:    0.003386 max:    0.029218
Copy Perf (MiB/s): avg: 148696.693032 best: 158550.234265
Scale Time (s): avg:    0.003708 min:    0.003563 max:    0.015439
Scale Perf (MiB/s): avg: 144798.871164 best: 150682.123203
Add Time (s): avg:    0.004816 min:    0.004703 max:    0.016493
Add Perf (MiB/s): avg: 167216.803166 best: 171228.915068
Triad Time (s): avg:    0.004855 min:    0.004744 max:    0.017094
Triad Perf (MiB/s): avg: 165882.383394 best: 169762.268932
VALIDATION disabled

real	2m52.021s
user	0m0.063s
sys	0m0.600s
