NRM Benchmarks:      ones-stream-full
Version:             0.1.0
Description: one progress per iteration, Stream benchmark
Array size:          33554432 (elements).
Memory per array:    256.0 MiB.
Kernel was executed: 10000 times.
Number of threads:   96
Progress Time (ns):   173114011830
Copy Time (s): avg:    0.003608 min:    0.003455 max:    0.020426
Copy Perf (MiB/s): avg: 148786.588657 best: 155411.325928
Scale Time (s): avg:    0.003746 min:    0.003628 max:    0.013301
Scale Perf (MiB/s): avg: 143320.158542 best: 147989.073189
Add Time (s): avg:    0.004887 min:    0.004812 max:    0.013967
Add Perf (MiB/s): avg: 164778.213550 best: 167364.279304
Triad Time (s): avg:    0.004894 min:    0.004845 max:    0.014104
Triad Perf (MiB/s): avg: 164534.606605 best: 166219.599681
VALIDATION disabled

real	2m53.287s
user	0m0.052s
sys	0m0.551s
