NRM Benchmarks:      phases-stream-full
Version:             0.1.0
Description: one progress per iteration, Stream benchmark
Array size:          33554432 (elements).
Memory per array:    256.0 MiB.
Kernel was executed: 5000 times.
Number of threads:   96
Progress Time (ns):   97103225080
Copy Time (s): avg:    0.003931 min:    0.003392 max:    0.015136
Copy Perf (MiB/s): avg: 136564.337706 best: 158258.499744
Scale Time (s): avg:    0.003989 min:    0.003730 max:    0.015526
Scale Perf (MiB/s): avg: 134591.680263 best: 143917.362457
Add Time (s): avg:    0.005437 min:    0.005228 max:    0.016746
Add Perf (MiB/s): avg: 148109.317364 best: 154038.887195
Triad Time (s): avg:    0.005777 min:    0.005228 max:    0.016924
Triad Perf (MiB/s): avg: 139396.541240 best: 154040.979205
VALIDATION disabled

real	1m37.207s
user	0m0.034s
sys	0m0.375s
