NRM Benchmarks:      phases-stream-full
Version:             0.1.0
Description: one progress per iteration, Stream benchmark
Array size:          33554432 (elements).
Memory per array:    256.0 MiB.
Kernel was executed: 5000 times.
Number of threads:   96
Progress Time (ns):   84182480262
Copy Time (s): avg:    0.003508 min:    0.003401 max:    0.013219
Copy Perf (MiB/s): avg: 153049.625373 best: 157870.381659
Scale Time (s): avg:    0.003521 min:    0.003403 max:    0.012702
Scale Perf (MiB/s): avg: 152480.719988 best: 157764.794006
Add Time (s): avg:    0.004838 min:    0.004745 max:    0.014383
Add Perf (MiB/s): avg: 166444.318423 best: 169718.835038
Triad Time (s): avg:    0.004836 min:    0.004744 max:    0.014571
Triad Perf (MiB/s): avg: 166540.023373 best: 169740.227209
VALIDATION disabled

real	1m24.296s
user	0m0.027s
sys	0m0.272s
