NRM Benchmarks:      ones-stream-full
Version:             0.1.0
Description: one progress per iteration, Stream benchmark
Array size:          33554432 (elements).
Memory per array:    256.0 MiB.
Kernel was executed: 10000 times.
Number of threads:   96
Progress Time (ns):   182903443125
Copy Time (s): avg:    0.003797 min:    0.003464 max:    0.014245
Copy Perf (MiB/s): avg: 141397.711876 best: 154982.607752
Scale Time (s): avg:    0.003911 min:    0.003598 max:    0.015174
Scale Perf (MiB/s): avg: 137257.002522 best: 149194.465194
Add Time (s): avg:    0.005180 min:    0.004787 max:    0.015325
Add Perf (MiB/s): avg: 155466.554488 best: 168236.914476
Triad Time (s): avg:    0.005202 min:    0.004821 max:    0.015383
Triad Perf (MiB/s): avg: 154809.465732 best: 167027.565034
VALIDATION disabled

real	3m2.998s
user	0m0.051s
sys	0m0.680s
