NRM Benchmarks:      phases-stream-full
Version:             0.1.0
Description: one progress per iteration, Stream benchmark
Array size:          33554432 (elements).
Memory per array:    256.0 MiB.
Kernel was executed: 2500 times.
Number of threads:   96
Progress Time (ns):   45176537915
Copy Time (s): avg:    0.003663 min:    0.003381 max:    0.011910
Copy Perf (MiB/s): avg: 146562.016651 best: 158785.026728
Scale Time (s): avg:    0.003809 min:    0.003392 max:    0.016882
Scale Perf (MiB/s): avg: 140954.557940 best: 158295.549587
Add Time (s): avg:    0.005169 min:    0.004937 max:    0.017725
Add Perf (MiB/s): avg: 155783.632676 best: 163111.487126
Triad Time (s): avg:    0.005131 min:    0.004951 max:    0.015285
Triad Perf (MiB/s): avg: 156936.568429 best: 162657.233847
VALIDATION disabled

real	0m45.342s
user	0m0.035s
sys	0m0.179s
