NRM Benchmarks:      phases-stream-full
Version:             0.1.0
Description: one progress per iteration, Stream benchmark
Array size:          33554432 (elements).
Memory per array:    256.0 MiB.
Kernel was executed: 5000 times.
Number of threads:   96
Progress Time (ns):   88847190381
Copy Time (s): avg:    0.003656 min:    0.003398 max:    0.014285
Copy Perf (MiB/s): avg: 146835.576378 best: 158013.493535
Scale Time (s): avg:    0.003673 min:    0.003450 max:    0.015520
Scale Perf (MiB/s): avg: 146157.165231 best: 155635.328032
Add Time (s): avg:    0.005078 min:    0.004928 max:    0.017936
Add Perf (MiB/s): avg: 158599.711801 best: 163409.467650
Triad Time (s): avg:    0.005067 min:    0.004958 max:    0.015035
Triad Perf (MiB/s): avg: 158946.584383 best: 162436.624500
VALIDATION disabled

real	1m28.952s
user	0m0.025s
sys	0m0.307s
