NRM Benchmarks:      ones-stream-full
Version:             0.1.0
Description: one progress per iteration, Stream benchmark
Array size:          33554432 (elements).
Memory per array:    256.0 MiB.
Kernel was executed: 10000 times.
Number of threads:   96
Progress Time (ns):   180110122734
Copy Time (s): avg:    0.003768 min:    0.003483 max:    0.013108
Copy Perf (MiB/s): avg: 142476.338035 best: 154146.920972
Scale Time (s): avg:    0.003908 min:    0.003580 max:    0.016172
Scale Perf (MiB/s): avg: 137378.476388 best: 149977.766666
Add Time (s): avg:    0.005076 min:    0.004758 max:    0.014294
Add Perf (MiB/s): avg: 158664.003864 best: 169260.737662
Triad Time (s): avg:    0.005074 min:    0.004789 max:    0.015733
Triad Perf (MiB/s): avg: 158712.089209 best: 168159.346896
VALIDATION disabled

real	3m0.273s
user	0m0.048s
sys	0m0.644s
