NRM Benchmarks:      ones-stream-full
Version:             0.1.0
Description: one progress per iteration, Stream benchmark
Array size:          33554432 (elements).
Memory per array:    256.0 MiB.
Kernel was executed: 10000 times.
Number of threads:   96
Progress Time (ns):   175707739210
Copy Time (s): avg:    0.003665 min:    0.003451 max:    0.013005
Copy Perf (MiB/s): avg: 146501.576612 best: 155591.440935
Scale Time (s): avg:    0.003774 min:    0.003627 max:    0.013086
Scale Perf (MiB/s): avg: 142242.214076 best: 148023.837292
Add Time (s): avg:    0.004964 min:    0.004803 max:    0.014409
Add Perf (MiB/s): avg: 162243.378597 best: 167677.108039
Triad Time (s): avg:    0.004987 min:    0.004846 max:    0.014392
Triad Perf (MiB/s): avg: 161481.854097 best: 166178.370941
VALIDATION disabled

real	2m55.815s
user	0m0.055s
sys	0m0.615s
