NRM Benchmarks:      ones-stream-full
Version:             0.1.0
Description: one progress per iteration, Stream benchmark
Array size:          33554432 (elements).
Memory per array:    256.0 MiB.
Kernel was executed: 10000 times.
Number of threads:   96
Progress Time (ns):   176887791527
Copy Time (s): avg:    0.003710 min:    0.003457 max:    0.013053
Copy Perf (MiB/s): avg: 144721.859755 best: 155302.935816
Scale Time (s): avg:    0.003813 min:    0.003582 max:    0.013129
Scale Perf (MiB/s): avg: 140787.893573 best: 149879.791514
Add Time (s): avg:    0.004982 min:    0.004780 max:    0.021659
Add Perf (MiB/s): avg: 161639.462649 best: 168487.494720
Triad Time (s): avg:    0.005001 min:    0.004802 max:    0.014362
Triad Perf (MiB/s): avg: 161044.465499 best: 167689.118951
VALIDATION disabled

real	2m56.993s
user	0m0.053s
sys	0m0.622s
