NRM Benchmarks:      ones-stream-full
Version:             0.1.0
Description: one progress per iteration, Stream benchmark
Array size:          33554432 (elements).
Memory per array:    256.0 MiB.
Kernel was executed: 10000 times.
Number of threads:   96
Progress Time (ns):   175395944007
Copy Time (s): avg:    0.003653 min:    0.003475 max:    0.013226
Copy Perf (MiB/s): avg: 146957.786823 best: 154490.825153
Scale Time (s): avg:    0.003742 min:    0.003602 max:    0.013561
Scale Perf (MiB/s): avg: 143483.689883 best: 149036.170920
Add Time (s): avg:    0.004955 min:    0.004801 max:    0.015051
Add Perf (MiB/s): avg: 162515.024154 best: 167722.192763
Triad Time (s): avg:    0.004983 min:    0.004835 max:    0.014987
Triad Perf (MiB/s): avg: 161616.898939 best: 166549.203081
VALIDATION disabled

real	2m55.611s
user	0m0.014s
sys	0m0.571s
