NRM Benchmarks:      phases-stream-full
Version:             0.1.0
Description: one progress per iteration, Stream benchmark
Array size:          33554432 (elements).
Memory per array:    256.0 MiB.
Kernel was executed: 5000 times.
Number of threads:   96
Progress Time (ns):   87264156568
Copy Time (s): avg:    0.003600 min:    0.003386 max:    0.013617
Copy Perf (MiB/s): avg: 149133.158225 best: 158549.485092
Scale Time (s): avg:    0.003616 min:    0.003457 max:    0.015364
Scale Perf (MiB/s): avg: 148461.072790 best: 155298.488354
Add Time (s): avg:    0.004952 min:    0.004794 max:    0.023104
Add Perf (MiB/s): avg: 162632.086961 best: 167987.218637
Triad Time (s): avg:    0.004968 min:    0.004793 max:    0.014804
Triad Perf (MiB/s): avg: 162114.894588 best: 168017.500554
VALIDATION disabled

real	1m27.378s
user	0m0.031s
sys	0m0.307s
