NRM Benchmarks:      ones-stream-full
Version:             0.1.0
Description: one progress per iteration, Stream benchmark
Array size:          33554432 (elements).
Memory per array:    256.0 MiB.
Kernel was executed: 10000 times.
Number of threads:   96
Progress Time (ns):   176716729106
Copy Time (s): avg:    0.003689 min:    0.003463 max:    0.013790
Copy Perf (MiB/s): avg: 145518.962170 best: 155009.903963
Scale Time (s): avg:    0.003794 min:    0.003591 max:    0.013459
Scale Perf (MiB/s): avg: 141513.917316 best: 149486.045867
Add Time (s): avg:    0.004992 min:    0.004787 max:    0.016051
Add Perf (MiB/s): avg: 161333.757171 best: 168217.656427
Triad Time (s): avg:    0.005012 min:    0.004813 max:    0.015027
Triad Perf (MiB/s): avg: 160665.920854 best: 167324.705849
VALIDATION disabled

real	2m56.813s
user	0m0.050s
sys	0m0.595s
