NRM Benchmarks:      ones-stream-full
Version:             0.1.0
Description: one progress per iteration, Stream benchmark
Array size:          33554432 (elements).
Memory per array:    256.0 MiB.
Kernel was executed: 10000 times.
Number of threads:   96
Progress Time (ns):   190089502913
Copy Time (s): avg:    0.003970 min:    0.003419 max:    0.014551
Copy Perf (MiB/s): avg: 135218.208004 best: 157015.793094
Scale Time (s): avg:    0.004087 min:    0.003595 max:    0.014308
Scale Perf (MiB/s): avg: 131353.182640 best: 149320.528916
Add Time (s): avg:    0.005387 min:    0.004781 max:    0.017040
Add Perf (MiB/s): avg: 149477.886621 best: 168429.737768
Triad Time (s): avg:    0.005393 min:    0.004815 max:    0.017190
Triad Perf (MiB/s): avg: 149334.479136 best: 167261.072884
VALIDATION disabled

real	3m10.457s
user	0m0.070s
sys	0m0.732s
