NRM Benchmarks:      phases-stream-full
Version:             0.1.0
Description: one progress per iteration, Stream benchmark
Array size:          33554432 (elements).
Memory per array:    256.0 MiB.
Kernel was executed: 5000 times.
Number of threads:   96
Progress Time (ns):   92324437305
Copy Time (s): avg:    0.003800 min:    0.003384 max:    0.014601
Copy Perf (MiB/s): avg: 141283.110178 best: 158668.270478
Scale Time (s): avg:    0.003814 min:    0.003677 max:    0.014333
Scale Perf (MiB/s): avg: 140754.613792 best: 146017.155294
Add Time (s): avg:    0.005261 min:    0.005038 max:    0.015662
Add Perf (MiB/s): avg: 153058.159885 best: 159857.768405
Triad Time (s): avg:    0.005280 min:    0.005074 max:    0.015235
Triad Perf (MiB/s): avg: 152524.207556 best: 158715.834484
VALIDATION disabled

real	1m32.423s
user	0m0.036s
sys	0m0.334s
