NRM Benchmarks:      phases-stream-full
Version:             0.1.0
Description: one progress per iteration, Stream benchmark
Array size:          33554432 (elements).
Memory per array:    256.0 MiB.
Kernel was executed: 5000 times.
Number of threads:   96
Progress Time (ns):   86781441098
Copy Time (s): avg:    0.003600 min:    0.003407 max:    0.015851
Copy Perf (MiB/s): avg: 149127.533874 best: 157592.797951
Scale Time (s): avg:    0.003602 min:    0.003403 max:    0.014707
Scale Perf (MiB/s): avg: 149028.812849 best: 157785.751842
Add Time (s): avg:    0.004961 min:    0.004752 max:    0.013569
Add Perf (MiB/s): avg: 162311.583608 best: 169459.981415
Triad Time (s): avg:    0.004979 min:    0.004759 max:    0.014933
Triad Perf (MiB/s): avg: 161726.156579 best: 169222.609290
VALIDATION disabled

real	1m26.889s
user	0m0.045s
sys	0m0.301s
