NRM Benchmarks:      ones-stream-full
Version:             0.1.0
Description: one progress per iteration, Stream benchmark
Array size:          33554432 (elements).
Memory per array:    256.0 MiB.
Kernel was executed: 10000 times.
Number of threads:   96
Progress Time (ns):   176455839956
Copy Time (s): avg:    0.003666 min:    0.003487 max:    0.013691
Copy Perf (MiB/s): avg: 146450.632682 best: 153974.946239
Scale Time (s): avg:    0.003755 min:    0.003604 max:    0.014049
Scale Perf (MiB/s): avg: 142966.994056 best: 148950.248088
Add Time (s): avg:    0.004983 min:    0.004805 max:    0.019747
Add Perf (MiB/s): avg: 161621.348343 best: 167600.962600
Triad Time (s): avg:    0.005025 min:    0.004834 max:    0.015216
Triad Perf (MiB/s): avg: 160254.785785 best: 166608.193508
VALIDATION disabled

real	2m56.669s
user	0m0.034s
sys	0m0.551s
