NRM Benchmarks:      ones-stream-full
Version:             0.1.0
Description: one progress per iteration, Stream benchmark
Array size:          33554432 (elements).
Memory per array:    256.0 MiB.
Kernel was executed: 10000 times.
Number of threads:   96
Progress Time (ns):   181767521111
Copy Time (s): avg:    0.003774 min:    0.003450 max:    0.013584
Copy Perf (MiB/s): avg: 142266.576415 best: 155597.528621
Scale Time (s): avg:    0.003886 min:    0.003591 max:    0.014623
Scale Perf (MiB/s): avg: 138142.985582 best: 149501.947473
Add Time (s): avg:    0.005143 min:    0.004785 max:    0.012486
Add Perf (MiB/s): avg: 156568.420193 best: 168311.317253
Triad Time (s): avg:    0.005169 min:    0.004815 max:    0.015469
Triad Perf (MiB/s): avg: 155807.118536 best: 167262.914119
VALIDATION disabled

real	3m1.873s
user	0m0.058s
sys	0m0.605s
