NRM Benchmarks:      ones-stream-full
Version:             0.1.0
Description: one progress per iteration, Stream benchmark
Array size:          33554432 (elements).
Memory per array:    256.0 MiB.
Kernel was executed: 10000 times.
Number of threads:   96
Progress Time (ns):   169595274100
Copy Time (s): avg:    0.003517 min:    0.003399 max:    0.012536
Copy Perf (MiB/s): avg: 152662.423654 best: 157948.782281
Scale Time (s): avg:    0.003644 min:    0.003583 max:    0.013095
Scale Perf (MiB/s): avg: 147339.804482 best: 149841.766448
Add Time (s): avg:    0.004815 min:    0.004759 max:    0.021042
Add Perf (MiB/s): avg: 167232.930439 best: 169226.058632
Triad Time (s): avg:    0.004829 min:    0.004788 max:    0.014069
Triad Perf (MiB/s): avg: 166767.725667 best: 168209.188498
VALIDATION disabled

real	2m49.692s
user	0m0.037s
sys	0m0.522s
