NRM Benchmarks:      ones-stream-full
Version:             0.1.0
Description: one progress per iteration, Stream benchmark
Array size:          33554432 (elements).
Memory per array:    256.0 MiB.
Kernel was executed: 10000 times.
Number of threads:   95
Progress Time (ns):   179703864873
Copy Time (s): avg:    0.003684 min:    0.003452 max:    0.041591
Copy Perf (MiB/s): avg: 145736.005857 best: 155532.888196
Scale Time (s): avg:    0.003862 min:    0.003618 max:    0.020142
Scale Perf (MiB/s): avg: 139029.329903 best: 148381.523413
Add Time (s): avg:    0.005099 min:    0.004816 max:    0.017706
Add Perf (MiB/s): avg: 157934.793122 best: 167208.111305
Triad Time (s): avg:    0.005118 min:    0.004844 max:    0.024449
Triad Perf (MiB/s): avg: 157345.897659 best: 166265.345666
VALIDATION disabled

real	3m0.091s
user	0m0.082s
sys	0m0.875s
