NRM Benchmarks:      phases-stream-full
Version:             0.1.0
Description: one progress per iteration, Stream benchmark
Array size:          33554432 (elements).
Memory per array:    256.0 MiB.
Kernel was executed: 5000 times.
Number of threads:   96
Progress Time (ns):   83752282322
Copy Time (s): avg:    0.003475 min:    0.003388 max:    0.014172
Copy Perf (MiB/s): avg: 154502.231495 best: 158465.575776
Scale Time (s): avg:    0.003479 min:    0.003395 max:    0.015234
Scale Perf (MiB/s): avg: 154299.421823 best: 158124.863264
Add Time (s): avg:    0.004793 min:    0.004740 max:    0.014022
Add Perf (MiB/s): avg: 168010.548305 best: 169908.690994
Triad Time (s): avg:    0.004801 min:    0.004742 max:    0.006565
Triad Perf (MiB/s): avg: 167739.241265 best: 169834.230617
VALIDATION disabled

real	1m23.851s
user	0m0.024s
sys	0m0.286s
