NRM Benchmarks:      ones-stream-full
Version:             0.1.0
Description: one progress per iteration, Stream benchmark
Array size:          33554432 (elements).
Memory per array:    256.0 MiB.
Kernel was executed: 10000 times.
Number of threads:   96
Progress Time (ns):   187591876019
Copy Time (s): avg:    0.003917 min:    0.003497 max:    0.013944
Copy Perf (MiB/s): avg: 137074.734041 best: 153529.866022
Scale Time (s): avg:    0.004028 min:    0.003633 max:    0.014908
Scale Perf (MiB/s): avg: 133271.227169 best: 147786.038046
Add Time (s): avg:    0.005309 min:    0.004835 max:    0.019210
Add Perf (MiB/s): avg: 151679.864669 best: 166547.480857
Triad Time (s): avg:    0.005302 min:    0.004861 max:    0.016246
Triad Perf (MiB/s): avg: 151873.058362 best: 165656.212491
VALIDATION disabled

real	3m7.703s
user	0m0.035s
sys	0m0.713s
