NRM Benchmarks:      ones-stream-full
Version:             0.1.0
Description: one progress per iteration, Stream benchmark
Array size:          33554432 (elements).
Memory per array:    256.0 MiB.
Kernel was executed: 10000 times.
Number of threads:   96
Progress Time (ns):   194191035664
Copy Time (s): avg:    0.004084 min:    0.003505 max:    0.019139
Copy Perf (MiB/s): avg: 131466.541802 best: 153174.400315
Scale Time (s): avg:    0.004151 min:    0.003606 max:    0.015184
Scale Perf (MiB/s): avg: 129329.289445 best: 148880.689331
Add Time (s): avg:    0.005456 min:    0.004809 max:    0.021344
Add Perf (MiB/s): avg: 147604.473590 best: 167455.877711
Triad Time (s): avg:    0.005467 min:    0.004839 max:    0.021632
Triad Perf (MiB/s): avg: 147306.624147 best: 166410.024611
VALIDATION disabled

real	3m14.349s
user	0m0.062s
sys	0m0.564s
