NRM Benchmarks:      ones-stream-full
Version:             0.1.0
Description: one progress per iteration, Stream benchmark
Array size:          33554432 (elements).
Memory per array:    256.0 MiB.
Kernel was executed: 10000 times.
Number of threads:   96
Progress Time (ns):   274312681242
Copy Time (s): avg:    0.006103 min:    0.003670 max:    0.020706
Copy Perf (MiB/s): avg: 87965.779759 best: 146270.210508
Scale Time (s): avg:    0.006183 min:    0.003747 max:    0.023692
Scale Perf (MiB/s): avg: 86828.974671 best: 143282.189131
Add Time (s): avg:    0.007462 min:    0.005020 max:    0.024969
Add Perf (MiB/s): avg: 107925.131466 best: 160409.242113
Triad Time (s): avg:    0.007502 min:    0.005037 max:    0.023336
Triad Perf (MiB/s): avg: 107352.205603 best: 159876.651563
VALIDATION disabled

real	4m34.575s
user	0m0.064s
sys	0m0.714s
