NRM Benchmarks:      ones-stream-full
Version:             0.1.0
Description: one progress per iteration, Stream benchmark
Array size:          33554432 (elements).
Memory per array:    256.0 MiB.
Kernel was executed: 10000 times.
Number of threads:   96
Progress Time (ns):   180385912809
Copy Time (s): avg:    0.003762 min:    0.003472 max:    0.018056
Copy Perf (MiB/s): avg: 142706.504523 best: 154640.655442
Scale Time (s): avg:    0.003858 min:    0.003603 max:    0.014052
Scale Perf (MiB/s): avg: 139172.519466 best: 149014.163913
Add Time (s): avg:    0.005079 min:    0.004800 max:    0.018977
Add Perf (MiB/s): avg: 158553.425370 best: 167778.486647
Triad Time (s): avg:    0.005105 min:    0.004832 max:    0.019102
Triad Perf (MiB/s): avg: 157760.172174 best: 166645.566535
VALIDATION disabled

real	3m0.595s
user	0m0.027s
sys	0m0.582s
