NRM Benchmarks:      ones-stream-full
Version:             0.1.0
Description: one progress per iteration, Stream benchmark
Array size:          33554432 (elements).
Memory per array:    256.0 MiB.
Kernel was executed: 10000 times.
Number of threads:   96
Progress Time (ns):   174625794370
Copy Time (s): avg:    0.003644 min:    0.003435 max:    0.012839
Copy Perf (MiB/s): avg: 147317.786657 best: 156301.304920
Scale Time (s): avg:    0.003757 min:    0.003587 max:    0.012821
Scale Perf (MiB/s): avg: 142913.305536 best: 149652.973054
Add Time (s): avg:    0.004935 min:    0.004782 max:    0.013984
Add Perf (MiB/s): avg: 163171.330421 best: 168396.313921
Triad Time (s): avg:    0.004945 min:    0.004811 max:    0.013905
Triad Perf (MiB/s): avg: 162851.746979 best: 167380.141760
VALIDATION disabled

real	2m54.732s
user	0m0.047s
sys	0m0.571s
