NRM Benchmarks:      ones-stream-full
Version:             0.1.0
Description: one progress per iteration, Stream benchmark
Array size:          33554432 (elements).
Memory per array:    256.0 MiB.
Kernel was executed: 10000 times.
Number of threads:   96
Progress Time (ns):   182037793657
Copy Time (s): avg:    0.003818 min:    0.003486 max:    0.014088
Copy Perf (MiB/s): avg: 140626.144947 best: 154027.470533
Scale Time (s): avg:    0.003880 min:    0.003594 max:    0.014505
Scale Perf (MiB/s): avg: 138360.244335 best: 149378.694534
Add Time (s): avg:    0.005084 min:    0.004769 max:    0.016773
Add Perf (MiB/s): avg: 158390.124033 best: 168856.393941
Triad Time (s): avg:    0.005106 min:    0.004799 max:    0.015893
Triad Perf (MiB/s): avg: 157717.239723 best: 167823.800782
VALIDATION disabled

real	3m2.241s
user	0m0.037s
sys	0m0.594s
