NRM Benchmarks:      phases-stream-full
Version:             0.1.0
Description: one progress per iteration, Stream benchmark
Array size:          33554432 (elements).
Memory per array:    256.0 MiB.
Kernel was executed: 5000 times.
Number of threads:   96
Progress Time (ns):   90164428630
Copy Time (s): avg:    0.003702 min:    0.003392 max:    0.014072
Copy Perf (MiB/s): avg: 145040.937444 best: 158285.748823
Scale Time (s): avg:    0.003722 min:    0.003557 max:    0.013334
Scale Perf (MiB/s): avg: 144256.444606 best: 150932.651265
Add Time (s): avg:    0.005149 min:    0.004965 max:    0.015215
Add Perf (MiB/s): avg: 156408.591064 best: 162193.906085
Triad Time (s): avg:    0.005147 min:    0.004993 max:    0.015351
Triad Perf (MiB/s): avg: 156452.048711 best: 161303.196134
VALIDATION disabled

real	1m30.266s
user	0m0.034s
sys	0m0.337s
