NRM Benchmarks:      ones-stream-full
Version:             0.1.0
Description: one progress per iteration, Stream benchmark
Array size:          33554432 (elements).
Memory per array:    256.0 MiB.
Kernel was executed: 10000 times.
Number of threads:   96
Progress Time (ns):   173632865081
Copy Time (s): avg:    0.003633 min:    0.003419 max:    0.012937
Copy Perf (MiB/s): avg: 147778.859469 best: 157017.813670
Scale Time (s): avg:    0.003671 min:    0.003593 max:    0.013548
Scale Perf (MiB/s): avg: 146237.095182 best: 149416.152235
Add Time (s): avg:    0.004871 min:    0.004780 max:    0.014893
Add Perf (MiB/s): avg: 165331.891496 best: 168466.910520
Triad Time (s): avg:    0.004903 min:    0.004810 max:    0.014904
Triad Perf (MiB/s): avg: 164231.193648 best: 167424.161903
VALIDATION disabled

real	2m53.835s
user	0m0.043s
sys	0m0.525s
