NRM Benchmarks:      ones-stream-full
Version:             0.1.0
Description: one progress per iteration, Stream benchmark
Array size:          33554432 (elements).
Memory per array:    256.0 MiB.
Kernel was executed: 10000 times.
Number of threads:   96
Progress Time (ns):   208229946180
Copy Time (s): avg:    0.004353 min:    0.003426 max:    0.016538
Copy Perf (MiB/s): avg: 123322.037348 best: 156706.844832
Scale Time (s): avg:    0.004435 min:    0.003591 max:    0.015950
Scale Perf (MiB/s): avg: 121042.967728 best: 149520.017802
Add Time (s): avg:    0.005884 min:    0.004788 max:    0.015912
Add Perf (MiB/s): avg: 136857.947673 best: 168184.070820
Triad Time (s): avg:    0.005911 min:    0.004818 max:    0.017531
Triad Perf (MiB/s): avg: 136238.027055 best: 167146.717875
VALIDATION disabled

real	3m28.411s
user	0m0.056s
sys	0m0.939s
