NRM Benchmarks:      ones-stream-full
Version:             0.1.0
Description: one progress per iteration, Stream benchmark
Array size:          33554432 (elements).
Memory per array:    256.0 MiB.
Kernel was executed: 10000 times.
Number of threads:   96
Progress Time (ns):   182322547580
Copy Time (s): avg:    0.003790 min:    0.003450 max:    0.014669
Copy Perf (MiB/s): avg: 141645.093547 best: 155637.222996
Scale Time (s): avg:    0.003903 min:    0.003611 max:    0.025042
Scale Perf (MiB/s): avg: 137547.872133 best: 148657.458764
Add Time (s): avg:    0.005163 min:    0.004810 max:    0.016169
Add Perf (MiB/s): avg: 155964.503701 best: 167420.855239
Triad Time (s): avg:    0.005185 min:    0.004843 max:    0.016177
Triad Perf (MiB/s): avg: 155325.496470 best: 166295.628048
VALIDATION disabled

real	3m2.489s
user	0m0.030s
sys	0m0.706s
