NRM Benchmarks:      ones-stream-full
Version:             0.1.0
Description: one progress per iteration, Stream benchmark
Array size:          33554432 (elements).
Memory per array:    256.0 MiB.
Kernel was executed: 10000 times.
Number of threads:   96
Progress Time (ns):   178712353661
Copy Time (s): avg:    0.003724 min:    0.003448 max:    0.014087
Copy Perf (MiB/s): avg: 144151.378407 best: 155704.704776
Scale Time (s): avg:    0.003867 min:    0.003592 max:    0.012975
Scale Perf (MiB/s): avg: 138848.346221 best: 149445.849041
Add Time (s): avg:    0.005045 min:    0.004783 max:    0.017376
Add Perf (MiB/s): avg: 159639.609020 best: 168377.547440
Triad Time (s): avg:    0.005049 min:    0.004811 max:    0.014910
Triad Perf (MiB/s): avg: 159509.484606 best: 167371.201366
VALIDATION disabled

real	2m59.086s
user	0m0.038s
sys	0m0.646s
