NRM Benchmarks:      ones-stream-full
Version:             0.1.0
Description: one progress per iteration, Stream benchmark
Array size:          33554432 (elements).
Memory per array:    256.0 MiB.
Kernel was executed: 10000 times.
Number of threads:   96
Progress Time (ns):   182917924000
Copy Time (s): avg:    0.003819 min:    0.003479 max:    0.014230
Copy Perf (MiB/s): avg: 140588.813422 best: 154310.808407
Scale Time (s): avg:    0.003927 min:    0.003591 max:    0.020611
Scale Perf (MiB/s): avg: 136728.458749 best: 149520.309295
Add Time (s): avg:    0.005178 min:    0.004831 max:    0.015179
Add Perf (MiB/s): avg: 155534.088600 best: 166692.478923
Triad Time (s): avg:    0.005194 min:    0.004863 max:    0.015913
Triad Perf (MiB/s): avg: 155033.956040 best: 165600.686498
VALIDATION disabled

real	3m3.029s
user	0m0.057s
sys	0m0.666s
