NRM Benchmarks:      ones-stream-full
Version:             0.1.0
Description: one progress per iteration, Stream benchmark
Array size:          33554432 (elements).
Memory per array:    256.0 MiB.
Kernel was executed: 10000 times.
Number of threads:   96
Progress Time (ns):   260253921626
Copy Time (s): avg:    0.005759 min:    0.003488 max:    0.020452
Copy Perf (MiB/s): avg: 93224.017387 best: 153934.417919
Scale Time (s): avg:    0.005861 min:    0.003606 max:    0.020498
Scale Perf (MiB/s): avg: 91593.108598 best: 148883.785874
Add Time (s): avg:    0.007087 min:    0.004805 max:    0.022059
Add Perf (MiB/s): avg: 113631.181827 best: 167607.625181
Triad Time (s): avg:    0.007102 min:    0.004833 max:    0.023044
Triad Perf (MiB/s): avg: 113391.601887 best: 166621.706542
VALIDATION disabled

real	4m20.470s
user	0m0.032s
sys	0m0.707s
