NRM Benchmarks:      ones-stream-full
Version:             0.1.0
Description: one progress per iteration, Stream benchmark
Array size:          33554432 (elements).
Memory per array:    256.0 MiB.
Kernel was executed: 10000 times.
Number of threads:   96
Progress Time (ns):   172855078550
Copy Time (s): avg:    0.003589 min:    0.003423 max:    0.012829
Copy Perf (MiB/s): avg: 149602.468837 best: 156848.037307
Scale Time (s): avg:    0.003713 min:    0.003584 max:    0.012950
Scale Perf (MiB/s): avg: 144578.140583 best: 149801.210919
Add Time (s): avg:    0.004902 min:    0.004771 max:    0.014255
Add Perf (MiB/s): avg: 164283.313900 best: 168794.598113
Triad Time (s): avg:    0.004921 min:    0.004801 max:    0.014193
Triad Perf (MiB/s): avg: 163653.954607 best: 167721.284544
VALIDATION disabled

real	2m52.954s
user	0m0.027s
sys	0m0.594s
