NRM Benchmarks:      phases-stream-full
Version:             0.1.0
Description: one progress per iteration, Stream benchmark
Array size:          33554432 (elements).
Memory per array:    256.0 MiB.
Kernel was executed: 5000 times.
Number of threads:   96
Progress Time (ns):   87076988364
Copy Time (s): avg:    0.003597 min:    0.003387 max:    0.013426
Copy Perf (MiB/s): avg: 149275.075794 best: 158503.190607
Scale Time (s): avg:    0.003609 min:    0.003479 max:    0.015343
Scale Perf (MiB/s): avg: 148765.576943 best: 154329.261453
Add Time (s): avg:    0.004958 min:    0.004813 max:    0.014953
Add Perf (MiB/s): avg: 162415.000538 best: 167312.573275
Triad Time (s): avg:    0.004972 min:    0.004823 max:    0.014962
Triad Perf (MiB/s): avg: 161967.368837 best: 166974.301131
VALIDATION disabled

real	1m27.188s
user	0m0.040s
sys	0m0.298s
