NRM Benchmarks:      ones-stream-full
Version:             0.1.0
Description: one progress per iteration, Stream benchmark
Array size:          33554432 (elements).
Memory per array:    256.0 MiB.
Kernel was executed: 10000 times.
Number of threads:   96
Progress Time (ns):   189726015472
Copy Time (s): avg:    0.003983 min:    0.003404 max:    0.018357
Copy Perf (MiB/s): avg: 134777.462207 best: 157701.953889
Scale Time (s): avg:    0.004114 min:    0.003576 max:    0.014480
Scale Perf (MiB/s): avg: 130496.833616 best: 150115.650957
Add Time (s): avg:    0.005337 min:    0.004776 max:    0.017713
Add Perf (MiB/s): avg: 150896.397214 best: 168624.980841
Triad Time (s): avg:    0.005339 min:    0.004799 max:    0.016749
Triad Perf (MiB/s): avg: 150827.575926 best: 167798.168716
VALIDATION disabled

real	3m9.829s
user	0m0.056s
sys	0m0.662s
