NRM Benchmarks:      ones-stream-full
Version:             0.1.0
Description: one progress per iteration, Stream benchmark
Array size:          33554432 (elements).
Memory per array:    256.0 MiB.
Kernel was executed: 10000 times.
Number of threads:   96
Progress Time (ns):   190932894499
Copy Time (s): avg:    0.003996 min:    0.003499 max:    0.017115
Copy Perf (MiB/s): avg: 134355.788330 best: 153452.324733
Scale Time (s): avg:    0.004045 min:    0.003595 max:    0.015611
Scale Perf (MiB/s): avg: 132711.286255 best: 149341.338693
Add Time (s): avg:    0.005337 min:    0.004752 max:    0.017383
Add Perf (MiB/s): avg: 150895.668934 best: 169470.251924
Triad Time (s): avg:    0.005370 min:    0.004793 max:    0.017010
Triad Perf (MiB/s): avg: 149969.070730 best: 168008.351741
VALIDATION disabled

real	3m11.128s
user	0m0.056s
sys	0m0.646s
