NRM Benchmarks:      ones-stream-full
Version:             0.1.0
Description: one progress per iteration, Stream benchmark
Array size:          33554432 (elements).
Memory per array:    256.0 MiB.
Kernel was executed: 10000 times.
Number of threads:   96
Progress Time (ns):   174727171912
Copy Time (s): avg:    0.003644 min:    0.003479 max:    0.012502
Copy Perf (MiB/s): avg: 147321.324365 best: 154308.058571
Scale Time (s): avg:    0.003747 min:    0.003597 max:    0.013037
Scale Perf (MiB/s): avg: 143298.781494 best: 149259.130280
Add Time (s): avg:    0.004946 min:    0.004794 max:    0.013691
Add Perf (MiB/s): avg: 162819.659288 best: 167989.531454
Triad Time (s): avg:    0.004967 min:    0.004821 max:    0.014843
Triad Perf (MiB/s): avg: 162129.747499 best: 167029.608995
VALIDATION disabled

real	2m54.881s
user	0m0.057s
sys	0m0.591s
