NRM Benchmarks:      phases-stream-full
Version:             0.1.0
Description: one progress per iteration, Stream benchmark
Array size:          33554432 (elements).
Memory per array:    256.0 MiB.
Kernel was executed: 5000 times.
Number of threads:   96
Progress Time (ns):   88247835059
Copy Time (s): avg:    0.003626 min:    0.003394 max:    0.013667
Copy Perf (MiB/s): avg: 148067.588585 best: 158186.782482
Scale Time (s): avg:    0.003627 min:    0.003540 max:    0.013245
Scale Perf (MiB/s): avg: 148027.036565 best: 151669.546444
Add Time (s): avg:    0.005050 min:    0.004874 max:    0.015156
Add Perf (MiB/s): avg: 159469.205073 best: 165240.672891
Triad Time (s): avg:    0.005045 min:    0.004919 max:    0.006410
Triad Perf (MiB/s): avg: 159628.961824 best: 163716.226909
VALIDATION disabled

real	1m28.351s
user	0m0.028s
sys	0m0.283s
