NRM Benchmarks:      ones-stream-full
Version:             0.1.0
Description: one progress per iteration, Stream benchmark
Array size:          33554432 (elements).
Memory per array:    256.0 MiB.
Kernel was executed: 10000 times.
Number of threads:   96
Progress Time (ns):   187725890575
Copy Time (s): avg:    0.003922 min:    0.003451 max:    0.014564
Copy Perf (MiB/s): avg: 136891.799202 best: 155575.209432
Scale Time (s): avg:    0.004028 min:    0.003585 max:    0.014484
Scale Perf (MiB/s): avg: 133268.386977 best: 149763.058601
Add Time (s): avg:    0.005303 min:    0.004769 max:    0.016645
Add Perf (MiB/s): avg: 151852.366242 best: 168861.882012
Triad Time (s): avg:    0.005324 min:    0.004803 max:    0.016052
Triad Perf (MiB/s): avg: 151271.061263 best: 167651.695271
VALIDATION disabled

real	3m8.104s
user	0m0.045s
sys	0m0.702s
