NRM Benchmarks:      ones-stream-full
Version:             0.1.0
Description: one progress per iteration, Stream benchmark
Array size:          33554432 (elements).
Memory per array:    256.0 MiB.
Kernel was executed: 10000 times.
Number of threads:   96
Progress Time (ns):   171592939298
Copy Time (s): avg:    0.003579 min:    0.003454 max:    0.012990
Copy Perf (MiB/s): avg: 150022.184438 best: 155438.503355
Scale Time (s): avg:    0.003685 min:    0.003619 max:    0.013841
Scale Perf (MiB/s): avg: 145684.346498 best: 148343.967760
Add Time (s): avg:    0.004852 min:    0.004811 max:    0.013783
Add Perf (MiB/s): avg: 165987.724108 best: 167388.074115
Triad Time (s): avg:    0.004882 min:    0.004841 max:    0.014080
Triad Perf (MiB/s): avg: 164947.314896 best: 166361.827606
VALIDATION disabled

real	2m51.703s
user	0m0.055s
sys	0m0.547s
