NRM Benchmarks:      ones-stream-full
Version:             0.1.0
Description: one progress per iteration, Stream benchmark
Array size:          33554432 (elements).
Memory per array:    256.0 MiB.
Kernel was executed: 10000 times.
Number of threads:   96
Progress Time (ns):   174165242165
Copy Time (s): avg:    0.003643 min:    0.003432 max:    0.012673
Copy Perf (MiB/s): avg: 147390.370117 best: 156435.020732
Scale Time (s): avg:    0.003739 min:    0.003586 max:    0.014244
Scale Perf (MiB/s): avg: 143572.854650 best: 149704.008905
Add Time (s): avg:    0.004915 min:    0.004772 max:    0.014795
Add Perf (MiB/s): avg: 163849.601266 best: 168761.064680
Triad Time (s): avg:    0.004931 min:    0.004796 max:    0.014075
Triad Perf (MiB/s): avg: 163300.719838 best: 167920.804896
VALIDATION disabled

real	2m54.328s
user	0m0.041s
sys	0m0.594s
