NRM Benchmarks:      ones-stream-full
Version:             0.1.0
Description: one progress per iteration, Stream benchmark
Array size:          33554432 (elements).
Memory per array:    256.0 MiB.
Kernel was executed: 10000 times.
Number of threads:   96
Progress Time (ns):   181665640423
Copy Time (s): avg:    0.003797 min:    0.003409 max:    0.012592
Copy Perf (MiB/s): avg: 141389.198701 best: 157464.485567
Scale Time (s): avg:    0.003914 min:    0.003578 max:    0.027919
Scale Perf (MiB/s): avg: 137149.363303 best: 150041.351502
Add Time (s): avg:    0.005141 min:    0.004770 max:    0.015874
Add Perf (MiB/s): avg: 156657.719412 best: 168822.800562
Triad Time (s): avg:    0.005151 min:    0.004800 max:    0.017622
Triad Perf (MiB/s): avg: 156329.410416 best: 167761.185622
VALIDATION disabled

real	3m1.769s
user	0m0.047s
sys	0m0.643s
