NRM Benchmarks:      ones-stream-full
Version:             0.1.0
Description: one progress per iteration, Stream benchmark
Array size:          33554432 (elements).
Memory per array:    256.0 MiB.
Kernel was executed: 10000 times.
Number of threads:   96
Progress Time (ns):   188740987690
Copy Time (s): avg:    0.003946 min:    0.003454 max:    0.016679
Copy Perf (MiB/s): avg: 136064.751542 best: 155440.888583
Scale Time (s): avg:    0.004065 min:    0.003601 max:    0.014862
Scale Perf (MiB/s): avg: 132078.158929 best: 149106.123542
Add Time (s): avg:    0.005347 min:    0.004782 max:    0.017381
Add Perf (MiB/s): avg: 150603.882645 best: 168420.544007
Triad Time (s): avg:    0.005351 min:    0.004814 max:    0.015891
Triad Perf (MiB/s): avg: 150482.483523 best: 167291.753847
VALIDATION disabled

real	3m8.854s
user	0m0.067s
sys	0m0.684s
