NRM Benchmarks:      phases-stream-full
Version:             0.1.0
Description: one progress per iteration, Stream benchmark
Array size:          33554432 (elements).
Memory per array:    256.0 MiB.
Kernel was executed: 1000 times.
Number of threads:   96
Progress Time (ns):   17884892450
Copy Time (s): avg:    0.003636 min:    0.003436 max:    0.005442
Copy Perf (MiB/s): avg: 147669.034917 best: 156238.988469
Scale Time (s): avg:    0.003739 min:    0.003459 max:    0.012505
Scale Perf (MiB/s): avg: 143587.763461 best: 155213.002865
Add Time (s): avg:    0.005119 min:    0.004934 max:    0.014717
Add Perf (MiB/s): avg: 157308.309391 best: 163219.062247
Triad Time (s): avg:    0.005119 min:    0.004968 max:    0.013609
Triad Perf (MiB/s): avg: 157303.192915 best: 162089.667706
VALIDATION disabled

real	0m17.981s
user	0m0.019s
sys	0m0.079s
