NRM Benchmarks:      ones-stream-full
Version:             0.1.0
Description: one progress per iteration, Stream benchmark
Array size:          33554432 (elements).
Memory per array:    256.0 MiB.
Kernel was executed: 10000 times.
Number of threads:   96
Progress Time (ns):   192732126425
Copy Time (s): avg:    0.004031 min:    0.003448 max:    0.017185
Copy Perf (MiB/s): avg: 133187.725923 best: 155720.376139
Scale Time (s): avg:    0.004110 min:    0.003590 max:    0.016981
Scale Perf (MiB/s): avg: 130616.374654 best: 149526.014452
Add Time (s): avg:    0.005390 min:    0.004748 max:    0.022893
Add Perf (MiB/s): avg: 149410.553120 best: 169626.710024
Triad Time (s): avg:    0.005413 min:    0.004785 max:    0.020859
Triad Perf (MiB/s): avg: 148767.838988 best: 168308.045805
VALIDATION disabled

real	3m12.916s
user	0m0.046s
sys	0m0.626s
