NRM Benchmarks:      ones-stream-full
Version:             0.1.0
Description: one progress per iteration, Stream benchmark
Array size:          33554432 (elements).
Memory per array:    256.0 MiB.
Kernel was executed: 10000 times.
Number of threads:   96
Progress Time (ns):   181260725396
Copy Time (s): avg:    0.003786 min:    0.003486 max:    0.018732
Copy Perf (MiB/s): avg: 141815.198740 best: 154027.426343
Scale Time (s): avg:    0.003846 min:    0.003596 max:    0.019020
Scale Perf (MiB/s): avg: 139574.279799 best: 149283.326688
Add Time (s): avg:    0.005081 min:    0.004772 max:    0.020504
Add Perf (MiB/s): avg: 158490.437047 best: 168766.263612
Triad Time (s): avg:    0.005098 min:    0.004806 max:    0.020429
Triad Perf (MiB/s): avg: 157963.881651 best: 167559.673389
VALIDATION disabled

real	3m1.445s
user	0m0.047s
sys	0m0.575s
