NRM Benchmarks:      ones-stream-full
Version:             0.1.0
Description: one progress per iteration, Stream benchmark
Array size:          33554432 (elements).
Memory per array:    256.0 MiB.
Kernel was executed: 10000 times.
Number of threads:   96
Progress Time (ns):   172393284489
Copy Time (s): avg:    0.003585 min:    0.003424 max:    0.013270
Copy Perf (MiB/s): avg: 149769.094107 best: 156814.364261
Scale Time (s): avg:    0.003673 min:    0.003597 max:    0.013629
Scale Perf (MiB/s): avg: 146149.932921 best: 149237.721134
Add Time (s): avg:    0.004870 min:    0.004793 max:    0.014828
Add Perf (MiB/s): avg: 165348.276582 best: 168009.788845
Triad Time (s): avg:    0.004900 min:    0.004826 max:    0.014896
Triad Perf (MiB/s): avg: 164363.624809 best: 166852.766496
VALIDATION disabled

real	2m52.595s
user	0m0.052s
sys	0m0.408s
