NRM Benchmarks:      ones-stream-full
Version:             0.1.0
Description: one progress per iteration, Stream benchmark
Array size:          33554432 (elements).
Memory per array:    256.0 MiB.
Kernel was executed: 10000 times.
Number of threads:   96
Progress Time (ns):   173229030386
Copy Time (s): avg:    0.003616 min:    0.003425 max:    0.013342
Copy Perf (MiB/s): avg: 148455.814060 best: 156733.196103
Scale Time (s): avg:    0.003698 min:    0.003597 max:    0.013652
Scale Perf (MiB/s): avg: 145191.354493 best: 149268.675096
Add Time (s): avg:    0.004900 min:    0.004796 max:    0.019528
Add Perf (MiB/s): avg: 164334.913388 best: 167909.250907
Triad Time (s): avg:    0.004933 min:    0.004826 max:    0.014860
Triad Perf (MiB/s): avg: 163243.193416 best: 166878.836727
VALIDATION disabled

real	2m53.439s
user	0m0.047s
sys	0m0.484s
