NRM Benchmarks:      ones-stream-full
Version:             0.1.0
Description: one progress per iteration, Stream benchmark
Array size:          33554432 (elements).
Memory per array:    256.0 MiB.
Kernel was executed: 10000 times.
Number of threads:   96
Progress Time (ns):   182763097412
Copy Time (s): avg:    0.003820 min:    0.003511 max:    0.015500
Copy Perf (MiB/s): avg: 140541.390751 best: 152932.237008
Scale Time (s): avg:    0.003933 min:    0.003637 max:    0.014523
Scale Perf (MiB/s): avg: 136517.471496 best: 147619.756658
Add Time (s): avg:    0.005164 min:    0.004837 max:    0.014810
Add Perf (MiB/s): avg: 155931.279934 best: 166478.621114
Triad Time (s): avg:    0.005195 min:    0.004861 max:    0.018803
Triad Perf (MiB/s): avg: 155028.929830 best: 165668.071944
VALIDATION disabled

real	3m2.937s
user	0m0.048s
sys	0m0.661s
