NRM Benchmarks:      phases-stream-full
Version:             0.1.0
Description: one progress per iteration, Stream benchmark
Array size:          33554432 (elements).
Memory per array:    256.0 MiB.
Kernel was executed: 2500 times.
Number of threads:   96
Progress Time (ns):   42155685728
Copy Time (s): avg:    0.003526 min:    0.003379 max:    0.012743
Copy Perf (MiB/s): avg: 152248.129966 best: 158898.239535
Scale Time (s): avg:    0.003487 min:    0.003376 max:    0.012629
Scale Perf (MiB/s): avg: 153955.441913 best: 159035.401143
Add Time (s): avg:    0.004820 min:    0.004713 max:    0.011012
Add Perf (MiB/s): avg: 167073.265964 best: 170860.209108
Triad Time (s): avg:    0.004862 min:    0.004715 max:    0.013950
Triad Perf (MiB/s): avg: 165627.469483 best: 170782.703261
VALIDATION disabled

real	0m42.264s
user	0m0.016s
sys	0m0.153s
