NRM Benchmarks:      ones-stream-full
Version:             0.1.0
Description: one progress per iteration, Stream benchmark
Array size:          33554432 (elements).
Memory per array:    256.0 MiB.
Kernel was executed: 10000 times.
Number of threads:   96
Progress Time (ns):   175008315204
Copy Time (s): avg:    0.003627 min:    0.003436 max:    0.013078
Copy Perf (MiB/s): avg: 148021.498796 best: 156258.314898
Scale Time (s): avg:    0.003754 min:    0.003590 max:    0.019041
Scale Perf (MiB/s): avg: 143019.482704 best: 149542.299450
Add Time (s): avg:    0.004960 min:    0.004790 max:    0.014553
Add Perf (MiB/s): avg: 162351.712605 best: 168106.341398
Triad Time (s): avg:    0.004976 min:    0.004811 max:    0.014481
Triad Perf (MiB/s): avg: 161838.195462 best: 167386.125747
VALIDATION disabled

real	2m55.116s
user	0m0.047s
sys	0m0.591s
