NRM Benchmarks:      ones-stream-full
Version:             0.1.0
Description: one progress per iteration, Stream benchmark
Array size:          33554432 (elements).
Memory per array:    256.0 MiB.
Kernel was executed: 10000 times.
Number of threads:   96
Progress Time (ns):   172921681173
Copy Time (s): avg:    0.003606 min:    0.003424 max:    0.013313
Copy Perf (MiB/s): avg: 148890.377857 best: 156790.549886
Scale Time (s): avg:    0.003681 min:    0.003601 max:    0.015733
Scale Perf (MiB/s): avg: 145867.765365 best: 149078.093219
Add Time (s): avg:    0.004883 min:    0.004796 max:    0.019561
Add Perf (MiB/s): avg: 164918.665817 best: 167924.691595
Triad Time (s): avg:    0.004914 min:    0.004829 max:    0.016695
Triad Perf (MiB/s): avg: 163879.991219 best: 166764.381994
VALIDATION disabled

real	2m53.134s
user	0m0.020s
sys	0m0.548s
