NRM Benchmarks:      ones-stream-full
Version:             0.1.0
Description: one progress per iteration, Stream benchmark
Array size:          33554432 (elements).
Memory per array:    256.0 MiB.
Kernel was executed: 10000 times.
Number of threads:   96
Progress Time (ns):   187000318222
Copy Time (s): avg:    0.003907 min:    0.003418 max:    0.014185
Copy Perf (MiB/s): avg: 137413.648275 best: 157091.094656
Scale Time (s): avg:    0.004022 min:    0.003592 max:    0.016143
Scale Perf (MiB/s): avg: 133470.898979 best: 149476.265146
Add Time (s): avg:    0.005305 min:    0.004797 max:    0.016312
Add Perf (MiB/s): avg: 151795.595420 best: 167890.662826
Triad Time (s): avg:    0.005309 min:    0.004815 max:    0.016099
Triad Perf (MiB/s): avg: 151695.820414 best: 167243.704735
VALIDATION disabled

real	3m7.112s
user	0m0.069s
sys	0m0.677s
