NRM Benchmarks:      ones-stream-full
Version:             0.1.0
Description: one progress per iteration, Stream benchmark
Array size:          33554432 (elements).
Memory per array:    256.0 MiB.
Kernel was executed: 10000 times.
Number of threads:   96
Progress Time (ns):   174650283099
Copy Time (s): avg:    0.003637 min:    0.003431 max:    0.010688
Copy Perf (MiB/s): avg: 147617.635487 best: 156476.694231
Scale Time (s): avg:    0.003724 min:    0.003599 max:    0.011699
Scale Perf (MiB/s): avg: 144156.542079 best: 149189.573004
Add Time (s): avg:    0.004893 min:    0.004782 max:    0.014208
Add Perf (MiB/s): avg: 164573.157492 best: 168395.609662
Triad Time (s): avg:    0.004913 min:    0.004814 max:    0.013805
Triad Perf (MiB/s): avg: 163903.737636 best: 167283.865367
VALIDATION disabled

real	2m54.851s
user	0m0.051s
sys	0m0.520s
