NRM Benchmarks:      phases-stream-full
Version:             0.1.0
Description: one progress per iteration, Stream benchmark
Array size:          33554432 (elements).
Memory per array:    256.0 MiB.
Kernel was executed: 5000 times.
Number of threads:   96
Progress Time (ns):   92362468830
Copy Time (s): avg:    0.003800 min:    0.003390 max:    0.014452
Copy Perf (MiB/s): avg: 141275.456815 best: 158363.534946
Scale Time (s): avg:    0.003799 min:    0.003629 max:    0.014986
Scale Perf (MiB/s): avg: 141321.383780 best: 147938.425182
Add Time (s): avg:    0.005273 min:    0.005078 max:    0.024163
Add Perf (MiB/s): avg: 152715.899303 best: 158572.228754
Triad Time (s): avg:    0.005284 min:    0.005092 max:    0.015527
Triad Perf (MiB/s): avg: 152416.031657 best: 158162.751386
VALIDATION disabled

real	1m32.469s
user	0m0.040s
sys	0m0.371s
