NRM Benchmarks:      ones-stream-full
Version:             0.1.0
Description: one progress per iteration, Stream benchmark
Array size:          33554432 (elements).
Memory per array:    256.0 MiB.
Kernel was executed: 10000 times.
Number of threads:   96
Progress Time (ns):   174242245814
Copy Time (s): avg:    0.003634 min:    0.003457 max:    0.013275
Copy Perf (MiB/s): avg: 147735.380577 best: 155304.642990
Scale Time (s): avg:    0.003711 min:    0.003599 max:    0.018281
Scale Perf (MiB/s): avg: 144685.547468 best: 149154.549321
Add Time (s): avg:    0.004922 min:    0.004799 max:    0.014973
Add Perf (MiB/s): avg: 163619.229019 best: 167808.938126
Triad Time (s): avg:    0.004930 min:    0.004830 max:    0.015073
Triad Perf (MiB/s): avg: 163362.270399 best: 166741.834415
VALIDATION disabled

real	2m54.450s
user	0m0.078s
sys	0m0.439s
