NRM Benchmarks:      ones-stream-full
Version:             0.1.0
Description: one progress per iteration, Stream benchmark
Array size:          33554432 (elements).
Memory per array:    256.0 MiB.
Kernel was executed: 10000 times.
Number of threads:   96
Progress Time (ns):   178209284529
Copy Time (s): avg:    0.003715 min:    0.003488 max:    0.013358
Copy Perf (MiB/s): avg: 144516.276710 best: 153920.780833
Scale Time (s): avg:    0.003829 min:    0.003623 max:    0.015432
Scale Perf (MiB/s): avg: 140198.636226 best: 148185.508830
Add Time (s): avg:    0.005041 min:    0.004833 max:    0.015501
Add Perf (MiB/s): avg: 159750.628746 best: 166625.464382
Triad Time (s): avg:    0.005062 min:    0.004857 max:    0.014729
Triad Perf (MiB/s): avg: 159083.420483 best: 165803.963328
VALIDATION disabled

real	2m58.322s
user	0m0.041s
sys	0m0.636s
