NRM Benchmarks:      phases-stream-full
Version:             0.1.0
Description: one progress per iteration, Stream benchmark
Array size:          33554432 (elements).
Memory per array:    256.0 MiB.
Kernel was executed: 5000 times.
Number of threads:   96
Progress Time (ns):   90614267679
Copy Time (s): avg:    0.003711 min:    0.003393 max:    0.014037
Copy Perf (MiB/s): avg: 144673.073766 best: 158249.963007
Scale Time (s): avg:    0.003743 min:    0.003534 max:    0.014439
Scale Perf (MiB/s): avg: 143439.580611 best: 151901.964873
Add Time (s): avg:    0.005170 min:    0.005012 max:    0.015604
Add Perf (MiB/s): avg: 155778.532271 best: 160674.433833
Triad Time (s): avg:    0.005165 min:    0.005011 max:    0.015464
Triad Perf (MiB/s): avg: 155928.463802 best: 160708.807044
VALIDATION disabled

real	1m30.731s
user	0m0.038s
sys	0m0.354s
