NRM Benchmarks:      ones-stream-full
Version:             0.1.0
Description: one progress per iteration, Stream benchmark
Array size:          33554432 (elements).
Memory per array:    256.0 MiB.
Kernel was executed: 10000 times.
Number of threads:   96
Progress Time (ns):   410519206778
Copy Time (s): avg:    0.009448 min:    0.003650 max:    0.022057
Copy Perf (MiB/s): avg: 56822.178757 best: 147083.085488
Scale Time (s): avg:    0.009632 min:    0.003833 max:    0.022435
Scale Perf (MiB/s): avg: 55741.055086 best: 140070.869420
Add Time (s): avg:    0.010888 min:    0.005118 max:    0.024247
Add Perf (MiB/s): avg: 73963.495985 best: 157348.417404
Triad Time (s): avg:    0.010901 min:    0.005155 max:    0.026080
Triad Perf (MiB/s): avg: 73873.598429 best: 156233.593080
VALIDATION disabled

real	6m50.667s
user	0m0.051s
sys	0m0.958s
