NRM Benchmarks:      ones-stream-full
Version:             0.1.0
Description: one progress per iteration, Stream benchmark
Array size:          33554432 (elements).
Memory per array:    256.0 MiB.
Kernel was executed: 10000 times.
Number of threads:   96
Progress Time (ns):   178406580711
Copy Time (s): avg:    0.003721 min:    0.003417 max:    0.013203
Copy Perf (MiB/s): avg: 144266.150232 best: 157118.402989
Scale Time (s): avg:    0.003830 min:    0.003591 max:    0.013304
Scale Perf (MiB/s): avg: 140157.801940 best: 149522.766207
Add Time (s): avg:    0.005047 min:    0.004783 max:    0.014959
Add Perf (MiB/s): avg: 159576.459429 best: 168356.708522
Triad Time (s): avg:    0.005066 min:    0.004811 max:    0.014297
Triad Perf (MiB/s): avg: 158968.736471 best: 167397.781836
VALIDATION disabled

real	2m58.508s
user	0m0.035s
sys	0m0.643s
