NRM Benchmarks:      phases-stream-full
Version:             0.1.0
Description: one progress per iteration, Stream benchmark
Array size:          33554432 (elements).
Memory per array:    256.0 MiB.
Kernel was executed: 5000 times.
Number of threads:   96
Progress Time (ns):   86559960138
Copy Time (s): avg:    0.003554 min:    0.003390 max:    0.013510
Copy Perf (MiB/s): avg: 151043.141959 best: 158355.407250
Scale Time (s): avg:    0.003564 min:    0.003460 max:    0.012342
Scale Perf (MiB/s): avg: 150651.171904 best: 155149.309174
Add Time (s): avg:    0.004946 min:    0.004774 max:    0.014677
Add Perf (MiB/s): avg: 162807.738396 best: 168679.338568
Triad Time (s): avg:    0.004946 min:    0.004785 max:    0.015051
Triad Perf (MiB/s): avg: 162807.584441 best: 168297.177069
VALIDATION disabled

real	1m26.939s
user	0m0.033s
sys	0m0.285s
