NRM Benchmarks:      ones-stream-full
Version:             0.1.0
Description: one progress per iteration, Stream benchmark
Array size:          33554432 (elements).
Memory per array:    256.0 MiB.
Kernel was executed: 10000 times.
Number of threads:   96
Progress Time (ns):   171196177752
Copy Time (s): avg:    0.003559 min:    0.003411 max:    0.013269
Copy Perf (MiB/s): avg: 150839.438696 best: 157415.176067
Scale Time (s): avg:    0.003695 min:    0.003585 max:    0.014962
Scale Perf (MiB/s): avg: 145296.564537 best: 149737.954701
Add Time (s): avg:    0.004840 min:    0.004764 max:    0.014454
Add Perf (MiB/s): avg: 166398.817891 best: 169056.070415
Triad Time (s): avg:    0.004846 min:    0.004790 max:    0.014530
Triad Perf (MiB/s): avg: 166176.233078 best: 168112.693274
VALIDATION disabled

real	2m51.309s
user	0m0.048s
sys	0m0.538s
