NRM Benchmarks:      ones-stream-full
Version:             0.1.0
Description: one progress per iteration, Stream benchmark
Array size:          33554432 (elements).
Memory per array:    256.0 MiB.
Kernel was executed: 10000 times.
Number of threads:   96
Progress Time (ns):   194842458206
Copy Time (s): avg:    0.004064 min:    0.003457 max:    0.014995
Copy Perf (MiB/s): avg: 132103.136027 best: 155309.270519
Scale Time (s): avg:    0.004187 min:    0.003589 max:    0.017074
Scale Perf (MiB/s): avg: 128235.853479 best: 149574.963433
Add Time (s): avg:    0.005495 min:    0.004772 max:    0.017215
Add Perf (MiB/s): avg: 146548.081342 best: 168757.775726
Triad Time (s): avg:    0.005524 min:    0.004802 max:    0.015890
Triad Perf (MiB/s): avg: 145780.062402 best: 167694.147285
VALIDATION disabled

real	3m14.952s
user	0m0.052s
sys	0m0.735s
