NRM Benchmarks:      ones-stream-full
Version:             0.1.0
Description: one progress per iteration, Stream benchmark
Array size:          33554432 (elements).
Memory per array:    256.0 MiB.
Kernel was executed: 10000 times.
Number of threads:   96
Progress Time (ns):   176067409147
Copy Time (s): avg:    0.003687 min:    0.003476 max:    0.013421
Copy Perf (MiB/s): avg: 145609.074469 best: 154437.540165
Scale Time (s): avg:    0.003745 min:    0.003595 max:    0.015483
Scale Perf (MiB/s): avg: 143368.253710 best: 149353.968610
Add Time (s): avg:    0.004952 min:    0.004779 max:    0.015000
Add Perf (MiB/s): avg: 162611.128057 best: 168526.844275
Triad Time (s): avg:    0.004983 min:    0.004809 max:    0.015106
Triad Perf (MiB/s): avg: 161598.763949 best: 167464.687855
VALIDATION disabled

real	2m56.263s
user	0m0.014s
sys	0m0.578s
