NRM Benchmarks:      ones-stream-full
Version:             0.1.0
Description: one progress per iteration, Stream benchmark
Array size:          33554432 (elements).
Memory per array:    256.0 MiB.
Kernel was executed: 10000 times.
Number of threads:   96
Progress Time (ns):   180057983852
Copy Time (s): avg:    0.003772 min:    0.003395 max:    0.013755
Copy Perf (MiB/s): avg: 142329.652369 best: 158120.532131
Scale Time (s): avg:    0.003883 min:    0.003562 max:    0.014311
Scale Perf (MiB/s): avg: 138272.082893 best: 150710.590793
Add Time (s): avg:    0.005072 min:    0.004715 max:    0.013412
Add Perf (MiB/s): avg: 158782.933424 best: 170787.013333
Triad Time (s): avg:    0.005092 min:    0.004748 max:    0.013625
Triad Perf (MiB/s): avg: 158156.391976 best: 169619.993138
VALIDATION disabled

real	3m0.413s
user	0m0.047s
sys	0m0.633s
