NRM Benchmarks:      ones-stream-full
Version:             0.1.0
Description: one progress per iteration, Stream benchmark
Array size:          33554432 (elements).
Memory per array:    256.0 MiB.
Kernel was executed: 10000 times.
Number of threads:   96
Progress Time (ns):   184456354333
Copy Time (s): avg:    0.003851 min:    0.003461 max:    0.017121
Copy Perf (MiB/s): avg: 139427.706289 best: 155125.280636
Scale Time (s): avg:    0.003970 min:    0.003586 max:    0.017385
Scale Perf (MiB/s): avg: 135246.252311 best: 149723.631289
Add Time (s): avg:    0.005221 min:    0.004792 max:    0.017457
Add Perf (MiB/s): avg: 154245.990947 best: 168069.292503
Triad Time (s): avg:    0.005240 min:    0.004809 max:    0.023317
Triad Perf (MiB/s): avg: 153688.165576 best: 167458.315208
VALIDATION disabled

real	3m4.628s
user	0m0.052s
sys	0m0.686s
