NRM Benchmarks:      ones-stream-full
Version:             0.1.0
Description: one progress per iteration, Stream benchmark
Array size:          33554432 (elements).
Memory per array:    256.0 MiB.
Kernel was executed: 10000 times.
Number of threads:   96
Progress Time (ns):   180288830252
Copy Time (s): avg:    0.003765 min:    0.003465 max:    0.014173
Copy Perf (MiB/s): avg: 142578.544284 best: 154955.410601
Scale Time (s): avg:    0.003925 min:    0.003629 max:    0.016523
Scale Perf (MiB/s): avg: 136782.600268 best: 147933.778068
Add Time (s): avg:    0.005093 min:    0.004830 max:    0.016940
Add Perf (MiB/s): avg: 158122.063161 best: 166741.178451
Triad Time (s): avg:    0.005099 min:    0.004856 max:    0.015717
Triad Perf (MiB/s): avg: 157939.798817 best: 165823.731159
VALIDATION disabled

real	3m0.396s
user	0m0.052s
sys	0m0.629s
