NRM Benchmarks:      ones-stream-full
Version:             0.1.0
Description: one progress per iteration, Stream benchmark
Array size:          33554432 (elements).
Memory per array:    256.0 MiB.
Kernel was executed: 10000 times.
Number of threads:   96
Progress Time (ns):   180082245372
Copy Time (s): avg:    0.003772 min:    0.003477 max:    0.013799
Copy Perf (MiB/s): avg: 142324.884346 best: 154422.614517
Scale Time (s): avg:    0.003846 min:    0.003604 max:    0.014030
Scale Perf (MiB/s): avg: 139592.363314 best: 148944.876035
Add Time (s): avg:    0.005084 min:    0.004808 max:    0.015319
Add Perf (MiB/s): avg: 158401.650880 best: 167504.989542
Triad Time (s): avg:    0.005114 min:    0.004838 max:    0.015528
Triad Perf (MiB/s): avg: 157464.419052 best: 166456.838866
VALIDATION disabled

real	3m0.297s
user	0m0.031s
sys	0m0.556s
