NRM Benchmarks:      ones-stream-full
Version:             0.1.0
Description: one progress per iteration, Stream benchmark
Array size:          33554432 (elements).
Memory per array:    256.0 MiB.
Kernel was executed: 10000 times.
Number of threads:   96
Progress Time (ns):   195974484807
Copy Time (s): avg:    0.004115 min:    0.003533 max:    0.014050
Copy Perf (MiB/s): avg: 130451.906272 best: 151978.334058
Scale Time (s): avg:    0.004262 min:    0.003631 max:    0.014768
Scale Perf (MiB/s): avg: 125976.724860 best: 147859.178879
Add Time (s): avg:    0.005510 min:    0.004801 max:    0.015290
Add Perf (MiB/s): avg: 146154.808709 best: 167721.354406
Triad Time (s): avg:    0.005507 min:    0.004834 max:    0.015533
Triad Perf (MiB/s): avg: 146222.493637 best: 166602.196078
VALIDATION disabled

real	3m16.075s
user	0m0.050s
sys	0m0.800s
