NRM Benchmarks:      ones-stream-full
Version:             0.1.0
Description: one progress per iteration, Stream benchmark
Array size:          33554432 (elements).
Memory per array:    256.0 MiB.
Kernel was executed: 10000 times.
Number of threads:   96
Progress Time (ns):   172082365702
Copy Time (s): avg:    0.003589 min:    0.003453 max:    0.013275
Copy Perf (MiB/s): avg: 149571.867025 best: 155495.904145
Scale Time (s): avg:    0.003698 min:    0.003625 max:    0.013371
Scale Perf (MiB/s): avg: 145193.011612 best: 148090.922657
Add Time (s): avg:    0.004864 min:    0.004813 max:    0.021286
Add Perf (MiB/s): avg: 165550.006284 best: 167301.832723
Triad Time (s): avg:    0.004888 min:    0.004844 max:    0.014289
Triad Perf (MiB/s): avg: 164735.032731 best: 166247.943439
VALIDATION disabled

real	2m52.255s
user	0m0.048s
sys	0m0.545s
