NRM Benchmarks:      ones-stream-full
Version:             0.1.0
Description: one progress per iteration, Stream benchmark
Array size:          33554432 (elements).
Memory per array:    256.0 MiB.
Kernel was executed: 10000 times.
Number of threads:   96
Progress Time (ns):   188357647514
Copy Time (s): avg:    0.003950 min:    0.003424 max:    0.014648
Copy Perf (MiB/s): avg: 135930.223842 best: 156773.746786
Scale Time (s): avg:    0.004030 min:    0.003588 max:    0.022654
Scale Perf (MiB/s): avg: 133219.550358 best: 149630.366493
Add Time (s): avg:    0.005313 min:    0.004774 max:    0.016387
Add Perf (MiB/s): avg: 151577.200444 best: 168696.723480
Triad Time (s): avg:    0.005342 min:    0.004798 max:    0.017806
Triad Perf (MiB/s): avg: 150748.753655 best: 167846.571980
VALIDATION disabled

real	3m8.458s
user	0m0.057s
sys	0m0.695s
