NRM Benchmarks:      ones-stream-full
Version:             0.1.0
Description: one progress per iteration, Stream benchmark
Array size:          33554432 (elements).
Memory per array:    256.0 MiB.
Kernel was executed: 10000 times.
Number of threads:   96
Progress Time (ns):   198145562679
Copy Time (s): avg:    0.004129 min:    0.003509 max:    0.016750
Copy Perf (MiB/s): avg: 130016.780640 best: 152981.000719
Scale Time (s): avg:    0.004233 min:    0.003603 max:    0.017233
Scale Perf (MiB/s): avg: 126824.510309 best: 149007.050255
Add Time (s): avg:    0.005567 min:    0.004805 max:    0.018289
Add Perf (MiB/s): avg: 144660.638825 best: 167609.229861
Triad Time (s): avg:    0.005579 min:    0.004837 max:    0.018126
Triad Perf (MiB/s): avg: 144339.717635 best: 166504.987667
VALIDATION disabled

real	3m18.360s
user	0m0.059s
sys	0m0.704s
