NRM Benchmarks:      ones-stream-full
Version:             0.1.0
Description: one progress per iteration, Stream benchmark
Array size:          33554432 (elements).
Memory per array:    256.0 MiB.
Kernel was executed: 10000 times.
Number of threads:   96
Progress Time (ns):   192230844249
Copy Time (s): avg:    0.004006 min:    0.003496 max:    0.021944
Copy Perf (MiB/s): avg: 134009.548090 best: 153550.328568
Scale Time (s): avg:    0.004116 min:    0.003608 max:    0.016628
Scale Perf (MiB/s): avg: 130433.118663 best: 148792.636292
Add Time (s): avg:    0.005420 min:    0.004808 max:    0.023204
Add Perf (MiB/s): avg: 148590.947430 best: 167501.191926
Triad Time (s): avg:    0.005448 min:    0.004839 max:    0.024812
Triad Perf (MiB/s): avg: 147818.755743 best: 166419.687998
VALIDATION disabled

real	3m12.440s
user	0m0.020s
sys	0m0.633s
