NRM Benchmarks:      ones-stream-full
Version:             0.1.0
Description: one progress per iteration, Stream benchmark
Array size:          33554432 (elements).
Memory per array:    256.0 MiB.
Kernel was executed: 10000 times.
Number of threads:   96
Progress Time (ns):   201437293865
Copy Time (s): avg:    0.004209 min:    0.003490 max:    0.014277
Copy Perf (MiB/s): avg: 127556.706072 best: 153846.723796
Scale Time (s): avg:    0.004350 min:    0.003631 max:    0.014560
Scale Perf (MiB/s): avg: 123431.614984 best: 147872.414640
Add Time (s): avg:    0.005677 min:    0.004807 max:    0.015604
Add Perf (MiB/s): avg: 141859.605170 best: 167532.658104
Triad Time (s): avg:    0.005685 min:    0.004828 max:    0.015811
Triad Perf (MiB/s): avg: 141658.588511 best: 166808.217016
VALIDATION disabled

real	3m21.536s
user	0m0.054s
sys	0m0.840s
