NRM Benchmarks:      ones-stream-full
Version:             0.1.0
Description: one progress per iteration, Stream benchmark
Array size:          33554432 (elements).
Memory per array:    256.0 MiB.
Kernel was executed: 10000 times.
Number of threads:   96
Progress Time (ns):   182593250044
Copy Time (s): avg:    0.003816 min:    0.003482 max:    0.014261
Copy Perf (MiB/s): avg: 140695.172764 best: 154173.259469
Scale Time (s): avg:    0.003903 min:    0.003608 max:    0.019361
Scale Perf (MiB/s): avg: 137555.124693 best: 148788.883768
Add Time (s): avg:    0.005142 min:    0.004804 max:    0.015988
Add Perf (MiB/s): avg: 156610.848774 best: 167648.728624
Triad Time (s): avg:    0.005164 min:    0.004838 max:    0.020710
Triad Perf (MiB/s): avg: 155952.712050 best: 166464.890408
VALIDATION disabled

real	3m2.802s
user	0m0.011s
sys	0m0.509s
