NRM Benchmarks:      ones-stream-full
Version:             0.1.0
Description: one progress per iteration, Stream benchmark
Array size:          33554432 (elements).
Memory per array:    256.0 MiB.
Kernel was executed: 10000 times.
Number of threads:   96
Progress Time (ns):   173824707595
Copy Time (s): avg:    0.003621 min:    0.003435 max:    0.013321
Copy Perf (MiB/s): avg: 148271.944929 best: 156300.531346
Scale Time (s): avg:    0.003727 min:    0.003604 max:    0.017931
Scale Perf (MiB/s): avg: 144030.105002 best: 148949.710865
Add Time (s): avg:    0.004910 min:    0.004799 max:    0.015419
Add Perf (MiB/s): avg: 163999.606481 best: 167792.749569
Triad Time (s): avg:    0.004926 min:    0.004830 max:    0.015017
Triad Perf (MiB/s): avg: 163467.726494 best: 166737.104686
VALIDATION disabled

real	2m54.040s
user	0m0.034s
sys	0m0.518s
