NRM Benchmarks:      ones-stream-full
Version:             0.1.0
Description: one progress per iteration, Stream benchmark
Array size:          33554432 (elements).
Memory per array:    256.0 MiB.
Kernel was executed: 10000 times.
Number of threads:   96
Progress Time (ns):   175608860084
Copy Time (s): avg:    0.003661 min:    0.003462 max:    0.012437
Copy Perf (MiB/s): avg: 146653.594034 best: 155072.363418
Scale Time (s): avg:    0.003768 min:    0.003624 max:    0.012671
Scale Perf (MiB/s): avg: 142469.354212 best: 148158.273290
Add Time (s): avg:    0.004960 min:    0.004810 max:    0.014322
Add Perf (MiB/s): avg: 162346.535277 best: 167429.731318
Triad Time (s): avg:    0.004989 min:    0.004839 max:    0.014374
Triad Perf (MiB/s): avg: 161428.745295 best: 166413.085135
VALIDATION disabled

real	2m55.718s
user	0m0.050s
sys	0m0.592s
