NRM Benchmarks:      ones-stream-full
Version:             0.1.0
Description: one progress per iteration, Stream benchmark
Array size:          33554432 (elements).
Memory per array:    256.0 MiB.
Kernel was executed: 10000 times.
Number of threads:   96
Progress Time (ns):   172046814656
Copy Time (s): avg:    0.003595 min:    0.003424 max:    0.012942
Copy Perf (MiB/s): avg: 149337.784562 best: 156792.060968
Scale Time (s): avg:    0.003712 min:    0.003584 max:    0.012949
Scale Perf (MiB/s): avg: 144629.742563 best: 149811.786688
Add Time (s): avg:    0.004862 min:    0.004769 max:    0.013944
Add Perf (MiB/s): avg: 165645.772370 best: 168859.899184
Triad Time (s): avg:    0.004863 min:    0.004801 max:    0.013728
Triad Perf (MiB/s): avg: 165604.753379 best: 167747.067834
VALIDATION disabled

real	2m52.341s
user	0m0.048s
sys	0m0.569s
