NRM Benchmarks:      ones-stream-full
Version:             0.1.0
Description: one progress per iteration, Stream benchmark
Array size:          33554432 (elements).
Memory per array:    256.0 MiB.
Kernel was executed: 10000 times.
Number of threads:   96
Progress Time (ns):   171314196276
Copy Time (s): avg:    0.003529 min:    0.003411 max:    0.014544
Copy Perf (MiB/s): avg: 152124.375684 best: 157403.638042
Scale Time (s): avg:    0.003671 min:    0.003583 max:    0.016159
Scale Perf (MiB/s): avg: 146255.727911 best: 149847.663461
Add Time (s): avg:    0.004877 min:    0.004776 max:    0.014794
Add Perf (MiB/s): avg: 165114.665248 best: 168598.715201
Triad Time (s): avg:    0.004883 min:    0.004802 max:    0.015577
Triad Perf (MiB/s): avg: 164926.760690 best: 167689.677640
VALIDATION disabled

real	2m51.422s
user	0m0.048s
sys	0m0.552s
