NRM Benchmarks:      phases-stream-full
Version:             0.1.0
Description: one progress per iteration, Stream benchmark
Array size:          33554432 (elements).
Memory per array:    256.0 MiB.
Kernel was executed: 5000 times.
Number of threads:   96
Progress Time (ns):   87745005717
Copy Time (s): avg:    0.003563 min:    0.003388 max:    0.013650
Copy Perf (MiB/s): avg: 150659.228211 best: 158481.293235
Scale Time (s): avg:    0.003520 min:    0.003387 max:    0.012146
Scale Perf (MiB/s): avg: 152501.932738 best: 158510.163476
Add Time (s): avg:    0.004993 min:    0.004742 max:    0.014347
Add Perf (MiB/s): avg: 161286.284211 best: 169807.694360
Triad Time (s): avg:    0.005171 min:    0.004741 max:    0.014548
Triad Perf (MiB/s): avg: 155732.652106 best: 169854.397988
VALIDATION disabled

real	1m27.926s
user	0m0.033s
sys	0m0.316s
