NRM Benchmarks:      ones-stream-full
Version:             0.1.0
Description: one progress per iteration, Stream benchmark
Array size:          33554432 (elements).
Memory per array:    256.0 MiB.
Kernel was executed: 10000 times.
Number of threads:   96
Progress Time (ns):   177769503284
Copy Time (s): avg:    0.003679 min:    0.003470 max:    0.013465
Copy Perf (MiB/s): avg: 145938.116165 best: 154701.747743
Scale Time (s): avg:    0.003741 min:    0.003596 max:    0.016974
Scale Perf (MiB/s): avg: 143511.739056 best: 149288.225028
Add Time (s): avg:    0.004962 min:    0.004773 max:    0.015238
Add Perf (MiB/s): avg: 162286.301281 best: 168729.418233
Triad Time (s): avg:    0.005000 min:    0.004806 max:    0.015232
Triad Perf (MiB/s): avg: 161059.274020 best: 167564.903160
VALIDATION disabled

real	2m57.969s
user	0m0.024s
sys	0m0.570s
