NRM Benchmarks:      phases-stream-full
Version:             0.1.0
Description: one progress per iteration, Stream benchmark
Array size:          33554432 (elements).
Memory per array:    256.0 MiB.
Kernel was executed: 5000 times.
Number of threads:   96
Progress Time (ns):   85418339413
Copy Time (s): avg:    0.003547 min:    0.003391 max:    0.013314
Copy Perf (MiB/s): avg: 151349.149159 best: 158320.196871
Scale Time (s): avg:    0.003560 min:    0.003414 max:    0.012917
Scale Perf (MiB/s): avg: 150793.216786 best: 157263.194464
Add Time (s): avg:    0.004901 min:    0.004757 max:    0.014317
Add Perf (MiB/s): avg: 164319.285390 best: 169298.420532
Triad Time (s): avg:    0.004900 min:    0.004769 max:    0.014513
Triad Perf (MiB/s): avg: 164338.284223 best: 168859.509705
VALIDATION disabled

real	1m25.599s
user	0m0.031s
sys	0m0.263s
