NRM Benchmarks:      ones-stream-full
Version:             0.1.0
Description: one progress per iteration, Stream benchmark
Array size:          33554432 (elements).
Memory per array:    256.0 MiB.
Kernel was executed: 10000 times.
Number of threads:   96
Progress Time (ns):   197641252015
Copy Time (s): avg:    0.004116 min:    0.003493 max:    0.016524
Copy Perf (MiB/s): avg: 130420.814119 best: 153686.591757
Scale Time (s): avg:    0.004224 min:    0.003605 max:    0.025648
Scale Perf (MiB/s): avg: 127112.955739 best: 148916.080174
Add Time (s): avg:    0.005551 min:    0.004811 max:    0.018005
Add Perf (MiB/s): avg: 145086.592317 best: 167374.262560
Triad Time (s): avg:    0.005573 min:    0.004837 max:    0.018551
Triad Perf (MiB/s): avg: 144498.072320 best: 166492.526192
VALIDATION disabled

real	3m17.860s
user	0m0.034s
sys	0m0.693s
