NRM Benchmarks:      phases-stream-full
Version:             0.1.0
Description: one progress per iteration, Stream benchmark
Array size:          33554432 (elements).
Memory per array:    256.0 MiB.
Kernel was executed: 5000 times.
Number of threads:   96
Progress Time (ns):   91000074792
Copy Time (s): avg:    0.003727 min:    0.003391 max:    0.014240
Copy Perf (MiB/s): avg: 144037.002534 best: 158314.081015
Scale Time (s): avg:    0.003707 min:    0.003605 max:    0.013532
Scale Perf (MiB/s): avg: 144818.508153 best: 148930.290800
Add Time (s): avg:    0.005326 min:    0.004967 max:    0.018559
Add Perf (MiB/s): avg: 151205.685262 best: 162131.536297
Triad Time (s): avg:    0.005157 min:    0.004983 max:    0.016464
Triad Perf (MiB/s): avg: 156163.250175 best: 161622.232043
VALIDATION disabled

real	1m31.370s
user	0m0.040s
sys	0m0.311s
