NRM Benchmarks:      phases-stream-full
Version:             0.1.0
Description: one progress per iteration, Stream benchmark
Array size:          33554432 (elements).
Memory per array:    256.0 MiB.
Kernel was executed: 5000 times.
Number of threads:   96
Progress Time (ns):   84401998096
Copy Time (s): avg:    0.003503 min:    0.003387 max:    0.013245
Copy Perf (MiB/s): avg: 153242.882362 best: 158527.621738
Scale Time (s): avg:    0.003521 min:    0.003398 max:    0.013435
Scale Perf (MiB/s): avg: 152494.569888 best: 158001.449136
Add Time (s): avg:    0.004828 min:    0.004741 max:    0.014553
Add Perf (MiB/s): avg: 166800.617336 best: 169854.863721
Triad Time (s): avg:    0.004823 min:    0.004759 max:    0.006216
Triad Perf (MiB/s): avg: 166977.714280 best: 169222.004781
VALIDATION disabled

real	1m24.580s
user	0m0.025s
sys	0m0.280s
