NRM Benchmarks:      ones-stream-full
Version:             0.1.0
Description: one progress per iteration, Stream benchmark
Array size:          33554432 (elements).
Memory per array:    256.0 MiB.
Kernel was executed: 10000 times.
Number of threads:   96
Progress Time (ns):   185116691404
Copy Time (s): avg:    0.003879 min:    0.003469 max:    0.013889
Copy Perf (MiB/s): avg: 138402.283054 best: 154749.639335
Scale Time (s): avg:    0.003974 min:    0.003591 max:    0.014309
Scale Perf (MiB/s): avg: 135091.232887 best: 149517.436059
Add Time (s): avg:    0.005223 min:    0.004788 max:    0.015624
Add Perf (MiB/s): avg: 154199.040753 best: 168184.703061
Triad Time (s): avg:    0.005242 min:    0.004808 max:    0.015534
Triad Perf (MiB/s): avg: 153629.449532 best: 167504.257878
VALIDATION disabled

real	3m5.293s
user	0m0.064s
sys	0m0.663s
