NRM Benchmarks:      ones-stream-full
Version:             0.1.0
Description: one progress per iteration, Stream benchmark
Array size:          33554432 (elements).
Memory per array:    256.0 MiB.
Kernel was executed: 10000 times.
Number of threads:   96
Progress Time (ns):   183776081420
Copy Time (s): avg:    0.003812 min:    0.003385 max:    0.018001
Copy Perf (MiB/s): avg: 140845.069410 best: 158600.023279
Scale Time (s): avg:    0.003945 min:    0.003547 max:    0.019141
Scale Perf (MiB/s): avg: 136087.324135 best: 151354.671486
Add Time (s): avg:    0.005206 min:    0.004719 max:    0.019841
Add Perf (MiB/s): avg: 154676.029715 best: 170643.196226
Triad Time (s): avg:    0.005207 min:    0.004750 max:    0.017759
Triad Perf (MiB/s): avg: 154669.266030 best: 169522.087061
VALIDATION disabled

real	3m3.976s
user	0m0.046s
sys	0m0.608s
