NRM Benchmarks:      ones-stream-full
Version:             0.1.0
Description: one progress per iteration, Stream benchmark
Array size:          33554432 (elements).
Memory per array:    256.0 MiB.
Kernel was executed: 10000 times.
Number of threads:   96
Progress Time (ns):   171137898700
Copy Time (s): avg:    0.003566 min:    0.003403 max:    0.013228
Copy Perf (MiB/s): avg: 150555.421857 best: 157744.258873
Scale Time (s): avg:    0.003676 min:    0.003577 max:    0.013929
Scale Perf (MiB/s): avg: 146061.336913 best: 150096.555141
Add Time (s): avg:    0.004832 min:    0.004762 max:    0.013958
Add Perf (MiB/s): avg: 166669.585376 best: 169117.418599
Triad Time (s): avg:    0.004861 min:    0.004791 max:    0.018331
Triad Perf (MiB/s): avg: 165680.187828 best: 168093.919778
VALIDATION disabled

real	2m51.244s
user	0m0.032s
sys	0m0.585s
