NRM Benchmarks:      ones-stream-full
Version:             0.1.0
Description: one progress per iteration, Stream benchmark
Array size:          33554432 (elements).
Memory per array:    256.0 MiB.
Kernel was executed: 10000 times.
Number of threads:   96
Progress Time (ns):   177938458789
Copy Time (s): avg:    0.003684 min:    0.003486 max:    0.013064
Copy Perf (MiB/s): avg: 145736.135489 best: 154016.998155
Scale Time (s): avg:    0.003761 min:    0.003602 max:    0.013869
Scale Perf (MiB/s): avg: 142764.682713 best: 149027.814111
Add Time (s): avg:    0.004996 min:    0.004804 max:    0.015115
Add Perf (MiB/s): avg: 161204.746737 best: 167618.753920
Triad Time (s): avg:    0.005042 min:    0.004838 max:    0.015183
Triad Perf (MiB/s): avg: 159728.842824 best: 166444.109386
VALIDATION disabled

real	2m58.146s
user	0m0.042s
sys	0m0.564s
