NRM Benchmarks:      ones-stream-full
Version:             0.1.0
Description: one progress per iteration, Stream benchmark
Array size:          33554432 (elements).
Memory per array:    256.0 MiB.
Kernel was executed: 10000 times.
Number of threads:   96
Progress Time (ns):   180015451148
Copy Time (s): avg:    0.003751 min:    0.003490 max:    0.014144
Copy Perf (MiB/s): avg: 143110.314112 best: 153830.722024
Scale Time (s): avg:    0.003820 min:    0.003603 max:    0.014217
Scale Perf (MiB/s): avg: 140554.658574 best: 148998.779415
Add Time (s): avg:    0.005081 min:    0.004802 max:    0.015613
Add Perf (MiB/s): avg: 158497.157926 best: 167719.747579
Triad Time (s): avg:    0.005111 min:    0.004837 max:    0.015696
Triad Perf (MiB/s): avg: 157571.702531 best: 166504.333565
VALIDATION disabled

real	3m0.228s
user	0m0.062s
sys	0m0.539s
