NRM Benchmarks:      ones-stream-full
Version:             0.1.0
Description: one progress per iteration, Stream benchmark
Array size:          33554432 (elements).
Memory per array:    256.0 MiB.
Kernel was executed: 10000 times.
Number of threads:   96
Progress Time (ns):   182201852924
Copy Time (s): avg:    0.003782 min:    0.003446 max:    0.013640
Copy Perf (MiB/s): avg: 141957.466589 best: 155813.701842
Scale Time (s): avg:    0.003915 min:    0.003590 max:    0.013484
Scale Perf (MiB/s): avg: 137127.713042 best: 149537.217816
Add Time (s): avg:    0.005153 min:    0.004790 max:    0.015290
Add Perf (MiB/s): avg: 156288.675286 best: 168138.421528
Triad Time (s): avg:    0.005174 min:    0.004808 max:    0.014647
Triad Perf (MiB/s): avg: 155646.801936 best: 167501.435804
VALIDATION disabled

real	3m2.311s
user	0m0.043s
sys	0m0.686s
