NRM Benchmarks:      ones-stream-full
Version:             0.1.0
Description: one progress per iteration, Stream benchmark
Array size:          33554432 (elements).
Memory per array:    256.0 MiB.
Kernel was executed: 10000 times.
Number of threads:   96
Progress Time (ns):   176123377245
Copy Time (s): avg:    0.003672 min:    0.003416 max:    0.013287
Copy Perf (MiB/s): avg: 146199.276894 best: 157142.179082
Scale Time (s): avg:    0.003786 min:    0.003594 max:    0.014952
Scale Perf (MiB/s): avg: 141804.899251 best: 149370.049919
Add Time (s): avg:    0.004978 min:    0.004795 max:    0.014207
Add Perf (MiB/s): avg: 161777.946454 best: 167941.816222
Triad Time (s): avg:    0.004997 min:    0.004813 max:    0.014504
Triad Perf (MiB/s): avg: 161171.421708 best: 167316.014715
VALIDATION disabled

real	2m56.235s
user	0m0.050s
sys	0m0.587s
