NRM Benchmarks:      phases-stream-full
Version:             0.1.0
Description: one progress per iteration, Stream benchmark
Array size:          33554432 (elements).
Memory per array:    256.0 MiB.
Kernel was executed: 5000 times.
Number of threads:   96
Progress Time (ns):   90498008305
Copy Time (s): avg:    0.003715 min:    0.003390 max:    0.013899
Copy Perf (MiB/s): avg: 144515.960311 best: 158359.424283
Scale Time (s): avg:    0.003744 min:    0.003522 max:    0.013899
Scale Perf (MiB/s): avg: 143390.452369 best: 152447.429763
Add Time (s): avg:    0.005171 min:    0.004997 max:    0.015299
Add Perf (MiB/s): avg: 155742.519940 best: 161170.740767
Triad Time (s): avg:    0.005178 min:    0.005080 max:    0.015296
Triad Perf (MiB/s): avg: 155518.193286 best: 158536.204063
VALIDATION disabled

real	1m30.599s
user	0m0.030s
sys	0m0.335s
