NRM Benchmarks:      ones-stream-full
Version:             0.1.0
Description: one progress per iteration, Stream benchmark
Array size:          33554432 (elements).
Memory per array:    256.0 MiB.
Kernel was executed: 10000 times.
Number of threads:   96
Progress Time (ns):   172427710561
Copy Time (s): avg:    0.003585 min:    0.003422 max:    0.017949
Copy Perf (MiB/s): avg: 149763.713734 best: 156879.295165
Scale Time (s): avg:    0.003670 min:    0.003599 max:    0.017939
Scale Perf (MiB/s): avg: 146290.002270 best: 149174.856909
Add Time (s): avg:    0.004871 min:    0.004795 max:    0.014951
Add Perf (MiB/s): avg: 165341.507226 best: 167947.910490
Triad Time (s): avg:    0.004904 min:    0.004828 max:    0.014881
Triad Perf (MiB/s): avg: 164228.982198 best: 166790.113710
VALIDATION disabled

real	2m52.633s
user	0m0.044s
sys	0m0.522s
