NRM Benchmarks:      phases-stream-full
Version:             0.1.0
Description: one progress per iteration, Stream benchmark
Array size:          33554432 (elements).
Memory per array:    256.0 MiB.
Kernel was executed: 2500 times.
Number of threads:   96
Progress Time (ns):   43319046516
Copy Time (s): avg:    0.003569 min:    0.003380 max:    0.013120
Copy Perf (MiB/s): avg: 150406.269294 best: 158841.260491
Scale Time (s): avg:    0.003602 min:    0.003396 max:    0.013379
Scale Perf (MiB/s): avg: 149040.876597 best: 158084.820974
Add Time (s): avg:    0.004952 min:    0.004729 max:    0.014334
Add Perf (MiB/s): avg: 162624.247554 best: 170276.357633
Triad Time (s): avg:    0.004969 min:    0.004753 max:    0.016044
Triad Perf (MiB/s): avg: 162078.119279 best: 169432.492532
VALIDATION disabled

real	0m43.433s
user	0m0.018s
sys	0m0.169s
