NRM Benchmarks:      phases-stream-full
Version:             0.1.0
Description: one progress per iteration, Stream benchmark
Array size:          33554432 (elements).
Memory per array:    256.0 MiB.
Kernel was executed: 5000 times.
Number of threads:   96
Progress Time (ns):   85960515260
Copy Time (s): avg:    0.003545 min:    0.003388 max:    0.013330
Copy Perf (MiB/s): avg: 151440.661362 best: 158459.074524
Scale Time (s): avg:    0.003553 min:    0.003393 max:    0.013378
Scale Perf (MiB/s): avg: 151115.274554 best: 158237.975812
Add Time (s): avg:    0.004919 min:    0.004764 max:    0.014463
Add Perf (MiB/s): avg: 163715.347417 best: 169038.150095
Triad Time (s): avg:    0.004912 min:    0.004854 max:    0.006363
Triad Perf (MiB/s): avg: 163932.788513 best: 165895.740924
VALIDATION disabled

real	1m26.140s
user	0m0.029s
sys	0m0.290s
