NRM Benchmarks:      ones-stream-full
Version:             0.1.0
Description: one progress per iteration, Stream benchmark
Array size:          33554432 (elements).
Memory per array:    256.0 MiB.
Kernel was executed: 10000 times.
Number of threads:   96
Progress Time (ns):   182661964470
Copy Time (s): avg:    0.003807 min:    0.003489 max:    0.019052
Copy Perf (MiB/s): avg: 141027.798797 best: 153883.412596
Scale Time (s): avg:    0.003923 min:    0.003607 max:    0.015017
Scale Perf (MiB/s): avg: 136849.550807 best: 148824.808546
Add Time (s): avg:    0.005151 min:    0.004798 max:    0.016020
Add Perf (MiB/s): avg: 156331.455848 best: 167836.147531
Triad Time (s): avg:    0.005170 min:    0.004838 max:    0.016738
Triad Perf (MiB/s): avg: 155765.946702 best: 166457.939886
VALIDATION disabled

real	3m2.878s
user	0m0.041s
sys	0m0.578s
