NRM Benchmarks:      ones-stream-full
Version:             0.1.0
Description: one progress per iteration, Stream benchmark
Array size:          33554432 (elements).
Memory per array:    256.0 MiB.
Kernel was executed: 10000 times.
Number of threads:   96
Progress Time (ns):   183406419421
Copy Time (s): avg:    0.003829 min:    0.003419 max:    0.015364
Copy Perf (MiB/s): avg: 140214.429840 best: 157011.889857
Scale Time (s): avg:    0.003929 min:    0.003593 max:    0.018129
Scale Perf (MiB/s): avg: 136630.108508 best: 149411.993961
Add Time (s): avg:    0.005180 min:    0.004786 max:    0.015062
Add Perf (MiB/s): avg: 155454.293629 best: 168262.715926
Triad Time (s): avg:    0.005205 min:    0.004820 max:    0.017381
Triad Perf (MiB/s): avg: 154725.537600 best: 167063.670816
VALIDATION disabled

real	3m3.512s
user	0m0.045s
sys	0m0.677s
