NRM Benchmarks:      ones-stream-full
Version:             0.1.0
Description: one progress per iteration, Stream benchmark
Array size:          33554432 (elements).
Memory per array:    256.0 MiB.
Kernel was executed: 10000 times.
Number of threads:   96
Progress Time (ns):   187757228827
Copy Time (s): avg:    0.003910 min:    0.003456 max:    0.014238
Copy Perf (MiB/s): avg: 137318.856202 best: 155350.975648
Scale Time (s): avg:    0.004033 min:    0.003592 max:    0.015122
Scale Perf (MiB/s): avg: 133119.607874 best: 149475.640888
Add Time (s): avg:    0.005307 min:    0.004782 max:    0.015832
Add Perf (MiB/s): avg: 151748.954486 best: 168395.644875
Triad Time (s): avg:    0.005326 min:    0.004810 max:    0.015996
Triad Perf (MiB/s): avg: 151197.878056 best: 167420.541983
VALIDATION disabled

real	3m8.119s
user	0m0.044s
sys	0m0.703s
