NRM Benchmarks:      phases-stream-full
Version:             0.1.0
Description: one progress per iteration, Stream benchmark
Array size:          33554432 (elements).
Memory per array:    256.0 MiB.
Kernel was executed: 5000 times.
Number of threads:   96
Progress Time (ns):   94777625557
Copy Time (s): avg:    0.003981 min:    0.003383 max:    0.021638
Copy Perf (MiB/s): avg: 134853.793657 best: 158699.319882
Scale Time (s): avg:    0.003913 min:    0.003682 max:    0.020672
Scale Perf (MiB/s): avg: 137187.789663 best: 145800.047308
Add Time (s): avg:    0.005367 min:    0.005190 max:    0.016857
Add Perf (MiB/s): avg: 150038.700713 best: 155172.777056
Triad Time (s): avg:    0.005372 min:    0.005219 max:    0.016105
Triad Perf (MiB/s): avg: 149904.054632 best: 154293.970895
VALIDATION disabled

real	1m34.875s
user	0m0.035s
sys	0m0.362s
