NRM Benchmarks:      ones-stream-full
Version:             0.1.0
Description: one progress per iteration, Stream benchmark
Array size:          33554432 (elements).
Memory per array:    256.0 MiB.
Kernel was executed: 10000 times.
Number of threads:   96
Progress Time (ns):   184136349008
Copy Time (s): avg:    0.003819 min:    0.003414 max:    0.012560
Copy Perf (MiB/s): avg: 140584.419572 best: 157243.941065
Scale Time (s): avg:    0.004043 min:    0.003578 max:    0.017629
Scale Perf (MiB/s): avg: 132788.876177 best: 150067.941498
Add Time (s): avg:    0.005210 min:    0.004773 max:    0.014119
Add Perf (MiB/s): avg: 154561.022603 best: 168722.736869
Triad Time (s): avg:    0.005156 min:    0.004786 max:    0.020494
Triad Perf (MiB/s): avg: 156180.724346 best: 168261.063553
VALIDATION disabled

real	3m4.228s
user	0m0.045s
sys	0m0.645s
