NRM Benchmarks:      ones-stream-full
Version:             0.1.0
Description: one progress per iteration, Stream benchmark
Array size:          33554432 (elements).
Memory per array:    256.0 MiB.
Kernel was executed: 10000 times.
Number of threads:   96
Progress Time (ns):   179462757673
Copy Time (s): avg:    0.003739 min:    0.003484 max:    0.013801
Copy Perf (MiB/s): avg: 143603.506044 best: 154098.384333
Scale Time (s): avg:    0.003836 min:    0.003603 max:    0.014014
Scale Perf (MiB/s): avg: 139949.074370 best: 148987.491199
Add Time (s): avg:    0.005060 min:    0.004806 max:    0.015498
Add Perf (MiB/s): avg: 159158.655319 best: 167556.221919
Triad Time (s): avg:    0.005090 min:    0.004834 max:    0.017786
Triad Perf (MiB/s): avg: 158211.122054 best: 166575.902100
VALIDATION disabled

real	2m59.673s
user	0m0.014s
sys	0m0.592s
