NRM Benchmarks:      ones-stream-full
Version:             0.1.0
Description: one progress per iteration, Stream benchmark
Array size:          33554432 (elements).
Memory per array:    256.0 MiB.
Kernel was executed: 10000 times.
Number of threads:   96
Progress Time (ns):   183887852173
Copy Time (s): avg:    0.003840 min:    0.003483 max:    0.014147
Copy Perf (MiB/s): avg: 139827.323111 best: 154129.750462
Scale Time (s): avg:    0.003962 min:    0.003619 max:    0.014747
Scale Perf (MiB/s): avg: 135500.475035 best: 148360.037284
Add Time (s): avg:    0.005180 min:    0.004818 max:    0.015090
Add Perf (MiB/s): avg: 155470.258165 best: 167128.228862
Triad Time (s): avg:    0.005206 min:    0.004852 max:    0.016056
Triad Perf (MiB/s): avg: 154697.903720 best: 165983.548941
VALIDATION disabled

real	3m4.263s
user	0m0.036s
sys	0m0.674s
