NRM Benchmarks:      ones-stream-full
Version:             0.1.0
Description: one progress per iteration, Stream benchmark
Array size:          33554432 (elements).
Memory per array:    256.0 MiB.
Kernel was executed: 10000 times.
Number of threads:   96
Progress Time (ns):   177592303312
Copy Time (s): avg:    0.003680 min:    0.003432 max:    0.013056
Copy Perf (MiB/s): avg: 145882.485362 best: 156423.899394
Scale Time (s): avg:    0.003804 min:    0.003590 max:    0.013376
Scale Perf (MiB/s): avg: 141131.897214 best: 149550.797378
Add Time (s): avg:    0.005038 min:    0.004789 max:    0.014954
Add Perf (MiB/s): avg: 159854.616843 best: 168156.572932
Triad Time (s): avg:    0.005058 min:    0.004817 max:    0.014717
Triad Perf (MiB/s): avg: 159219.524937 best: 167164.343482
VALIDATION disabled

real	2m57.696s
user	0m0.031s
sys	0m0.637s
