NRM Benchmarks:      phases-stream-full
Version:             0.1.0
Description: one progress per iteration, Stream benchmark
Array size:          33554432 (elements).
Memory per array:    256.0 MiB.
Kernel was executed: 2500 times.
Number of threads:   96
Progress Time (ns):   42543117461
Copy Time (s): avg:    0.003505 min:    0.003383 max:    0.018129
Copy Perf (MiB/s): avg: 153160.184461 best: 158674.742010
Scale Time (s): avg:    0.003552 min:    0.003389 max:    0.013128
Scale Perf (MiB/s): avg: 151124.921437 best: 158402.596893
Add Time (s): avg:    0.004829 min:    0.004725 max:    0.013379
Add Perf (MiB/s): avg: 166761.908023 best: 170451.515785
Triad Time (s): avg:    0.004903 min:    0.004723 max:    0.019842
Triad Perf (MiB/s): avg: 164232.943262 best: 170519.802416
VALIDATION disabled

real	0m42.637s
user	0m0.021s
sys	0m0.161s
