NRM Benchmarks:      ones-stream-full
Version:             0.1.0
Description: one progress per iteration, Stream benchmark
Array size:          33554432 (elements).
Memory per array:    256.0 MiB.
Kernel was executed: 10000 times.
Number of threads:   96
Progress Time (ns):   181852436161
Copy Time (s): avg:    0.003799 min:    0.003514 max:    0.014477
Copy Perf (MiB/s): avg: 141312.250678 best: 152777.523498
Scale Time (s): avg:    0.003892 min:    0.003602 max:    0.014472
Scale Perf (MiB/s): avg: 137934.742441 best: 149048.500994
Add Time (s): avg:    0.005126 min:    0.004800 max:    0.015967
Add Perf (MiB/s): avg: 157090.121444 best: 167762.059326
Triad Time (s): avg:    0.005152 min:    0.004838 max:    0.020240
Triad Perf (MiB/s): avg: 156318.524018 best: 166447.583997
VALIDATION disabled

real	3m2.062s
user	0m0.037s
sys	0m0.584s
