NRM Benchmarks:      ones-stream-full
Version:             0.1.0
Description: one progress per iteration, Stream benchmark
Array size:          33554432 (elements).
Memory per array:    256.0 MiB.
Kernel was executed: 10000 times.
Number of threads:   96
Progress Time (ns):   177230896300
Copy Time (s): avg:    0.003721 min:    0.003412 max:    0.014466
Copy Perf (MiB/s): avg: 144281.485478 best: 157325.270404
Scale Time (s): avg:    0.003833 min:    0.003585 max:    0.015591
Scale Perf (MiB/s): avg: 140071.745208 best: 149767.361778
Add Time (s): avg:    0.004987 min:    0.004768 max:    0.014258
Add Perf (MiB/s): avg: 161478.415899 best: 168892.338435
Triad Time (s): avg:    0.004988 min:    0.004797 max:    0.016189
Triad Perf (MiB/s): avg: 161436.783249 best: 167884.887707
VALIDATION disabled

real	2m57.333s
user	0m0.049s
sys	0m0.593s
