NRM Benchmarks:      ones-stream-full
Version:             0.1.0
Description: one progress per iteration, Stream benchmark
Array size:          33554432 (elements).
Memory per array:    256.0 MiB.
Kernel was executed: 10000 times.
Number of threads:   95
Progress Time (ns):   183524978078
Copy Time (s): avg:    0.003759 min:    0.003456 max:    0.015025
Copy Perf (MiB/s): avg: 142841.675207 best: 155355.246294
Scale Time (s): avg:    0.003948 min:    0.003621 max:    0.021889
Scale Perf (MiB/s): avg: 135989.890140 best: 148251.144252
Add Time (s): avg:    0.005222 min:    0.004812 max:    0.016674
Add Perf (MiB/s): avg: 154214.537729 best: 167367.792440
Triad Time (s): avg:    0.005223 min:    0.004858 max:    0.016728
Triad Perf (MiB/s): avg: 154188.696238 best: 165764.305318
VALIDATION disabled

real	3m3.717s
user	0m0.088s
sys	0m0.945s
