NRM Benchmarks:      ones-stream-full
Version:             0.1.0
Description: one progress per iteration, Stream benchmark
Array size:          33554432 (elements).
Memory per array:    256.0 MiB.
Kernel was executed: 10000 times.
Number of threads:   96
Progress Time (ns):   184138157036
Copy Time (s): avg:    0.003834 min:    0.003501 max:    0.014371
Copy Perf (MiB/s): avg: 140012.111126 best: 153347.130848
Scale Time (s): avg:    0.003905 min:    0.003602 max:    0.014718
Scale Perf (MiB/s): avg: 137468.076423 best: 149049.949291
Add Time (s): avg:    0.005207 min:    0.004806 max:    0.021667
Add Perf (MiB/s): avg: 154647.172563 best: 167576.479548
Triad Time (s): avg:    0.005235 min:    0.004838 max:    0.016200
Triad Perf (MiB/s): avg: 153842.379548 best: 166439.327733
VALIDATION disabled

real	3m4.350s
user	0m0.032s
sys	0m0.615s
