NRM Benchmarks:      ones-stream-full
Version:             0.1.0
Description: one progress per iteration, Stream benchmark
Array size:          33554432 (elements).
Memory per array:    256.0 MiB.
Kernel was executed: 10000 times.
Number of threads:   96
Progress Time (ns):   169753447631
Copy Time (s): avg:    0.003523 min:    0.003406 max:    0.012932
Copy Perf (MiB/s): avg: 152403.528612 best: 157641.848500
Scale Time (s): avg:    0.003645 min:    0.003581 max:    0.012795
Scale Perf (MiB/s): avg: 147273.405139 best: 149933.620128
Add Time (s): avg:    0.004808 min:    0.004758 max:    0.014102
Add Perf (MiB/s): avg: 167504.624799 best: 169264.508752
Triad Time (s): avg:    0.004826 min:    0.004789 max:    0.013924
Triad Perf (MiB/s): avg: 166863.467668 best: 168143.266200
VALIDATION disabled

real	2m49.855s
user	0m0.041s
sys	0m0.551s
