NRM Benchmarks:      phases-stream-full
Version:             0.1.0
Description: one progress per iteration, Stream benchmark
Array size:          33554432 (elements).
Memory per array:    256.0 MiB.
Kernel was executed: 5000 times.
Number of threads:   96
Progress Time (ns):   88108127730
Copy Time (s): avg:    0.003616 min:    0.003389 max:    0.014032
Copy Perf (MiB/s): avg: 148453.053746 best: 158419.190032
Scale Time (s): avg:    0.003619 min:    0.003517 max:    0.012757
Scale Perf (MiB/s): avg: 148330.916007 best: 152655.757544
Add Time (s): avg:    0.005043 min:    0.004893 max:    0.015064
Add Perf (MiB/s): avg: 159692.074019 best: 164580.767480
Triad Time (s): avg:    0.005031 min:    0.004893 max:    0.014826
Triad Perf (MiB/s): avg: 160066.243706 best: 164594.121831
VALIDATION disabled

real	1m28.207s
user	0m0.028s
sys	0m0.323s
