NRM Benchmarks:      ones-stream-full
Version:             0.1.0
Description: one progress per iteration, Stream benchmark
Array size:          33554432 (elements).
Memory per array:    256.0 MiB.
Kernel was executed: 10000 times.
Number of threads:   96
Progress Time (ns):   205671710553
Copy Time (s): avg:    0.004337 min:    0.003514 max:    0.021779
Copy Perf (MiB/s): avg: 123790.128808 best: 152794.307058
Scale Time (s): avg:    0.004442 min:    0.003610 max:    0.022823
Scale Perf (MiB/s): avg: 120851.534746 best: 148702.751496
Add Time (s): avg:    0.005757 min:    0.004800 max:    0.023591
Add Perf (MiB/s): avg: 139893.543234 best: 167789.428329
Triad Time (s): avg:    0.005780 min:    0.004831 max:    0.023268
Triad Perf (MiB/s): avg: 139336.420084 best: 166698.620882
VALIDATION disabled

real	3m25.864s
user	0m0.038s
sys	0m0.683s
