NRM Benchmarks:      ones-stream-full
Version:             0.1.0
Description: one progress per iteration, Stream benchmark
Array size:          33554432 (elements).
Memory per array:    256.0 MiB.
Kernel was executed: 10000 times.
Number of threads:   96
Progress Time (ns):   180202241766
Copy Time (s): avg:    0.003768 min:    0.003450 max:    0.013410
Copy Perf (MiB/s): avg: 142471.174082 best: 155621.793913
Scale Time (s): avg:    0.003888 min:    0.003605 max:    0.013174
Scale Perf (MiB/s): avg: 138087.974471 best: 148903.606802
Add Time (s): avg:    0.005071 min:    0.004778 max:    0.014434
Add Perf (MiB/s): avg: 158792.218488 best: 168553.334475
Triad Time (s): avg:    0.005081 min:    0.004815 max:    0.014937
Triad Perf (MiB/s): avg: 158496.514711 best: 167252.249414
VALIDATION disabled

real	3m0.567s
user	0m0.056s
sys	0m0.621s
