NRM Benchmarks:      phases-stream-full
Version:             0.1.0
Description: one progress per iteration, Stream benchmark
Array size:          33554432 (elements).
Memory per array:    256.0 MiB.
Kernel was executed: 5000 times.
Number of threads:   96
Progress Time (ns):   87758303462
Copy Time (s): avg:    0.003631 min:    0.003388 max:    0.013453
Copy Perf (MiB/s): avg: 147845.126209 best: 158463.096818
Scale Time (s): avg:    0.003641 min:    0.003538 max:    0.013991
Scale Perf (MiB/s): avg: 147463.954722 best: 151735.088796
Add Time (s): avg:    0.005029 min:    0.004848 max:    0.017442
Add Perf (MiB/s): avg: 160142.473594 best: 166110.124387
Triad Time (s): avg:    0.005023 min:    0.004899 max:    0.014540
Triad Perf (MiB/s): avg: 160339.368037 best: 164397.557635
VALIDATION disabled

real	1m27.932s
user	0m0.022s
sys	0m0.341s
