NRM Benchmarks:      ones-stream-full
Version:             0.1.0
Description: one progress per iteration, Stream benchmark
Array size:          33554432 (elements).
Memory per array:    256.0 MiB.
Kernel was executed: 10000 times.
Number of threads:   96
Progress Time (ns):   173730693291
Copy Time (s): avg:    0.003610 min:    0.003414 max:    0.012748
Copy Perf (MiB/s): avg: 148697.736430 best: 157261.950681
Scale Time (s): avg:    0.003723 min:    0.003585 max:    0.013340
Scale Perf (MiB/s): avg: 144203.702456 best: 149774.840704
Add Time (s): avg:    0.004925 min:    0.004782 max:    0.013951
Add Perf (MiB/s): avg: 163509.675304 best: 168406.315030
Triad Time (s): avg:    0.004947 min:    0.004812 max:    0.014325
Triad Perf (MiB/s): avg: 162771.528504 best: 167360.835879
VALIDATION disabled

real	2m53.841s
user	0m0.060s
sys	0m0.579s
