NRM Benchmarks:      ones-stream-full
Version:             0.1.0
Description: one progress per iteration, Stream benchmark
Array size:          33554432 (elements).
Memory per array:    256.0 MiB.
Kernel was executed: 10000 times.
Number of threads:   96
Progress Time (ns):   179520551299
Copy Time (s): avg:    0.003747 min:    0.003519 max:    0.017620
Copy Perf (MiB/s): avg: 143279.482277 best: 152543.070251
Scale Time (s): avg:    0.003835 min:    0.003640 max:    0.014012
Scale Perf (MiB/s): avg: 139981.706012 best: 147495.290967
Add Time (s): avg:    0.005057 min:    0.004855 max:    0.015852
Add Perf (MiB/s): avg: 159248.557676 best: 165887.129255
Triad Time (s): avg:    0.005085 min:    0.004884 max:    0.015444
Triad Perf (MiB/s): avg: 158368.922583 best: 164887.690319
VALIDATION disabled

real	2m59.739s
user	0m0.035s
sys	0m0.572s
