NRM Benchmarks:      ones-stream-full
Version:             0.1.0
Description: one progress per iteration, Stream benchmark
Array size:          33554432 (elements).
Memory per array:    256.0 MiB.
Kernel was executed: 10000 times.
Number of threads:   96
Progress Time (ns):   193849493715
Copy Time (s): avg:    0.004040 min:    0.003473 max:    0.015831
Copy Perf (MiB/s): avg: 132891.636670 best: 154597.416479
Scale Time (s): avg:    0.004208 min:    0.003584 max:    0.015348
Scale Perf (MiB/s): avg: 127592.389846 best: 149777.640270
Add Time (s): avg:    0.005460 min:    0.004754 max:    0.016756
Add Perf (MiB/s): avg: 147485.712162 best: 169389.761645
Triad Time (s): avg:    0.005461 min:    0.004779 max:    0.018683
Triad Perf (MiB/s): avg: 147466.728783 best: 168516.405684
VALIDATION disabled

real	3m13.954s
user	0m0.063s
sys	0m0.774s
