NRM Benchmarks:      ones-stream-full
Version:             0.1.0
Description: one progress per iteration, Stream benchmark
Array size:          33554432 (elements).
Memory per array:    256.0 MiB.
Kernel was executed: 10000 times.
Number of threads:   96
Progress Time (ns):   174445343178
Copy Time (s): avg:    0.003647 min:    0.003439 max:    0.011719
Copy Perf (MiB/s): avg: 147228.966470 best: 156121.495800
Scale Time (s): avg:    0.003734 min:    0.003602 max:    0.012089
Scale Perf (MiB/s): avg: 143790.557980 best: 149063.068006
Add Time (s): avg:    0.004918 min:    0.004798 max:    0.015637
Add Perf (MiB/s): avg: 163748.316754 best: 167827.892846
Triad Time (s): avg:    0.004941 min:    0.004832 max:    0.014847
Triad Perf (MiB/s): avg: 162997.872820 best: 166667.639663
VALIDATION disabled

real	2m54.654s
user	0m0.050s
sys	0m0.548s
