NRM Benchmarks:      ones-stream-full
Version:             0.1.0
Description: one progress per iteration, Stream benchmark
Array size:          33554432 (elements).
Memory per array:    256.0 MiB.
Kernel was executed: 10000 times.
Number of threads:   96
Progress Time (ns):   170930436372
Copy Time (s): avg:    0.003568 min:    0.003414 max:    0.013539
Copy Perf (MiB/s): avg: 150488.811092 best: 157254.442335
Scale Time (s): avg:    0.003664 min:    0.003582 max:    0.013376
Scale Perf (MiB/s): avg: 146542.898883 best: 149895.525897
Add Time (s): avg:    0.004828 min:    0.004768 max:    0.013602
Add Perf (MiB/s): avg: 166791.236854 best: 168914.373067
Triad Time (s): avg:    0.004854 min:    0.004798 max:    0.014368
Triad Perf (MiB/s): avg: 165891.783166 best: 167849.930468
VALIDATION disabled

real	2m51.036s
user	0m0.056s
sys	0m0.555s
