NRM Benchmarks:      ones-stream-full
Version:             0.1.0
Description: one progress per iteration, Stream benchmark
Array size:          33554432 (elements).
Memory per array:    256.0 MiB.
Kernel was executed: 10000 times.
Number of threads:   95
Progress Time (ns):   186415673036
Copy Time (s): avg:    0.003829 min:    0.003447 max:    0.031341
Copy Perf (MiB/s): avg: 140216.221320 best: 155754.936544
Scale Time (s): avg:    0.003988 min:    0.003617 max:    0.021950
Scale Perf (MiB/s): avg: 134628.711609 best: 148424.555380
Add Time (s): avg:    0.005267 min:    0.004811 max:    0.026047
Add Perf (MiB/s): avg: 152893.470962 best: 167398.268991
Triad Time (s): avg:    0.005275 min:    0.004841 max:    0.034841
Triad Perf (MiB/s): avg: 152668.819113 best: 166358.047282
VALIDATION disabled

real	3m6.533s
user	0m0.082s
sys	0m0.927s
