NRM Benchmarks:      ones-stream-full
Version:             0.1.0
Description: one progress per iteration, Stream benchmark
Array size:          33554432 (elements).
Memory per array:    256.0 MiB.
Kernel was executed: 10000 times.
Number of threads:   96
Progress Time (ns):   218945873962
Copy Time (s): avg:    0.004677 min:    0.003505 max:    0.022488
Copy Perf (MiB/s): avg: 114799.143799 best: 153157.489462
Scale Time (s): avg:    0.004783 min:    0.003622 max:    0.025451
Scale Perf (MiB/s): avg: 112249.963857 best: 148230.759950
Add Time (s): avg:    0.006116 min:    0.004809 max:    0.033311
Add Perf (MiB/s): avg: 131671.418077 best: 167474.474122
Triad Time (s): avg:    0.006120 min:    0.004830 max:    0.028859
Triad Perf (MiB/s): avg: 131586.602928 best: 166735.378574
VALIDATION disabled

real	3m39.155s
user	0m0.045s
sys	0m0.695s
