NRM Benchmarks:      phases-stream-full
Version:             0.1.0
Description: one progress per iteration, Stream benchmark
Array size:          33554432 (elements).
Memory per array:    256.0 MiB.
Kernel was executed: 2500 times.
Number of threads:   96
Progress Time (ns):   42843673192
Copy Time (s): avg:    0.003570 min:    0.003378 max:    0.012801
Copy Perf (MiB/s): avg: 150374.924886 best: 158932.672425
Scale Time (s): avg:    0.003607 min:    0.003398 max:    0.019548
Scale Perf (MiB/s): avg: 148850.719285 best: 158018.795513
Add Time (s): avg:    0.004885 min:    0.004768 max:    0.013432
Add Perf (MiB/s): avg: 164855.734500 best: 168909.129578
Triad Time (s): avg:    0.004856 min:    0.004758 max:    0.013553
Triad Perf (MiB/s): avg: 165850.614818 best: 169240.604310
VALIDATION disabled

real	0m42.943s
user	0m0.016s
sys	0m0.144s
