NRM Benchmarks:      ones-stream-full
Version:             0.1.0
Description: one progress per iteration, Stream benchmark
Array size:          33554432 (elements).
Memory per array:    256.0 MiB.
Kernel was executed: 10000 times.
Number of threads:   96
Progress Time (ns):   179528786951
Copy Time (s): avg:    0.003740 min:    0.003410 max:    0.013843
Copy Perf (MiB/s): avg: 143564.947629 best: 157428.423807
Scale Time (s): avg:    0.003859 min:    0.003587 max:    0.014949
Scale Perf (MiB/s): avg: 139136.911102 best: 149688.398172
Add Time (s): avg:    0.005078 min:    0.004786 max:    0.016580
Add Perf (MiB/s): avg: 158582.811280 best: 168260.114332
Triad Time (s): avg:    0.005084 min:    0.004808 max:    0.014851
Triad Perf (MiB/s): avg: 158408.286808 best: 167476.946990
VALIDATION disabled

real	2m59.629s
user	0m0.055s
sys	0m0.659s
