NRM Benchmarks:      ones-stream-full
Version:             0.1.0
Description: one progress per iteration, Stream benchmark
Array size:          33554432 (elements).
Memory per array:    256.0 MiB.
Kernel was executed: 10000 times.
Number of threads:   96
Progress Time (ns):   175835654255
Copy Time (s): avg:    0.003660 min:    0.003474 max:    0.013409
Copy Perf (MiB/s): avg: 146669.011863 best: 154530.935350
Scale Time (s): avg:    0.003748 min:    0.003607 max:    0.018032
Scale Perf (MiB/s): avg: 143244.823210 best: 148826.458781
Add Time (s): avg:    0.004967 min:    0.004800 max:    0.014193
Add Perf (MiB/s): avg: 162135.133681 best: 167783.974788
Triad Time (s): avg:    0.004991 min:    0.004832 max:    0.014955
Triad Perf (MiB/s): avg: 161358.159366 best: 166671.330585
VALIDATION disabled

real	2m56.039s
user	0m0.034s
sys	0m0.540s
