NRM Benchmarks:      ones-stream-full
Version:             0.1.0
Description: one progress per iteration, Stream benchmark
Array size:          33554432 (elements).
Memory per array:    256.0 MiB.
Kernel was executed: 10000 times.
Number of threads:   96
Progress Time (ns):   180183056475
Copy Time (s): avg:    0.003730 min:    0.003471 max:    0.013761
Copy Perf (MiB/s): avg: 143919.006139 best: 154654.108537
Scale Time (s): avg:    0.003836 min:    0.003596 max:    0.014248
Scale Perf (MiB/s): avg: 139957.411523 best: 149316.915834
Add Time (s): avg:    0.005025 min:    0.004772 max:    0.015304
Add Perf (MiB/s): avg: 160270.787012 best: 168758.376923
Triad Time (s): avg:    0.005062 min:    0.004805 max:    0.015847
Triad Perf (MiB/s): avg: 159100.756661 best: 167592.277622
VALIDATION disabled

real	3m0.381s
user	0m0.043s
sys	0m0.558s
