NRM Benchmarks:      phases-stream-full
Version:             0.1.0
Description: one progress per iteration, Stream benchmark
Array size:          33554432 (elements).
Memory per array:    256.0 MiB.
Kernel was executed: 1000 times.
Number of threads:   96
Progress Time (ns):   18484111078
Copy Time (s): avg:    0.003718 min:    0.003428 max:    0.005670
Copy Perf (MiB/s): avg: 144414.118305 best: 156593.032355
Scale Time (s): avg:    0.003828 min:    0.003664 max:    0.011760
Scale Perf (MiB/s): avg: 140266.010250 best: 146535.662309
Add Time (s): avg:    0.005408 min:    0.005109 max:    0.016765
Add Perf (MiB/s): avg: 148907.341904 best: 157618.537970
Triad Time (s): avg:    0.005285 min:    0.005126 max:    0.014315
Triad Perf (MiB/s): avg: 152379.984498 best: 157096.595403
VALIDATION disabled

real	0m18.592s
user	0m0.013s
sys	0m0.088s
