NRM Benchmarks:      ones-stream-full
Version:             0.1.0
Description: one progress per iteration, Stream benchmark
Array size:          33554432 (elements).
Memory per array:    256.0 MiB.
Kernel was executed: 10000 times.
Number of threads:   96
Progress Time (ns):   219739197198
Copy Time (s): avg:    0.004635 min:    0.003468 max:    0.023527
Copy Perf (MiB/s): avg: 115819.459291 best: 154789.884053
Scale Time (s): avg:    0.004739 min:    0.003595 max:    0.023639
Scale Perf (MiB/s): avg: 113298.297509 best: 149331.576898
Add Time (s): avg:    0.006143 min:    0.004783 max:    0.026310
Add Perf (MiB/s): avg: 131096.949482 best: 168376.280062
Triad Time (s): avg:    0.006185 min:    0.004817 max:    0.024852
Triad Perf (MiB/s): avg: 130210.219805 best: 167184.263503
VALIDATION disabled

real	3m39.960s
user	0m0.072s
sys	0m0.742s
