NRM Benchmarks:      phases-stream-full
Version:             0.1.0
Description: one progress per iteration, Stream benchmark
Array size:          33554432 (elements).
Memory per array:    256.0 MiB.
Kernel was executed: 5000 times.
Number of threads:   96
Progress Time (ns):   95208233776
Copy Time (s): avg:    0.003928 min:    0.003396 max:    0.014937
Copy Perf (MiB/s): avg: 136680.592859 best: 158100.043967
Scale Time (s): avg:    0.003991 min:    0.003814 max:    0.018383
Scale Perf (MiB/s): avg: 134520.293068 best: 140768.163328
Add Time (s): avg:    0.005441 min:    0.005217 max:    0.019689
Add Perf (MiB/s): avg: 148019.800560 best: 154353.029209
Triad Time (s): avg:    0.005459 min:    0.005339 max:    0.007186
Triad Perf (MiB/s): avg: 147506.248174 best: 150838.863486
VALIDATION disabled

real	1m35.383s
user	0m0.040s
sys	0m0.347s
