NRM Benchmarks:      ones-stream-full
Version:             0.1.0
Description: one progress per iteration, Stream benchmark
Array size:          33554432 (elements).
Memory per array:    256.0 MiB.
Kernel was executed: 10000 times.
Number of threads:   96
Progress Time (ns):   189241924021
Copy Time (s): avg:    0.003937 min:    0.003521 max:    0.015182
Copy Perf (MiB/s): avg: 136352.738934 best: 152479.253291
Scale Time (s): avg:    0.004020 min:    0.003644 max:    0.015441
Scale Perf (MiB/s): avg: 133541.118370 best: 147311.350037
Add Time (s): avg:    0.005355 min:    0.004862 max:    0.016845
Add Perf (MiB/s): avg: 150394.093979 best: 165638.494633
Triad Time (s): avg:    0.005378 min:    0.004831 max:    0.016794
Triad Perf (MiB/s): avg: 149739.305982 best: 166683.301334
VALIDATION disabled

real	3m9.454s
user	0m0.060s
sys	0m0.630s
