NRM Benchmarks:      phases-stream-full
Version:             0.1.0
Description: one progress per iteration, Stream benchmark
Array size:          33554432 (elements).
Memory per array:    256.0 MiB.
Kernel was executed: 1000 times.
Number of threads:   96
Progress Time (ns):   17648646694
Copy Time (s): avg:    0.003603 min:    0.003439 max:    0.005221
Copy Perf (MiB/s): avg: 149018.235753 best: 156127.579633
Scale Time (s): avg:    0.003639 min:    0.003440 max:    0.013030
Scale Perf (MiB/s): avg: 147534.127069 best: 156073.114433
Add Time (s): avg:    0.005060 min:    0.004815 max:    0.015573
Add Perf (MiB/s): avg: 159136.484497 best: 167241.724996
Triad Time (s): avg:    0.005036 min:    0.004830 max:    0.013356
Triad Perf (MiB/s): avg: 159923.505306 best: 166721.881613
VALIDATION disabled

real	0m17.755s
user	0m0.019s
sys	0m0.082s
