NRM Benchmarks:      ones-stream-full
Version:             0.1.0
Description: one progress per iteration, Stream benchmark
Array size:          33554432 (elements).
Memory per array:    256.0 MiB.
Kernel was executed: 10000 times.
Number of threads:   96
Progress Time (ns):   183133681839
Copy Time (s): avg:    0.003808 min:    0.003453 max:    0.013592
Copy Perf (MiB/s): avg: 140979.301252 best: 155501.533956
Scale Time (s): avg:    0.003943 min:    0.003589 max:    0.014088
Scale Perf (MiB/s): avg: 136162.697132 best: 149597.719995
Add Time (s): avg:    0.005170 min:    0.004786 max:    0.016128
Add Perf (MiB/s): avg: 155769.501152 best: 168279.487597
Triad Time (s): avg:    0.005188 min:    0.004815 max:    0.014988
Triad Perf (MiB/s): avg: 155219.218021 best: 167261.976127
VALIDATION disabled

real	3m3.231s
user	0m0.055s
sys	0m0.662s
