NRM Benchmarks:      ones-stream-full
Version:             0.1.0
Description: one progress per iteration, Stream benchmark
Array size:          33554432 (elements).
Memory per array:    256.0 MiB.
Kernel was executed: 10000 times.
Number of threads:   96
Progress Time (ns):   212370770568
Copy Time (s): avg:    0.004499 min:    0.003523 max:    0.022991
Copy Perf (MiB/s): avg: 119339.646791 best: 152401.428206
Scale Time (s): avg:    0.004620 min:    0.003616 max:    0.023951
Scale Perf (MiB/s): avg: 116194.356011 best: 148451.560526
Add Time (s): avg:    0.005963 min:    0.004807 max:    0.024173
Add Perf (MiB/s): avg: 135049.175316 best: 167514.780520
Triad Time (s): avg:    0.005965 min:    0.004826 max:    0.024562
Triad Perf (MiB/s): avg: 135007.679152 best: 166869.431142
VALIDATION disabled

real	3m32.528s
user	0m0.057s
sys	0m0.752s
