NRM Benchmarks:      ones-stream-full
Version:             0.1.0
Description: one progress per iteration, Stream benchmark
Array size:          33554432 (elements).
Memory per array:    256.0 MiB.
Kernel was executed: 10000 times.
Number of threads:   96
Progress Time (ns):   178681491836
Copy Time (s): avg:    0.003724 min:    0.003418 max:    0.011939
Copy Perf (MiB/s): avg: 144180.428338 best: 157068.896392
Scale Time (s): avg:    0.003868 min:    0.003590 max:    0.014044
Scale Perf (MiB/s): avg: 138781.916165 best: 149565.254407
Add Time (s): avg:    0.005050 min:    0.004786 max:    0.015086
Add Perf (MiB/s): avg: 159479.794558 best: 168245.631247
Triad Time (s): avg:    0.005057 min:    0.004815 max:    0.015251
Triad Perf (MiB/s): avg: 159243.743966 best: 167245.615055
VALIDATION disabled

real	2m58.791s
user	0m0.065s
sys	0m0.554s
