NRM Benchmarks:      phases-stream-full
Version:             0.1.0
Description: one progress per iteration, Stream benchmark
Array size:          33554432 (elements).
Memory per array:    256.0 MiB.
Kernel was executed: 1000 times.
Number of threads:   96
Progress Time (ns):   17134038373
Copy Time (s): avg:    0.003550 min:    0.003434 max:    0.012477
Copy Perf (MiB/s): avg: 151213.024970 best: 156323.241217
Scale Time (s): avg:    0.003564 min:    0.003437 max:    0.012029
Scale Perf (MiB/s): avg: 150635.056420 best: 156189.943546
Add Time (s): avg:    0.004900 min:    0.004795 max:    0.013171
Add Perf (MiB/s): avg: 164357.533557 best: 167952.569051
Triad Time (s): avg:    0.004924 min:    0.004802 max:    0.013288
Triad Perf (MiB/s): avg: 163530.785848 best: 167710.910578
VALIDATION disabled

real	0m17.244s
user	0m0.011s
sys	0m0.075s
