NRM Benchmarks:      ones-stream-full
Version:             0.1.0
Description: one progress per iteration, Stream benchmark
Array size:          33554432 (elements).
Memory per array:    256.0 MiB.
Kernel was executed: 10000 times.
Number of threads:   96
Progress Time (ns):   177403783866
Copy Time (s): avg:    0.003677 min:    0.003418 max:    0.013589
Copy Perf (MiB/s): avg: 146008.582662 best: 157069.447825
Scale Time (s): avg:    0.003797 min:    0.003589 max:    0.013380
Scale Perf (MiB/s): avg: 141390.481834 best: 149569.504555
Add Time (s): avg:    0.005029 min:    0.004792 max:    0.014849
Add Perf (MiB/s): avg: 160134.142129 best: 168038.185452
Triad Time (s): avg:    0.005052 min:    0.004813 max:    0.015784
Triad Perf (MiB/s): avg: 159417.671912 best: 167301.867480
VALIDATION disabled

real	2m57.505s
user	0m0.040s
sys	0m0.598s
