NRM Benchmarks:      ones-stream-full
Version:             0.1.0
Description: one progress per iteration, Stream benchmark
Array size:          33554432 (elements).
Memory per array:    256.0 MiB.
Kernel was executed: 10000 times.
Number of threads:   96
Progress Time (ns):   173106733303
Copy Time (s): avg:    0.003606 min:    0.003453 max:    0.022153
Copy Perf (MiB/s): avg: 148889.336833 best: 155487.797934
Scale Time (s): avg:    0.003745 min:    0.003622 max:    0.012994
Scale Perf (MiB/s): avg: 143369.977244 best: 148245.331289
Add Time (s): avg:    0.004884 min:    0.004808 max:    0.014159
Add Perf (MiB/s): avg: 164881.433724 best: 167501.888723
Triad Time (s): avg:    0.004896 min:    0.004843 max:    0.014183
Triad Perf (MiB/s): avg: 164475.734334 best: 166291.026612
VALIDATION disabled

real	2m53.221s
user	0m0.037s
sys	0m0.565s
