NRM Benchmarks:      phases-stream-full
Version:             0.1.0
Description: one progress per iteration, Stream benchmark
Array size:          33554432 (elements).
Memory per array:    256.0 MiB.
Kernel was executed: 5000 times.
Number of threads:   96
Progress Time (ns):   88295937138
Copy Time (s): avg:    0.003657 min:    0.003391 max:    0.014238
Copy Perf (MiB/s): avg: 146787.595052 best: 158314.221067
Scale Time (s): avg:    0.003672 min:    0.003535 max:    0.014268
Scale Perf (MiB/s): avg: 146197.010246 best: 151872.658809
Add Time (s): avg:    0.005032 min:    0.004931 max:    0.014860
Add Perf (MiB/s): avg: 160044.585397 best: 163302.734270
Triad Time (s): avg:    0.005036 min:    0.004954 max:    0.014821
Triad Perf (MiB/s): avg: 159917.571473 best: 162567.428310
VALIDATION disabled

real	1m28.400s
user	0m0.034s
sys	0m0.327s
