NRM Benchmarks:      phases-stream-full
Version:             0.1.0
Description: one progress per iteration, Stream benchmark
Array size:          33554432 (elements).
Memory per array:    256.0 MiB.
Kernel was executed: 1000 times.
Number of threads:   96
Progress Time (ns):   18971363351
Copy Time (s): avg:    0.003855 min:    0.003482 max:    0.006735
Copy Perf (MiB/s): avg: 139260.094438 best: 154178.174034
Scale Time (s): avg:    0.003973 min:    0.003772 max:    0.014552
Scale Perf (MiB/s): avg: 135142.262503 best: 142326.684080
Add Time (s): avg:    0.005429 min:    0.005252 max:    0.017517
Add Perf (MiB/s): avg: 148326.387535 best: 153332.196251
Triad Time (s): avg:    0.005415 min:    0.005226 max:    0.017138
Triad Perf (MiB/s): avg: 148721.463966 best: 154088.403528
VALIDATION disabled

real	0m19.155s
user	0m0.020s
sys	0m0.088s
