NRM Benchmarks:      phases-stream-full
Version:             0.1.0
Description: one progress per iteration, Stream benchmark
Array size:          33554432 (elements).
Memory per array:    256.0 MiB.
Kernel was executed: 1000 times.
Number of threads:   96
Progress Time (ns):   18365796858
Copy Time (s): avg:    0.003744 min:    0.003441 max:    0.012557
Copy Perf (MiB/s): avg: 143405.732722 best: 156023.448087
Scale Time (s): avg:    0.003798 min:    0.003613 max:    0.012533
Scale Perf (MiB/s): avg: 141349.551979 best: 148578.098363
Add Time (s): avg:    0.005230 min:    0.005057 max:    0.015432
Add Perf (MiB/s): avg: 153986.667963 best: 159254.845883
Triad Time (s): avg:    0.005240 min:    0.005023 max:    0.014580
Triad Perf (MiB/s): avg: 153688.680516 best: 160328.699705
VALIDATION disabled

real	0m18.530s
user	0m0.014s
sys	0m0.082s
