NRM Benchmarks:      phases-stream-full
Version:             0.1.0
Description: one progress per iteration, Stream benchmark
Array size:          33554432 (elements).
Memory per array:    256.0 MiB.
Kernel was executed: 5000 times.
Number of threads:   96
Progress Time (ns):   94204006682
Copy Time (s): avg:    0.003811 min:    0.003389 max:    0.015264
Copy Perf (MiB/s): avg: 140860.310216 best: 158402.643629
Scale Time (s): avg:    0.003883 min:    0.003559 max:    0.017620
Scale Perf (MiB/s): avg: 138277.765374 best: 150843.553638
Add Time (s): avg:    0.005308 min:    0.005085 max:    0.016458
Add Perf (MiB/s): avg: 151705.751228 best: 158363.519375
Triad Time (s): avg:    0.005574 min:    0.005100 max:    0.016255
Triad Perf (MiB/s): avg: 144466.429985 best: 157890.918687
VALIDATION disabled

real	1m34.383s
user	0m0.031s
sys	0m0.342s
