NRM Benchmarks:      ones-stream-full
Version:             0.1.0
Description: one progress per iteration, Stream benchmark
Array size:          33554432 (elements).
Memory per array:    256.0 MiB.
Kernel was executed: 10000 times.
Number of threads:   96
Progress Time (ns):   182286640129
Copy Time (s): avg:    0.003777 min:    0.003420 max:    0.013935
Copy Perf (MiB/s): avg: 142125.410557 best: 157002.752449
Scale Time (s): avg:    0.003921 min:    0.003595 max:    0.013951
Scale Perf (MiB/s): avg: 136922.338648 best: 149358.082104
Add Time (s): avg:    0.005153 min:    0.004783 max:    0.015339
Add Perf (MiB/s): avg: 156267.686759 best: 168374.308621
Triad Time (s): avg:    0.005171 min:    0.004816 max:    0.015291
Triad Perf (MiB/s): avg: 155720.682805 best: 167219.464831
VALIDATION disabled

real	3m2.390s
user	0m0.045s
sys	0m0.683s
