NRM Benchmarks:      ones-stream-full
Version:             0.1.0
Description: one progress per iteration, Stream benchmark
Array size:          33554432 (elements).
Memory per array:    256.0 MiB.
Kernel was executed: 10000 times.
Number of threads:   96
Progress Time (ns):   176227511502
Copy Time (s): avg:    0.003669 min:    0.003477 max:    0.010486
Copy Perf (MiB/s): avg: 146329.203159 best: 154395.080716
Scale Time (s): avg:    0.003761 min:    0.003601 max:    0.011118
Scale Perf (MiB/s): avg: 142757.678426 best: 149094.405005
Add Time (s): avg:    0.004986 min:    0.004798 max:    0.012617
Add Perf (MiB/s): avg: 161528.862026 best: 167853.464022
Triad Time (s): avg:    0.005015 min:    0.004835 max:    0.014250
Triad Perf (MiB/s): avg: 160588.240078 best: 166563.740066
VALIDATION disabled

real	2m56.431s
user	0m0.038s
sys	0m0.524s
