NRM Benchmarks:      ones-stream-full
Version:             0.1.0
Description: one progress per iteration, Stream benchmark
Array size:          33554432 (elements).
Memory per array:    256.0 MiB.
Kernel was executed: 10000 times.
Number of threads:   96
Progress Time (ns):   186420992173
Copy Time (s): avg:    0.003880 min:    0.003431 max:    0.014374
Copy Perf (MiB/s): avg: 138354.643108 best: 156465.658168
Scale Time (s): avg:    0.003996 min:    0.003588 max:    0.014407
Scale Perf (MiB/s): avg: 134340.922539 best: 149627.739236
Add Time (s): avg:    0.005274 min:    0.004776 max:    0.023917
Add Perf (MiB/s): avg: 152698.423368 best: 168630.806990
Triad Time (s): avg:    0.005289 min:    0.004809 max:    0.016039
Triad Perf (MiB/s): avg: 152274.884129 best: 167470.817198
VALIDATION disabled

real	3m6.793s
user	0m0.055s
sys	0m0.691s
